--------- beginning of main
01-26 11:02:11.279  7961 19027 I ADB_SERVICES: post waitpid (pid=19026) status=0000
01-26 11:02:11.280  7961  7961 I ADB_SERVICES: for fd 29, revents = 2011
01-26 11:02:11.281  7961  7961 I ADB_SERVICES: for fd 29, revents = 2011
01-26 11:02:11.293  7961  7961 I ADB_SERVICES: service_to_fd shell,v2,TERM=xterm-256color,raw:getevent -lt
01-26 11:02:11.299  7961  7961 I ADB_SERVICES: service_to_fd shell,v2,TERM=xterm-256color,raw:ime enable io.github.ylimit.droidbotapp/.DroidBotIME
01-26 11:02:11.305  7961  7961 I ADB_SERVICES: service_to_fd shell,v2,TERM=xterm-256color,raw:ps
01-26 11:02:11.319  7961  7961 I ADB_SERVICES: service_to_fd shell,v2,TERM=xterm-256color,raw:dumpsys display
--------- beginning of system
01-26 11:02:11.339  7961 19033 I ADB_SERVICES: post waitpid (pid=19032) status=0000
01-26 11:02:11.339  7961  7961 I ADB_SERVICES: for fd 37, revents = 2011
01-26 11:02:11.339  7961  7961 I ADB_SERVICES: for fd 37, revents = 2011
01-26 11:02:11.346  7961  7961 I ADB_SERVICES: service_to_fd shell,v2,TERM=xterm-256color,raw:ime set io.github.ylimit.droidbotapp/.DroidBotIME
01-26 11:02:11.357  7961 19038 I ADB_SERVICES: post waitpid (pid=19037) status=0000
01-26 11:02:11.357  7961  7961 I ADB_SERVICES: for fd 45, revents = 2010
01-26 11:02:11.357  7961  7961 I ADB_SERVICES: for fd 45, revents = 2011
01-26 11:02:11.361  7961  7961 I ADB_SERVICES: service_to_fd shell,v2,TERM=xterm-256color,raw:wm size
01-26 11:02:11.382  7961 19042 I ADB_SERVICES: post waitpid (pid=19041) status=0000
01-26 11:02:11.382  7961  7961 I ADB_SERVICES: for fd 44, revents = 2011
01-26 11:02:11.382  7961  7961 I ADB_SERVICES: for fd 44, revents = 2011
01-26 11:02:11.383 11637 11637 I GoogleInputMethodService: GoogleInputMethodService.onFinishInput():3095 
01-26 11:02:11.384 11637 11637 I GoogleInputMethodService: GoogleInputMethodService.updateDeviceLockedStatus():2167 repeatCheckTimes = 0, locked = false
01-26 11:02:11.385 11637 11637 I GoogleInputMethodService: GoogleInputMethodService.onDestroy():1426 
01-26 11:02:11.385 11637 11637 I HardKeyTracker: HardKeyTracker.unregisterKeySequence():183 Unregister key sequence lii{labelResId=2132019900, callback=btp@afe1c82, lastModifier=2, keyCodes=[47], actions=[0]}
01-26 11:02:11.386  7961  7961 I ADB_SERVICES: service_to_fd shell,v2,TERM=xterm-256color,raw:getprop ro.build.version.release
01-26 11:02:11.386   504  3534 I hwcomposer: [HWC] (0) displayGetActiveConfig config:0  
01-26 11:02:11.387 11637 11637 I ModuleManager: ModuleManager$ModuleInitListener.maybeUnloadModuleOnUnavailable():1396 module jcn is unavailable
01-26 11:02:11.387 11637 11637 I ModuleManager: ModuleManager$ModuleInitListener.maybeUnloadModuleOnUnavailable():1396 module ddl is unavailable
01-26 11:02:11.388 11637 11637 I ModuleManager: ModuleManager$ModuleInitListener.maybeUnloadModuleOnUnavailable():1396 module kjy is unavailable
01-26 11:02:11.388 11637 11637 I HardKeyTracker: HardKeyTracker.unregisterKeySequence():183 Unregister key sequence lii{labelResId=0, callback=jju@517c7c9, lastModifier=0, keyCodes=[204], actions=[0]}
01-26 11:02:11.388 11637 11637 I HardKeyTracker: HardKeyTracker.unregisterKeySequence():183 Unregister key sequence lii{labelResId=2132019898, callback=jju@4b104fc, lastModifier=1, keyCodes=[62, 59], actions=[0, 0]}
01-26 11:02:11.395  7961 19036 I ADB_SERVICES: post waitpid (pid=19034) status=0000
01-26 11:02:11.395  7961  7961 I ADB_SERVICES: for fd 41, revents = 2010
01-26 11:02:11.395  7961  7961 I ADB_SERVICES: for fd 41, revents = 2011
01-26 11:02:11.395 11637 11637 I HardKeyTracker: HardKeyTracker.unregisterKeySequence():183 Unregister key sequence lii{labelResId=0, callback=jju@4b104fc, lastModifier=1, keyCodes=[62, 60], actions=[0, 0]}
01-26 11:02:11.396 11637 11637 I ModuleManager: ModuleManager$ModuleInitListener.maybeUnloadModuleOnUnavailable():1396 module kkb is unavailable
01-26 11:02:11.397 11637 11637 I ModuleManager: ModuleManager$ModuleInitListener.maybeUnloadModuleOnUnavailable():1396 module kyf is unavailable
01-26 11:02:11.397 11637 11637 I ModuleManager: ModuleManager$ModuleInitListener.maybeUnloadModuleOnUnavailable():1396 module llx is unavailable
01-26 11:02:11.400 11637 11637 I EmojifyExtensionImpl: EmojifyExtensionImpl.onDestroy():603 Destroying Emojify extension dyh@e50a78f.
01-26 11:02:11.402 11637 11637 I ModuleManager: ModuleManager$ModuleInitListener.maybeUnloadModuleOnUnavailable():1396 module eov is unavailable
01-26 11:02:11.402 11637 11637 I ModuleManager: ModuleManager$ModuleInitListener.maybeUnloadModuleOnUnavailable():1396 module dud is unavailable
01-26 11:02:11.403 11637 11637 I ModuleManager: ModuleManager$ModuleInitListener.maybeUnloadModuleOnUnavailable():1396 module dvr is unavailable
01-26 11:02:11.405 11637 11637 I ModuleManager: ModuleManager$ModuleInitListener.maybeUnloadModuleOnUnavailable():1396 module fsz is unavailable
01-26 11:02:11.406 11637 11637 I ModuleManager: ModuleManager$ModuleInitListener.maybeUnloadModuleOnUnavailable():1396 module efv is unavailable
01-26 11:02:11.406  7961 19045 I ADB_SERVICES: post waitpid (pid=19044) status=0000
01-26 11:02:11.406  7961  7961 I ADB_SERVICES: for fd 45, revents = 2011
01-26 11:02:11.407 11637 11637 I ModuleManager: ModuleManager$ModuleInitListener.maybeUnloadModuleOnUnavailable():1396 module dvf is unavailable
01-26 11:02:11.407  7961  7961 I ADB_SERVICES: for fd 45, revents = 2011
01-26 11:02:11.407 11637 11637 I ModuleManager: ModuleManager$ModuleInitListener.maybeUnloadModuleOnUnavailable():1396 module dwy is unavailable
01-26 11:02:11.408 11637 11637 I ModuleManager: ModuleManager$ModuleInitListener.maybeUnloadModuleOnUnavailable():1396 module eph is unavailable
01-26 11:02:11.408  7961 19051 I ADB_SERVICES: post waitpid (pid=19050) status=0000
01-26 11:02:11.408  7961  7961 I ADB_SERVICES: for fd 44, revents = 2010
01-26 11:02:11.408  7961  7961 I ADB_SERVICES: for fd 44, revents = 2011
01-26 11:02:11.410 11637 11665 I InputActionMetricsProcessor: InputActionMetricsProcessor.onDetached():107 Detached from metrics manager.
01-26 11:02:11.410 11637 11637 I ModuleManager: ModuleManager$ModuleInitListener.maybeUnloadModuleOnUnavailable():1396 module exg is unavailable
01-26 11:02:11.411 11637 11637 I ModuleManager: ModuleManager$ModuleInitListener.maybeUnloadModuleOnUnavailable():1396 module eyu is unavailable
01-26 11:02:11.411  7961  7961 I ADB_SERVICES: service_to_fd shell,v2,TERM=xterm-256color,raw:dumpsys input
01-26 11:02:11.412   531   531 I BufferQueueProducer: [VDS: minicap](this:0x7b371f7800,id:181592,api:1,p:531,c:531) queueBuffer: fps=1.02 dur=1951.55 max=1452.14 min=499.42
01-26 11:02:11.412 11637 11637 I ModuleManager: ModuleManager$ModuleInitListener.maybeUnloadModuleOnUnavailable():1396 module fbh is unavailable
01-26 11:02:11.412 11637 11637 I JapaneseMozcExtension: JapaneseMozcExtension.onDestroy():52 
01-26 11:02:11.413 11637 11637 I ModuleManager: ModuleManager$ModuleInitListener.maybeUnloadModuleOnUnavailable():1396 module fbu is unavailable
01-26 11:02:11.413 11637 11637 I ModuleManager: ModuleManager$ModuleInitListener.maybeUnloadModuleOnUnavailable():1396 module fjr is unavailable
01-26 11:02:11.413   504   594 I hwcomposer: [HWCDisplay] [Display_2 (type:2)] fps:1.025260,dur:1950.72,max:1451.77,min:498.95  
01-26 11:02:11.414 11637 11637 I ModuleManager: ModuleManager$ModuleInitListener.maybeUnloadModuleOnUnavailable():1396 module fmy is unavailable
01-26 11:02:11.415 19003 19005 I BufferQueueProducer: [minicap](this:0x7dda84b000,id:0,api:1,p:531,c:19003) queueBuffer: fps=1.03 dur=1950.53 max=1451.72 min=498.81
01-26 11:02:11.415 11637 11637 I ModuleManager: ModuleManager$ModuleInitListener.maybeUnloadModuleOnUnavailable():1396 module IEmojiOrGifExtension is unavailable
01-26 11:02:11.415 11637 11637 I ModuleManager: ModuleManager$ModuleInitListener.maybeUnloadModuleOnUnavailable():1396 module IEmoticonExtension is unavailable
01-26 11:02:11.415 11637 11637 I ModuleManager: ModuleManager$ModuleInitListener.maybeUnloadModuleOnUnavailable():1396 module frg is unavailable
01-26 11:02:11.416 11637 11637 I ModuleManager: ModuleManager$ModuleInitListener.maybeUnloadModuleOnUnavailable():1396 module fum is unavailable
01-26 11:02:11.416 11637 11637 I ModuleManager: ModuleManager$ModuleInitListener.maybeUnloadModuleOnUnavailable():1396 module gnu is unavailable
01-26 11:02:11.416 11637 11637 I UniversalDictationExtension: UniversalDictationExtension.onDestroyExtension():87 onDestroy [UD]
01-26 11:02:11.417 11637 11637 I ModuleManager: ModuleManager$ModuleInitListener.maybeUnloadModuleOnUnavailable():1396 module gnv is unavailable
01-26 11:02:11.417 11637 11637 I OnDevicePackDownloadModule: OnDevicePackDownloadModule.onDestroy():95 onDestroy()
01-26 11:02:11.417   504   594 I hwcomposer: [HWCDisplay] [Display_0 (type:1)] fps:0.688377,dur:1452.69,max:1452.69,min:1452.69  
01-26 11:02:11.418 11637 11637 I ModuleManager: ModuleManager$ModuleInitListener.maybeUnloadModuleOnUnavailable():1396 module gsq is unavailable
01-26 11:02:11.418 11637 11637 I NewS3RecognizerModule: NewS3RecognizerModule.onDestroy():21 onDestroy [news3]
01-26 11:02:11.418 11637 11637 I ModuleManager: ModuleManager$ModuleInitListener.maybeUnloadModuleOnUnavailable():1396 module gun is unavailable
01-26 11:02:11.418 11637 11637 I ModuleManager: ModuleManager$ModuleInitListener.maybeUnloadModuleOnUnavailable():1396 module ido is unavailable
01-26 11:02:11.419  7961  7961 I ADB_SERVICES: service_to_fd shell,v2,TERM=xterm-256color,raw:getprop ro.secure
01-26 11:02:11.419   531   531 I SurfaceFlinger: screenshot (com.android.systemui.ImageWallpaper#0)
01-26 11:02:11.419   531   531 I SurfaceFlinger: screenshot (com.transsion.XOSLauncher/com.android.quickstep.src.com.android.launcher3.uioverrides.QuickstepLauncher#1)
01-26 11:02:11.420 11637 11637 I HardKeyTracker: HardKeyTracker.unregisterKeySequence():183 Unregister key sequence lii{labelResId=2132019894, callback=cab@2b00f6c, lastModifier=65536, keyCodes=[76], actions=[0]}
01-26 11:02:11.420 11637 11637 I HardKeyTracker: HardKeyTracker.unregisterKeySequence():183 Unregister key sequence lii{labelResId=2132019893, callback=cab@24d7672, lastModifier=2, keyCodes=[37], actions=[0]}
01-26 11:02:11.421 11637 11637 I HardKeyTracker: HardKeyTracker.unregisterKeySequence():183 Unregister key sequence lii{labelResId=2132019890, callback=cab@940e227, lastModifier=2, keyCodes=[50], actions=[0]}
01-26 11:02:11.421 11637 11637 I HardKeyTracker: HardKeyTracker.unregisterKeySequence():183 Unregister key sequence lii{labelResId=2132019895, callback=cab@9756bc5, lastModifier=2, keyCodes=[48], actions=[0]}
01-26 11:02:11.421 11637 11637 I HardKeyTracker: HardKeyTracker.unregisterKeySequence():183 Unregister key sequence lii{labelResId=2132019891, callback=cab@fc8c0ec, lastModifier=2, keyCodes=[56], actions=[0]}
01-26 11:02:11.422 11637 11637 I HardKeyTracker: HardKeyTracker.unregisterKeySequence():183 Unregister key sequence lii{labelResId=2132018462, callback=cab@d7216d3, lastModifier=2, keyCodes=[39], actions=[0]}
01-26 11:02:11.423 11637 11637 I ModuleManager: ModuleManager$ModuleInitListener.maybeUnloadModuleOnUnavailable():1396 module dhi is unavailable
01-26 11:02:11.423 11637 11637 I ModuleManager: ModuleManager$ModuleInitListener.maybeUnloadModuleOnUnavailable():1396 module foo is unavailable
01-26 11:02:11.424 11637 11637 I ModuleManager: ModuleManager$ModuleInitListener.maybeUnloadModuleOnUnavailable():1396 module for is unavailable
01-26 11:02:11.424 11637 11637 I ModuleManager: ModuleManager$ModuleInitListener.maybeUnloadModuleOnUnavailable():1396 module gna is unavailable
01-26 11:02:11.424 11637 11637 I ModuleManager: ModuleManager$ModuleInitListener.maybeUnloadModuleOnUnavailable():1396 module kju is unavailable
01-26 11:02:11.425 11637 11637 I ModuleManager: ModuleManager$ModuleInitListener.maybeUnloadModuleOnUnavailable():1396 module ifo is unavailable
01-26 11:02:11.425 11637 11637 I ModuleManager: ModuleManager$ModuleInitListener.maybeUnloadModuleOnUnavailable():1396 module IBannerExtension is unavailable
01-26 11:02:11.425 11637 11637 W NotificationCenter: NotificationCenter$NotificationQueue.notifyOnExecutor():883 Heavy notify work detected on UI thread: [jzs->kxd, jzs->kxd] takes 24ms
01-26 11:02:11.425 11637 11637 I ModuleManager: ModuleManager$ModuleInitListener.maybeUnloadModuleOnUnavailable():1396 module fnz is unavailable
01-26 11:02:11.425 11637 11637 I ModuleManager: ModuleManager$ModuleInitListener.maybeUnloadModuleOnUnavailable():1396 module IUniversalMediaExtension is unavailable
01-26 11:02:11.425 11637 11637 W NotificationCenter: NotificationCenter$NotificationQueue.notifyOnExecutor():883 Heavy notify work detected on UI thread: [jzs->kxd] takes 25ms
01-26 11:02:11.425 11637 11637 I ModuleManager: ModuleManager$ModuleInitListener.maybeUnloadModuleOnUnavailable():1396 module dxu is unavailable
01-26 11:02:11.426 11637 11637 I AbstractOpenableExtension: AbstractOpenableExtension.maybeDestroyExistingKeyboardGroupManager():535 Destroy existing keyboard group manager in dzh
01-26 11:02:11.426 11637 11637 I ModuleManager: ModuleManager$ModuleInitListener.maybeUnloadModuleOnUnavailable():1396 module IExpressionMomentExtension is unavailable
01-26 11:02:11.426 11637 11637 I AbstractOpenableExtension: AbstractOpenableExtension.maybeDestroyExistingKeyboardGroupManager():535 Destroy existing keyboard group manager in fsj
01-26 11:02:11.426 11637 11637 I ModuleManager: ModuleManager$ModuleInitListener.maybeUnloadModuleOnUnavailable():1396 module FastAccessBarExtension is unavailable
01-26 11:02:11.427 11637 11637 I ModuleManager: ModuleManager$ModuleInitListener.maybeUnloadModuleOnUnavailable():1396 module IBitmojiExtension is unavailable
01-26 11:02:11.427 11637 11637 W NotificationCenter: NotificationCenter$NotificationQueue.notifyOnExecutor():883 Heavy notify work detected on UI thread: [jzs->kxd, jzs->kxd, jzs->kxd] takes 27ms
01-26 11:02:11.427 11637 11637 I ModuleManager: ModuleManager$ModuleInitListener.maybeUnloadModuleOnUnavailable():1396 module ddp is unavailable
01-26 11:02:11.427   531  1419 I BufferQueueProducer: [StatusBar#0](this:0x7b5146e000,id:6,api:1,p:1428,c:531) queueBuffer: fps=0.67 dur=1489.47 max=1489.47 min=1489.47
01-26 11:02:11.428 11637 11637 I ModuleManager: ModuleManager$ModuleInitListener.maybeUnloadModuleOnUnavailable():1396 module gia is unavailable
01-26 11:02:11.428 11637 11637 W NotificationCenter: NotificationCenter.unregisterListener():469 Listener ipg@3d50712 was not registered for notification class jwe
01-26 11:02:11.428 11637 11637 W NotificationCenter: NotificationCenter.unregisterListener():469 Listener ipf@502f69d was not registered for notification class jvx
01-26 11:02:11.428 11637 11637 W NotificationCenter: NotificationCenter.unregisterListener():469 Listener kxd@c7a1174 was not registered for notification class igb
01-26 11:02:11.428 11637 11637 W NotificationCenter: NotificationCenter.unregisterListener():469 Listener iow@9e0d0e0 was not registered for notification class jay
01-26 11:02:11.429 11637 11637 W NotificationCenter: NotificationCenter.unregisterListener():469 Listener idi@6c5ed5e was not registered for notification class iez
01-26 11:02:11.429 11637 11637 W NotificationCenter: NotificationCenter.unregisterListener():469 Listener idh@91eabdc was not registered for notification class ifb
01-26 11:02:11.430 11637 11637 I HardKeyTracker: HardKeyTracker.unregisterKeySequence():183 Unregister key sequence lii{labelResId=2132019899, callback=fgv@a345c6e, lastModifier=2, keyCodes=[62], actions=[0]}
01-26 11:02:11.430 11637 11637 I HardKeyTracker: HardKeyTracker.unregisterKeySequence():183 Unregister key sequence lii{labelResId=2132019897, callback=null, lastModifier=2, keyCodes=[8], actions=[0]}
01-26 11:02:11.430 11637 11637 I ModuleManager: ModuleManager$ModuleInitListener.maybeUnloadModuleOnUnavailable():1396 module idm is unavailable
01-26 11:02:11.431 11637 11637 I ModuleManager: ModuleManager$ModuleInitListener.maybeUnloadModuleOnUnavailable():1396 module lhv is unavailable
01-26 11:02:11.431 11637 11637 I ModuleManager: ModuleManager$ModuleInitListener.maybeUnloadModuleOnUnavailable():1396 module loi is unavailable
01-26 11:02:11.431 11637 11637 W NotificationCenter: NotificationCenter$NotificationQueue.notifyOnExecutor():883 Heavy notify work detected on UI thread: [jzs->kxd] takes 31ms
01-26 11:02:11.431 11637 11637 I ModuleManager: ModuleManager$ModuleInitListener.maybeUnloadModuleOnUnavailable():1396 module geb is unavailable
01-26 11:02:11.432 11637 11637 W NotificationCenter: NotificationCenter$NotificationQueue.notifyOnExecutor():883 Heavy notify work detected on UI thread: [jzs->kxd, jzs->kxd] takes 33ms
01-26 11:02:11.432 11637 11637 I ModuleManager: ModuleManager$ModuleInitListener.maybeUnloadModuleOnUnavailable():1396 module dfu is unavailable
01-26 11:02:11.432 11637 11637 I ModuleManager: ModuleManager$ModuleInitListener.maybeUnloadModuleOnUnavailable():1396 module gme is unavailable
01-26 11:02:11.433 11637 11637 W NotificationCenter: NotificationCenter$NotificationQueue.notifyOnExecutor():883 Heavy notify work detected on UI thread: [jzs->kxd] takes 34ms
01-26 11:02:11.433 11637 11637 I ModuleManager: ModuleManager$ModuleInitListener.maybeUnloadModuleOnUnavailable():1396 module dji is unavailable
01-26 11:02:11.433  1226  3767 E TouchFilter: setTouchFilter LOG Enable prameter: 0
01-26 11:02:11.433  1226  3767 E TouchFilter: Event Hub Touch Filter log is disabled
01-26 11:02:11.433  1226  3767 E TouchFilter: Event Hub Touch Filter is enabled
01-26 11:02:11.433 11637 11637 I ModuleManager: ModuleManager$ModuleInitListener.maybeUnloadModuleOnUnavailable():1396 module gdv is unavailable
01-26 11:02:11.433 11637 11637 W NotificationCenter: NotificationCenter$NotificationQueue.notifyOnExecutor():883 Heavy notify work detected on UI thread: [jzs->kxd] takes 34ms
01-26 11:02:11.433 11637 11637 I ModuleManager: ModuleManager$ModuleInitListener.maybeUnloadModuleOnUnavailable():1396 module ecp is unavailable
01-26 11:02:11.433 11637 11637 W NotificationCenter: NotificationCenter$NotificationQueue.notifyOnExecutor():883 Heavy notify work detected on UI thread: [jzs->kxd] takes 34ms
01-26 11:02:11.433 11637 11637 I ModuleManager: ModuleManager$ModuleInitListener.maybeUnloadModuleOnUnavailable():1396 module eyt is unavailable
01-26 11:02:11.434 11637 11637 I ModuleManager: ModuleManager$ModuleInitListener.maybeUnloadModuleOnUnavailable():1396 module IStickerExtension is unavailable
01-26 11:02:11.436 11637 11637 I ModuleManager: ModuleManager$ModuleInitListener.maybeUnloadModuleOnUnavailable():1396 module dty is unavailable
01-26 11:02:11.436 11637 11637 I ModuleManager: ModuleManager$ModuleInitListener.maybeUnloadModuleOnUnavailable():1396 module IGifKeyboardExtension is unavailable
01-26 11:02:11.436 11637 11637 I ModuleManager: ModuleManager$ModuleInitListener.maybeUnloadModuleOnUnavailable():1396 module ghz is unavailable
01-26 11:02:11.438 11637 11637 I HardKeyTracker: HardKeyTracker.unregisterKeySequence():183 Unregister key sequence lii{labelResId=0, callback=fgv@c24154e, lastModifier=0, keyCodes=[57, 57], actions=[1, 0]}
01-26 11:02:11.439 11637 11637 I HardKeyTracker: HardKeyTracker.unregisterKeySequence():183 Unregister key sequence lii{labelResId=0, callback=fgv@3428005, lastModifier=0, keyCodes=[58, 58], actions=[1, 0]}
01-26 11:02:11.439 11637 11637 I AbstractOpenableExtension: AbstractOpenableExtension.maybeDestroyExistingKeyboardGroupManager():535 Destroy existing keyboard group manager in fpu
01-26 11:02:11.444  7961 19055 I ADB_SERVICES: post waitpid (pid=19054) status=0000
01-26 11:02:11.444  7961  7961 I ADB_SERVICES: for fd 37, revents = 2011
01-26 11:02:11.444 11637 11637 I ModuleManager: ModuleManager$ModuleInitListener.maybeUnloadModuleOnUnavailable():1396 module IEmojiSearchExtension is unavailable
01-26 11:02:11.445  7961  7961 I ADB_SERVICES: for fd 37, revents = 2011
01-26 11:02:11.445 11637 11637 I ModuleManager: ModuleManager$ModuleInitListener.maybeUnloadModuleOnUnavailable():1396 module ITranslateUIExtension is unavailable
01-26 11:02:11.448 11637 11637 I ModuleManager: ModuleManager$ModuleInitListener.maybeUnloadModuleOnUnavailable():1396 module dgx is unavailable
01-26 11:02:11.449 11637 11637 I ModuleManager: ModuleManager$ModuleInitListener.maybeUnloadModuleOnUnavailable():1396 module eoz is unavailable
01-26 11:02:11.450  7961 19057 I ADB_SERVICES: post waitpid (pid=19056) status=0000
01-26 11:02:11.451 11637 11637 W NotificationCenter: NotificationCenter$NotificationQueue.notifyOnExecutor():883 Heavy notify work detected on UI thread: [jzs->kxd, jzs->kxd] takes 52ms
01-26 11:02:11.451  7961  7961 I ADB_SERVICES: for fd 41, revents = 2011
01-26 11:02:11.451  7961  7961 I ADB_SERVICES: for fd 41, revents = 2011
01-26 11:02:11.451  7961  7961 I ADB_SERVICES: service_to_fd shell,v2,TERM=xterm-256color,raw:getprop ro.sf.lcd_density
01-26 11:02:11.452 11637 11637 I ExpressiveConceptsPredictionModuleImpl: ExpressiveConceptsPredictionModuleImpl.onDestroy():80 onDestroy()
01-26 11:02:11.453 11637 11637 I ModuleManager: ModuleManager$ModuleInitListener.maybeUnloadModuleOnUnavailable():1396 module dhv is unavailable
01-26 11:02:11.453 11637 11637 I ModuleManager: ModuleManager$ModuleInitListener.maybeUnloadModuleOnUnavailable():1396 module dok is unavailable
01-26 11:02:11.453 11637 11637 I ModuleManager: ModuleManager$ModuleInitListener.maybeUnloadModuleOnUnavailable():1396 module emc is unavailable
01-26 11:02:11.454 11637 11637 I ModuleManager: ModuleManager$ModuleInitListener.maybeUnloadModuleOnUnavailable():1396 module jac is unavailable
01-26 11:02:11.454 11637 11637 I ModuleManager: ModuleManager$ModuleInitListener.maybeUnloadModuleOnUnavailable():1396 module jgo is unavailable
01-26 11:02:11.454 11637 11637 I ModuleManager: ModuleManager$ModuleInitListener.maybeUnloadModuleOnUnavailable():1396 module jsi is unavailable
01-26 11:02:11.455 11637 11637 I ModuleManager: ModuleManager$ModuleInitListener.maybeUnloadModuleOnUnavailable():1396 module lxp is unavailable
01-26 11:02:11.455 11637 11637 I ModuleManager: ModuleManager$ModuleInitListener.maybeUnloadModuleOnUnavailable():1396 module frq is unavailable
01-26 11:02:11.455 11637 11637 I ModuleManager: ModuleManager$ModuleInitListener.maybeUnloadModuleOnUnavailable():1396 module jad is unavailable
01-26 11:02:11.452 18938 18938 W mit.droidbotapp: type=1400 audit(0.0:1381013): avc: denied { search } for name="gift" dev="mmcblk0p40" ino=95 scontext=u:r:untrusted_app:s0:c160,c260,c512,c768 tcontext=u:object_r:gift_data_file:s0 tclass=dir permissive=0
01-26 11:02:11.458  7961  7961 I ADB_SERVICES: service_to_fd shell,v2,TERM=xterm-256color,raw:getprop ro.debuggable
01-26 11:02:11.458 11637 11637 I GoogleInputMethodService: GoogleInputMethodService.onDestroy():1462 Maybe update OEM display config because of service destruction
01-26 11:02:11.460 18938 18938 I libMEOW_gift: open /vendor/etc/arc.ini
01-26 11:02:11.461 18938 18938 I InputTransport: Create ARC handle: 0x77826903e0
01-26 11:02:11.461 11637 11637 I DeviceModeModule: DeviceModeModule.calculateAndNotify():198 Window metrics is not available, fallback to app context.
01-26 11:02:11.462 11637 11637 I DeviceModeModule: DeviceModeModule.calculateAndNotify():225 Device mode 'phone' from display metrics 'DisplayMetrics{density=0.0, width=720, height=1640, scaledDensity=0.0, xdpi=264.17, ydpi=264.17}' or smallestScreenWidthDp: 360
01-26 11:02:11.462 11637 11637 I GoogleInputMethodService: GoogleInputMethodService.clearInputMethodServiceData():1546 clearInputMethodServiceData for onDestroy
01-26 11:02:11.465 11637 11637 I GoogleInputMethodService: GoogleInputMethodService.discardAllKeyboardViewAndInputView():1750 discardAllKeyboardViewAndInputView()
01-26 11:02:11.470 11637 11637 I InputMethodEntryManager: InputMethodEntryManager.notifyCurrentInputMethodEntryOnContextChanged():555 notifyCurrentInputMethodEntryOnContextChanged()
01-26 11:02:11.471 11637 11637 I InputMethodEntryManager: InputMethodEntryManager.notifyCurrentInputMethodEntryOnContextChanged():576 Notify current input method entry changed on context change
01-26 11:02:11.471 11637 11637 I KeyboardThemeProvider: KeyboardThemeProvider.reset():40 Reset keyboard theme
01-26 11:02:11.471 11637 11637 I KeyboardContextProvider: KeyboardContextProvider.setBaseContextAndInvalidKeyboardContextCache():88 setBaseContextAndInvalidKeyboardContextCache(): null
01-26 11:02:11.474  7961 19063 I ADB_SERVICES: post waitpid (pid=19062) status=0000
01-26 11:02:11.474  7961  7961 I ADB_SERVICES: for fd 41, revents = 2010
01-26 11:02:11.474  7961  7961 I ADB_SERVICES: for fd 41, revents = 2011
01-26 11:02:11.475 11637 11637 I InputTransport: Destroy ARC handle: 0x7684e485e0
01-26 11:02:11.476  7961 19060 I ADB_SERVICES: post waitpid (pid=19059) status=0000
01-26 11:02:11.476  7961  7961 I ADB_SERVICES: for fd 37, revents = 2011
01-26 11:02:11.476  7961  7961 I ADB_SERVICES: for fd 37, revents = 2011
01-26 11:02:11.477  7961  7961 I ADB_SERVICES: service_to_fd shell,v2,TERM=xterm-256color,raw:dumpsys display
01-26 11:02:11.480 11637 11637 I InputTransport: Destroy ARC handle: 0x7684b8fac0
01-26 11:02:11.481 11637 11637 I AbstractOpenableExtension: AbstractOpenableExtension$3.onSuccess():549 KeyboardGroupManager destroyed in dzh.
01-26 11:02:11.481 11637 11637 I AbstractOpenableExtension: AbstractOpenableExtension$3.onSuccess():549 KeyboardGroupManager destroyed in fsj.
01-26 11:02:11.481 11637 11637 I AbstractOpenableExtension: AbstractOpenableExtension$3.onSuccess():549 KeyboardGroupManager destroyed in fpu.
01-26 11:02:11.486  1226  1361 E WifiVendorHal: getWifiLinkLayerStats_1_3_Internal(l.927) failed {.code = ERROR_NOT_SUPPORTED, .description = }
01-26 11:02:11.519  7961 19065 I ADB_SERVICES: post waitpid (pid=19064) status=0000
01-26 11:02:11.519  7961  7961 I ADB_SERVICES: for fd 37, revents = 2011
01-26 11:02:11.520  7961  7961 I ADB_SERVICES: for fd 37, revents = 2011
01-26 11:02:11.529  7961  7961 I ADB_SERVICES: service_to_fd shell,v2,TERM=xterm-256color,raw:wm size
01-26 11:02:11.536   531   531 I SurfaceFlinger: screenshot (com.android.systemui.ImageWallpaper#0)
01-26 11:02:11.537   531   531 I SurfaceFlinger: screenshot (com.transsion.XOSLauncher/com.android.quickstep.src.com.android.launcher3.uioverrides.QuickstepLauncher#1)
01-26 11:02:11.564  7961 19068 I ADB_SERVICES: post waitpid (pid=19067) status=0000
01-26 11:02:11.564  7961  7961 I ADB_SERVICES: for fd 37, revents = 2011
01-26 11:02:11.564  7961  7961 I ADB_SERVICES: for fd 37, revents = 2011
01-26 11:02:11.572  7961  7961 I ADB_SERVICES: service_to_fd shell,v2,TERM=xterm-256color,raw:dumpsys input
01-26 11:02:11.592  1226  3772 E TouchFilter: setTouchFilter LOG Enable prameter: 0
01-26 11:02:11.592  1226  3772 E TouchFilter: Event Hub Touch Filter log is disabled
01-26 11:02:11.592  1226  3772 E TouchFilter: Event Hub Touch Filter is enabled
01-26 11:02:11.596  7961 19073 I ADB_SERVICES: post waitpid (pid=19072) status=0000
01-26 11:02:11.596  7961  7961 I ADB_SERVICES: for fd 37, revents = 2010
01-26 11:02:11.597  7961  7961 I ADB_SERVICES: for fd 37, revents = 2011
01-26 11:02:11.605  7961  7961 I ADB_SERVICES: service_to_fd shell,v2,TERM=xterm-256color,raw:getprop ro.sf.lcd_density
01-26 11:02:11.623  7961 19076 I ADB_SERVICES: post waitpid (pid=19075) status=0000
01-26 11:02:11.623  7961  7961 I ADB_SERVICES: for fd 37, revents = 2011
01-26 11:02:11.623  7961  7961 I ADB_SERVICES: for fd 37, revents = 2011
01-26 11:02:11.630  7961  7961 I ADB_SERVICES: service_to_fd shell,v2,TERM=xterm-256color,raw:input keyevent MENU
01-26 11:02:11.699 13614 18784 W GCoreUlr: 
01-26 11:02:11.699 13614 18784 W GCoreUlr: fuzr: DEADLINE_EXCEEDED: CallOptions deadline exceeded after 9.975417846s. Name resolution delay 0.000000000 seconds. [closed=[], open=[[buffered_nanos=9975947770, waiting_for_connection]]]
01-26 11:02:11.699 13614 18784 W GCoreUlr: 	at apva.r(:com.google.android.gms@245034013@24.50.34 (100400-713002902):31)
01-26 11:02:11.699 13614 18784 W GCoreUlr: 	at apva.f(:com.google.android.gms@245034013@24.50.34 (100400-713002902):96)
01-26 11:02:11.699 13614 18784 W GCoreUlr: 	at eajr.f(:com.google.android.gms@245034013@24.50.34 (100400-713002902):78)
01-26 11:02:11.699 13614 18784 W GCoreUlr: 	at eajr.d(:com.google.android.gms@245034013@24.50.34 (100400-713002902):1)
01-26 11:02:11.699 13614 18784 W GCoreUlr: 	at eajq.b(:com.google.android.gms@245034013@24.50.34 (100400-713002902):43)
01-26 11:02:11.699 13614 18784 W GCoreUlr: 	at apzg.onPerformSync(:com.google.android.gms@245034013@24.50.34 (100400-713002902):22)
01-26 11:02:11.699 13614 18784 W GCoreUlr: 	at android.content.AbstractThreadedSyncAdapter$SyncThread.run(AbstractThreadedSyncAdapter.java:354)
01-26 11:02:11.710  1226  1426 W SyncManager: failed sync operation JobId=101679 ***/com.google u0 [com.google.android.location.reporting] POLL ExpectedIn=-10s STANDBY-EXEMPTED(TOP) Reason=MasterSyncAuto Retries=2, SyncResult: stats [ numIoExceptions: 1]
01-26 11:02:11.828 19077 19077 E libc    : Access denied finding property "persist.device_config.runtime_native_boot.enable_apex_image"
01-26 11:02:11.828 19077 19077 I AndroidRuntime: Using default boot image
01-26 11:02:11.828 19077 19077 E libc    : Access denied finding property "persist.device_config.runtime_native_boot.disable_lock_profiling"
01-26 11:02:11.828 19077 19077 I AndroidRuntime: Leaving lock profiling enabled
01-26 11:02:11.829 19077 19077 E libc    : Access denied finding property "persist.device_config.runtime_native_boot.enable_generational_cc"
01-26 11:02:11.824 19077 19077 W app_process: type=1400 audit(0.0:1381014): avc: denied { read } for name="u:object_r:device_config_runtime_native_boot_prop:s0" dev="tmpfs" ino=10318 scontext=u:r:shell:s0 tcontext=u:object_r:device_config_runtime_native_boot_prop:s0 tclass=file permissive=0
01-26 11:02:11.824 19077 19077 I chatty  : uid=10559(jp.konami.pesam) main identical 1 line
01-26 11:02:11.824 19077 19077 W app_process: type=1400 audit(0.0:1381016): avc: denied { read } for name="u:object_r:device_config_runtime_native_boot_prop:s0" dev="tmpfs" ino=10318 scontext=u:r:shell:s0 tcontext=u:object_r:device_config_runtime_native_boot_prop:s0 tclass=file permissive=0
01-26 11:02:12.048 19077 19077 I app_process: The ClassLoaderContext is a special shared library.
01-26 11:02:12.069 19077 19077 W app_process: JNI RegisterNativeMethods: attempt to register 0 native methods for android.media.AudioAttributes
01-26 11:02:12.111 19077 19077 W RefBase : CallStack::getCurrentInternal not linked, returning null
01-26 11:02:12.111 19077 19077 W RefBase : CallStack::logStackInternal not linked
01-26 11:02:12.120  7961 19078 I ADB_SERVICES: post waitpid (pid=19077) status=0000
01-26 11:02:12.120  7961  7961 I ADB_SERVICES: for fd 37, revents = 2011
01-26 11:02:12.120  7961  7961 I ADB_SERVICES: for fd 37, revents = 2011
01-26 11:02:12.128  7961  7961 I ADB_SERVICES: service_to_fd shell,v2,TERM=xterm-256color,raw:input keyevent BACK
01-26 11:02:12.271 21099 18925 I System.out: [socket]:check permission begin!
01-26 11:02:12.323 19092 19092 E libc    : Access denied finding property "persist.device_config.runtime_native_boot.enable_apex_image"
01-26 11:02:12.323 19092 19092 I AndroidRuntime: Using default boot image
01-26 11:02:12.316 19092 19092 W app_process: type=1400 audit(0.0:1381017): avc: denied { read } for name="u:object_r:device_config_runtime_native_boot_prop:s0" dev="tmpfs" ino=10318 scontext=u:r:shell:s0 tcontext=u:object_r:device_config_runtime_native_boot_prop:s0 tclass=file permissive=0
01-26 11:02:12.323 19092 19092 E libc    : Access denied finding property "persist.device_config.runtime_native_boot.disable_lock_profiling"
01-26 11:02:12.323 19092 19092 I AndroidRuntime: Leaving lock profiling enabled
01-26 11:02:12.316 19092 19092 W app_process: type=1400 audit(0.0:1381018): avc: denied { read } for name="u:object_r:device_config_runtime_native_boot_prop:s0" dev="tmpfs" ino=10318 scontext=u:r:shell:s0 tcontext=u:object_r:device_config_runtime_native_boot_prop:s0 tclass=file permissive=0
01-26 11:02:12.323 19092 19092 E libc    : Access denied finding property "persist.device_config.runtime_native_boot.enable_generational_cc"
01-26 11:02:12.320 19092 19092 W app_process: type=1400 audit(0.0:1381019): avc: denied { read } for name="u:object_r:device_config_runtime_native_boot_prop:s0" dev="tmpfs" ino=10318 scontext=u:r:shell:s0 tcontext=u:object_r:device_config_runtime_native_boot_prop:s0 tclass=file permissive=0
01-26 11:02:12.405  7961  7961 I ADB_SERVICES: service_to_fd shell,v2,TERM=xterm-256color,raw:ps
01-26 11:02:12.436 19092 19092 I app_process: The ClassLoaderContext is a special shared library.
01-26 11:02:12.456 19092 19092 W app_process: JNI RegisterNativeMethods: attempt to register 0 native methods for android.media.AudioAttributes
01-26 11:02:12.468   518   567 I libPowerHal: 36: cpu_ctrl set freq: 1800000 -1 2000000 -1
01-26 11:02:12.470  7961 19095 I ADB_SERVICES: post waitpid (pid=19094) status=0000
01-26 11:02:12.471  7961  7961 I ADB_SERVICES: for fd 41, revents = 2010
01-26 11:02:12.471  7961  7961 I ADB_SERVICES: for fd 41, revents = 2011
01-26 11:02:12.472   504   594 I hwcomposer: [HWC] (0) displayGetActiveConfig config:0  
01-26 11:02:12.493 19092 19092 W RefBase : CallStack::getCurrentInternal not linked, returning null
01-26 11:02:12.493 19092 19092 W RefBase : CallStack::logStackInternal not linked
01-26 11:02:12.499  7961 19093 I ADB_SERVICES: post waitpid (pid=19092) status=0000
01-26 11:02:12.499  7961  7961 I ADB_SERVICES: for fd 37, revents = 2011
01-26 11:02:12.500  7961  7961 I ADB_SERVICES: for fd 37, revents = 2011
01-26 11:02:12.511  7961  7961 I ADB_SERVICES: service_to_fd shell,v2,TERM=xterm-256color,raw:pm list packages -f
01-26 11:02:12.523   531  1990 I BufferQueueProducer: [com.transsion.XOSLauncher/com.android.quickstep.src.com.android.launcher3.uioverrides.QuickstepLauncher#1](this:0x7b2faf4800,id:181591,api:1,p:1643,c:531) queueBuffer: fps=0.27 dur=3711.07 max=3711.07 min=3711.07
01-26 11:02:12.542   531   531 I BufferQueueProducer: [VDS: minicap](this:0x7b371f7800,id:181592,api:1,p:531,c:531) queueBuffer: fps=4.42 dur=1130.65 max=1038.38 min=10.92
01-26 11:02:12.544   504  3534 I hwcomposer: [HWCDisplay] [Display_2 (type:2)] fps:4.423086,dur:1130.43,max:1038.61,min:10.45  
01-26 11:02:12.546 19003 19005 I BufferQueueProducer: [minicap](this:0x7dda84b000,id:0,api:1,p:531,c:19003) queueBuffer: fps=2.65 dur=1131.85 max=1055.92 min=31.91
01-26 11:02:12.548   504  3534 I hwcomposer: [HWCDisplay] [Display_0 (type:1)] fps:4.424013,dur:1130.20,max:1040.52,min:10.76  
01-26 11:02:12.549   531   531 I SurfaceFlinger: screenshot (com.android.systemui.ImageWallpaper#0)
01-26 11:02:12.549   531   531 I SurfaceFlinger: screenshot (com.transsion.XOSLauncher/com.android.quickstep.src.com.android.launcher3.uioverrides.QuickstepLauncher#1)
01-26 11:02:12.556  7961 19110 I ADB_SERVICES: post waitpid (pid=19109) status=0000
01-26 11:02:12.556  7961  7961 I ADB_SERVICES: for fd 37, revents = 2011
01-26 11:02:12.556  7961  7961 I ADB_SERVICES: for fd 37, revents = 2011
01-26 11:02:12.561  7961  7961 I ADB_SERVICES: service_to_fd shell,v2,TERM=xterm-256color,raw:pm list packages -f
01-26 11:02:12.564  7961  7961 I ADB_SERVICES: service_to_fd exec:cmd package 'install' '-r' -S 22276974
01-26 11:02:12.580 19003 19005 I BufferQueueProducer: [minicap](this:0x7dda84b000,id:0,api:1,p:531,c:19003) queueBuffer: slot 0 is dropped, handle=0x7dda866640
01-26 11:02:12.601  7961 19116 I ADB_SERVICES: post waitpid (pid=19115) status=0000
01-26 11:02:12.601  7961  7961 I ADB_SERVICES: for fd 37, revents = 2010
01-26 11:02:12.601  7961  7961 I ADB_SERVICES: for fd 37, revents = 2011
01-26 11:02:12.610  7961  7961 I ADB_SERVICES: service_to_fd shell,v2,TERM=xterm-256color,raw:dumpsys display
01-26 11:02:12.629  7961 19126 I ADB_SERVICES: post waitpid (pid=19125) status=0000
01-26 11:02:12.629  7961  7961 I ADB_SERVICES: for fd 38, revents = 2011
01-26 11:02:12.629  7961  7961 I ADB_SERVICES: for fd 38, revents = 2011
01-26 11:02:12.639  7961  7961 I ADB_SERVICES: service_to_fd shell,v2,TERM=xterm-256color,raw:wm size
01-26 11:02:12.667  1226  1239 I PowerHalWrapper: <setInstallationBoost> enable:true 
01-26 11:02:12.670  7961 19129 I ADB_SERVICES: post waitpid (pid=19128) status=0000
01-26 11:02:12.670  7961  7961 I ADB_SERVICES: for fd 38, revents = 2011
01-26 11:02:12.670  7961  7961 I ADB_SERVICES: for fd 38, revents = 2011
01-26 11:02:12.674   531   531 I SurfaceFlinger: screenshot (com.android.systemui.ImageWallpaper#0)
01-26 11:02:12.674   531   531 I SurfaceFlinger: screenshot (com.transsion.XOSLauncher/com.android.quickstep.src.com.android.launcher3.uioverrides.QuickstepLauncher#1)
01-26 11:02:12.677  7961  7961 I ADB_SERVICES: service_to_fd shell,v2,TERM=xterm-256color,raw:dumpsys input
01-26 11:02:12.693  1226  3772 E TouchFilter: setTouchFilter LOG Enable prameter: 0
01-26 11:02:12.693  1226  3772 E TouchFilter: Event Hub Touch Filter log is disabled
01-26 11:02:12.693  1226  3772 E TouchFilter: Event Hub Touch Filter is enabled
01-26 11:02:12.696  7961 19135 I ADB_SERVICES: post waitpid (pid=19134) status=0000
01-26 11:02:12.696  7961  7961 I ADB_SERVICES: for fd 38, revents = 2010
01-26 11:02:12.696  7961  7961 I ADB_SERVICES: for fd 38, revents = 2011
01-26 11:02:12.706  7961  7961 I ADB_SERVICES: service_to_fd shell,v2,TERM=xterm-256color,raw:getprop ro.sf.lcd_density
01-26 11:02:12.717  7961 19138 I ADB_SERVICES: post waitpid (pid=19137) status=0000
01-26 11:02:12.717  7961  7961 I ADB_SERVICES: for fd 38, revents = 2010
01-26 11:02:12.717  7961  7961 I ADB_SERVICES: for fd 38, revents = 2011
01-26 11:02:11.975  1226  1426 I chatty  : uid=1000(system) SyncManager identical 3 lines
01-26 11:02:13.047  1226  3772 E NotificationService: Suppressing notification from package by user request.
01-26 11:02:13.058 14812 15092 W System  : A resource failed to call response.body().close(). 
01-26 11:02:13.501  7961  7961 I ADB_SERVICES: service_to_fd shell,v2,TERM=xterm-256color,raw:ps
01-26 11:02:13.558  7961 19140 I ADB_SERVICES: post waitpid (pid=19139) status=0000
01-26 11:02:13.559  7961  7961 I ADB_SERVICES: for fd 38, revents = 2010
01-26 11:02:13.559  7961  7961 I ADB_SERVICES: for fd 38, revents = 2011
01-26 11:02:13.668  1226  3772 W DevicePolicyManager: Package com.transsion.phonemaster (uid=10077, pid=4685) cannot access Device IDs
01-26 11:02:13.668  1600  2047 W TelephonyPermissions: reportAccessDeniedToReadIdentifiers:com.transsion.phonemaster:getImeiForSlot:isPreinstalled=true:isPrivApp=false
01-26 11:02:13.672  1226  3772 W DevicePolicyManager: Package com.transsion.phonemaster (uid=10077, pid=4685) cannot access Device IDs
01-26 11:02:13.673  1600  2047 W TelephonyPermissions: reportAccessDeniedToReadIdentifiers:com.transsion.phonemaster:getImeiForSlot:isPreinstalled=true:isPrivApp=false
01-26 11:02:13.674  4685  5051 I System.out: [okhttp]:check permission begin!
01-26 11:02:13.674  4685  5051 I System.out: [okhttp]:not MMS!
01-26 11:02:13.674  4685  5051 I System.out: [okhttp]:not Email!
01-26 11:02:14.405  1226  1239 I PowerHalWrapper: <setInstallationBoost> enable:true 
01-26 11:02:14.448   623   623 W Binder:623_A: type=1400 audit(0.0:1381022): avc: denied { getattr } for path="/data/app/gift" dev="mmcblk0p40" ino=95 scontext=u:r:installd:s0 tcontext=u:object_r:gift_data_file:s0 tclass=dir permissive=0
01-26 11:02:14.507  1226  1361 E WifiVendorHal: getWifiLinkLayerStats_1_3_Internal(l.927) failed {.code = ERROR_NOT_SUPPORTED, .description = }
01-26 11:02:13.060  1226  3772 I chatty  : uid=1000(system) Binder:1226_1A identical 5 lines
01-26 11:02:13.061  1226  3772 E NotificationService: Suppressing notification from package by user request.
01-26 11:02:14.512 26643 26643 I Finsky  : [2] aolg.b(119): VerifyApps: Install-time verification requested for package com.example.chatter, id = 341
01-26 11:02:14.515 26643 26675 I Finsky  : [420063] lwn.g(172): RECEIVER_PACKAGE_VERIFICATION#logWorkEndAndFinishGoAsync: SUCCESS
01-26 11:02:14.517 26643 18668 I Finsky  : [420258] VerifyAppsInstallTask.mf(57): VerifyApps: Anti-malware verification task started for package=com.example.chatter
01-26 11:02:14.518 26643 18668 I Finsky  : [420258] aosv.a(68): Single user settings service is not running, bind it now
01-26 11:02:14.523 26643 26643 I Finsky  : [2] upm.onServiceConnected(87): Single user settings service is connected
01-26 11:02:14.570  7961  7961 I ADB_SERVICES: service_to_fd shell,v2,TERM=xterm-256color,raw:ps
01-26 11:02:14.584 26643 18668 W System.err: android.content.pm.PackageManager$NameNotFoundException: com.example.chatter
01-26 11:02:14.584 26643 18668 W System.err: 	at android.app.ApplicationPackageManager.getApplicationInfoAsUser(ApplicationPackageManager.java:414)
01-26 11:02:14.584 26643 18668 W System.err: 	at android.app.ApplicationPackageManager.getApplicationInfo(ApplicationPackageManager.java:395)
01-26 11:02:14.584 26643 18668 W System.err: 	at android.content.pm.PackageManager.getPackageArchiveInfo(PackageManager.java:5602)
01-26 11:02:14.584 26643 18668 W System.err: 	at anqr.aG(PG:1)
01-26 11:02:14.584 26643 18668 W System.err: 	at vnt.a(PG:625)
01-26 11:02:14.584 26643 18668 W System.err: 	at axcz.a(PG:16)
01-26 11:02:14.584 26643 18668 W System.err: 	at com.google.android.finsky.verifier.impl.installtime.VerifyAppsInstallTask.Y(PG:3)
01-26 11:02:14.584 26643 18668 W System.err: 	at com.google.android.finsky.verifier.impl.installtime.VerifyAppsInstallTask.g(PG:1)
01-26 11:02:14.584 26643 18668 W System.err: 	at com.google.android.finsky.verifier.impl.installtime.VerifyAppsInstallTask.Z(PG:183)
01-26 11:02:14.584 26643 18668 W System.err: 	at com.google.android.finsky.verifier.impl.installtime.VerifyAppsInstallTask.mf(PG:426)
01-26 11:02:14.584 26643 18668 W System.err: 	at com.google.android.finsky.verifier.impl.installtime.VerifyInstallTask.mf(PG:1421)
01-26 11:02:14.584 26643 18668 W System.err: 	at aoqs.run(PG:236)
01-26 11:02:14.584 26643 18668 W System.err: 	at java.util.concurrent.ThreadPoolExecutor.runWorker(ThreadPoolExecutor.java:1167)
01-26 11:02:14.584 26643 18668 W System.err: 	at java.util.concurrent.ThreadPoolExecutor$Worker.run(ThreadPoolExecutor.java:641)
01-26 11:02:14.584 26643 18668 W System.err: 	at azei.run(PG:59)
01-26 11:02:14.584 26643 18668 W System.err: 	at java.lang.Thread.run(Thread.java:919)
01-26 11:02:14.593 26643 18668 W Settings: Setting install_non_market_apps has moved from android.provider.Settings.Global to android.provider.Settings.Secure, returning read-only value.
01-26 11:02:14.610  7961  7961 I ADB_SERVICES: service_to_fd shell,v2,TERM=xterm-256color,raw:pm list packages -f
01-26 11:02:14.630  7961 19143 I ADB_SERVICES: post waitpid (pid=19142) status=0000
01-26 11:02:14.630  7961  7961 I ADB_SERVICES: for fd 38, revents = 2010
01-26 11:02:14.630  7961  7961 I ADB_SERVICES: for fd 38, revents = 2011
01-26 11:02:14.644  7961 19146 I ADB_SERVICES: post waitpid (pid=19144) status=0000
01-26 11:02:14.644  7961  7961 I ADB_SERVICES: for fd 42, revents = 2010
01-26 11:02:14.644  7961  7961 I ADB_SERVICES: for fd 42, revents = 2011
01-26 11:02:14.741 26643 18668 I Finsky  : [420258] VerifyAppsInstallTask.ai(201): VerifyApps: Installer app: com.android.shell
01-26 11:02:14.747 26643 18668 I Finsky  : [420258] sru.e(31): Task 7 requested foreground
01-26 11:02:14.748 26643 18668 I Finsky  : [420258] sru.e(90): Not entering foreground
01-26 11:02:14.749 26643 26706 I Finsky  : [420079] apbf.a(73): VerifyApps: Starting APK Analysis scan for com.example.chatter.
01-26 11:02:14.749 26643 26706 I Finsky  : [420079] aoju.b(192): Scanning package com.example.chatter contents with client side protections. File: [ibbolSIujIfcLG4flDcu-7mU_c5P6NSd19Xameij-EE]
01-26 11:02:14.776   420   420 E beanpodkeymaster: Received 4 byte response
01-26 11:02:14.776   420   420 I beanpodkeymaster: Enter BeanpodKeymaster BeginOperation
01-26 11:02:14.777   420   420 E beanpodkeymaster: Received 48 byte response
01-26 11:02:14.777   420   420 I beanpodkeymaster: Exit BeanpodKeymaster BeginOperation
01-26 11:02:14.778   420   420 I beanpodkeymaster: Enter BeanpodKeymaster UpdateOperation
01-26 11:02:14.779   420   420 E beanpodkeymaster: Received 34 byte response
01-26 11:02:14.779   420   420 I beanpodkeymaster: Exit BeanpodKeymaster UpdateOperation
01-26 11:02:14.780   420   420 I beanpodkeymaster: Enter BeanpodKeymaster FinishOperation
01-26 11:02:14.780   420   420 E beanpodkeymaster: Received 36 byte response
01-26 11:02:14.780   420   420 I beanpodkeymaster: Exit BeanpodKeymaster FinishOperation
01-26 11:02:14.782   420   420 I beanpodkeymaster: Enter BeanpodKeymaster BeginOperation
01-26 11:02:14.784   420   420 E beanpodkeymaster: Received 24 byte response
01-26 11:02:14.784   420   420 I beanpodkeymaster: Exit BeanpodKeymaster BeginOperation
01-26 11:02:14.785   420   420 I beanpodkeymaster: Enter BeanpodKeymaster UpdateOperation
01-26 11:02:14.786   420   420 E beanpodkeymaster: Received 34 byte response
01-26 11:02:14.786   420   420 I beanpodkeymaster: Exit BeanpodKeymaster UpdateOperation
01-26 11:02:14.787   420   420 I beanpodkeymaster: Enter BeanpodKeymaster FinishOperation
01-26 11:02:14.787   420   420 E beanpodkeymaster: Received 20 byte response
01-26 11:02:14.787   420   420 I beanpodkeymaster: Exit BeanpodKeymaster FinishOperation
01-26 11:02:14.790   420   420 I beanpodkeymaster: Enter BeanpodKeymaster BeginOperation
01-26 11:02:14.790   420   420 E beanpodkeymaster: Received 24 byte response
01-26 11:02:14.790   420   420 I beanpodkeymaster: Exit BeanpodKeymaster BeginOperation
01-26 11:02:14.792   420   420 I beanpodkeymaster: Enter BeanpodKeymaster UpdateOperation
01-26 11:02:14.792   420   420 E beanpodkeymaster: Received 132 byte response
01-26 11:02:14.792   420   420 I beanpodkeymaster: Exit BeanpodKeymaster UpdateOperation
01-26 11:02:14.793   420   420 I beanpodkeymaster: Enter BeanpodKeymaster FinishOperation
01-26 11:02:14.794   420   420 E beanpodkeymaster: Received 20 byte response
01-26 11:02:14.794   420   420 I beanpodkeymaster: Exit BeanpodKeymaster FinishOperation
01-26 11:02:14.811 26643 13275 I PlayCore: UID: [10119]  PID: [26643] aojo : Initiate binding to the service.
01-26 11:02:14.825  1226  1253 I ActivityManager: Start proc 19173:com.android.vending:com.google.android.finsky.verifier.apkanalysis.service.ApkContentsScanService/u0i901 for service {com.android.vending/com.google.android.finsky.verifier.apkanalysis.service.ApkContentsScanService}
01-26 11:02:14.833 19173 19173 E entsScanServic: Not starting debugger since process cannot load the jdwp agent.
01-26 11:02:14.849 19173 19173 E libc    : Access denied finding property "persist.vendor.sys.os.typeface.defaultfont.hash"
01-26 11:02:14.844 19173 19173 W entsScanService: type=1400 audit(0.0:1381023): avc: denied { getattr } for path="/dev/__properties__/u:object_r:persist_transsion_os_typeface_support_prop:s0" dev="tmpfs" ino=10551 scontext=u:r:isolated_app:s0:c512,c768 tcontext=u:object_r:persist_transsion_os_typeface_support_prop:s0 tclass=file permissive=0
01-26 11:02:14.851 19173 19173 E libc    : Access denied finding property "persist.vendor.sys.os.typeface.defaultfont.hash"
01-26 11:02:14.861 19173 19173 I entsScanServic: The ClassLoaderContext is a special shared library.
01-26 11:02:14.856 19173 19173 W entsScanService: type=1400 audit(0.0:1381025): avc: denied { getattr } for path="/data/data/com.android.vending" dev="mmcblk0p40" ino=4056 scontext=u:r:isolated_app:s0:c512,c768 tcontext=u:object_r:privapp_data_file:s0:c512,c768 tclass=dir permissive=0
01-26 11:02:14.884   420   420 E beanpodkeymaster: Received 4 byte response
01-26 11:02:14.884   420   420 I beanpodkeymaster: Enter BeanpodKeymaster BeginOperation
01-26 11:02:14.885   420   420 E beanpodkeymaster: Received 48 byte response
01-26 11:02:14.885   420   420 I beanpodkeymaster: Exit BeanpodKeymaster BeginOperation
01-26 11:02:14.886   420   420 I beanpodkeymaster: Enter BeanpodKeymaster UpdateOperation
01-26 11:02:14.887   420   420 E beanpodkeymaster: Received 34 byte response
01-26 11:02:14.887   420   420 I beanpodkeymaster: Exit BeanpodKeymaster UpdateOperation
01-26 11:02:14.892   420   420 I beanpodkeymaster: Enter BeanpodKeymaster FinishOperation
01-26 11:02:14.894   420   420 E beanpodkeymaster: Received 36 byte response
01-26 11:02:14.894   420   420 I beanpodkeymaster: Exit BeanpodKeymaster FinishOperation
01-26 11:02:14.900   504  3534 I hwcomposer: [HWC] (0) displayGetActiveConfig config:0  
01-26 11:02:14.912   420   420 I beanpodkeymaster: Enter BeanpodKeymaster BeginOperation
01-26 11:02:14.914   420   420 E beanpodkeymaster: Received 24 byte response
01-26 11:02:14.914   420   420 I beanpodkeymaster: Exit BeanpodKeymaster BeginOperation
01-26 11:02:14.916   531  1990 I BufferQueueProducer: [StatusBar#0](this:0x7b5146e000,id:6,api:1,p:1428,c:531) queueBuffer: fps=0.29 dur=3488.67 max=3488.67 min=3488.67
01-26 11:02:14.920   420   420 I beanpodkeymaster: Enter BeanpodKeymaster UpdateOperation
01-26 11:02:14.920   420   420 E beanpodkeymaster: Received 34 byte response
01-26 11:02:14.920   420   420 I beanpodkeymaster: Exit BeanpodKeymaster UpdateOperation
01-26 11:02:14.927   420   420 I beanpodkeymaster: Enter BeanpodKeymaster FinishOperation
01-26 11:02:14.929   420   420 E beanpodkeymaster: Received 20 byte response
01-26 11:02:14.929   420   420 I beanpodkeymaster: Exit BeanpodKeymaster FinishOperation
01-26 11:02:14.934   531   531 I BufferQueueProducer: [VDS: minicap](this:0x7b371f7800,id:181592,api:1,p:531,c:531) queueBuffer: fps=1.25 dur=2391.65 max=2355.58 min=17.05
