01-26 11:03:29.348  7961  7961 I ADB_SERVICES: for fd 38, revents = 2010
01-26 11:03:29.348  7961  7961 I ADB_SERVICES: for fd 38, revents = 2011
01-26 11:03:29.358  7961  7961 I ADB_SERVICES: service_to_fd shell,v2,TERM=xterm-256color,raw:wm size
01-26 11:03:29.402  7961 20523 I ADB_SERVICES: post waitpid (pid=20522) status=0000
01-26 11:03:29.402  7961  7961 I ADB_SERVICES: for fd 38, revents = 2011
01-26 11:03:29.402  7961  7961 I ADB_SERVICES: for fd 38, revents = 2011
01-26 11:03:29.409  7961  7961 I ADB_SERVICES: service_to_fd shell,v2,TERM=xterm-256color,raw:dumpsys input
01-26 11:03:29.436  1226  3772 E TouchFilter: setTouchFilter LOG Enable prameter: 0
01-26 11:03:29.436  1226  3772 E TouchFilter: Event Hub Touch Filter log is disabled
01-26 11:03:29.436  1226  3772 E TouchFilter: Event Hub Touch Filter is enabled
01-26 11:03:29.441  7961 20528 I ADB_SERVICES: post waitpid (pid=20527) status=0000
01-26 11:03:29.441  7961  7961 I ADB_SERVICES: for fd 38, revents = 2010
01-26 11:03:29.441  7961  7961 I ADB_SERVICES: for fd 38, revents = 2011
01-26 11:03:29.448  7961  7961 I ADB_SERVICES: service_to_fd shell,v2,TERM=xterm-256color,raw:getprop ro.sf.lcd_density
01-26 11:03:29.467  7961 20531 I ADB_SERVICES: post waitpid (pid=20530) status=0000
01-26 11:03:29.467  7961  7961 I ADB_SERVICES: for fd 38, revents = 2011
01-26 11:03:29.467  7961  7961 I ADB_SERVICES: for fd 38, revents = 2011
01-26 11:03:29.474  7961  7961 I ADB_SERVICES: service_to_fd shell,v2,TERM=xterm-256color,raw:getprop ro.build.version.sdk
01-26 11:03:29.492  7961 20533 I ADB_SERVICES: post waitpid (pid=20532) status=0000
01-26 11:03:29.493  7961  7961 I ADB_SERVICES: for fd 38, revents = 2011
01-26 11:03:29.493  7961  7961 I ADB_SERVICES: for fd 38, revents = 2011
01-26 11:03:29.500  7961  7961 I ADB_SERVICES: service_to_fd shell,v2,TERM=xterm-256color,raw:input touchscreen swipe 360 635 360 635 200
01-26 11:03:29.586 21704 21863 I epju    : (REDACTED) #onAudioData: %s bytes, getAudioReadSize %s
01-26 11:03:29.646  7961  7961 I ADB_SERVICES: service_to_fd shell,v2,TERM=xterm-256color,raw:ps
01-26 11:03:29.694 20534 20534 E libc    : Access denied finding property "persist.device_config.runtime_native_boot.enable_apex_image"
01-26 11:03:29.694 20534 20534 I AndroidRuntime: Using default boot image
01-26 11:03:29.694 20534 20534 E libc    : Access denied finding property "persist.device_config.runtime_native_boot.disable_lock_profiling"
01-26 11:03:29.694 20534 20534 I AndroidRuntime: Leaving lock profiling enabled
01-26 11:03:29.688 20534 20534 W app_process: type=1400 audit(0.0:1381048): avc: denied { read } for name="u:object_r:device_config_runtime_native_boot_prop:s0" dev="tmpfs" ino=10318 scontext=u:r:shell:s0 tcontext=u:object_r:device_config_runtime_native_boot_prop:s0 tclass=file permissive=0
01-26 11:03:29.695 20534 20534 E libc    : Access denied finding property "persist.device_config.runtime_native_boot.enable_generational_cc"
01-26 11:03:29.688 20534 20534 W app_process: type=1400 audit(0.0:1381049): avc: denied { read } for name="u:object_r:device_config_runtime_native_boot_prop:s0" dev="tmpfs" ino=10318 scontext=u:r:shell:s0 tcontext=u:object_r:device_config_runtime_native_boot_prop:s0 tclass=file permissive=0
01-26 11:03:29.710  7961 20537 I ADB_SERVICES: post waitpid (pid=20536) status=0000
01-26 11:03:29.710  7961  7961 I ADB_SERVICES: for fd 42, revents = 2010
01-26 11:03:29.711  7961  7961 I ADB_SERVICES: for fd 42, revents = 2011
01-26 11:03:29.815 20534 20534 I app_process: The ClassLoaderContext is a special shared library.
01-26 11:03:29.832 20534 20534 W app_process: JNI RegisterNativeMethods: attempt to register 0 native methods for android.media.AudioAttributes
01-26 11:03:29.841   518   567 I libPowerHal: 36: cpu_ctrl set freq: 1800000 -1 2000000 -1
01-26 11:03:29.846   504  3534 I hwcomposer: [HWC] (0) displayGetActiveConfig config:0  
01-26 11:03:29.933   531   638 I BufferQueueProducer: [StatusBar#0](this:0x7b5146e000,id:6,api:1,p:1428,c:531) queueBuffer: fps=0.20 dur=4976.37 max=4976.37 min=4976.37
01-26 11:03:29.951   531   531 I BufferQueueProducer: [VDS: minicap](this:0x7b371f7800,id:181592,api:1,p:531,c:531) queueBuffer: fps=0.20 dur=4973.36 max=4973.36 min=4973.36
01-26 11:03:29.952   504  3534 I hwcomposer: [HWCDisplay] [Display_2 (type:2)] fps:0.201144,dur:4971.57,max:4971.57,min:4971.57  
01-26 11:03:29.953 19003 19005 I BufferQueueProducer: [minicap](this:0x7dda84b000,id:0,api:1,p:531,c:19003) queueBuffer: fps=0.20 dur=4970.53 max=4970.53 min=4970.53
01-26 11:03:29.954   504  3534 I hwcomposer: [HWCDisplay] [Display_0 (type:1)] fps:0.201242,dur:4969.15,max:4969.15,min:4969.15  
01-26 11:03:29.956   531   531 I SurfaceFlinger: screenshot (com.example.chatter/com.example.chatter.LoginPage#0)
01-26 11:03:30.016  7961  7961 I ADB_SERVICES: service_to_fd shell,v2,TERM=xterm-256color,raw:dumpsys display
01-26 11:03:30.036  7961 20551 I ADB_SERVICES: post waitpid (pid=20550) status=0000
01-26 11:03:30.036  7961  7961 I ADB_SERVICES: for fd 42, revents = 2010
01-26 11:03:30.036  7961  7961 I ADB_SERVICES: for fd 42, revents = 2011
01-26 11:03:30.046  7961  7961 I ADB_SERVICES: service_to_fd shell,v2,TERM=xterm-256color,raw:wm size
01-26 11:03:30.072   531  1990 I BufferQueueProducer: [com.example.chatter/com.example.chatter.LoginPage#0](this:0x7b5146b000,id:181595,api:1,p:19472,c:531) queueBuffer: fps=0.05 dur=63558.52 max=63510.66 min=20.25
01-26 11:03:30.079  7961 20555 I ADB_SERVICES: post waitpid (pid=20554) status=0000
01-26 11:03:30.079  7961  7961 I ADB_SERVICES: for fd 42, revents = 2011
01-26 11:03:30.080  7961  7961 I ADB_SERVICES: for fd 42, revents = 2011
01-26 11:03:30.087  7961  7961 I ADB_SERVICES: service_to_fd shell,v2,TERM=xterm-256color,raw:dumpsys input
01-26 11:03:30.091 18938 18938 I SurfaceFactory: [static] sSurfaceFactory = com.mediatek.view.impl.SurfaceFactoryImpl@27ca4e6
01-26 11:03:30.093   531   531 I SurfaceFlinger: screenshot (com.example.chatter/com.example.chatter.LoginPage#0)
01-26 11:03:30.101 18938 18938 I os.InputLice: create InputLice
01-26 11:03:30.101 18938 18938 I os.triplefingerscreenshot: create instance:true
01-26 11:03:30.100 18938 18938 W mit.droidbotapp: type=1400 audit(0.0:1381051): avc: denied { read } for name="u:object_r:vendor_default_prop:s0" dev="tmpfs" ino=10605 scontext=u:r:untrusted_app:s0:c160,c260,c512,c768 tcontext=u:object_r:vendor_default_prop:s0 tclass=file permissive=0
01-26 11:03:30.104 20534 20534 W RefBase : CallStack::getCurrentInternal not linked, returning null
01-26 11:03:30.104 20534 20534 W RefBase : CallStack::logStackInternal not linked
01-26 11:03:30.104 18938 18938 E libc    : Access denied finding property "ro.vendor.scaler_version"
01-26 11:03:30.105 18938 18938 E libc    : Access denied finding property "ro.vendor.scaler_version"
01-26 11:03:30.100 18938 18938 W mit.droidbotapp: type=1400 audit(0.0:1381052): avc: denied { read } for name="u:object_r:vendor_default_prop:s0" dev="tmpfs" ino=10605 scontext=u:r:untrusted_app:s0:c160,c260,c512,c768 tcontext=u:object_r:vendor_default_prop:s0 tclass=file permissive=0
01-26 11:03:30.106  1226  3772 E TouchFilter: setTouchFilter LOG Enable prameter: 0
01-26 11:03:30.106  1226  3772 E TouchFilter: Event Hub Touch Filter log is disabled
01-26 11:03:30.106  1226  3772 E TouchFilter: Event Hub Touch Filter is enabled
01-26 11:03:30.108  7961 20561 I ADB_SERVICES: post waitpid (pid=20560) status=0000
01-26 11:03:30.108  7961  7961 I ADB_SERVICES: for fd 42, revents = 2010
01-26 11:03:30.108  7961  7961 I ADB_SERVICES: for fd 42, revents = 2011
01-26 11:03:30.109   531   638 I BufferQueueProducer: [NavigationBar0#0](this:0x7b5146c800,id:4,api:1,p:1428,c:531) queueBuffer: fps=0.76 dur=66726.25 max=65895.98 min=12.47
01-26 11:03:30.113  7961 20535 I ADB_SERVICES: post waitpid (pid=20534) status=0000
01-26 11:03:30.113  7961  7961 I ADB_SERVICES: for fd 38, revents = 2011
01-26 11:03:30.114  7961  7961 I ADB_SERVICES: for fd 38, revents = 2011
01-26 11:03:30.116  1226  3772 E WindowManager: App trying to use insecure INPUT_FEATURE_NO_INPUT_CHANNEL flag. Ignoring
01-26 11:03:30.118   531  1990 I SurfaceFlinger: [SF client] NEW(0x7b2f9b77c0) for (1226:system_server)
01-26 11:03:30.123 18938 18938 I InputTransport: Create ARC handle: 0x77826ad680
01-26 11:03:30.127  7961  7961 I ADB_SERVICES: service_to_fd shell,v2,TERM=xterm-256color,raw:getprop ro.sf.lcd_density
01-26 11:03:30.131  7961  7961 I ADB_SERVICES: service_to_fd shell,v2,TERM=xterm-256color,raw:am broadcast -a DROIDBOT_INPUT_TEXT --es text saimon@gmail.com --ei mode 0
01-26 11:03:30.140   531  1990 I BufferQueue: [unnamed-531-181596](this:0x7b2fa4f800,id:181596,api:0,p:-1,c:-1) BufferQueue core=(531:/system/bin/surfaceflinger)
01-26 11:03:30.140   531  1990 I BufferQueueConsumer: [unnamed-531-181596](this:0x7b2fa4f800,id:181596,api:0,p:-1,c:531) connect(C): consumer=(531:/system/bin/surfaceflinger) controlledByApp=false
01-26 11:03:30.140   531  1990 I BufferQueueConsumer: [unnamed-531-181596](this:0x7b2fa4f800,id:181596,api:0,p:-1,c:531) setConsumerName: unnamed-531-181596
01-26 11:03:30.140   531  1990 I BufferQueueConsumer: [InputMethod#0](this:0x7b2fa4f800,id:181596,api:0,p:-1,c:531) setConsumerName: InputMethod#0
01-26 11:03:30.140   531  1990 I BufferQueueConsumer: [InputMethod#0](this:0x7b2fa4f800,id:181596,api:0,p:-1,c:531) setDefaultBufferSize: width=720 height=1
01-26 11:03:30.149 18938 20563 I GPUD    : @gpudInitialize: successfully initialized with GL, dbg=0 mmdump_dbg=0 mmpath_dbg=0
01-26 11:03:30.153  7961 20565 I ADB_SERVICES: post waitpid (pid=20564) status=0000
01-26 11:03:30.153  7961  7961 I ADB_SERVICES: for fd 38, revents = 2010
01-26 11:03:30.153  7961  7961 I ADB_SERVICES: for fd 38, revents = 2011
01-26 11:03:30.155 19003 19005 I BufferQueueProducer: [minicap](this:0x7dda84b000,id:0,api:1,p:531,c:19003) queueBuffer: slot 0 is dropped, handle=0x7dda866640
01-26 11:03:30.163 18938 20563 I libMEOW_gift: ctx:0x76f1924f90, ARC not Enabled.
01-26 11:03:30.166  1226  1361 E WifiVendorHal: getWifiLinkLayerStats_1_3_Internal(l.927) failed {.code = ERROR_NOT_SUPPORTED, .description = }
01-26 11:03:30.172   531   638 I BufferQueueProducer: [InputMethod#0](this:0x7b2fa4f800,id:181596,api:1,p:18938,c:531) connect(P): api=1 producer=(18938:io.github.ylimit.droidbotapp) producerControlledByApp=false
01-26 11:03:30.172 19003 19005 I BufferQueueProducer: [minicap](this:0x7dda84b000,id:0,api:1,p:531,c:19003) queueBuffer: slot 2 is dropped, handle=0x7dda866c80
01-26 11:03:30.186 21099 20187 E InternalPeopleServiceGrpcClient: Error making Grpc request.
01-26 11:03:30.186 21099 20187 E InternalPeopleServiceGrpcClient: fuzr: DEADLINE_EXCEEDED: CallOptions deadline exceeded after 24.984556000s. Name resolution delay 0.001633615 seconds. [closed=[], open=[[buffered_nanos=24985432232, waiting_for_connection]]]
01-26 11:03:30.186 21099 20187 E InternalPeopleServiceGrpcClient: 	at apva.r(:com.google.android.gms@245034013@24.50.34 (100400-713002902):31)
01-26 11:03:30.186 21099 20187 E InternalPeopleServiceGrpcClient: 	at apva.f(:com.google.android.gms@245034013@24.50.34 (100400-713002902):96)
01-26 11:03:30.186 21099 20187 E InternalPeopleServiceGrpcClient: 	at cqch.i(:com.google.android.gms@245034013@24.50.34 (100400-713002902):50)
01-26 11:03:30.186 21099 20187 E InternalPeopleServiceGrpcClient: 	at cqye.f(:com.google.android.gms@245034013@24.50.34 (100400-713002902):285)
01-26 11:03:30.186 21099 20187 E InternalPeopleServiceGrpcClient: 	at cqyg.g(:com.google.android.gms@245034013@24.50.34 (100400-713002902):160)
01-26 11:03:30.186 21099 20187 E InternalPeopleServiceGrpcClient: 	at cqyh.run(:com.google.android.gms@245034013@24.50.34 (100400-713002902):12)
01-26 11:03:30.186 21099 20187 E InternalPeopleServiceGrpcClient: 	at java.lang.Thread.run(Thread.java:919)
01-26 11:03:30.186 21099 20187 E FSA2_GroupSyncGrpc: getGroups() failed
01-26 11:03:30.186 21099 20187 E FSA2_GroupSyncGrpc: fuzr: DEADLINE_EXCEEDED: CallOptions deadline exceeded after 24.984556000s. Name resolution delay 0.001633615 seconds. [closed=[], open=[[buffered_nanos=24985432232, waiting_for_connection]]]
01-26 11:03:30.186 21099 20187 E FSA2_GroupSyncGrpc: 	at apva.r(:com.google.android.gms@245034013@24.50.34 (100400-713002902):31)
01-26 11:03:30.186 21099 20187 E FSA2_GroupSyncGrpc: 	at apva.f(:com.google.android.gms@245034013@24.50.34 (100400-713002902):96)
01-26 11:03:30.186 21099 20187 E FSA2_GroupSyncGrpc: 	at cqch.i(:com.google.android.gms@245034013@24.50.34 (100400-713002902):50)
01-26 11:03:30.186 21099 20187 E FSA2_GroupSyncGrpc: 	at cqye.f(:com.google.android.gms@245034013@24.50.34 (100400-713002902):285)
01-26 11:03:30.186 21099 20187 E FSA2_GroupSyncGrpc: 	at cqyg.g(:com.google.android.gms@245034013@24.50.34 (100400-713002902):160)
01-26 11:03:30.186 21099 20187 E FSA2_GroupSyncGrpc: 	at cqyh.run(:com.google.android.gms@245034013@24.50.34 (100400-713002902):12)
01-26 11:03:30.186 21099 20187 E FSA2_GroupSyncGrpc: 	at java.lang.Thread.run(Thread.java:919)
01-26 11:03:30.186 21099 20187 W FSA2_ApiGroupsReader: Deadline exceeded. 2 remaining attempts.
01-26 11:03:30.203  7961 20568 I ADB_SERVICES: post waitpid (pid=20567) status=0000
01-26 11:03:30.203  7961  7961 I ADB_SERVICES: for fd 42, revents = 2011
01-26 11:03:30.203  7961  7961 I ADB_SERVICES: for fd 42, revents = 2011
01-26 11:03:30.205 19003 19005 I BufferQueueProducer: [minicap](this:0x7dda84b000,id:0,api:1,p:531,c:19003) queueBuffer: slot 2 is dropped, handle=0x7dda866c80
01-26 11:03:30.207   531   531 I SurfaceFlinger: screenshot (com.example.chatter/com.example.chatter.LoginPage#0)
01-26 11:03:30.214 11637 11637 W AndroidSpellCheckerService: AndroidSpellCheckerService.initialize():73 initialize...
01-26 11:03:30.215 11637 11637 I ShortcutsDataManager: ShortcutsDataManager.onContentChanged():72 onContentChanged()
01-26 11:03:30.217 11637 11637 W AndroidSpellCheckerService: AndroidSpellCheckerService.initialize():83 initialize...done
01-26 11:03:30.239 19003 19005 I BufferQueueProducer: [minicap](this:0x7dda84b000,id:0,api:1,p:531,c:19003) queueBuffer: slot 2 is dropped, handle=0x7dda866c80
01-26 11:03:30.244 11637 11653 I AndroidSpellCheckerService: AndroidSpellCheckerService.createSession():139 com.google.android.keyboard.client.delight5.LanguageIdentifier@ad42772 is created
01-26 11:03:30.271 19003 19005 I BufferQueueProducer: [minicap](this:0x7dda84b000,id:0,api:1,p:531,c:19003) queueBuffer: slot 2 is dropped, handle=0x7dda866c80
01-26 11:03:30.322 19003 19005 I BufferQueueProducer: [minicap](this:0x7dda84b000,id:0,api:1,p:531,c:19003) queueBuffer: slot 0 is dropped, handle=0x7dda866640
01-26 11:03:30.324   531   531 I SurfaceFlinger: screenshot (com.example.chatter/com.example.chatter.LoginPage#0)
01-26 11:03:30.453   531   531 I SurfaceFlinger: screenshot (com.example.chatter/com.example.chatter.LoginPage#0)
01-26 11:03:30.549   518   567 I libPowerHal: 36: cpu_ctrl set freq: -1 -1 -1 -1
01-26 11:03:30.721  7961  7961 I ADB_SERVICES: service_to_fd shell,v2,TERM=xterm-256color,raw:ps
01-26 11:03:30.744   531   531 I SurfaceFlinger: screenshot (com.example.chatter/com.example.chatter.LoginPage#0)
01-26 11:03:30.797  7961 20594 I ADB_SERVICES: post waitpid (pid=20593) status=0000
01-26 11:03:30.798  7961  7961 I ADB_SERVICES: for fd 38, revents = 2010
01-26 11:03:30.798  7961  7961 I ADB_SERVICES: for fd 38, revents = 2011
01-26 11:03:31.164   915   922 I [BIP]   :  [BIP NL] event newaddr match dev 0
01-26 11:03:31.164   915   922 I [BIP]   :  [BIP NL] IPv6: *:*:*:*:*:*:*:*
01-26 11:03:31.164   915   922 I [BIP]   :  [BIP NL] addr state is 3, ipv4=*.*.*.*, ipv6=*:*:*:*:*:*:*:*
01-26 11:03:31.165   915   922 I [BIP]   :  [BIP NL] event newaddr match dev 0
01-26 11:03:31.165   915   922 I [BIP]   :  [BIP NL] IPv6: *:*:*:*:*:*:*:*
01-26 11:03:31.165   915   922 I [BIP]   :  [BIP NL] addr state is 3, ipv4=*.*.*.*, ipv6=*:*:*:*:*:*:*:*
01-26 11:03:31.213  7961  7961 I ADB_SERVICES: service_to_fd shell,v2,TERM=xterm-256color,raw:dumpsys activity activities
01-26 11:03:31.224   531  1990 I BufferQueueProducer: [com.example.chatter/com.example.chatter.LoginPage#0](this:0x7b5146b000,id:181595,api:1,p:19472,c:531) queueBuffer: fps=2.60 dur=1151.70 max=503.69 min=156.70
01-26 11:03:31.246  7961 20597 I ADB_SERVICES: post waitpid (pid=20596) status=0000
01-26 11:03:31.247  7961  7961 I ADB_SERVICES: for fd 38, revents = 2011
01-26 11:03:31.247  7961  7961 I ADB_SERVICES: for fd 38, revents = 2011
01-26 11:03:31.248   531   531 I BufferQueueProducer: [VDS: minicap](this:0x7b371f7800,id:181592,api:1,p:531,c:531) queueBuffer: fps=13.11 dur=1297.01 max=508.41 min=13.89
01-26 11:03:31.251   504  3534 I hwcomposer: [HWCDisplay] [Display_2 (type:2)] fps:13.093469,dur:1298.36,max:509.76,min:14.03  
01-26 11:03:31.253 19003 19005 I BufferQueueProducer: [minicap](this:0x7dda84b000,id:0,api:1,p:531,c:19003) queueBuffer: fps=13.08 dur=1299.57 max=511.23 min=14.07
01-26 11:03:31.254  7961  7961 I ADB_SERVICES: service_to_fd shell,v2,TERM=xterm-256color,raw:dumpsys activity activities
01-26 11:03:31.255   504  3534 I hwcomposer: [HWCDisplay] [Display_0 (type:1)] fps:13.069224,dur:1300.77,max:512.77,min:13.94  
01-26 11:03:31.258   531   531 I SurfaceFlinger: screenshot (com.example.chatter/com.example.chatter.LoginPage#0)
01-26 11:03:31.286  7961 20600 I ADB_SERVICES: post waitpid (pid=20599) status=0000
01-26 11:03:31.286  7961  7961 I ADB_SERVICES: for fd 38, revents = 2011
01-26 11:03:31.286  7961  7961 I ADB_SERVICES: for fd 38, revents = 2011
01-26 11:03:31.294  7961  7961 I ADB_SERVICES: service_to_fd shell,v2,TERM=xterm-256color,raw:dumpsys activity activities
01-26 11:03:31.322  7961 20603 I ADB_SERVICES: post waitpid (pid=20602) status=0000
01-26 11:03:31.322  7961  7961 I ADB_SERVICES: for fd 38, revents = 2010
01-26 11:03:31.323  7961  7961 I ADB_SERVICES: for fd 38, revents = 2011
01-26 11:03:31.330  7961  7961 I ADB_SERVICES: service_to_fd shell,v2,TERM=xterm-256color,raw:dumpsys activity services
01-26 11:03:31.375  7961  7961 I ADB_SERVICES: service_to_fd shell,v2,TERM=xterm-256color,raw:dumpsys display
01-26 11:03:31.404  7961 20609 I ADB_SERVICES: post waitpid (pid=20608) status=0000
01-26 11:03:31.405  7961  7961 I ADB_SERVICES: for fd 42, revents = 2010
01-26 11:03:31.405  7961  7961 I ADB_SERVICES: for fd 42, revents = 2011
01-26 11:03:31.417  7961  7961 I ADB_SERVICES: service_to_fd shell,v2,TERM=xterm-256color,raw:wm size
01-26 11:03:31.464  7961 20612 I ADB_SERVICES: post waitpid (pid=20611) status=0000
01-26 11:03:31.465  7961  7961 I ADB_SERVICES: for fd 42, revents = 2010
01-26 11:03:31.465  7961  7961 I ADB_SERVICES: for fd 42, revents = 2011
01-26 11:03:31.480  7961  7961 I ADB_SERVICES: service_to_fd shell,v2,TERM=xterm-256color,raw:dumpsys input
01-26 11:03:31.506  1226  3772 E TouchFilter: setTouchFilter LOG Enable prameter: 0
01-26 11:03:31.506  1226  3772 E TouchFilter: Event Hub Touch Filter log is disabled
01-26 11:03:31.506  1226  3772 E TouchFilter: Event Hub Touch Filter is enabled
01-26 11:03:31.512  7961 20617 I ADB_SERVICES: post waitpid (pid=20616) status=0000
01-26 11:03:31.513  7961  7961 I ADB_SERVICES: for fd 42, revents = 2010
01-26 11:03:31.513  7961  7961 I ADB_SERVICES: for fd 42, revents = 2011
01-26 11:03:31.533  7961  7961 I ADB_SERVICES: service_to_fd shell,v2,TERM=xterm-256color,raw:getprop ro.sf.lcd_density
01-26 11:03:31.550  7961 20620 I ADB_SERVICES: post waitpid (pid=20619) status=0000
01-26 11:03:31.550  7961  7961 I ADB_SERVICES: for fd 42, revents = 2010
01-26 11:03:31.550  7961  7961 I ADB_SERVICES: for fd 42, revents = 2011
01-26 11:03:31.591  7961 20606 I ADB_SERVICES: post waitpid (pid=20605) status=0000
01-26 11:03:31.606  7961  7961 I ADB_SERVICES: for fd 38, revents = 2011
01-26 11:03:31.664  7961  7961 I ADB_SERVICES: service_to_fd shell,v2,TERM=xterm-256color,raw:dumpsys display
01-26 11:03:31.691  7961 20622 I ADB_SERVICES: post waitpid (pid=20621) status=0000
01-26 11:03:31.691  7961  7961 I ADB_SERVICES: for fd 38, revents = 2011
01-26 11:03:31.701  7961  7961 I ADB_SERVICES: service_to_fd shell,v2,TERM=xterm-256color,raw:wm size
01-26 11:03:31.750  7961 20625 I ADB_SERVICES: post waitpid (pid=20624) status=0000
01-26 11:03:31.751   531   531 I SurfaceFlinger: screenshot (com.example.chatter/com.example.chatter.LoginPage#0)
01-26 11:03:31.751  7961  7961 I ADB_SERVICES: for fd 38, revents = 2010
01-26 11:03:31.751  7961  7961 I ADB_SERVICES: for fd 38, revents = 2011
01-26 11:03:31.758  7961  7961 I ADB_SERVICES: service_to_fd shell,v2,TERM=xterm-256color,raw:dumpsys input
01-26 11:03:31.778  1226  3768 E TouchFilter: setTouchFilter LOG Enable prameter: 0
01-26 11:03:31.778  1226  3768 E TouchFilter: Event Hub Touch Filter log is disabled
01-26 11:03:31.778  1226  3768 E TouchFilter: Event Hub Touch Filter is enabled
01-26 11:03:31.783  7961 20630 I ADB_SERVICES: post waitpid (pid=20629) status=0000
01-26 11:03:31.783  7961  7961 I ADB_SERVICES: for fd 38, revents = 2010
01-26 11:03:31.783  7961  7961 I ADB_SERVICES: for fd 38, revents = 2011
01-26 11:03:31.793  7961  7961 I ADB_SERVICES: service_to_fd shell,v2,TERM=xterm-256color,raw:getprop ro.sf.lcd_density
01-26 11:03:31.807  7961  7961 I ADB_SERVICES: service_to_fd shell,v2,TERM=xterm-256color,raw:ps
01-26 11:03:31.809  7961 20633 I ADB_SERVICES: post waitpid (pid=20632) status=0000
01-26 11:03:31.811  7961  7961 I ADB_SERVICES: for fd 38, revents = 2011
01-26 11:03:31.812  7961  7961 I ADB_SERVICES: for fd 38, revents = 2011
01-26 11:03:31.817  7961  7961 I ADB_SERVICES: service_to_fd shell,v2,TERM=xterm-256color,raw:dumpsys activity activities
01-26 11:03:31.866  7961 20637 I ADB_SERVICES: post waitpid (pid=20636) status=0000
01-26 11:03:31.867  7961  7961 I ADB_SERVICES: for fd 42, revents = 2010
01-26 11:03:31.867  7961 20635 I ADB_SERVICES: post waitpid (pid=20634) status=0000
01-26 11:03:31.868  7961  7961 I ADB_SERVICES: for fd 34, revents = 2011
01-26 11:03:31.868  7961  7961 I ADB_SERVICES: for fd 42, revents = 2011
01-26 11:03:31.873  7961  7961 I ADB_SERVICES: service_to_fd shell,v2,TERM=xterm-256color,raw:dumpsys activity activities
01-26 11:03:31.904  7961 20640 I ADB_SERVICES: post waitpid (pid=20639) status=0000
01-26 11:03:31.904  7961  7961 I ADB_SERVICES: for fd 38, revents = 2011
01-26 11:03:31.904  7961  7961 I ADB_SERVICES: for fd 38, revents = 2011
01-26 11:03:31.911  7961  7961 I ADB_SERVICES: service_to_fd shell,v2,TERM=xterm-256color,raw:dumpsys activity activities
01-26 11:03:31.954  7961 20643 I ADB_SERVICES: post waitpid (pid=20642) status=0000
01-26 11:03:31.954  7961  7961 I ADB_SERVICES: for fd 38, revents = 2011
01-26 11:03:31.955  7961  7961 I ADB_SERVICES: for fd 38, revents = 2011
01-26 11:03:31.962  7961  7961 I ADB_SERVICES: service_to_fd shell,v2,TERM=xterm-256color,raw:dumpsys activity services
01-26 11:03:32.232  7961 20646 I ADB_SERVICES: post waitpid (pid=20645) status=0000
01-26 11:03:32.232  7961  7961 I ADB_SERVICES: for fd 38, revents = 2010
01-26 11:03:32.233  7961  7961 I ADB_SERVICES: for fd 38, revents = 2011
01-26 11:03:32.240   531  1990 I BufferQueueProducer: [com.example.chatter/com.example.chatter.LoginPage#0](this:0x7b5146b000,id:181595,api:1,p:19472,c:531) queueBuffer: fps=1.97 dur=1016.33 max=515.96 min=500.37
01-26 11:03:32.273   531   531 I BufferQueueProducer: [VDS: minicap](this:0x7b371f7800,id:181592,api:1,p:531,c:531) queueBuffer: fps=1.95 dur=1024.87 max=528.02 min=496.85
01-26 11:03:32.275   504  3534 I hwcomposer: [HWCDisplay] [Display_2 (type:2)] fps:1.951797,dur:1024.70,max:528.95,min:495.75  
01-26 11:03:32.277 19003 19005 I BufferQueueProducer: [minicap](this:0x7dda84b000,id:0,api:1,p:531,c:19003) queueBuffer: fps=1.95 dur=1024.33 max=529.66 min=494.67
01-26 11:03:32.280   504  3534 I hwcomposer: [HWCDisplay] [Display_0 (type:1)] fps:1.951634,dur:1024.78,max:531.03,min:493.75  
01-26 11:03:32.284   531   531 I SurfaceFlinger: screenshot (com.example.chatter/com.example.chatter.LoginPage#0)
01-26 11:03:32.295  7961  7961 I ADB_SERVICES: service_to_fd shell,v2,TERM=xterm-256color,raw:dumpsys display
01-26 11:03:32.321  7961 20649 I ADB_SERVICES: post waitpid (pid=20648) status=0000
01-26 11:03:32.321  7961  7961 I ADB_SERVICES: for fd 38, revents = 2011
01-26 11:03:32.321  7961  7961 I ADB_SERVICES: for fd 38, revents = 2011
01-26 11:03:32.331  7961  7961 I ADB_SERVICES: service_to_fd shell,v2,TERM=xterm-256color,raw:wm size
01-26 11:03:32.375  7961 20652 I ADB_SERVICES: post waitpid (pid=20651) status=0000
01-26 11:03:32.375  7961  7961 I ADB_SERVICES: for fd 38, revents = 2011
01-26 11:03:32.376  7961  7961 I ADB_SERVICES: for fd 38, revents = 2011
01-26 11:03:32.382  7961  7961 I ADB_SERVICES: service_to_fd shell,v2,TERM=xterm-256color,raw:dumpsys input
01-26 11:03:32.407  1226  1323 E TouchFilter: setTouchFilter LOG Enable prameter: 0
01-26 11:03:32.407  1226  1323 E TouchFilter: Event Hub Touch Filter log is disabled
01-26 11:03:32.407  1226  1323 E TouchFilter: Event Hub Touch Filter is enabled
01-26 11:03:32.408  7961  7961 I ADB_SERVICES: service_to_fd shell,v2,TERM=xterm-256color,raw:dumpsys display
01-26 11:03:32.419  7961 20657 I ADB_SERVICES: post waitpid (pid=20656) status=0000
01-26 11:03:32.420  7961  7961 I ADB_SERVICES: for fd 38, revents = 2011
01-26 11:03:32.420  7961  7961 I ADB_SERVICES: for fd 38, revents = 2011
01-26 11:03:32.426  7961  7961 I ADB_SERVICES: service_to_fd shell,v2,TERM=xterm-256color,raw:getprop ro.sf.lcd_density
01-26 11:03:32.441  7961 20660 I ADB_SERVICES: post waitpid (pid=20659) status=0000
01-26 11:03:32.441  7961  7961 I ADB_SERVICES: for fd 42, revents = 2010
01-26 11:03:32.441  7961  7961 I ADB_SERVICES: for fd 42, revents = 2011
01-26 11:03:32.446  7961  7961 I ADB_SERVICES: service_to_fd shell,v2,TERM=xterm-256color,raw:wm size
01-26 11:03:32.448  7961 20663 I ADB_SERVICES: post waitpid (pid=20661) status=0000
01-26 11:03:32.451  1226  1235 I system_server: Background concurrent copying GC freed 330100(31MB) AllocSpace objects, 44(1132KB) LOS objects, 11% free, 183MB/207MB, paused 180us total 947.917ms
01-26 11:03:32.451  7961  7961 I ADB_SERVICES: for fd 41, revents = 2011
01-26 11:03:32.452  7961  7961 I ADB_SERVICES: for fd 41, revents = 2011
01-26 11:03:32.483  7961 20665 I ADB_SERVICES: post waitpid (pid=20664) status=0000
01-26 11:03:32.483  7961  7961 I ADB_SERVICES: for fd 34, revents = 2011
01-26 11:03:32.483  7961  7961 I ADB_SERVICES: for fd 34, revents = 2011
01-26 11:03:32.488  7961  7961 I ADB_SERVICES: service_to_fd shell,v2,TERM=xterm-256color,raw:dumpsys input
01-26 11:03:32.520  1226  1323 E TouchFilter: setTouchFilter LOG Enable prameter: 0
01-26 11:03:32.520  1226  1323 E TouchFilter: Event Hub Touch Filter log is disabled
01-26 11:03:32.520  1226  1323 E TouchFilter: Event Hub Touch Filter is enabled
01-26 11:03:32.527  7961 20671 I ADB_SERVICES: post waitpid (pid=20670) status=0000
01-26 11:03:32.527  7961  7961 I ADB_SERVICES: for fd 38, revents = 2010
01-26 11:03:32.528  7961  7961 I ADB_SERVICES: for fd 38, revents = 2011
01-26 11:03:32.532  7961  7961 I ADB_SERVICES: service_to_fd shell,v2,TERM=xterm-256color,raw:getprop ro.sf.lcd_density
01-26 11:03:32.550  7961 20674 I ADB_SERVICES: post waitpid (pid=20673) status=0000
01-26 11:03:32.550  7961  7961 I ADB_SERVICES: for fd 38, revents = 2010
01-26 11:03:32.550  7961  7961 I ADB_SERVICES: for fd 38, revents = 2011
01-26 11:03:32.763   531   531 I SurfaceFlinger: screenshot (com.example.chatter/com.example.chatter.LoginPage#0)
01-26 11:03:30.256  1226  1426 I chatty  : uid=1000(system) SyncManager identical 1 line
01-26 11:03:32.830  1226  1226 I MWN     : Write 0 to node. type=Wi-Fi mSimExist=true mFlightMode=false
01-26 11:03:32.875  7961  7961 I ADB_SERVICES: service_to_fd shell,v2,TERM=xterm-256color,raw:ps
01-26 11:03:32.958  7961 20677 I ADB_SERVICES: post waitpid (pid=20675) status=0000
01-26 11:03:32.959  7961  7961 I ADB_SERVICES: for fd 38, revents = 2010
01-26 11:03:32.959  7961  7961 I ADB_SERVICES: for fd 38, revents = 2011
01-26 11:03:33.178  1226  1361 E WifiVendorHal: getWifiLinkLayerStats_1_3_Internal(l.927) failed {.code = ERROR_NOT_SUPPORTED, .description = }
01-26 11:03:33.218  2172  5234 I CarrierServices: [107] fau.handleMessage:39 RcsEngineImpl[DUAL_REG]:[3760ff74-0902]>Handler: handleMessage processing message:[NOTIFY_UPTIME_IGNORE_STATE_CHANGED] with [non-null]:RcsEngineImpl reference
01-26 11:03:33.218  2172  5240 I CarrierServices: [108] eqy.c:51 Connected state: [1], networkType: [WIFI]
01-26 11:03:33.262   531   531 I SurfaceFlinger: screenshot (com.example.chatter/com.example.chatter.LoginPage#0)
01-26 11:03:33.268   531   638 I BufferQueueProducer: [StatusBar#0](this:0x7b5146e000,id:6,api:1,p:1428,c:531) queueBuffer: fps=0.60 dur=3334.98 max=3165.58 min=169.40
01-26 11:03:33.286   531   531 I BufferQueueProducer: [VDS: minicap](this:0x7b371f7800,id:181592,api:1,p:531,c:531) queueBuffer: fps=2.96 dur=1012.50 max=500.20 min=30.36
01-26 11:03:33.288   504  3534 I hwcomposer: [HWCDisplay] [Display_2 (type:2)] fps:2.963670,dur:1012.26,max:499.94,min:30.85  
01-26 11:03:33.289 19003 19005 I BufferQueueProducer: [minicap](this:0x7dda84b000,id:0,api:1,p:531,c:19003) queueBuffer: fps=2.96 dur=1011.91 max=499.55 min=31.06
01-26 11:03:33.291   504  3534 I hwcomposer: [HWCDisplay] [Display_0 (type:1)] fps:2.968082,dur:1010.75,max:499.38,min:31.05  
01-26 11:03:33.380   531   531 I SurfaceFlinger: screenshot (com.example.chatter/com.example.chatter.LoginPage#0)
01-26 11:03:33.459  7961  7961 I ADB_SERVICES: service_to_fd shell,v2,TERM=xterm-256color,raw:dumpsys display
01-26 11:03:33.495  7961 20680 I ADB_SERVICES: post waitpid (pid=20679) status=0000
01-26 11:03:33.495  7961  7961 I ADB_SERVICES: for fd 38, revents = 2011
01-26 11:03:33.495  7961  7961 I ADB_SERVICES: for fd 38, revents = 2011
01-26 11:03:33.505  7961  7961 I ADB_SERVICES: service_to_fd shell,v2,TERM=xterm-256color,raw:wm size
01-26 11:03:33.549  7961 20683 I ADB_SERVICES: post waitpid (pid=20682) status=0000
01-26 11:03:33.549  7961  7961 I ADB_SERVICES: for fd 38, revents = 2011
01-26 11:03:33.549  7961  7961 I ADB_SERVICES: for fd 38, revents = 2011
01-26 11:03:33.557  7961  7961 I ADB_SERVICES: service_to_fd shell,v2,TERM=xterm-256color,raw:dumpsys input
01-26 11:03:33.584  1226  3772 E TouchFilter: setTouchFilter LOG Enable prameter: 0
01-26 11:03:33.584  1226  3772 E TouchFilter: Event Hub Touch Filter log is disabled
01-26 11:03:33.584  1226  3772 E TouchFilter: Event Hub Touch Filter is enabled
01-26 11:03:33.590  7961 20688 I ADB_SERVICES: post waitpid (pid=20687) status=0000
01-26 11:03:33.590  7961  7961 I ADB_SERVICES: for fd 38, revents = 2010
01-26 11:03:33.591  7961  7961 I ADB_SERVICES: for fd 38, revents = 2011
01-26 11:03:33.599  7961  7961 I ADB_SERVICES: service_to_fd shell,v2,TERM=xterm-256color,raw:getprop ro.sf.lcd_density
01-26 11:03:33.617  7961 20691 I ADB_SERVICES: post waitpid (pid=20690) status=0000
01-26 11:03:33.617  7961  7961 I ADB_SERVICES: for fd 38, revents = 2010
01-26 11:03:33.618  7961  7961 I ADB_SERVICES: for fd 38, revents = 2011
01-26 11:03:33.732 13614 13337 I NearbySharing: Network state changed: NetworkState(isRestricted=false, isOnline=true, isCongested=false, isMetered=false, isWifiConnected=true)
01-26 11:03:33.734   531   638 I BufferQueueProducer: [com.example.chatter/com.example.chatter.LoginPage#0](this:0x7b5146b000,id:181595,api:1,p:19472,c:531) queueBuffer: fps=2.01 dur=1494.03 max=503.61 min=487.92
01-26 11:03:33.768   531   531 I SurfaceFlinger: screenshot (com.example.chatter/com.example.chatter.LoginPage#0)
01-26 11:03:33.969  7961  7961 I ADB_SERVICES: service_to_fd shell,v2,TERM=xterm-256color,raw:ps
01-26 11:03:34.053  7961 20693 I ADB_SERVICES: post waitpid (pid=20692) status=0000
01-26 11:03:34.053  7961  7961 I ADB_SERVICES: for fd 38, revents = 2010
01-26 11:03:34.053  7961  7961 I ADB_SERVICES: for fd 38, revents = 2011
01-26 11:03:34.253  1226  1226 I DeviceIdleController: updateChargingLocked: charging=true
01-26 11:03:34.253  1226  1226 I DeviceIdleController: becomeActiveLocked, reason=charging, changeLightIdle=true
01-26 11:03:34.257 17876 17876 I Hoffnung: onReceive Intent { act=android.intent.action.BATTERY_CHANGED flg=0x60000010 (has extras) }
01-26 11:03:34.260 17876 17876 I Hoffnung: LocalBroadcastManager onReceive Intent { act=android.intent.action.BATTERY_CHANGED flg=0x60000010 (has extras) }
01-26 11:03:34.270   531   531 I SurfaceFlinger: screenshot (com.example.chatter/com.example.chatter.LoginPage#0)
01-26 11:03:34.282   531   638 I BufferQueueProducer: [StatusBar#0](this:0x7b5146e000,id:6,api:1,p:1428,c:531) queueBuffer: fps=0.99 dur=1013.94 max=1013.94 min=1013.94
01-26 11:03:34.307   531   531 I BufferQueueProducer: [VDS: minicap](this:0x7b371f7800,id:181592,api:1,p:531,c:531) queueBuffer: fps=2.94 dur=1021.01 max=502.28 min=44.58
01-26 11:03:34.309   504  3534 I hwcomposer: [HWCDisplay] [Display_2 (type:2)] fps:2.938265,dur:1021.01,max:502.46,min:44.47  
01-26 11:03:34.310 19003 19005 I BufferQueueProducer: [minicap](this:0x7dda84b000,id:0,api:1,p:531,c:19003) queueBuffer: fps=2.94 dur=1021.04 max=502.73 min=43.97
01-26 11:03:34.312   504  3534 I hwcomposer: [HWCDisplay] [Display_0 (type:1)] fps:2.937611,dur:1021.24,max:502.80,min:43.89  
01-26 11:03:34.398 13614 13640 I FacsCacheGmsModule: (REDACTED) Receiving API connection to FACS API from package '%s'...
01-26 11:03:34.398 13614 13640 I FacsCacheGmsModule: API connection successful!
01-26 11:03:34.401   531   531 I SurfaceFlinger: screenshot (com.example.chatter/com.example.chatter.LoginPage#0)
01-26 11:03:34.417 13614 13640 I FacsCacheGmsModule: (REDACTED) Received 'getActivityControlsSettings' request from package '%s', instance id '%s', version '%d'...
01-26 11:03:34.418 13614 28494 I FacsCacheGmsModule: (REDACTED) Executing operation '%s'...
01-26 11:03:34.418 13614 13640 I FacsCacheGmsModule: Operation 'getActivityControlsSettings' dispatched!
01-26 11:03:34.424 21099  6021 I FacsCacheGmsModule: Receiving API connection to internal FACS API...
01-26 11:03:34.426 21099  6021 I FacsCacheGmsModule: API connection successful!
01-26 11:03:34.427 13614 28494 I FacsCacheGmsModule: (REDACTED) Operation '%s' successful!
01-26 11:03:34.430 13614 20592 I NearbySharing: Consented to upload device contacts.
01-26 11:03:34.430 13614 20592 I NearbySharing: Syncing contacts - device contacts consent granted
01-26 11:03:34.430 13614 20592 I NearbySharing: Syncing contacts - source CONTACT_BOOK_SOURCE_LOCAL_ALL
01-26 11:03:34.449  7961  7961 I ADB_SERVICES: service_to_fd shell,v2,TERM=xterm-256color,raw:dumpsys activity activities
01-26 11:03:34.476 13614 20592 W Nearby  : Failed to open content://com.android.contacts/data because the Cursor was empty [CONTEXT service_id=49 ]
01-26 11:03:34.476 13614 20592 W NearbySharing: Unable to get cursor for the gaia contact content uri.
01-26 11:03:34.477  7961 20701 I ADB_SERVICES: post waitpid (pid=20700) status=0000
01-26 11:03:34.477  7961  7961 I ADB_SERVICES: for fd 38, revents = 2010
01-26 11:03:34.478  7961  7961 I ADB_SERVICES: for fd 38, revents = 2011
01-26 11:03:34.484  7961  7961 I ADB_SERVICES: service_to_fd shell,v2,TERM=xterm-256color,raw:dumpsys display
01-26 11:03:34.486 13614 20592 W Nearby  : Failed to open content://com.android.contacts/data because the Cursor was empty [CONTEXT service_id=49 ]
01-26 11:03:34.486 13614 20592 W NearbySharing: Unable to get cursor for the gaia contact content uri.
01-26 11:03:34.488  7961  7961 I ADB_SERVICES: service_to_fd shell,v2,TERM=xterm-256color,raw:dumpsys activity activities
01-26 11:03:34.497 13614 20592 W Nearby  : Failed to open content://com.android.contacts/data because the Cursor was empty [CONTEXT service_id=49 ]
01-26 11:03:34.497 13614 20592 W NearbySharing: Unable to get cursor for the gaia contact content uri.
01-26 11:03:34.508 13614 20592 W Nearby  : Failed to open content://com.android.contacts/data because the Cursor was empty [CONTEXT service_id=49 ]
01-26 11:03:34.508 13614 20592 W NearbySharing: Unable to get cursor for the gaia contact content uri.
01-26 11:03:34.512  7961 20704 I ADB_SERVICES: post waitpid (pid=20703) status=0000
01-26 11:03:34.512  7961  7961 I ADB_SERVICES: for fd 38, revents = 2011
01-26 11:03:34.512  7961  7961 I ADB_SERVICES: for fd 38, revents = 2011
01-26 11:03:34.516  7961 20706 I ADB_SERVICES: post waitpid (pid=20705) status=0000
01-26 11:03:34.516  7961  7961 I ADB_SERVICES: for fd 42, revents = 2011
01-26 11:03:34.517  7961  7961 I ADB_SERVICES: for fd 42, revents = 2011
01-26 11:03:34.521  7961  7961 I ADB_SERVICES: service_to_fd shell,v2,TERM=xterm-256color,raw:wm size
01-26 11:03:34.526  7961  7961 I ADB_SERVICES: service_to_fd shell,v2,TERM=xterm-256color,raw:dumpsys activity activities
01-26 11:03:34.547 13614 20592 I NearbySharing: Loaded 261 third party contacts
01-26 11:03:34.552  7961 20713 I ADB_SERVICES: post waitpid (pid=20712) status=0000
01-26 11:03:34.552  7961  7961 I ADB_SERVICES: for fd 42, revents = 2011
01-26 11:03:34.552  7961  7961 I ADB_SERVICES: for fd 42, revents = 2011
01-26 11:03:34.559  7961  7961 I ADB_SERVICES: service_to_fd shell,v2,TERM=xterm-256color,raw:dumpsys activity services
01-26 11:03:34.565  7961 20710 I ADB_SERVICES: post waitpid (pid=20709) status=0000
01-26 11:03:34.565  7961  7961 I ADB_SERVICES: for fd 38, revents = 2011
01-26 11:03:34.565  7961  7961 I ADB_SERVICES: for fd 38, revents = 2011
01-26 11:03:34.569  7961  7961 I ADB_SERVICES: service_to_fd shell,v2,TERM=xterm-256color,raw:dumpsys input
01-26 11:03:34.595  1226  1323 E TouchFilter: setTouchFilter LOG Enable prameter: 0
01-26 11:03:34.595  1226  1323 E TouchFilter: Event Hub Touch Filter log is disabled
01-26 11:03:34.595  1226  1323 E TouchFilter: Event Hub Touch Filter is enabled
01-26 11:03:34.604  7961 20723 I ADB_SERVICES: post waitpid (pid=20722) status=0000
01-26 11:03:34.604  7961  7961 I ADB_SERVICES: for fd 41, revents = 2010
01-26 11:03:34.604  7961  7961 I ADB_SERVICES: for fd 41, revents = 2011
01-26 11:03:34.627  7961  7961 I ADB_SERVICES: service_to_fd shell,v2,TERM=xterm-256color,raw:getprop ro.sf.lcd_density
01-26 11:03:34.644  7961 20728 I ADB_SERVICES: post waitpid (pid=20727) status=0000
01-26 11:03:34.644  7961  7961 I ADB_SERVICES: for fd 41, revents = 2010
01-26 11:03:34.645  7961  7961 I ADB_SERVICES: for fd 41, revents = 2011
01-26 11:03:34.740   531   638 I BufferQueueProducer: [com.example.chatter/com.example.chatter.LoginPage#0](this:0x7b5146b000,id:181595,api:1,p:19472,c:531) queueBuffer: fps=1.99 dur=1005.55 max=505.31 min=500.25
01-26 11:03:34.771   531   531 I SurfaceFlinger: screenshot (com.example.chatter/com.example.chatter.LoginPage#0)
01-26 11:03:34.824  7961 20721 I ADB_SERVICES: post waitpid (pid=20717) status=0000
01-26 11:03:34.824  7961  7961 I ADB_SERVICES: for fd 42, revents = 2010
01-26 11:03:34.824  7961  7961 I ADB_SERVICES: for fd 42, revents = 2011
01-26 11:03:34.887  7961  7961 I ADB_SERVICES: service_to_fd shell,v2,TERM=xterm-256color,raw:dumpsys display
01-26 11:03:34.907 13614 20592 I NearbySharing: Loaded 40 sim contacts from content://icc/adn/subId/1
01-26 11:03:34.911  7961 20730 I ADB_SERVICES: post waitpid (pid=20729) status=0000
01-26 11:03:34.911  7961  7961 I ADB_SERVICES: for fd 38, revents = 2011
01-26 11:03:34.911  7961  7961 I ADB_SERVICES: for fd 38, revents = 2011
01-26 11:03:34.918 13614 20592 I NearbySharing: Loaded 0 sim contacts from content://icc/adn/subId/3
01-26 11:03:34.921  7961  7961 I ADB_SERVICES: service_to_fd shell,v2,TERM=xterm-256color,raw:wm size
01-26 11:03:34.953  7961 20733 I ADB_SERVICES: post waitpid (pid=20732) status=0000
01-26 11:03:34.953  7961  7961 I ADB_SERVICES: for fd 38, revents = 2011
01-26 11:03:34.953  7961  7961 I ADB_SERVICES: for fd 38, revents = 2011
01-26 11:03:34.959   531   531 I SurfaceFlinger: screenshot (com.example.chatter/com.example.chatter.LoginPage#0)
01-26 11:03:34.960  7961  7961 I ADB_SERVICES: service_to_fd shell,v2,TERM=xterm-256color,raw:dumpsys input
01-26 11:03:34.977  1226  3772 E TouchFilter: setTouchFilter LOG Enable prameter: 0
01-26 11:03:34.977  1226  3772 E TouchFilter: Event Hub Touch Filter log is disabled
01-26 11:03:34.977  1226  3772 E TouchFilter: Event Hub Touch Filter is enabled
01-26 11:03:34.979  7961 20738 I ADB_SERVICES: post waitpid (pid=20737) status=0000
01-26 11:03:34.979  7961  7961 I ADB_SERVICES: for fd 38, revents = 2010
01-26 11:03:34.980  7961  7961 I ADB_SERVICES: for fd 38, revents = 2011
01-26 11:03:34.989 13614 20592 I NearbySharing: The contact book was modified but all emails and phone numbers are unchanged.
01-26 11:03:34.989 13614 20592 I NearbySharing: Contact book update: NO_CONTACTS_CHANGED.
01-26 11:03:34.989  7961  7961 I ADB_SERVICES: service_to_fd shell,v2,TERM=xterm-256color,raw:getprop ro.sf.lcd_density
01-26 11:03:34.991 13614 20592 I NearbySharing: Sync succeeded, contacts uploaded: true
01-26 11:03:35.010  7961 20741 I ADB_SERVICES: post waitpid (pid=20740) status=0000
01-26 11:03:35.010  7961  7961 I ADB_SERVICES: for fd 38, revents = 2010
01-26 11:03:35.010  7961  7961 I ADB_SERVICES: for fd 38, revents = 2011
01-26 11:03:35.017  7961  7961 I ADB_SERVICES: service_to_fd shell,v2,TERM=xterm-256color,raw:dumpsys display
01-26 11:03:35.040  7961 20743 I ADB_SERVICES: post waitpid (pid=20742) status=0000
01-26 11:03:35.041  7961  7961 I ADB_SERVICES: for fd 38, revents = 2010
01-26 11:03:35.041  7961  7961 I ADB_SERVICES: for fd 38, revents = 2011
01-26 11:03:35.046  7961  7961 I ADB_SERVICES: service_to_fd shell,v2,TERM=xterm-256color,raw:wm size
01-26 11:03:35.062  7961  7961 I ADB_SERVICES: service_to_fd shell,v2,TERM=xterm-256color,raw:ps
01-26 11:03:35.096  7961 20747 I ADB_SERVICES: post waitpid (pid=20746) status=0000
01-26 11:03:35.096  7961  7961 I ADB_SERVICES: for fd 38, revents = 2011
01-26 11:03:35.096  7961  7961 I ADB_SERVICES: for fd 38, revents = 2011
01-26 11:03:35.103  7961  7961 I ADB_SERVICES: service_to_fd shell,v2,TERM=xterm-256color,raw:dumpsys input
01-26 11:03:35.106  1226  1235 I system_server: Background young concurrent copying GC freed 477792(47MB) AllocSpace objects, 33(2116KB) LOS objects, 13% free, 160MB/184MB, paused 151us total 319.442ms
01-26 11:03:35.127  7961 20750 I ADB_SERVICES: post waitpid (pid=20749) status=0000
01-26 11:03:35.128  7961  7961 I ADB_SERVICES: for fd 42, revents = 2010
01-26 11:03:35.128  7961  7961 I ADB_SERVICES: for fd 42, revents = 2011
01-26 11:03:35.163  1226  3772 E TouchFilter: setTouchFilter LOG Enable prameter: 0
01-26 11:03:35.163  1226  3772 E TouchFilter: Event Hub Touch Filter log is disabled
01-26 11:03:35.163  1226  3772 E TouchFilter: Event Hub Touch Filter is enabled
01-26 11:03:35.164   915   922 I [BIP]   :  [BIP NL] event newaddr match dev 0
01-26 11:03:35.165   915   922 I [BIP]   :  [BIP NL] IPv6: *:*:*:*:*:*:*:*
01-26 11:03:35.165   915   922 I [BIP]   :  [BIP NL] addr state is 3, ipv4=*.*.*.*, ipv6=*:*:*:*:*:*:*:*
01-26 11:03:35.165   915   922 I [BIP]   :  [BIP NL] event newaddr match dev 0
01-26 11:03:35.165   915   922 I [BIP]   :  [BIP NL] IPv6: *:*:*:*:*:*:*:*
01-26 11:03:35.165   915   922 I [BIP]   :  [BIP NL] addr state is 3, ipv4=*.*.*.*, ipv6=*:*:*:*:*:*:*:*
01-26 11:03:35.169  7961 20754 I ADB_SERVICES: post waitpid (pid=20753) status=0000
01-26 11:03:35.169  7961  7961 I ADB_SERVICES: for fd 41, revents = 2010
01-26 11:03:35.169  7961  7961 I ADB_SERVICES: for fd 41, revents = 2011
01-26 11:03:35.178  7961  7961 I ADB_SERVICES: service_to_fd shell,v2,TERM=xterm-256color,raw:getprop ro.sf.lcd_density
01-26 11:03:35.197  7961 20757 I ADB_SERVICES: post waitpid (pid=20756) status=0000
01-26 11:03:35.198  7961  7961 I ADB_SERVICES: for fd 38, revents = 2010
01-26 11:03:35.198  7961  7961 I ADB_SERVICES: for fd 38, revents = 2011
01-26 11:03:35.205  7961  7961 I ADB_SERVICES: service_to_fd shell,v2,TERM=xterm-256color,raw:dumpsys display
01-26 11:03:35.238  7961 20759 I ADB_SERVICES: post waitpid (pid=20758) status=0000
01-26 11:03:35.238  7961  7961 I ADB_SERVICES: for fd 38, revents = 2011
01-26 11:03:35.238  7961  7961 I ADB_SERVICES: for fd 38, revents = 2011
01-26 11:03:35.239 13614 19988 I System.out: [socket]:check permission begin!
01-26 11:03:35.248  7961  7961 I ADB_SERVICES: service_to_fd shell,v2,TERM=xterm-256color,raw:wm size
01-26 11:03:35.268   531   531 I SurfaceFlinger: screenshot (com.example.chatter/com.example.chatter.LoginPage#0)
01-26 11:03:35.295  7961 20762 I ADB_SERVICES: post waitpid (pid=20761) status=0000
01-26 11:03:35.296  7961  7961 I ADB_SERVICES: for fd 38, revents = 2011
01-26 11:03:35.297  7961  7961 I ADB_SERVICES: for fd 38, revents = 2011
01-26 11:03:35.303  7961  7961 I ADB_SERVICES: service_to_fd shell,v2,TERM=xterm-256color,raw:dumpsys input
01-26 11:03:35.329  1226  3768 E TouchFilter: setTouchFilter LOG Enable prameter: 0
01-26 11:03:35.329  1226  3768 E TouchFilter: Event Hub Touch Filter log is disabled
01-26 11:03:35.329  1226  3768 E TouchFilter: Event Hub Touch Filter is enabled
01-26 11:03:35.329 13614 19988 W Conscrypt: Could not set socket write timeout: java.net.SocketException: Socket closed
01-26 11:03:35.329 13614 19988 W Conscrypt: 	at com.google.android.gms.org.conscrypt.Platform.setSocketWriteTimeout(:com.google.android.gms@245034013@24.50.34 (100400-713002902):219)
01-26 11:03:35.329 13614 19988 W Conscrypt: 	at com.google.android.gms.org.conscrypt.ConscryptFileDescriptorSocket.setSoWriteTimeout(:com.google.android.gms@245034013@24.50.34 (100400-713002902):4)
01-26 11:03:35.333  7961 20768 I ADB_SERVICES: post waitpid (pid=20767) status=0000
01-26 11:03:35.333  7961  7961 I ADB_SERVICES: for fd 38, revents = 2010
01-26 11:03:35.334  7961  7961 I ADB_SERVICES: for fd 38, revents = 2011
01-26 11:03:35.342  7961  7961 I ADB_SERVICES: service_to_fd shell,v2,TERM=xterm-256color,raw:getprop ro.sf.lcd_density
01-26 11:03:35.359  7961 20771 I ADB_SERVICES: post waitpid (pid=20770) status=0000
01-26 11:03:35.359  7961  7961 I ADB_SERVICES: for fd 38, revents = 2010
01-26 11:03:35.359  7961  7961 I ADB_SERVICES: for fd 38, revents = 2011
01-26 11:03:35.366  7961  7961 I ADB_SERVICES: service_to_fd shell,v2,TERM=xterm-256color,raw:dumpsys display
01-26 11:03:35.396  7961 20773 I ADB_SERVICES: post waitpid (pid=20772) status=0000
01-26 11:03:35.397  7961  7961 I ADB_SERVICES: for fd 38, revents = 2011
01-26 11:03:35.397  7961  7961 I ADB_SERVICES: for fd 38, revents = 2011
01-26 11:03:35.407  7961  7961 I ADB_SERVICES: service_to_fd shell,v2,TERM=xterm-256color,raw:wm size
01-26 11:03:35.451  7961 20776 I ADB_SERVICES: post waitpid (pid=20775) status=0000
01-26 11:03:35.452  7961  7961 I ADB_SERVICES: for fd 38, revents = 2011
01-26 11:03:35.452  7961  7961 I ADB_SERVICES: for fd 38, revents = 2011
01-26 11:03:35.460  7961  7961 I ADB_SERVICES: service_to_fd shell,v2,TERM=xterm-256color,raw:dumpsys input
01-26 11:03:35.487  1226  3768 E TouchFilter: setTouchFilter LOG Enable prameter: 0
01-26 11:03:35.487  1226  3768 E TouchFilter: Event Hub Touch Filter log is disabled
01-26 11:03:35.487  1226  3768 E TouchFilter: Event Hub Touch Filter is enabled
01-26 11:03:35.497  7961 20781 I ADB_SERVICES: post waitpid (pid=20780) status=0000
01-26 11:03:35.497  7961  7961 I ADB_SERVICES: for fd 38, revents = 2010
01-26 11:03:35.497  7961  7961 I ADB_SERVICES: for fd 38, revents = 2011
01-26 11:03:35.504  7961  7961 I ADB_SERVICES: service_to_fd shell,v2,TERM=xterm-256color,raw:getprop ro.sf.lcd_density
01-26 11:03:35.511 13614 19988 W Conscrypt: Could not set socket write timeout: java.net.SocketException: Socket closed
01-26 11:03:35.511 13614 19988 W Conscrypt: 	at com.google.android.gms.org.conscrypt.Platform.setSocketWriteTimeout(:com.google.android.gms@245034013@24.50.34 (100400-713002902):219)
01-26 11:03:35.511 13614 19988 W Conscrypt: 	at com.google.android.gms.org.conscrypt.ConscryptFileDescriptorSocket.setSoWriteTimeout(:com.google.android.gms@245034013@24.50.34 (100400-713002902):4)
01-26 11:03:35.523  7961 20786 I ADB_SERVICES: post waitpid (pid=20785) status=0000
01-26 11:03:35.523  7961  7961 I ADB_SERVICES: for fd 38, revents = 2010
01-26 11:03:35.523  7961  7961 I ADB_SERVICES: for fd 38, revents = 2011
01-26 11:03:35.530  7961  7961 I ADB_SERVICES: service_to_fd shell,v2,TERM=xterm-256color,raw:getprop ro.build.version.sdk
01-26 11:03:35.549  7961 20788 I ADB_SERVICES: post waitpid (pid=20787) status=0000
01-26 11:03:35.549  7961  7961 I ADB_SERVICES: for fd 38, revents = 2010
01-26 11:03:35.549  7961  7961 I ADB_SERVICES: for fd 38, revents = 2011
01-26 11:03:35.556  7961  7961 I ADB_SERVICES: service_to_fd shell,v2,TERM=xterm-256color,raw:input touchscreen swipe 360 635 360 635 200
01-26 11:03:35.741   531  1990 I BufferQueueProducer: [com.example.chatter/com.example.chatter.LoginPage#0](this:0x7b5146b000,id:181595,api:1,p:19472,c:531) queueBuffer: fps=2.00 dur=1000.70 max=502.79 min=497.91
01-26 11:03:35.762 20789 20789 E libc    : Access denied finding property "persist.device_config.runtime_native_boot.enable_apex_image"
01-26 11:03:35.763 20789 20789 I AndroidRuntime: Using default boot image
01-26 11:03:35.763 20789 20789 E libc    : Access denied finding property "persist.device_config.runtime_native_boot.disable_lock_profiling"
01-26 11:03:35.763 20789 20789 I AndroidRuntime: Leaving lock profiling enabled
01-26 11:03:35.763 20789 20789 E libc    : Access denied finding property "persist.device_config.runtime_native_boot.enable_generational_cc"
01-26 11:03:35.756 20789 20789 W app_process: type=1400 audit(0.0:1381053): avc: denied { read } for name="u:object_r:device_config_runtime_native_boot_prop:s0" dev="tmpfs" ino=10318 scontext=u:r:shell:s0 tcontext=u:object_r:device_config_runtime_native_boot_prop:s0 tclass=file permissive=0
