01-26 11:03:35.760 20789 20789 W app_process: type=1400 audit(0.0:1381055): avc: denied { read } for name="u:object_r:device_config_runtime_native_boot_prop:s0" dev="tmpfs" ino=10318 scontext=u:r:shell:s0 tcontext=u:object_r:device_config_runtime_native_boot_prop:s0 tclass=file permissive=0
01-26 11:03:35.767   531   531 I BufferQueueProducer: [VDS: minicap](this:0x7b371f7800,id:181592,api:1,p:531,c:531) queueBuffer: fps=2.74 dur=1460.66 max=505.68 min=192.93
01-26 11:03:35.769   504  3534 I hwcomposer: [HWCDisplay] [Display_2 (type:2)] fps:2.738270,dur:1460.78,max:506.33,min:192.03  
01-26 11:03:35.772 19003 19005 I BufferQueueProducer: [minicap](this:0x7dda84b000,id:0,api:1,p:531,c:19003) queueBuffer: fps=2.74 dur=1461.64 max=507.68 min=191.52
01-26 11:03:35.775   504  3534 I hwcomposer: [HWCDisplay] [Display_0 (type:1)] fps:2.733613,dur:1463.26,max:509.75,min:190.49  
01-26 11:03:35.780   531   531 I SurfaceFlinger: screenshot (com.example.chatter/com.example.chatter.LoginPage#0)
01-26 11:03:35.884 20789 20789 I app_process: The ClassLoaderContext is a special shared library.
01-26 11:03:35.902 20789 20789 W app_process: JNI RegisterNativeMethods: attempt to register 0 native methods for android.media.AudioAttributes
01-26 11:03:35.916   518   567 I libPowerHal: 36: cpu_ctrl set freq: 1800000 -1 2000000 -1
01-26 11:03:35.917  7961  7961 I ADB_SERVICES: service_to_fd shell,v2,TERM=xterm-256color,raw:dumpsys display
01-26 11:03:35.948  7961 20805 I ADB_SERVICES: post waitpid (pid=20804) status=0000
01-26 11:03:35.948  7961  7961 I ADB_SERVICES: for fd 42, revents = 2010
01-26 11:03:35.948  7961  7961 I ADB_SERVICES: for fd 42, revents = 2011
01-26 11:03:35.958  7961  7961 I ADB_SERVICES: service_to_fd shell,v2,TERM=xterm-256color,raw:wm size
01-26 11:03:35.994  7961 20808 I ADB_SERVICES: post waitpid (pid=20807) status=0000
01-26 11:03:35.995  7961  7961 I ADB_SERVICES: for fd 42, revents = 2011
01-26 11:03:35.995  7961  7961 I ADB_SERVICES: for fd 42, revents = 2011
01-26 11:03:35.997 13614 20591 I GCoreUlr: AutoEnableManager setIneligible for account#10#
01-26 11:03:36.002  7961  7961 I ADB_SERVICES: service_to_fd shell,v2,TERM=xterm-256color,raw:dumpsys input
01-26 11:03:36.020  1226  1323 E TouchFilter: setTouchFilter LOG Enable prameter: 0
01-26 11:03:36.020  1226  1323 E TouchFilter: Event Hub Touch Filter log is disabled
01-26 11:03:36.020  1226  1323 E TouchFilter: Event Hub Touch Filter is enabled
01-26 11:03:36.024  7961 20813 I ADB_SERVICES: post waitpid (pid=20812) status=0000
01-26 11:03:36.024  7961  7961 I ADB_SERVICES: for fd 42, revents = 2010
01-26 11:03:36.024  7961  7961 I ADB_SERVICES: for fd 42, revents = 2011
01-26 11:03:36.033  7961  7961 I ADB_SERVICES: service_to_fd shell,v2,TERM=xterm-256color,raw:getprop ro.sf.lcd_density
01-26 11:03:36.052  7961 20816 I ADB_SERVICES: post waitpid (pid=20815) status=0000
01-26 11:03:36.052  7961  7961 I ADB_SERVICES: for fd 42, revents = 2010
01-26 11:03:36.052  7961  7961 I ADB_SERVICES: for fd 42, revents = 2011
01-26 11:03:36.059 13614 19988 I GCoreUlr: Unbound from all signal providers.
01-26 11:03:36.080 13614 13614 I GCoreUlr: Unbound from all signal providers.
01-26 11:03:36.080 13614 13614 I GCoreUlr: Stopping handler for UlrDispSvcFast
01-26 11:03:36.084 13614 19988 I GCoreUlr: DispatchingService ignoring Intent { act=android.net.wifi.WIFI_STATE_CHANGED flg=0x4000010 (has extras) } because ULR inactive
01-26 11:03:36.138  7961  7961 I ADB_SERVICES: service_to_fd shell,v2,TERM=xterm-256color,raw:ps
01-26 11:03:36.143  1226  1239 E WindowManager: App trying to use insecure INPUT_FEATURE_NO_INPUT_CHANNEL flag. Ignoring
01-26 11:03:36.145 19472 19472 I InputTransport: Create ARC handle: 0x76eaa4ebc0
01-26 11:03:36.158   531   638 I BufferQueue: [unnamed-531-181597](this:0x7b34813800,id:181597,api:0,p:-1,c:-1) BufferQueue core=(531:/system/bin/surfaceflinger)
01-26 11:03:36.158   531   638 I BufferQueueConsumer: [unnamed-531-181597](this:0x7b34813800,id:181597,api:0,p:-1,c:531) connect(C): consumer=(531:/system/bin/surfaceflinger) controlledByApp=false
01-26 11:03:36.158   531   638 I BufferQueueConsumer: [unnamed-531-181597](this:0x7b34813800,id:181597,api:0,p:-1,c:531) setConsumerName: unnamed-531-181597
01-26 11:03:36.158   531   638 I BufferQueueConsumer: [PopupWindow:2d1bae6#0](this:0x7b34813800,id:181597,api:0,p:-1,c:531) setConsumerName: PopupWindow:2d1bae6#0
01-26 11:03:36.158   531   638 I BufferQueueConsumer: [PopupWindow:2d1bae6#0](this:0x7b34813800,id:181597,api:0,p:-1,c:531) setDefaultBufferSize: width=80 height=80
01-26 11:03:36.165   531   531 I SurfaceFlinger: screenshot (com.example.chatter/com.example.chatter.LoginPage#0)
01-26 11:03:36.165   531   638 I BufferQueueProducer: [PopupWindow:2d1bae6#0](this:0x7b34813800,id:181597,api:1,p:19472,c:531) connect(P): api=1 producer=(19472:com.example.chatter) producerControlledByApp=false
01-26 11:03:36.171 20789 20789 W RefBase : CallStack::getCurrentInternal not linked, returning null
01-26 11:03:36.171 20789 20789 W RefBase : CallStack::logStackInternal not linked
01-26 11:03:36.177  7961 20790 I ADB_SERVICES: post waitpid (pid=20789) status=0000
01-26 11:03:36.178  7961  7961 I ADB_SERVICES: for fd 38, revents = 2011
01-26 11:03:36.178  7961  7961 I ADB_SERVICES: for fd 38, revents = 2011
01-26 11:03:36.187  7961  7961 I ADB_SERVICES: service_to_fd shell,v2,TERM=xterm-256color,raw:am broadcast -a DROIDBOT_INPUT_TEXT --es text --ei mode 0
01-26 11:03:36.194 19003 19005 I BufferQueueProducer: [minicap](this:0x7dda84b000,id:0,api:1,p:531,c:19003) queueBuffer: slot 2 is dropped, handle=0x7dda866c80
01-26 11:03:36.212 19003 19005 I BufferQueueProducer: [minicap](this:0x7dda84b000,id:0,api:1,p:531,c:19003) queueBuffer: slot 1 is dropped, handle=0x7dda866a00
01-26 11:03:36.215  1226  1361 E WifiVendorHal: getWifiLinkLayerStats_1_3_Internal(l.927) failed {.code = ERROR_NOT_SUPPORTED, .description = }
01-26 11:03:36.217  7961 20827 I ADB_SERVICES: post waitpid (pid=20826) status=0000
01-26 11:03:36.219  7961  7961 I ADB_SERVICES: for fd 41, revents = 2011
01-26 11:03:36.219  7961  7961 I ADB_SERVICES: for fd 41, revents = 2011
01-26 11:03:36.222  7961 20818 I ADB_SERVICES: post waitpid (pid=20817) status=0000
01-26 11:03:36.225  7961  7961 I ADB_SERVICES: for fd 42, revents = 2010
01-26 11:03:36.225  7961  7961 I ADB_SERVICES: for fd 42, revents = 2011
01-26 11:03:36.244 19003 19005 I BufferQueueProducer: [minicap](this:0x7dda84b000,id:0,api:1,p:531,c:19003) queueBuffer: slot 1 is dropped, handle=0x7dda866a00
01-26 11:03:36.260 19003 19005 I BufferQueueProducer: [minicap](this:0x7dda84b000,id:0,api:1,p:531,c:19003) queueBuffer: slot 0 is dropped, handle=0x7dda866640
01-26 11:03:36.278   531   531 I SurfaceFlinger: screenshot (com.example.chatter/com.example.chatter.LoginPage#0)
01-26 11:03:36.311 19003 19005 I BufferQueueProducer: [minicap](this:0x7dda84b000,id:0,api:1,p:531,c:19003) queueBuffer: slot 2 is dropped, handle=0x7dda866c80
01-26 11:03:36.408   531   531 I SurfaceFlinger: screenshot (com.example.chatter/com.example.chatter.LoginPage#0)
01-26 11:03:36.621   518   567 I libPowerHal: 36: cpu_ctrl set freq: -1 -1 -1 -1
01-26 11:03:36.677   531   531 I SurfaceFlinger: screenshot (com.example.chatter/com.example.chatter.LoginPage#0)
01-26 11:03:37.041 26643 13088 I PlayCommon: [420219] avge.l(237): Preparing logs for uploading
01-26 11:03:37.044 26643 13088 W PlayCommon: [420219] avge.n(11): No account for auth token provided
01-26 11:03:37.044 26643 13088 I PlayCommon: [420219] avge.l(1928): Connecting to server: https://play.googleapis.com/play/log?format=raw&proto_v2=true
01-26 11:03:37.045 26643 13088 I System.out: [okhttp]:check permission begin!
01-26 11:03:37.046 26643 13088 I System.out: [okhttp]:not MMS!
01-26 11:03:37.046 26643 13088 I System.out: [okhttp]:not Email!
01-26 11:03:37.144   531   638 I BufferQueueProducer: [com.example.chatter/com.example.chatter.LoginPage#0](this:0x7b5146b000,id:181595,api:1,p:19472,c:531) queueBuffer: fps=2.14 dur=1403.49 max=502.37 min=411.68
01-26 11:03:37.170   531   531 I BufferQueueProducer: [VDS: minicap](this:0x7b371f7800,id:181592,api:1,p:531,c:531) queueBuffer: fps=9.27 dur=1402.93 max=501.90 min=11.86
01-26 11:03:37.173   504  3534 I hwcomposer: [HWCDisplay] [Display_2 (type:2)] fps:9.264471,dur:1403.21,max:502.42,min:11.78  
01-26 11:03:37.174 19003 19005 I BufferQueueProducer: [minicap](this:0x7dda84b000,id:0,api:1,p:531,c:19003) queueBuffer: fps=9.27 dur=1402.74 max=502.70 min=12.42
01-26 11:03:37.177   504  3534 I hwcomposer: [HWCDisplay] [Display_0 (type:1)] fps:9.274027,dur:1401.76,max:503.04,min:12.77  
01-26 11:03:37.181   531   531 I SurfaceFlinger: screenshot (com.example.chatter/com.example.chatter.LoginPage#0)
01-26 11:03:37.229  7961  7961 I ADB_SERVICES: service_to_fd shell,v2,TERM=xterm-256color,raw:dumpsys activity activities
01-26 11:03:37.236  7961  7961 I ADB_SERVICES: service_to_fd shell,v2,TERM=xterm-256color,raw:ps
01-26 11:03:37.259  7961 20842 I ADB_SERVICES: post waitpid (pid=20841) status=0000
01-26 11:03:37.259  7961  7961 I ADB_SERVICES: for fd 38, revents = 2010
01-26 11:03:37.259  7961  7961 I ADB_SERVICES: for fd 38, revents = 2011
01-26 11:03:37.266  7961  7961 I ADB_SERVICES: service_to_fd shell,v2,TERM=xterm-256color,raw:dumpsys activity activities
01-26 11:03:37.293  7961 20847 I ADB_SERVICES: post waitpid (pid=20846) status=0000
01-26 11:03:37.293  7961  7961 I ADB_SERVICES: for fd 41, revents = 2011
01-26 11:03:37.294  7961  7961 I ADB_SERVICES: for fd 41, revents = 2011
01-26 11:03:37.301  7961  7961 I ADB_SERVICES: service_to_fd shell,v2,TERM=xterm-256color,raw:dumpsys activity activities
01-26 11:03:37.322  7961  7961 I ADB_SERVICES: service_to_fd shell,v2,TERM=xterm-256color,raw:dumpsys display
01-26 11:03:37.325  7961 20844 I ADB_SERVICES: post waitpid (pid=20843) status=0000
01-26 11:03:37.326  7961  7961 I ADB_SERVICES: for fd 42, revents = 2011
01-26 11:03:37.327  7961  7961 I ADB_SERVICES: for fd 42, revents = 2011
01-26 11:03:37.329  7961 20850 I ADB_SERVICES: post waitpid (pid=20849) status=0000
01-26 11:03:37.329  7961  7961 I ADB_SERVICES: for fd 41, revents = 2010
01-26 11:03:37.329  7961  7961 I ADB_SERVICES: for fd 41, revents = 2011
01-26 11:03:37.334  7961  7961 I ADB_SERVICES: service_to_fd shell,v2,TERM=xterm-256color,raw:dumpsys activity services
01-26 11:03:37.358  7961 20853 I ADB_SERVICES: post waitpid (pid=20852) status=0000
01-26 11:03:37.358  7961  7961 I ADB_SERVICES: for fd 36, revents = 2010
01-26 11:03:37.358  7961  7961 I ADB_SERVICES: for fd 36, revents = 2011
01-26 11:03:37.368  7961  7961 I ADB_SERVICES: service_to_fd shell,v2,TERM=xterm-256color,raw:wm size
01-26 11:03:37.417  7961 20859 I ADB_SERVICES: post waitpid (pid=20858) status=0000
01-26 11:03:37.417  7961  7961 I ADB_SERVICES: for fd 42, revents = 2011
01-26 11:03:37.417  7961  7961 I ADB_SERVICES: for fd 42, revents = 2011
01-26 11:03:37.440  7961  7961 I ADB_SERVICES: service_to_fd shell,v2,TERM=xterm-256color,raw:dumpsys input
01-26 11:03:37.462  1226  3768 E TouchFilter: setTouchFilter LOG Enable prameter: 0
01-26 11:03:37.462  1226  3768 E TouchFilter: Event Hub Touch Filter log is disabled
01-26 11:03:37.462  1226  3768 E TouchFilter: Event Hub Touch Filter is enabled
01-26 11:03:37.466  7961 20864 I ADB_SERVICES: post waitpid (pid=20863) status=0000
01-26 11:03:37.467  7961  7961 I ADB_SERVICES: for fd 42, revents = 2010
01-26 11:03:37.467  7961  7961 I ADB_SERVICES: for fd 42, revents = 2011
01-26 11:03:37.479  7961  7961 I ADB_SERVICES: service_to_fd shell,v2,TERM=xterm-256color,raw:getprop ro.sf.lcd_density
01-26 11:03:37.497  7961 20867 I ADB_SERVICES: post waitpid (pid=20866) status=0000
01-26 11:03:37.497  7961  7961 I ADB_SERVICES: for fd 42, revents = 2010
01-26 11:03:37.497  7961  7961 I ADB_SERVICES: for fd 42, revents = 2011
01-26 11:03:37.596  7961 20855 I ADB_SERVICES: post waitpid (pid=20854) status=0000
01-26 11:03:37.597  7961  7961 I ADB_SERVICES: for fd 41, revents = 2010
01-26 11:03:37.597  7961  7961 I ADB_SERVICES: for fd 41, revents = 2011
01-26 11:03:37.667  7961  7961 I ADB_SERVICES: service_to_fd shell,v2,TERM=xterm-256color,raw:dumpsys display
01-26 11:03:37.677   531   531 I SurfaceFlinger: screenshot (com.example.chatter/com.example.chatter.LoginPage#0)
01-26 11:03:37.703  7961 20869 I ADB_SERVICES: post waitpid (pid=20868) status=0000
01-26 11:03:37.704  7961  7961 I ADB_SERVICES: for fd 38, revents = 2011
01-26 11:03:37.704  7961  7961 I ADB_SERVICES: for fd 38, revents = 2011
01-26 11:03:37.713  7961  7961 I ADB_SERVICES: service_to_fd shell,v2,TERM=xterm-256color,raw:wm size
01-26 11:03:37.714 20349 20420 I System.out: [socket]:check permission begin!
01-26 11:03:37.714 20349 20420 W System  : ClassLoader referenced unknown path: system/framework/mediatek-cta.jar
01-26 11:03:37.716 20349 20420 I System.out: [socket] e:java.lang.ClassNotFoundException: com.mediatek.cta.CtaUtils
01-26 11:03:37.730 20349 20420 I System.out: [okhttp]:check permission begin!
01-26 11:03:37.730 20349 20420 I System.out: [okhttp]:not MMS!
01-26 11:03:37.731 20349 20420 I System.out: [okhttp]:not Email!
01-26 11:03:37.732 20349 20420 I System.out: [socket]:check permission begin!
01-26 11:03:37.742  7961 20873 I ADB_SERVICES: post waitpid (pid=20872) status=0000
01-26 11:03:37.742  7961  7961 I ADB_SERVICES: for fd 38, revents = 2011
01-26 11:03:37.742  7961  7961 I ADB_SERVICES: for fd 38, revents = 2011
01-26 11:03:37.749  7961  7961 I ADB_SERVICES: service_to_fd shell,v2,TERM=xterm-256color,raw:dumpsys input
01-26 11:03:37.750 20349 20877 I System.out: [socket]:check permission begin!
01-26 11:03:37.766  1226  1239 E TouchFilter: setTouchFilter LOG Enable prameter: 0
01-26 11:03:37.766  1226  1239 E TouchFilter: Event Hub Touch Filter log is disabled
01-26 11:03:37.766  1226  1239 E TouchFilter: Event Hub Touch Filter is enabled
01-26 11:03:37.779  7961 20880 I ADB_SERVICES: post waitpid (pid=20879) status=0000
01-26 11:03:37.780  7961  7961 I ADB_SERVICES: for fd 38, revents = 2011
01-26 11:03:37.780  7961  7961 I ADB_SERVICES: for fd 38, revents = 2011
01-26 11:03:37.791  7961  7961 I ADB_SERVICES: service_to_fd shell,v2,TERM=xterm-256color,raw:getprop ro.sf.lcd_density
01-26 11:03:37.804  7961 20883 I ADB_SERVICES: post waitpid (pid=20882) status=0000
01-26 11:03:37.805  7961  7961 I ADB_SERVICES: for fd 38, revents = 2010
01-26 11:03:37.805  7961  7961 I ADB_SERVICES: for fd 38, revents = 2011
01-26 11:03:37.812  7961  7961 I ADB_SERVICES: service_to_fd shell,v2,TERM=xterm-256color,raw:dumpsys activity activities
01-26 11:03:37.836  7961 20885 I ADB_SERVICES: post waitpid (pid=20884) status=0000
01-26 11:03:37.836  7961  7961 I ADB_SERVICES: for fd 38, revents = 2010
01-26 11:03:37.836  7961  7961 I ADB_SERVICES: for fd 38, revents = 2011
01-26 11:03:37.843  7961  7961 I ADB_SERVICES: service_to_fd shell,v2,TERM=xterm-256color,raw:dumpsys activity activities
01-26 11:03:37.866  1226  1235 I system_server: Background young concurrent copying GC freed 253980(23MB) AllocSpace objects, 44(2720KB) LOS objects, 10% free, 165MB/184MB, paused 214us total 353.168ms
01-26 11:03:37.868  7961 20888 I ADB_SERVICES: post waitpid (pid=20887) status=0000
01-26 11:03:37.868  7961  7961 I ADB_SERVICES: for fd 38, revents = 2010
01-26 11:03:37.868  7961  7961 I ADB_SERVICES: for fd 38, revents = 2011
01-26 11:03:37.872 20349 20420 I System.out: [OkHttp] sendRequest>>
01-26 11:03:37.872 20349 20420 I System.out: [OkHttp] sendRequest<<
01-26 11:03:37.875  7961  7961 I ADB_SERVICES: service_to_fd shell,v2,TERM=xterm-256color,raw:dumpsys activity activities
01-26 11:03:37.905  7961 20892 I ADB_SERVICES: post waitpid (pid=20891) status=0000
01-26 11:03:37.906  7961  7961 I ADB_SERVICES: for fd 38, revents = 2011
01-26 11:03:37.906  7961  7961 I ADB_SERVICES: for fd 38, revents = 2011
01-26 11:03:37.912  7961  7961 I ADB_SERVICES: service_to_fd shell,v2,TERM=xterm-256color,raw:dumpsys activity services
01-26 11:03:37.951  1226  1226 I MWN     : Write 0 to node. type=Wi-Fi mSimExist=true mFlightMode=false
01-26 11:03:37.998 20349 20897 I System.out: [socket]:check permission begin!
01-26 11:03:38.081   420   420 I beanpodkeymaster: Enter BeanpodKeymaster BeginOperation
01-26 11:03:38.083   420   420 E beanpodkeymaster: Received 24 byte response
01-26 11:03:38.083   420   420 I beanpodkeymaster: Exit BeanpodKeymaster BeginOperation
01-26 11:03:38.085   420   420 I beanpodkeymaster: Enter BeanpodKeymaster UpdateOperation
01-26 11:03:38.086   420   420 E beanpodkeymaster: Received 88 byte response
01-26 11:03:38.086   420   420 I beanpodkeymaster: Exit BeanpodKeymaster UpdateOperation
01-26 11:03:38.087   643   643 I thermal_repeater: [recvMdThermalInfo] ret=29, strLen=127,  3, 40, -50, -28361, 32767, 0
01-26 11:03:38.088   420   420 I beanpodkeymaster: Enter BeanpodKeymaster FinishOperation
01-26 11:03:38.089   420   420 E beanpodkeymaster: Received 20 byte response
01-26 11:03:38.089   420   420 I beanpodkeymaster: Exit BeanpodKeymaster FinishOperation
01-26 11:03:38.147   531   638 I BufferQueueProducer: [com.example.chatter/com.example.chatter.LoginPage#0](this:0x7b5146b000,id:181595,api:1,p:19472,c:531) queueBuffer: fps=1.99 dur=1002.95 max=501.77 min=501.17
01-26 11:03:38.174   531   531 I BufferQueueProducer: [VDS: minicap](this:0x7b371f7800,id:181592,api:1,p:531,c:531) queueBuffer: fps=1.99 dur=1003.62 max=503.13 min=500.48
01-26 11:03:38.176   504  3534 I hwcomposer: [HWCDisplay] [Display_2 (type:2)] fps:1.992341,dur:1003.84,max:504.02,min:499.82  
01-26 11:03:38.178 19003 19005 I BufferQueueProducer: [minicap](this:0x7dda84b000,id:0,api:1,p:531,c:19003) queueBuffer: fps=1.99 dur=1003.88 max=504.66 min=499.22
01-26 11:03:38.180   504  3534 I hwcomposer: [HWCDisplay] [Display_0 (type:1)] fps:1.993638,dur:1003.19,max:504.87,min:498.32  
01-26 11:03:38.182  7961 20895 I ADB_SERVICES: post waitpid (pid=20894) status=0000
01-26 11:03:38.182  7961  7961 I ADB_SERVICES: for fd 38, revents = 2010
01-26 11:03:38.183  7961  7961 I ADB_SERVICES: for fd 38, revents = 2011
01-26 11:03:38.184   531   531 I SurfaceFlinger: screenshot (com.example.chatter/com.example.chatter.LoginPage#0)
01-26 11:03:38.240  7961  7961 I ADB_SERVICES: service_to_fd shell,v2,TERM=xterm-256color,raw:dumpsys display
01-26 11:03:38.264  7961 20906 I ADB_SERVICES: post waitpid (pid=20905) status=0000
01-26 11:03:38.264  7961  7961 I ADB_SERVICES: for fd 38, revents = 2011
01-26 11:03:38.264  7961  7961 I ADB_SERVICES: for fd 38, revents = 2011
01-26 11:03:38.273  7961  7961 I ADB_SERVICES: service_to_fd shell,v2,TERM=xterm-256color,raw:wm size
01-26 11:03:38.317  7961 20909 I ADB_SERVICES: post waitpid (pid=20908) status=0000
01-26 11:03:38.317  7961  7961 I ADB_SERVICES: for fd 38, revents = 2011
01-26 11:03:38.317  7961  7961 I ADB_SERVICES: for fd 38, revents = 2011
01-26 11:03:38.324  7961  7961 I ADB_SERVICES: service_to_fd shell,v2,TERM=xterm-256color,raw:dumpsys input
01-26 11:03:38.336  7961  7961 I ADB_SERVICES: service_to_fd shell,v2,TERM=xterm-256color,raw:ps
01-26 11:03:38.345  1226  3768 E TouchFilter: setTouchFilter LOG Enable prameter: 0
01-26 11:03:38.345  1226  3768 E TouchFilter: Event Hub Touch Filter log is disabled
01-26 11:03:38.345  1226  3768 E TouchFilter: Event Hub Touch Filter is enabled
01-26 11:03:38.348  7961 20914 I ADB_SERVICES: post waitpid (pid=20913) status=0000
01-26 11:03:38.348  7961  7961 I ADB_SERVICES: for fd 38, revents = 2010
01-26 11:03:38.348  7961  7961 I ADB_SERVICES: for fd 38, revents = 2011
01-26 11:03:38.356  7961  7961 I ADB_SERVICES: service_to_fd shell,v2,TERM=xterm-256color,raw:getprop ro.sf.lcd_density
01-26 11:03:38.369  7961 20919 I ADB_SERVICES: post waitpid (pid=20918) status=0000
01-26 11:03:38.369  7961  7961 I ADB_SERVICES: for fd 41, revents = 2010
01-26 11:03:38.369  7961  7961 I ADB_SERVICES: for fd 41, revents = 2011
01-26 11:03:38.422  1226  1239 W RemoteCallbackList: Size=4456 remote callbacks registered.
01-26 11:03:38.432 21099  6021 I FSA2_GmsContactsSyncAdapter: onSyncCanceled
01-26 11:03:38.433 21099 20188 E FSA2_PaginatedQueue: BlockingQueue.take interrupted, bailing out
01-26 11:03:38.433 21099 20188 E FSA2_PaginatedQueue: java.lang.InterruptedException
01-26 11:03:38.433 21099 20188 E FSA2_PaginatedQueue: 	at java.util.concurrent.locks.AbstractQueuedSynchronizer$ConditionObject.reportInterruptAfterWait(AbstractQueuedSynchronizer.java:2042)
01-26 11:03:38.433 21099 20188 E FSA2_PaginatedQueue: 	at java.util.concurrent.locks.AbstractQueuedSynchronizer$ConditionObject.await(AbstractQueuedSynchronizer.java:2076)
01-26 11:03:38.433 21099 20188 E FSA2_PaginatedQueue: 	at java.util.concurrent.ArrayBlockingQueue.take(ArrayBlockingQueue.java:387)
01-26 11:03:38.433 21099 20188 E FSA2_PaginatedQueue: 	at cqyq.a(:com.google.android.gms@245034013@24.50.34 (100400-713002902):3)
01-26 11:03:38.433 21099 20188 E FSA2_PaginatedQueue: 	at cqwc.run(:com.google.android.gms@245034013@24.50.34 (100400-713002902):43)
01-26 11:03:38.433 21099 20188 E FSA2_PaginatedQueue: 	at java.lang.Thread.run(Thread.java:919)
01-26 11:03:38.434 21099 20187 E InternalPeopleServiceGrpcClient: Error making Grpc request.
01-26 11:03:38.434 21099 20187 E InternalPeopleServiceGrpcClient: fuzr: UNKNOWN
01-26 11:03:38.434 21099 20187 E InternalPeopleServiceGrpcClient: 	at apva.r(:com.google.android.gms@245034013@24.50.34 (100400-713002902):31)
01-26 11:03:38.434 21099 20187 E InternalPeopleServiceGrpcClient: 	at apva.f(:com.google.android.gms@245034013@24.50.34 (100400-713002902):96)
01-26 11:03:38.434 21099 20187 E InternalPeopleServiceGrpcClient: 	at cqch.i(:com.google.android.gms@245034013@24.50.34 (100400-713002902):50)
01-26 11:03:38.434 21099 20187 E InternalPeopleServiceGrpcClient: 	at cqye.f(:com.google.android.gms@245034013@24.50.34 (100400-713002902):285)
01-26 11:03:38.434 21099 20187 E InternalPeopleServiceGrpcClient: 	at cqyg.g(:com.google.android.gms@245034013@24.50.34 (100400-713002902):160)
01-26 11:03:38.434 21099 20187 E InternalPeopleServiceGrpcClient: 	at cqyh.run(:com.google.android.gms@245034013@24.50.34 (100400-713002902):12)
01-26 11:03:38.434 21099 20187 E InternalPeopleServiceGrpcClient: 	at java.lang.Thread.run(Thread.java:919)
01-26 11:03:38.434 21099 20187 E InternalPeopleServiceGrpcClient: Caused by: java.lang.RuntimeException: java.lang.InterruptedException
01-26 11:03:38.434 21099 20187 E InternalPeopleServiceGrpcClient: 	at apvj.c(:com.google.android.gms@245034013@24.50.34 (100400-713002902):92)
01-26 11:03:38.434 21099 20187 E InternalPeopleServiceGrpcClient: 	at apva.f(:com.google.android.gms@245034013@24.50.34 (100400-713002902):23)
01-26 11:03:38.434 21099 20187 E InternalPeopleServiceGrpcClient: 	... 5 more
01-26 11:03:38.434 21099 20187 E InternalPeopleServiceGrpcClient: Caused by: java.lang.InterruptedException
01-26 11:03:38.434 21099 20187 E InternalPeopleServiceGrpcClient: 	at java.util.concurrent.locks.AbstractQueuedSynchronizer.doAcquireSharedInterruptibly(AbstractQueuedSynchronizer.java:1024)
01-26 11:03:38.434 21099 20187 E InternalPeopleServiceGrpcClient: 	at java.util.concurrent.locks.AbstractQueuedSynchronizer.acquireSharedInterruptibly(AbstractQueuedSynchronizer.java:1334)
01-26 11:03:38.434 21099 20187 E InternalPeopleServiceGrpcClient: 	at java.util.concurrent.CountDownLatch.await(CountDownLatch.java:232)
01-26 11:03:38.434 21099 20187 E InternalPeopleServiceGrpcClient: 	at apvj.c(:com.google.android.gms@245034013@24.50.34 (100400-713002902):36)
01-26 11:03:38.434 21099 20187 E InternalPeopleServiceGrpcClient: 	... 6 more
01-26 11:03:38.434 21099 20187 E FSA2_GroupSyncGrpc: getGroups() failed
01-26 11:03:38.434 21099 20187 E FSA2_GroupSyncGrpc: fuzr: UNKNOWN
01-26 11:03:38.434 21099 20187 E FSA2_GroupSyncGrpc: 	at apva.r(:com.google.android.gms@245034013@24.50.34 (100400-713002902):31)
01-26 11:03:38.434 21099 20187 E FSA2_GroupSyncGrpc: 	at apva.f(:com.google.android.gms@245034013@24.50.34 (100400-713002902):96)
01-26 11:03:38.434 21099 20187 E FSA2_GroupSyncGrpc: 	at cqch.i(:com.google.android.gms@245034013@24.50.34 (100400-713002902):50)
01-26 11:03:38.434 21099 20187 E FSA2_GroupSyncGrpc: 	at cqye.f(:com.google.android.gms@245034013@24.50.34 (100400-713002902):285)
01-26 11:03:38.434 21099 20187 E FSA2_GroupSyncGrpc: 	at cqyg.g(:com.google.android.gms@245034013@24.50.34 (100400-713002902):160)
01-26 11:03:38.434 21099 20187 E FSA2_GroupSyncGrpc: 	at cqyh.run(:com.google.android.gms@245034013@24.50.34 (100400-713002902):12)
01-26 11:03:38.434 21099 20187 E FSA2_GroupSyncGrpc: 	at java.lang.Thread.run(Thread.java:919)
01-26 11:03:38.434 21099 20187 E FSA2_GroupSyncGrpc: Caused by: java.lang.RuntimeException: java.lang.InterruptedException
01-26 11:03:38.434 21099 20187 E FSA2_GroupSyncGrpc: 	at apvj.c(:com.google.android.gms@245034013@24.50.34 (100400-713002902):92)
01-26 11:03:38.434 21099 20187 E FSA2_GroupSyncGrpc: 	at apva.f(:com.google.android.gms@245034013@24.50.34 (100400-713002902):23)
01-26 11:03:38.434 21099 20187 E FSA2_GroupSyncGrpc: 	... 5 more
01-26 11:03:38.434 21099 20187 E FSA2_GroupSyncGrpc: Caused by: java.lang.InterruptedException
01-26 11:03:38.434 21099 20187 E FSA2_GroupSyncGrpc: 	at java.util.concurrent.locks.AbstractQueuedSynchronizer.doAcquireSharedInterruptibly(AbstractQueuedSynchronizer.java:1024)
01-26 11:03:38.434 21099 20187 E FSA2_GroupSyncGrpc: 	at java.util.concurrent.locks.AbstractQueuedSynchronizer.acquireSharedInterruptibly(AbstractQueuedSynchronizer.java:1334)
01-26 11:03:38.434 21099 20187 E FSA2_GroupSyncGrpc: 	at java.util.concurrent.CountDownLatch.await(CountDownLatch.java:232)
01-26 11:03:38.434 21099 20187 E FSA2_GroupSyncGrpc: 	at apvj.c(:com.google.android.gms@245034013@24.50.34 (100400-713002902):36)
01-26 11:03:38.434 21099 20187 E FSA2_GroupSyncGrpc: 	... 6 more
01-26 11:03:38.435 21099 20175 E FSA2_PaginatedQueue: BlockingQueue.take interrupted, bailing out
01-26 11:03:38.435 21099 20175 E FSA2_PaginatedQueue: java.lang.InterruptedException
01-26 11:03:38.435 21099 20175 E FSA2_PaginatedQueue: 	at java.util.concurrent.locks.AbstractQueuedSynchronizer$ConditionObject.reportInterruptAfterWait(AbstractQueuedSynchronizer.java:2042)
01-26 11:03:38.435 21099 20175 E FSA2_PaginatedQueue: 	at java.util.concurrent.locks.AbstractQueuedSynchronizer$ConditionObject.await(AbstractQueuedSynchronizer.java:2076)
01-26 11:03:38.435 21099 20175 E FSA2_PaginatedQueue: 	at java.util.concurrent.ArrayBlockingQueue.take(ArrayBlockingQueue.java:387)
01-26 11:03:38.435 21099 20175 E FSA2_PaginatedQueue: 	at cqyq.a(:com.google.android.gms@245034013@24.50.34 (100400-713002902):3)
01-26 11:03:38.435 21099 20175 E FSA2_PaginatedQueue: 	at cqvm.a(:com.google.android.gms@245034013@24.50.34 (100400-713002902):593)
01-26 11:03:38.435 21099 20175 E FSA2_PaginatedQueue: 	at cqpi.j(:com.google.android.gms@245034013@24.50.34 (100400-713002902):127)
01-26 11:03:38.435 21099 20175 E FSA2_PaginatedQueue: 	at cqpi.d(:com.google.android.gms@245034013@24.50.34 (100400-713002902):524)
01-26 11:03:38.435 21099 20175 E FSA2_PaginatedQueue: 	at cqpm.b(:com.google.android.gms@245034013@24.50.34 (100400-713002902):45)
01-26 11:03:38.435 21099 20175 E FSA2_PaginatedQueue: 	at apzg.onPerformSync(:com.google.android.gms@245034013@24.50.34 (100400-713002902):22)
01-26 11:03:38.435 21099 20175 E FSA2_PaginatedQueue: 	at android.content.AbstractThreadedSyncAdapter$SyncThread.run(AbstractThreadedSyncAdapter.java:354)
01-26 11:03:38.437  7961 20916 I ADB_SERVICES: post waitpid (pid=20915) status=0000
01-26 11:03:38.437  7961  7961 I ADB_SERVICES: for fd 42, revents = 2010
01-26 11:03:38.437  7961  7961 I ADB_SERVICES: for fd 42, revents = 2011
01-26 11:03:38.445  1226  1323 W RemoteCallbackList: Size=4476 remote callbacks registered.
01-26 11:03:38.455  1226  1426 E SyncManager: Job params not found for 105355
01-26 11:03:38.457 21099 20175 I FSA2_RawContactSyncer: contact count. before sweep: -1, before sync: 5, after sync down: -1, after sync up: 5
01-26 11:03:38.457 21099 20175 E FSA2_ContactsSyncAdapter: Sync has been terminated.
01-26 11:03:38.457 21099 20175 E FSA2_ContactsSyncAdapter: cqvv: CANCELED_EXCEPTION
01-26 11:03:38.457 21099 20175 E FSA2_ContactsSyncAdapter: 	at cqpm.onSyncCanceled(:com.google.android.gms@245034013@24.50.34 (100400-713002902):56)
01-26 11:03:38.457 21099 20175 E FSA2_ContactsSyncAdapter: 	at android.content.AbstractThreadedSyncAdapter$ISyncAdapterImpl.cancelSync(AbstractThreadedSyncAdapter.java:284)
01-26 11:03:38.457 21099 20175 E FSA2_ContactsSyncAdapter: 	at android.content.ISyncAdapter$Stub.onTransact(ISyncAdapter.java:152)
01-26 11:03:38.457 21099 20175 E FSA2_ContactsSyncAdapter: 	at android.os.Binder.transact(Binder.java:917)
01-26 11:03:38.457 21099 20175 E FSA2_ContactsSyncAdapter: 	at bekb.onTransact(:com.google.android.gms@245034013@24.50.34 (100400-713002902):148)
01-26 11:03:38.457 21099 20175 E FSA2_ContactsSyncAdapter: 	at android.os.Binder.execTransactInternal(Binder.java:1046)
01-26 11:03:38.457 21099 20175 E FSA2_ContactsSyncAdapter: 	at android.os.Binder.execTransact(Binder.java:997)
01-26 11:03:38.480 20349 20349 W com.transsion.faceid: type=1400 audit(0.0:1381056): avc: granted { execute } for comm=576861747341707020576F726B6572 path="/data/data/com.whatsapp/files/decompressed/libs.spo/libaom.so" dev="mmcblk0p40" ino=1074881 scontext=u:r:untrusted_app:s0:c227,c256,c512,c768 tcontext=u:object_r:app_data_file:s0:c227,c256,c512,c768 tclass=file
01-26 11:03:38.486 21099 20175 I FSA2_ContactsSyncAdapter: Sync was interrupted. Will not save its status to SharedPreferences.
01-26 11:03:38.490   489  8539 I netd    : trafficSwapActiveStatsMap() <0.24ms>
01-26 11:03:38.488 20349 20349 W com.transsion.faceid: type=1400 audit(0.0:1381057): avc: granted { execute } for comm=576861747341707020576F726B6572 path="/data/data/com.whatsapp/files/decompressed/libs.spo/libwzav1.so" dev="mmcblk0p40" ino=2029561 scontext=u:r:untrusted_app:s0:c227,c256,c512,c768 tcontext=u:object_r:app_data_file:s0:c227,c256,c512,c768 tclass=file
01-26 11:03:38.500 21099 20175 W ChimeraUtils: Module com.google.android.gms.people missing resource null(0)
01-26 11:03:38.501 21099 20175 W ChimeraUtils: Module com.google.android.gms.people missing resource null(0)
01-26 11:03:38.554  1226  1426 W SyncManager: failed sync operation JobId=109909 ***/com.google u0 [com.android.contacts] USER ExpectedIn=-2s EXPEDITED Reason=10853 Retries=7, SyncResult: syncAlreadyInProgress: true stats []
01-26 11:03:38.559 20349 20921 I System.out: [okhttp]:check permission begin!
01-26 11:03:38.559 20349 20921 I System.out: [okhttp]:not MMS!
01-26 11:03:38.559 20349 20921 I System.out: [okhttp]:not Email!
01-26 11:03:38.642 21099 20935 I FSA2_GmsContactsSyncAdapter: @onPerformSync
01-26 11:03:38.642 21099 20935 W FSA2_ContactsSyncAdapter: @onPerformSync Sync started
01-26 11:03:38.646 21099 20935 W ChimeraUtils: Module com.google.android.gms.people missing resource null(0)
01-26 11:03:38.659  2408  2408 W fbservices:InitStatus: Not blocking Service (185923946)
01-26 11:03:38.665 21099 20935 W FSA2_GoogleAccountUtil: Syncing device contacts is off.
01-26 11:03:38.665 21099 20935 E FSA2_CpgSessionManager: Failed to initialize schema
01-26 11:03:38.671 21099 20935 I FSA2_FirstFullSyncsDetector: First full syncs finished before.
01-26 11:03:38.673 21099 20935 W ChimeraUtils: Module com.google.android.gms.people missing resource null(0)
01-26 11:03:38.675   531   531 I SurfaceFlinger: screenshot (com.example.chatter/com.example.chatter.LoginPage#0)
01-26 11:03:38.722 21099 20949 I FSA2_SyncState: @readSyncState: # cqpo@53fd0dbc
01-26 11:03:38.729  7961  7961 I ADB_SERVICES: service_to_fd shell,v2,TERM=xterm-256color,raw:dumpsys display
01-26 11:03:38.759  7961 20952 I ADB_SERVICES: post waitpid (pid=20951) status=0000
01-26 11:03:38.759  7961  7961 I ADB_SERVICES: for fd 38, revents = 2011
01-26 11:03:38.759  7961  7961 I ADB_SERVICES: for fd 38, revents = 2011
01-26 11:03:38.767 21099 20957 I System.out: [socket]:check permission begin!
01-26 11:03:38.769  7961  7961 I ADB_SERVICES: service_to_fd shell,v2,TERM=xterm-256color,raw:wm size
01-26 11:03:38.810  7961 20959 I ADB_SERVICES: post waitpid (pid=20958) status=0000
01-26 11:03:38.810  7961  7961 I ADB_SERVICES: for fd 38, revents = 2011
01-26 11:03:38.810  7961  7961 I ADB_SERVICES: for fd 38, revents = 2011
01-26 11:03:38.817  7961  7961 I ADB_SERVICES: service_to_fd shell,v2,TERM=xterm-256color,raw:dumpsys input
01-26 11:03:38.835  1226  3760 E TouchFilter: setTouchFilter LOG Enable prameter: 0
01-26 11:03:38.835  1226  3760 E TouchFilter: Event Hub Touch Filter log is disabled
01-26 11:03:38.835  1226  3760 E TouchFilter: Event Hub Touch Filter is enabled
01-26 11:03:38.839  7961 20964 I ADB_SERVICES: post waitpid (pid=20963) status=0000
01-26 11:03:38.839  7961  7961 I ADB_SERVICES: for fd 38, revents = 2010
01-26 11:03:38.839  7961  7961 I ADB_SERVICES: for fd 38, revents = 2011
01-26 11:03:38.849  7961  7961 I ADB_SERVICES: service_to_fd shell,v2,TERM=xterm-256color,raw:getprop ro.sf.lcd_density
01-26 11:03:38.864  7961 20967 I ADB_SERVICES: post waitpid (pid=20966) status=0000
01-26 11:03:38.864  7961  7961 I ADB_SERVICES: for fd 38, revents = 2010
01-26 11:03:38.864  7961  7961 I ADB_SERVICES: for fd 38, revents = 2011
01-26 11:03:38.960  1226  1235 I system_server: Background concurrent copying GC freed 330894(32MB) AllocSpace objects, 25(864KB) LOS objects, 12% free, 161MB/185MB, paused 179us total 840.217ms
01-26 11:03:39.153   531   638 I BufferQueueProducer: [com.example.chatter/com.example.chatter.LoginPage#0](this:0x7b5146b000,id:181595,api:1,p:19472,c:531) queueBuffer: fps=1.99 dur=1005.65 max=507.95 min=497.71
01-26 11:03:39.181   531   531 I BufferQueueProducer: [VDS: minicap](this:0x7b371f7800,id:181592,api:1,p:531,c:531) queueBuffer: fps=1.99 dur=1007.35 max=511.31 min=496.04
01-26 11:03:39.183   504  3534 I hwcomposer: [HWCDisplay] [Display_2 (type:2)] fps:1.986270,dur:1006.91,max:512.20,min:494.72  
01-26 11:03:39.185 19003 19005 I BufferQueueProducer: [minicap](this:0x7dda84b000,id:0,api:1,p:531,c:19003) queueBuffer: fps=1.99 dur=1006.94 max=513.24 min=493.69
01-26 11:03:39.188   504  3534 I hwcomposer: [HWCDisplay] [Display_0 (type:1)] fps:1.983928,dur:1008.10,max:515.17,min:492.93  
01-26 11:03:39.192   531   531 I SurfaceFlinger: screenshot (com.example.chatter/com.example.chatter.LoginPage#0)
01-26 11:03:39.229  1226  1361 E WifiVendorHal: getWifiLinkLayerStats_1_3_Internal(l.927) failed {.code = ERROR_NOT_SUPPORTED, .description = }
01-26 11:03:39.253  2172  5234 I CarrierServices: [107] fau.handleMessage:39 RcsEngineImpl[DUAL_REG]:[3760ff74-0902]>Handler: handleMessage processing message:[NOTIFY_UPTIME_IGNORE_STATE_CHANGED] with [non-null]:RcsEngineImpl reference
01-26 11:03:39.254  2172  5240 I CarrierServices: [108] eqy.c:51 Connected state: [1], networkType: [WIFI]
01-26 11:03:39.290   531   638 I BufferQueueProducer: [StatusBar#0](this:0x7b5146e000,id:6,api:1,p:1428,c:531) queueBuffer: fps=0.40 dur=5007.97 max=4351.96 min=656.01
01-26 11:03:39.314   531   531 I SurfaceFlinger: screenshot (com.example.chatter/com.example.chatter.LoginPage#0)
01-26 11:03:39.443  7961  7961 I ADB_SERVICES: service_to_fd shell,v2,TERM=xterm-256color,raw:ps
01-26 11:03:39.525  7961 20970 I ADB_SERVICES: post waitpid (pid=20969) status=0000
01-26 11:03:39.526  7961  7961 I ADB_SERVICES: for fd 38, revents = 2010
01-26 11:03:39.526  7961  7961 I ADB_SERVICES: for fd 38, revents = 2011
01-26 11:03:39.630 21704 28947 I native  : I0000 00:00:1737867819.629924   28947 soda_impl.cc:1708] Adding hotword timeout event
01-26 11:03:39.632 21704 28948 I epkv    : Hotword timeout event!
01-26 11:03:39.632 21704 28948 I epkv    : Not DEFAULT_DSP timeout event. Call the onHotwordTimeout callback.
01-26 11:03:39.632 21704 28948 I epna    : (REDACTED) Hotword score : %f, Hotword model id : %s.
01-26 11:03:39.633 21704 28948 I epna    : (REDACTED) Timeout reason %s, Coarse channel index %d.
01-26 11:03:39.633 21704 28948 I epdy    : Not handling the timeoutevent with the timeout reason that is not DEFAULT_DSP for now.
01-26 11:03:39.690   531   531 I SurfaceFlinger: screenshot (com.example.chatter/com.example.chatter.LoginPage#0)
01-26 11:03:39.767 13614 13337 I NearbySharing: Network state changed: NetworkState(isRestricted=false, isOnline=true, isCongested=false, isMetered=false, isWifiConnected=true)
01-26 11:03:39.846  7961  7961 I ADB_SERVICES: service_to_fd shell,v2,TERM=xterm-256color,raw:dumpsys display
01-26 11:03:39.880  7961 20972 I ADB_SERVICES: post waitpid (pid=20971) status=0000
01-26 11:03:39.880  7961  7961 I ADB_SERVICES: for fd 38, revents = 2011
01-26 11:03:39.881  7961  7961 I ADB_SERVICES: for fd 38, revents = 2011
01-26 11:03:39.891  7961  7961 I ADB_SERVICES: service_to_fd shell,v2,TERM=xterm-256color,raw:wm size
01-26 11:03:39.935  7961 20975 I ADB_SERVICES: post waitpid (pid=20974) status=0000
01-26 11:03:39.935  7961  7961 I ADB_SERVICES: for fd 38, revents = 2011
01-26 11:03:39.936  7961  7961 I ADB_SERVICES: for fd 38, revents = 2011
01-26 11:03:39.943  7961  7961 I ADB_SERVICES: service_to_fd shell,v2,TERM=xterm-256color,raw:dumpsys input
01-26 11:03:39.969   531   531 I SurfaceFlinger: screenshot (com.example.chatter/com.example.chatter.LoginPage#0)
01-26 11:03:39.971  1226  3772 E TouchFilter: setTouchFilter LOG Enable prameter: 0
01-26 11:03:39.971  1226  3772 E TouchFilter: Event Hub Touch Filter log is disabled
01-26 11:03:39.971  1226  3772 E TouchFilter: Event Hub Touch Filter is enabled
01-26 11:03:39.974  7961 20980 I ADB_SERVICES: post waitpid (pid=20979) status=0000
01-26 11:03:39.975  7961  7961 I ADB_SERVICES: for fd 38, revents = 2010
01-26 11:03:39.975  7961  7961 I ADB_SERVICES: for fd 38, revents = 2011
01-26 11:03:39.984  7961  7961 I ADB_SERVICES: service_to_fd shell,v2,TERM=xterm-256color,raw:getprop ro.sf.lcd_density
01-26 11:03:40.004  7961 20983 I ADB_SERVICES: post waitpid (pid=20982) status=0000
01-26 11:03:40.004  7961  7961 I ADB_SERVICES: for fd 38, revents = 2010
01-26 11:03:40.004  7961  7961 I ADB_SERVICES: for fd 38, revents = 2011
01-26 11:03:40.160   531   638 I BufferQueueProducer: [com.example.chatter/com.example.chatter.LoginPage#0](this:0x7b5146b000,id:181595,api:1,p:19472,c:531) queueBuffer: fps=1.98 dur=1007.72 max=506.28 min=501.44
01-26 11:03:40.163   531   638 I BufferQueueProducer: [PopupWindow:2d1bae6#0](this:0x7b34813800,id:181597,api:1,p:19472,c:531) disconnect(P): api 1
01-26 11:03:40.165 19472 19472 I InputTransport: Destroy ARC handle: 0x76eaa4ebc0
01-26 11:03:40.201   531   531 I BufferQueueProducer: [VDS: minicap](this:0x7b371f7800,id:181592,api:1,p:531,c:531) queueBuffer: fps=4.90 dur=1019.86 max=372.95 min=20.46
01-26 11:03:40.202   504  3534 I hwcomposer: [HWCDisplay] [Display_2 (type:2)] fps:4.906476,dur:1019.06,max:373.91,min:19.98  
01-26 11:03:40.203 19003 19005 I BufferQueueProducer: [minicap](this:0x7dda84b000,id:0,api:1,p:531,c:19003) queueBuffer: fps=4.91 dur=1018.28 max=374.43 min=19.61
01-26 11:03:40.205   504  3534 I hwcomposer: [HWCDisplay] [Display_0 (type:1)] fps:4.917991,dur:1016.68,max:375.31,min:18.31  
01-26 11:03:40.207   531   531 I SurfaceFlinger: screenshot (com.example.chatter/com.example.chatter.LoginPage#0)
01-26 11:03:40.230 19003 19005 I BufferQueueProducer: [minicap](this:0x7dda84b000,id:0,api:1,p:531,c:19003) queueBuffer: slot 1 is dropped, handle=0x7dda866a00
01-26 11:03:40.247 19003 19005 I BufferQueueProducer: [minicap](this:0x7dda84b000,id:0,api:1,p:531,c:19003) queueBuffer: slot 2 is dropped, handle=0x7dda866c80
01-26 11:03:40.263 19003 19005 I BufferQueueProducer: [minicap](this:0x7dda84b000,id:0,api:1,p:531,c:19003) queueBuffer: slot 1 is dropped, handle=0x7dda866a00
01-26 11:03:40.282 19003 19005 I BufferQueueProducer: [minicap](this:0x7dda84b000,id:0,api:1,p:531,c:19003) queueBuffer: slot 2 is dropped, handle=0x7dda866c80
01-26 11:03:40.288   531   531 I BufferQueue: [PopupWindow:2d1bae6#0](this:0x7b34813800,id:181597,api:1,p:-1,c:-1) ~BufferQueueCore
01-26 11:03:40.312 19003 19005 I BufferQueueProducer: [minicap](this:0x7dda84b000,id:0,api:1,p:531,c:19003) queueBuffer: slot 2 is dropped, handle=0x7dda866c80
01-26 11:03:40.315   531   531 I SurfaceFlinger: screenshot (com.example.chatter/com.example.chatter.LoginPage#0)
01-26 11:03:40.332 19003 19005 I BufferQueueProducer: [minicap](this:0x7dda84b000,id:0,api:1,p:531,c:19003) queueBuffer: slot 0 is dropped, handle=0x7dda866640
01-26 11:03:40.404  7961  7961 I ADB_SERVICES: service_to_fd shell,v2,TERM=xterm-256color,raw:dumpsys activity activities
01-26 11:03:40.423   531   531 I SurfaceFlinger: screenshot (com.example.chatter/com.example.chatter.LoginPage#0)
01-26 11:03:40.437  7961 20993 I ADB_SERVICES: post waitpid (pid=20992) status=0000
01-26 11:03:40.437  7961  7961 I ADB_SERVICES: for fd 38, revents = 2010
01-26 11:03:40.437  7961  7961 I ADB_SERVICES: for fd 38, revents = 2011
01-26 11:03:40.444  7961  7961 I ADB_SERVICES: service_to_fd shell,v2,TERM=xterm-256color,raw:dumpsys activity activities
01-26 11:03:40.474  7961 20996 I ADB_SERVICES: post waitpid (pid=20995) status=0000
01-26 11:03:40.474  7961  7961 I ADB_SERVICES: for fd 38, revents = 2010
01-26 11:03:40.474  7961  7961 I ADB_SERVICES: for fd 38, revents = 2011
01-26 11:03:40.482  7961  7961 I ADB_SERVICES: service_to_fd shell,v2,TERM=xterm-256color,raw:dumpsys activity activities
01-26 11:03:40.512  7961 20999 I ADB_SERVICES: post waitpid (pid=20998) status=0000
01-26 11:03:40.513  7961  7961 I ADB_SERVICES: for fd 38, revents = 2011
01-26 11:03:40.513  7961  7961 I ADB_SERVICES: for fd 38, revents = 2011
01-26 11:03:40.520  7961  7961 I ADB_SERVICES: service_to_fd shell,v2,TERM=xterm-256color,raw:dumpsys activity services
01-26 11:03:40.537  7961  7961 I ADB_SERVICES: service_to_fd shell,v2,TERM=xterm-256color,raw:ps
01-26 11:03:40.606  7961 21004 I ADB_SERVICES: post waitpid (pid=21003) status=0000
01-26 11:03:40.606  7961  7961 I ADB_SERVICES: for fd 42, revents = 2010
01-26 11:03:40.607  7961  7961 I ADB_SERVICES: for fd 42, revents = 2011
01-26 11:03:40.692   531   531 I SurfaceFlinger: screenshot (com.example.chatter/com.example.chatter.LoginPage#0)
01-26 11:03:40.777  7961 21002 I ADB_SERVICES: post waitpid (pid=21001) status=0000
01-26 11:03:40.777  7961  7961 I ADB_SERVICES: for fd 38, revents = 2010
01-26 11:03:40.777  7961  7961 I ADB_SERVICES: for fd 38, revents = 2011
01-26 11:03:40.840  7961  7961 I ADB_SERVICES: service_to_fd shell,v2,TERM=xterm-256color,raw:dumpsys display
01-26 11:03:40.867  7961 21007 I ADB_SERVICES: post waitpid (pid=21006) status=0000
01-26 11:03:40.867  7961  7961 I ADB_SERVICES: for fd 38, revents = 2011
01-26 11:03:40.867  7961  7961 I ADB_SERVICES: for fd 38, revents = 2011
01-26 11:03:40.877  7961  7961 I ADB_SERVICES: service_to_fd shell,v2,TERM=xterm-256color,raw:wm size
01-26 11:03:40.930  7961 21010 I ADB_SERVICES: post waitpid (pid=21009) status=0000
01-26 11:03:40.930  7961  7961 I ADB_SERVICES: for fd 38, revents = 2011
01-26 11:03:40.931  7961  7961 I ADB_SERVICES: for fd 38, revents = 2011
01-26 11:03:40.938  7961  7961 I ADB_SERVICES: service_to_fd shell,v2,TERM=xterm-256color,raw:dumpsys input
01-26 11:03:40.961  1226  3772 E TouchFilter: setTouchFilter LOG Enable prameter: 0
01-26 11:03:40.961  1226  3772 E TouchFilter: Event Hub Touch Filter log is disabled
01-26 11:03:40.961  1226  3772 E TouchFilter: Event Hub Touch Filter is enabled
01-26 11:03:40.964  7961 21015 I ADB_SERVICES: post waitpid (pid=21014) status=0000
01-26 11:03:40.965  7961  7961 I ADB_SERVICES: for fd 38, revents = 2010
01-26 11:03:40.965  7961  7961 I ADB_SERVICES: for fd 38, revents = 2011
01-26 11:03:40.975  7961  7961 I ADB_SERVICES: service_to_fd shell,v2,TERM=xterm-256color,raw:getprop ro.sf.lcd_density
01-26 11:03:40.990  7961 21018 I ADB_SERVICES: post waitpid (pid=21017) status=0000
01-26 11:03:40.991  7961  7961 I ADB_SERVICES: for fd 38, revents = 2010
01-26 11:03:40.991  7961  7961 I ADB_SERVICES: for fd 38, revents = 2011
01-26 11:03:40.997  7961  7961 I ADB_SERVICES: service_to_fd shell,v2,TERM=xterm-256color,raw:dumpsys display
01-26 11:03:41.032  7961 21020 I ADB_SERVICES: post waitpid (pid=21019) status=0000
01-26 11:03:41.033  7961  7961 I ADB_SERVICES: for fd 38, revents = 2011
01-26 11:03:41.033  7961  7961 I ADB_SERVICES: for fd 38, revents = 2011
01-26 11:03:41.043  7961  7961 I ADB_SERVICES: service_to_fd shell,v2,TERM=xterm-256color,raw:wm size
01-26 11:03:41.059  1226  1235 I system_server: Background young concurrent copying GC freed 287861(25MB) AllocSpace objects, 21(1804KB) LOS objects, 12% free, 162MB/185MB, paused 177us total 344.527ms
01-26 11:03:41.094  7961 21023 I ADB_SERVICES: post waitpid (pid=21022) status=0000
01-26 11:03:41.094  7961  7961 I ADB_SERVICES: for fd 38, revents = 2011
01-26 11:03:41.094  7961  7961 I ADB_SERVICES: for fd 38, revents = 2011
01-26 11:03:41.101  7961  7961 I ADB_SERVICES: service_to_fd shell,v2,TERM=xterm-256color,raw:dumpsys input
01-26 11:03:41.127  1226  3772 E TouchFilter: setTouchFilter LOG Enable prameter: 0
01-26 11:03:41.127  1226  3772 E TouchFilter: Event Hub Touch Filter log is disabled
01-26 11:03:41.127  1226  3772 E TouchFilter: Event Hub Touch Filter is enabled
01-26 11:03:41.130  7961 21028 I ADB_SERVICES: post waitpid (pid=21027) status=0000
01-26 11:03:41.130  7961  7961 I ADB_SERVICES: for fd 38, revents = 2010
01-26 11:03:41.131  7961  7961 I ADB_SERVICES: for fd 38, revents = 2011
01-26 11:03:41.140  7961  7961 I ADB_SERVICES: service_to_fd shell,v2,TERM=xterm-256color,raw:getprop ro.sf.lcd_density
01-26 11:03:41.158  7961 21031 I ADB_SERVICES: post waitpid (pid=21030) status=0000
01-26 11:03:41.158  7961  7961 I ADB_SERVICES: for fd 38, revents = 2010
01-26 11:03:41.158  7961  7961 I ADB_SERVICES: for fd 38, revents = 2011
01-26 11:03:41.164  7961  7961 I ADB_SERVICES: service_to_fd shell,v2,TERM=xterm-256color,raw:dumpsys display
01-26 11:03:41.193   531   531 I SurfaceFlinger: screenshot (com.example.chatter/com.example.chatter.LoginPage#0)
01-26 11:03:41.196  7961 21033 I ADB_SERVICES: post waitpid (pid=21032) status=0000
01-26 11:03:41.196  7961  7961 I ADB_SERVICES: for fd 38, revents = 2011
01-26 11:03:41.196  7961  7961 I ADB_SERVICES: for fd 38, revents = 2011
01-26 11:03:41.206  7961  7961 I ADB_SERVICES: service_to_fd shell,v2,TERM=xterm-256color,raw:wm size
01-26 11:03:41.249  7961 21036 I ADB_SERVICES: post waitpid (pid=21035) status=0000
01-26 11:03:41.249  7961  7961 I ADB_SERVICES: for fd 38, revents = 2011
01-26 11:03:41.250  7961  7961 I ADB_SERVICES: for fd 38, revents = 2011
01-26 11:03:41.257  7961  7961 I ADB_SERVICES: service_to_fd shell,v2,TERM=xterm-256color,raw:dumpsys input
01-26 11:03:41.279  1226  3772 E TouchFilter: setTouchFilter LOG Enable prameter: 0
01-26 11:03:41.279  1226  3772 E TouchFilter: Event Hub Touch Filter log is disabled
01-26 11:03:41.279  1226  3772 E TouchFilter: Event Hub Touch Filter is enabled
01-26 11:03:41.281  7961 21041 I ADB_SERVICES: post waitpid (pid=21040) status=0000
01-26 11:03:41.281  7961  7961 I ADB_SERVICES: for fd 38, revents = 2010
01-26 11:03:41.282  7961  7961 I ADB_SERVICES: for fd 38, revents = 2011
01-26 11:03:41.291  7961  7961 I ADB_SERVICES: service_to_fd shell,v2,TERM=xterm-256color,raw:getprop ro.sf.lcd_density
01-26 11:03:41.307  7961 21044 I ADB_SERVICES: post waitpid (pid=21043) status=0000
01-26 11:03:41.308  7961  7961 I ADB_SERVICES: for fd 38, revents = 2010
01-26 11:03:41.308  7961  7961 I ADB_SERVICES: for fd 38, revents = 2011
01-26 11:03:41.314  7961  7961 I ADB_SERVICES: service_to_fd shell,v2,TERM=xterm-256color,raw:dumpsys display
01-26 11:03:41.326  7961  7961 I ADB_SERVICES: service_to_fd shell,v2,TERM=xterm-256color,raw:dumpsys display
01-26 11:03:41.343  7961 21046 I ADB_SERVICES: post waitpid (pid=21045) status=0000
01-26 11:03:41.343  7961  7961 I ADB_SERVICES: for fd 38, revents = 2011
01-26 11:03:41.343  7961  7961 I ADB_SERVICES: for fd 38, revents = 2011
01-26 11:03:41.352  7961  7961 I ADB_SERVICES: service_to_fd shell,v2,TERM=xterm-256color,raw:wm size
01-26 11:03:41.363  7961 21049 I ADB_SERVICES: post waitpid (pid=21048) status=0000
01-26 11:03:41.364  7961  7961 I ADB_SERVICES: for fd 42, revents = 2011
01-26 11:03:41.364  7961  7961 I ADB_SERVICES: for fd 42, revents = 2011
01-26 11:03:41.369  7961  7961 I ADB_SERVICES: service_to_fd shell,v2,TERM=xterm-256color,raw:wm size
01-26 11:03:41.390 21099 20956 I System.out: [socket]:check permission begin!
01-26 11:03:41.404  7961 21054 I ADB_SERVICES: post waitpid (pid=21053) status=0000
01-26 11:03:41.404  7961  7961 I ADB_SERVICES: for fd 41, revents = 2011
01-26 11:03:41.404  7961  7961 I ADB_SERVICES: for fd 41, revents = 2011
01-26 11:03:41.412  7961  7961 I ADB_SERVICES: service_to_fd shell,v2,TERM=xterm-256color,raw:dumpsys input
01-26 11:03:41.413  7961 21057 I ADB_SERVICES: post waitpid (pid=21056) status=0000
01-26 11:03:41.416  7961  7961 I ADB_SERVICES: for fd 42, revents = 2011
01-26 11:03:41.416  7961  7961 I ADB_SERVICES: for fd 42, revents = 2011
01-26 11:03:41.422  7961  7961 I ADB_SERVICES: service_to_fd shell,v2,TERM=xterm-256color,raw:dumpsys input
01-26 11:03:41.436  1226  3760 E TouchFilter: setTouchFilter LOG Enable prameter: 0
01-26 11:03:41.436  1226  3760 E TouchFilter: Event Hub Touch Filter log is disabled
01-26 11:03:41.436  1226  3760 E TouchFilter: Event Hub Touch Filter is enabled
01-26 11:03:41.441  7961 21065 I ADB_SERVICES: post waitpid (pid=21064) status=0000
01-26 11:03:41.441  7961  7961 I ADB_SERVICES: for fd 35, revents = 2010
01-26 11:03:41.441  7961  7961 I ADB_SERVICES: for fd 35, revents = 2011
01-26 11:03:41.447  1226  3760 E TouchFilter: setTouchFilter LOG Enable prameter: 0
01-26 11:03:41.447  1226  3760 E TouchFilter: Event Hub Touch Filter log is disabled
