01-26 11:02:14.935   504   594 I hwcomposer: [HWCDisplay] [Display_2 (type:2)] fps:1.254407,dur:2391.57,max:2355.63,min:16.91  
01-26 11:02:14.936 19003 19005 I BufferQueueProducer: [minicap](this:0x7dda84b000,id:0,api:1,p:531,c:19003) queueBuffer: fps=1.26 dur=2389.91 max=2355.67 min=16.61
01-26 11:02:14.937   504   594 I hwcomposer: [HWCDisplay] [Display_0 (type:1)] fps:1.255438,dur:2389.60,max:2355.87,min:16.37  
01-26 11:02:14.938   531   531 I SurfaceFlinger: screenshot (com.android.systemui.ImageWallpaper#0)
01-26 11:02:14.939   531   531 I SurfaceFlinger: screenshot (com.transsion.XOSLauncher/com.android.quickstep.src.com.android.launcher3.uioverrides.QuickstepLauncher#1)
01-26 11:02:14.940   420   420 I beanpodkeymaster: Enter BeanpodKeymaster BeginOperation
01-26 11:02:14.941   420   420 E beanpodkeymaster: Received 24 byte response
01-26 11:02:14.941   420   420 I beanpodkeymaster: Exit BeanpodKeymaster BeginOperation
01-26 11:02:14.948   420   420 I beanpodkeymaster: Enter BeanpodKeymaster UpdateOperation
01-26 11:02:14.948   420   420 E beanpodkeymaster: Received 132 byte response
01-26 11:02:14.948   420   420 I beanpodkeymaster: Exit BeanpodKeymaster UpdateOperation
01-26 11:02:14.951   420   420 I beanpodkeymaster: Enter BeanpodKeymaster FinishOperation
01-26 11:02:14.951   420   420 E beanpodkeymaster: Received 20 byte response
01-26 11:02:14.951   420   420 I beanpodkeymaster: Exit BeanpodKeymaster FinishOperation
01-26 11:02:14.959 26643 26706 W System.err: android.content.pm.PackageManager$NameNotFoundException: com.example.chatter
01-26 11:02:14.960 26643 26706 W System.err: 	at android.app.ApplicationPackageManager.getApplicationInfoAsUser(ApplicationPackageManager.java:414)
01-26 11:02:14.960 26643 26706 W System.err: 	at android.app.ApplicationPackageManager.getApplicationInfo(ApplicationPackageManager.java:395)
01-26 11:02:14.960 26643 26706 W System.err: 	at android.content.pm.PackageManager.getPackageArchiveInfo(PackageManager.java:5602)
01-26 11:02:14.960 26643 26706 W System.err: 	at aojt.b(PG:195)
01-26 11:02:14.960 26643 26706 W System.err: 	at bjiw.nQ(PG:6)
01-26 11:02:14.960 26643 26706 W System.err: 	at bjpu.run(PG:109)
01-26 11:02:14.960 26643 26706 W System.err: 	at java.util.concurrent.ThreadPoolExecutor.runWorker(ThreadPoolExecutor.java:1167)
01-26 11:02:14.960 26643 26706 W System.err: 	at java.util.concurrent.ThreadPoolExecutor$Worker.run(ThreadPoolExecutor.java:641)
01-26 11:02:14.960 26643 26706 W System.err: 	at mth.run(PG:1015)
01-26 11:02:14.960 26643 26706 W System.err: 	at java.lang.Thread.run(Thread.java:919)
01-26 11:02:14.975  7961  7961 I ADB_SERVICES: service_to_fd shell,v2,TERM=xterm-256color,raw:dumpsys display
01-26 11:02:14.987 26643 26668 I android.vendin: Waiting for a blocking GC ProfileSaver
01-26 11:02:14.989 26643 26706 E Finsky  : [420079] aolm.apply(888): Unknown error while classifying with gpp_3_3000001.pld
01-26 11:02:14.989 26643 26706 E Finsky  : java.lang.IllegalArgumentException: Internal error: Cannot create interpreter: Didn't find op for builtin opcode 'DEQUANTIZE' version '2'. An older version of this builtin might be supported. Are you using an old TFLite binary with a newer model?
01-26 11:02:14.989 26643 26706 E Finsky  : 
01-26 11:02:14.989 26643 26706 E Finsky  : Registration failed.
01-26 11:02:14.989 26643 26706 E Finsky  : 
01-26 11:02:14.989 26643 26706 E Finsky  : 	at org.tensorflow.lite.NativeInterpreterWrapper.createInterpreter(Native Method)
01-26 11:02:14.989 26643 26706 E Finsky  : 	at org.tensorflow.lite.NativeInterpreterWrapper.<init>(PG:90)
01-26 11:02:14.989 26643 26706 E Finsky  : 	at bkqr.<init>(PG:3)
01-26 11:02:14.989 26643 26706 E Finsky  : 	at aopv.a(PG:32)
01-26 11:02:14.989 26643 26706 E Finsky  : 	at qvm.apply(PG:239)
01-26 11:02:14.989 26643 26706 E Finsky  : 	at aygp.d(PG:3)
01-26 11:02:14.989 26643 26706 E Finsky  : 	at aygq.run(PG:38)
01-26 11:02:14.989 26643 26706 E Finsky  : 	at qd.execute(PG:8)
01-26 11:02:14.989 26643 26706 E Finsky  : 	at azeu.execute(PG:7)
01-26 11:02:14.989 26643 26706 E Finsky  : 	at aygm.g(PG:1)
01-26 11:02:14.989 26643 26706 E Finsky  : 	at aygm.j(PG:95)
01-26 11:02:14.989 26643 26706 E Finsky  : 	at aygm.m(PG:15)
01-26 11:02:14.989 26643 26706 E Finsky  : 	at ayhb.g(PG:43)
01-26 11:02:14.989 26643 26706 E Finsky  : 	at aygt.f(PG:53)
01-26 11:02:14.989 26643 26706 E Finsky  : 	at aygt.r(PG:18)
01-26 11:02:14.989 26643 26706 E Finsky  : 	at aygr.run(PG:7)
01-26 11:02:14.989 26643 26706 E Finsky  : 	at a.r(PG:1)
01-26 11:02:14.989 26643 26706 E Finsky  : 	at ayhg.execute(PG:1)
01-26 11:02:14.989 26643 26706 E Finsky  : 	at aygm.g(PG:1)
01-26 11:02:14.989 26643 26706 E Finsky  : 	at aygm.j(PG:95)
01-26 11:02:14.989 26643 26706 E Finsky  : 	at aygm.m(PG:15)
01-26 11:02:14.989 26643 26706 E Finsky  : 	at aygp.e(PG:1)
01-26 11:02:14.989 26643 26706 E Finsky  : 	at aygq.run(PG:44)
01-26 11:02:14.989 26643 26706 E Finsky  : 	at qd.execute(PG:8)
01-26 11:02:14.989 26643 26706 E Finsky  : 	at azeu.execute(PG:7)
01-26 11:02:14.989 26643 26706 E Finsky  : 	at aygm.g(PG:1)
01-26 11:02:14.989 26643 26706 E Finsky  : 	at aygm.j(PG:95)
01-26 11:02:14.989 26643 26706 E Finsky  : 	at aygm.m(PG:15)
01-26 11:02:14.989 26643 26706 E Finsky  : 	at ayhb.g(PG:43)
01-26 11:02:14.989 26643 26706 E Finsky  : 	at aygt.f(PG:53)
01-26 11:02:14.989 26643 26706 E Finsky  : 	at aygt.r(PG:18)
01-26 11:02:14.989 26643 26706 E Finsky  : 	at aygr.run(PG:7)
01-26 11:02:14.989 26643 26706 E Finsky  : 	at a.r(PG:1)
01-26 11:02:14.989 26643 26706 E Finsky  : 	at ayhg.execute(PG:1)
01-26 11:02:14.989 26643 26706 E Finsky  : 	at aygm.g(PG:1)
01-26 11:02:14.989 26643 26706 E Finsky  : 	at aygm.j(PG:95)
01-26 11:02:14.989 26643 26706 E Finsky  : 	at aygm.m(PG:15)
01-26 11:02:14.989 26643 26706 E Finsky  : 	at aygp.e(PG:1)
01-26 11:02:14.989 26643 26706 E Finsky  : 	at aygq.run(PG:44)
01-26 11:02:14.989 26643 26706 E Finsky  : 	at qd.execute(PG:8)
01-26 11:02:14.989 26643 26706 E Finsky  : 	at azeu.execute(PG:7)
01-26 11:02:14.989 26643 26706 E Finsky  : 	at aygm.g(PG:1)
01-26 11:02:14.989 26643 26706 E Finsky  : 	at aygm.j(PG:95)
01-26 11:02:14.989 26643 26706 E Finsky  : 	at aygm.m(PG:15)
01-26 11:02:14.989 26643 26706 E Finsky  : 	at aygp.e(PG:1)
01-26 11:02:14.989 26643 26706 E Finsky  : 	at aygq.run(PG:44)
01-26 11:02:14.989 26643 26706 E Finsky  : 	at qd.execute(PG:8)
01-26 11:02:14.989 26643 26706 E Finsky  : 	at azeu.execute(PG:7)
01-26 11:02:14.989 26643 26706 E Finsky  : 	at aygm.g(PG:1)
01-26 11:02:14.989 26643 26706 E Finsky  : 	at aygm.j(PG:95)
01-26 11:02:14.989 26643 26706 E Finsky  : 	at aygm.m(PG:15)
01-26 11:02:14.989 26643 26706 E Finsky  : 	at aoqb.a(PG:40)
01-26 11:02:14.989 26643 26706 E Finsky  : 	at aopg.a(PG:15)
01-26 11:02:14.989 26643 26706 E Finsky  : 	at aojt.b(PG:350)
01-26 11:02:14.989 26643 26706 E Finsky  : 	at bjiw.nQ(PG:6)
01-26 11:02:14.989 26643 26706 E Finsky  : 	at bjpu.run(PG:109)
01-26 11:02:14.989 26643 26706 E Finsky  : 	at java.util.concurrent.ThreadPoolExecutor.runWorker(ThreadPoolExecutor.java:1167)
01-26 11:02:14.989 26643 26706 E Finsky  : 	at java.util.concurrent.ThreadPoolExecutor$Worker.run(ThreadPoolExecutor.java:641)
01-26 11:02:14.989 26643 26706 E Finsky  : 	at mth.run(PG:1015)
01-26 11:02:14.989 26643 26706 E Finsky  : 	at java.lang.Thread.run(Thread.java:919)
01-26 11:02:14.996  7961 19221 I ADB_SERVICES: post waitpid (pid=19220) status=0000
01-26 11:02:14.997  7961  7961 I ADB_SERVICES: for fd 38, revents = 2010
01-26 11:02:14.997  7961  7961 I ADB_SERVICES: for fd 38, revents = 2011
01-26 11:02:15.006 26643 18862 E AbstractLogEventBuilder: The provided ProductIdOrigin 3 is not one of the process-level expected values: 1 or 2
01-26 11:02:15.007  7961  7961 I ADB_SERVICES: service_to_fd shell,v2,TERM=xterm-256color,raw:wm size
01-26 11:02:15.033  7961 19225 I ADB_SERVICES: post waitpid (pid=19224) status=0000
01-26 11:02:15.033  7961  7961 I ADB_SERVICES: for fd 38, revents = 2011
01-26 11:02:15.034  7961  7961 I ADB_SERVICES: for fd 38, revents = 2011
01-26 11:02:15.040  7961  7961 I ADB_SERVICES: service_to_fd shell,v2,TERM=xterm-256color,raw:dumpsys input
01-26 11:02:15.058  1226  3772 E TouchFilter: setTouchFilter LOG Enable prameter: 0
01-26 11:02:15.058  1226  3772 E TouchFilter: Event Hub Touch Filter log is disabled
01-26 11:02:15.058  1226  3772 E TouchFilter: Event Hub Touch Filter is enabled
01-26 11:02:15.060  7961 19233 I ADB_SERVICES: post waitpid (pid=19232) status=0000
01-26 11:02:15.060  7961  7961 I ADB_SERVICES: for fd 38, revents = 2010
01-26 11:02:15.061  7961  7961 I ADB_SERVICES: for fd 38, revents = 2011
01-26 11:02:15.065 26643 18862 I Finsky  : [420263] aoro.g(67): VerifyApps: Verification package=com.example.chatter, id=341, response=0, upload_requested=false
01-26 11:02:15.068 26643 18862 I Finsky  : [420263] aorg.c(304): VerifyApps: PAM result saving to datastore delayed for package: com.example.chatter
01-26 11:02:15.069  7961  7961 I ADB_SERVICES: service_to_fd shell,v2,TERM=xterm-256color,raw:getprop ro.sf.lcd_density
01-26 11:02:15.081  7961 19236 I ADB_SERVICES: post waitpid (pid=19235) status=0000
01-26 11:02:15.081  7961  7961 I ADB_SERVICES: for fd 38, revents = 2010
01-26 11:02:15.081  7961  7961 I ADB_SERVICES: for fd 38, revents = 2011
01-26 11:02:15.112 26643 26668 I android.vendin: WaitForGcToComplete blocked ProfileSaver on HeapTrim for 125.238ms
01-26 11:02:15.120 26643 26658 W System  : A resource failed to call close. 
01-26 11:02:15.120 26643 26658 W System  : A resource failed to call close. 
01-26 11:02:15.640  7961  7961 I ADB_SERVICES: service_to_fd shell,v2,TERM=xterm-256color,raw:ps
01-26 11:02:15.698  7961 19238 I ADB_SERVICES: post waitpid (pid=19237) status=0000
01-26 11:02:15.698  7961  7961 I ADB_SERVICES: for fd 38, revents = 2010
01-26 11:02:15.698  7961  7961 I ADB_SERVICES: for fd 38, revents = 2011
01-26 11:02:16.021  1226  1226 I MWN     : Write 0 to node. type=Wi-Fi mSimExist=true mFlightMode=false
01-26 11:02:16.252 19173 19173 W entsScanService: type=1400 audit(0.0:1381027): avc: denied { getattr } for path="/data/data/com.android.vending" dev="mmcblk0p40" ino=4056 scontext=u:r:isolated_app:s0:c512,c768 tcontext=u:object_r:privapp_data_file:s0:c512,c768 tclass=dir permissive=0
01-26 11:02:16.264 19173 19173 E libc    : Access denied finding property "persist.vendor.sys.os.typeface.defaultfont.hash"
01-26 11:02:16.260 19173 19173 W entsScanService: type=1400 audit(0.0:1381029): avc: denied { getattr } for path="/dev/__properties__/u:object_r:persist_transsion_os_typeface_support_prop:s0" dev="tmpfs" ino=10551 scontext=u:r:isolated_app:s0:c512,c768 tcontext=u:object_r:persist_transsion_os_typeface_support_prop:s0 tclass=file permissive=0
01-26 11:02:16.370 19173 19173 I LoadedApk: No resource references to update in package com.transsion.theme.icon
01-26 11:02:16.398 26643 26643 I PlayCore: UID: [10119]  PID: [26643] aojo : ServiceConnectionImpl.onServiceConnected(ComponentInfo{com.android.vending/com.google.android.finsky.verifier.apkanalysis.service.ApkContentsScanService})
01-26 11:02:16.398 26643 13275 I PlayCore: UID: [10119]  PID: [26643] aojo : linkToDeath
01-26 11:02:16.482 19173 19239 I native  : I0000 00:00:1737867736.482055   19239 zip_archive.cpp:490] +++ Found EOCD at buf+65535
01-26 11:02:16.482 19173 19239 I native  : I0000 00:00:1737867736.482399   19239 zip_archive.cpp:534] +++ num_entries=1005dir_size=92642 dir_offset=22184310
01-26 11:02:16.482 19173 19239 I native  : I0000 00:00:1737867736.482578   19239 file_map.cpp:112] MAP: base 0x76f49b0000/93016 data 0x76f49b0176/92642
01-26 11:02:16.483 19173 19239 I native  : I0000 00:00:1737867736.483035   19239 zip_archive.cpp:686] +++ zip good scan 1005 entries
01-26 11:02:16.655  7961  7961 I ADB_SERVICES: service_to_fd shell,v2,TERM=xterm-256color,raw:pm list packages -f
01-26 11:02:16.688  7961 19241 I ADB_SERVICES: post waitpid (pid=19240) status=0000
01-26 11:02:16.688  7961  7961 I ADB_SERVICES: for fd 38, revents = 2010
01-26 11:02:16.688  7961  7961 I ADB_SERVICES: for fd 38, revents = 2011
01-26 11:02:16.706  7961  7961 I ADB_SERVICES: service_to_fd shell,v2,TERM=xterm-256color,raw:ps
01-26 11:02:16.760  7961 19246 I ADB_SERVICES: post waitpid (pid=19245) status=0000
01-26 11:02:16.760  7961  7961 I ADB_SERVICES: for fd 38, revents = 2010
01-26 11:02:16.760  7961  7961 I ADB_SERVICES: for fd 38, revents = 2011
01-26 11:02:16.909 19173 19239 I native  : I0000 00:00:1737867736.909145   19239 zip_archive.cpp:774] Closing archive 0x778262cc70
01-26 11:02:16.956 26643 13275 I PlayCore: UID: [10119]  PID: [26643] aojo : Unbind from service.
01-26 11:02:16.957 26643 26673 I Finsky  : [420061] aojv.d(464): Apk Analysis Protection verdict logged: 0.
01-26 11:02:16.958  1226  3772 I ActivityManager: Killing 19173:com.android.vending:com.google.android.finsky.verifier.apkanalysis.service.ApkContentsScanService/u0a119i901 (adj 0): isolated not needed
01-26 11:02:16.959  1226  1254 I libprocessgroup: Successfully killed process cgroup uid 99901 pid 19173 in 0ms
01-26 11:02:16.963 26643 26712 I Finsky  : [420083] apbf.a(242): VerifyApps: APK Analysis scan finished for com.example.chatter. Verdict: SAFE
01-26 11:02:16.964 26643 18862 I Finsky  : [420263] aorm.c(25): Apk Analysis scan verification duration=PT2.216S 
01-26 11:02:16.967 26643 26706 E AbstractLogEventBuilder: The provided ProductIdOrigin 3 is not one of the process-level expected values: 1 or 2
01-26 11:02:16.970 26643 18668 I Finsky  : [420258] VerifyRequiredSplitTypesInstallTask.mf(55): VerifyApps: Starting required split types check for com.example.chatter.
01-26 11:02:16.973 26643 18668 I Finsky  : [420258] VerifyRequiredSplitTypesInstallTask.mf(651): VerifyApps: Required split types check successful for com.example.chatter.
01-26 11:02:16.973 26643 18668 I Finsky  : [420258] VerifyAdvancedProtectionInstallTask.mf(11): VerifyApps AdvancedProtection: Verify AP install started
01-26 11:02:16.974 26643 18668 I Finsky  : [420258] VerifyAdvancedProtectionInstallTask.mf(44): VerifyApps AdvancedProtection: Allowing install because there are no Advanced Protection users
01-26 11:02:16.974 26643 26643 I Finsky  : [2] VerifyAdvancedProtectionInstallTask.md(33): VerifyApps AdvancedProtection: Reported Advanced Protection verification result: ALLOW
01-26 11:02:16.977 26643 18668 E Finsky  : [420258] VerifyPerSourceInstallationConsentInstallTask.e(20): Package name null is not an installed package
01-26 11:02:16.979 26643 18668 I Finsky  : [420258] VerifyPerSourceInstallationConsentInstallTask.mf(344): Skipping logging for attempted installation. The source is a system package.
01-26 11:02:16.981 26643 18668 I Finsky  : [420258] VerifyInstallTask.j(25): VerifyApps: Returning package verification result id=341, result=ALLOW
01-26 11:02:16.982 26643 26643 I Finsky  : [2] VerifyInstallTask.md(84): VerifyApps: Install-time verification complete: id=341, package_name=com.example.chatter
01-26 11:02:16.997 26643 26796 I PlayCore: UID: [10119]  PID: [26643] aojo : reportBinderDeath
01-26 11:02:16.997 26643 26796 I PlayCore: UID: [10119]  PID: [26643] aojo : ApkContentsScanService : Binder has died.
01-26 11:02:16.998   490   490 I Zygote  : Process 19173 exited due to signal 9 (Killed)
01-26 11:02:17.088  1226  1281 W PackageSettings: Skipping PackageSetting{5399cf7 com.fast.ufovpn.proxy/10490} due to missing metadata
01-26 11:02:17.113  1226  1242 W Looper  : Slow dispatch took 115ms android.ui h=com.android.server.am.ActivityManagerService$UiHandler c=null m=53
01-26 11:02:17.114  1226  1281 W PackageManager: Cannot whitelist unknown permission: android.permission.POST_NOTIFICATIONS
01-26 11:02:17.115  1226  1281 I PowerHalWrapper: <setInstallationBoost> enable:false 
01-26 11:02:17.116   518   567 I libPowerHal: 44: cpu_ctrl set freq: -1 -1 -1 -1
01-26 11:02:17.117   489  8539 I netd    : trafficSetNetPermForUids(4, [11185]) <0.03ms>
01-26 11:02:17.118  1226  1281 I AppStatusTracker: TrackAppInstall com.example.chatter
01-26 11:02:17.118  1226  1281 I DropBoxManagerService: add tag=app_install isTagEnabled=true flags=0x2
01-26 11:02:17.129   623  4718 E         : Couldn't opendir /data/app/vmdl645605342.tmp: No such file or directory
01-26 11:02:17.129  1226  1252 W BroadcastQueue: Background execution not allowed: receiving Intent { act=android.intent.action.DROPBOX_ENTRY_ADDED flg=0x10 (has extras) } to com.google.android.gms/.stats.service.DropBoxEntryAddedReceiver
01-26 11:02:17.129   623  4718 E installd: Failed to delete /data/app/vmdl645605342.tmp: No such file or directory
01-26 11:02:17.133  7961 19118 I ADB_SERVICES: post waitpid (pid=19117) status=0000
01-26 11:02:17.192  1226  1226 I RoleManagerService: Granting default permissions...
01-26 11:02:17.201 17876 17876 I Hoffnung: onReceive Intent { act=android.intent.action.PACKAGE_ADDED dat=package:com.example.chatter flg=0x4000010 (has extras) }
01-26 11:02:17.201  4921  4921 I SmartPanel_TouchView: PackageReceiver received uri null false, action = android.intent.action.PACKAGE_ADDED
01-26 11:02:17.202  4921  4921 I SmartPanel_TouchView: PackageReceiver received
01-26 11:02:17.202  4921  4921 I SmartPanel_TouchView: packageAdd pkgName = com.example.chatter
01-26 11:02:17.202  4921  4921 I SmartPanel_SmartPanelPresenter: addAppShortcutToPanel pkgName=com.example.chatter,isInitDataFinished =true
01-26 11:02:17.203 21704 21704 I exem    : (REDACTED) O received %s
01-26 11:02:17.204   489  8539 I netd    : firewallSetUidRule(2, 11185, 2) <0.07ms>
01-26 11:02:17.210  4685  4685 I phonemaster_log: HiManager_AppReceiverWork: onReceive  action :android.intent.action.PACKAGE_ADDED
01-26 11:02:17.211  4685  4685 I phonemaster_log: HiManager_AppReceiverWork: onReceive  EXTRA_STATUS :0
01-26 11:02:17.211  4685  4685 I phonemaster_log: HiManager_AppReceiverWork: onReceive  EXTRA_STATUS_MESSAGE :null
01-26 11:02:17.211 26643 26643 I Finsky  : [2] aaxu.i(1): aaxu - Received: android.intent.action.PACKAGE_ADDED, [vhPmtUFGR3qRQU67IV18GNuSQ8W4M_KeuI8QPfupi48]
01-26 11:02:17.211  4685  4685 I phonemaster_log: HiManager_AppReceiverWork: onReceive    :null
01-26 11:02:17.211  4685  4685 I phonemaster_log: HiManager_AppReceiverWork: onReceive   pkgName:com.example.chatter
01-26 11:02:17.213  4685  4685 I phonemaster_log: HiManager_LauncherInstallUtil: firstInstallTime    1737867736993  lastUpdateTime  1737867736993
01-26 11:02:17.215  4685  4685 I phonemaster_log: HiManager_AppReceiverWork: doRiskAppScan, pkgName:com.example.chatter, reason:
01-26 11:02:17.216  1226  1347 I InputReader: Reconfiguring input devices.  changes=0x00000010
01-26 11:02:17.218  4685  4685 I phonemaster_log: HiManager_q0: readFile app_installed_prompt_config.txt error !
01-26 11:02:17.240 26643 18653 I Finsky  : [420246] qwf.accept(105): Wrote row to frosting DB: 173879
01-26 11:02:17.252  1226  1226 I NotificationService: pkgList.length=1
01-26 11:02:17.254  4921  4921 W ContextImpl: Calling a method in the system process without a qualified user: android.app.ContextImpl.sendBroadcast:1062 android.content.ContextWrapper.sendBroadcast:448 com.transsion.smartpanel.presenter.SmartPanelPresenter.a:101 com.transsion.smartpanel.presenter.SmartPanelPresenter.a:62 com.transsion.smartpanel.view.w$e.onReceive:30 
01-26 11:02:17.255 23768 23824 I Bugle   : BroadcastReceiverAsyncWorkTracker: Acknowledging broadcast of cggb@139d741
01-26 11:02:17.256  1226  1226 I DeviceIdleController: ACTION_INSTALL_APK 
01-26 11:02:17.259  1226  1252 W BroadcastQueue: Background execution not allowed: receiving Intent { act=android.intent.action.PACKAGE_ADDED dat=package:com.example.chatter flg=0x4000010 (has extras) } to com.google.android.packageinstaller/com.android.packageinstaller.PackageInstalledReceiver
01-26 11:02:17.262  1226  1252 W BroadcastQueue: Background execution not allowed: receiving Intent { act=android.intent.action.PACKAGE_ADDED dat=package:com.example.chatter flg=0x4000010 (has extras) } to com.android.musicfx/.Compatibility$Receiver
01-26 11:02:17.266  1226  1252 W BroadcastQueue: Background execution not allowed: receiving Intent { act=android.intent.action.PACKAGE_ADDED dat=package:com.example.chatter flg=0x4000010 (has extras) } to com.android.vending/com.google.android.finsky.packagemonitor.impl.PackageMonitorReceiverImpl$RegisteredReceiver
01-26 11:02:17.274  1226  1239 E ActivityManager: Sending non-protected broadcast refresh_beeline from system 4921:com.transsion.smartpanel/1000 pkg com.transsion.smartpanel
01-26 11:02:17.274  1226  1239 E ActivityManager: java.lang.Throwable
01-26 11:02:17.274  1226  1239 E ActivityManager: 	at com.android.server.am.ActivityManagerService.checkBroadcastFromSystem(ActivityManagerService.java:16564)
01-26 11:02:17.274  1226  1239 E ActivityManager: 	at com.android.server.am.ActivityManagerService.broadcastIntentLocked(ActivityManagerService.java:17231)
01-26 11:02:17.274  1226  1239 E ActivityManager: 	at com.android.server.am.ActivityManagerService.broadcastIntentLocked(ActivityManagerService.java:16581)
01-26 11:02:17.274  1226  1239 E ActivityManager: 	at com.android.server.am.ActivityManagerService.broadcastIntent(ActivityManagerService.java:17414)
01-26 11:02:17.274  1226  1239 E ActivityManager: 	at android.app.IActivityManager$Stub.onTransact(IActivityManager.java:2222)
01-26 11:02:17.274  1226  1239 E ActivityManager: 	at com.android.server.am.ActivityManagerService.onTransact(ActivityManagerService.java:3153)
01-26 11:02:17.274  1226  1239 E ActivityManager: 	at android.os.Binder.execTransactInternal(Binder.java:1046)
01-26 11:02:17.274  1226  1239 E ActivityManager: 	at android.os.Binder.execTransact(Binder.java:997)
01-26 11:02:17.276  1226  1239 I DropBoxManagerService: add tag=system_server_wtf isTagEnabled=true flags=0x2
01-26 11:02:17.279  1226  1239 W AES     : Exception Log handling...system_server_wtf
01-26 11:02:17.280  1226  1239 W AES     : skip for Exp level 0
01-26 11:02:17.280  1226  1252 W BroadcastQueue: Background execution not allowed: receiving Intent { act=android.intent.action.PACKAGE_ADDED dat=package:com.example.chatter flg=0x4000010 (has extras) } to com.android.vending/com.google.android.finsky.packagemonitor.backgroundimpl.BackgroundPackageMonitorReceiverImpl$RegisteredReceiver
01-26 11:02:17.280  1226  1252 W BroadcastQueue: Background execution not allowed: receiving Intent { act=android.intent.action.PACKAGE_ADDED dat=package:com.example.chatter flg=0x4000010 (has extras) } to com.facebook.appmanager/com.facebook.oxygen.common.packages.event.manifest.ManifestPackageEventReceiver
01-26 11:02:17.281  1226  1252 W BroadcastQueue: Background execution not allowed: receiving Intent { act=android.intent.action.PACKAGE_ADDED dat=package:com.example.chatter flg=0x4000010 (has extras) } to com.google.android.gms/.chimera.GmsIntentOperationService$PersistentTrustedReceiver
01-26 11:02:17.281  1226  1252 W BroadcastQueue: Background execution not allowed: receiving Intent { act=android.intent.action.PACKAGE_ADDED dat=package:com.example.chatter flg=0x4000010 (has extras) } to com.google.android.gms/.games.chimera.GamesSystemBroadcastReceiverProxy
01-26 11:02:17.281  1226  1252 W BroadcastQueue: Background execution not allowed: receiving Intent { act=android.intent.action.PACKAGE_ADDED dat=package:com.example.chatter flg=0x4000010 (has extras) } to com.google.android.gms/.gass.chimera.PackageChangeBroadcastReceiver
01-26 11:02:17.285  1226  1252 W BroadcastQueue: Background execution not allowed: receiving Intent { act=android.intent.action.PACKAGE_ADDED dat=package:com.example.chatter flg=0x4000010 (has extras) } to com.google.android.ims/.receivers.RcsAutoStartReceiver
01-26 11:02:17.286  1226  1252 W BroadcastQueue: Background execution not allowed: receiving Intent { act=android.intent.action.PACKAGE_ADDED dat=package:com.example.chatter flg=0x4000010 (has extras) } to com.kikaoem.qisiemoji.inputmethod.cy.se/com.qisi.receiver.ApkMonitorReceiver
01-26 11:02:17.290  1226  1226 I Telecom : DefaultDialerCache: Refreshing default dialer for user 0: now com.sh.smart.caller: DDC.oR@Qi4
01-26 11:02:17.291  1226  1252 W BroadcastQueue: Background execution not allowed: receiving Intent { act=android.intent.action.PACKAGE_ADDED dat=package:com.example.chatter flg=0x4000010 (has extras) } to com.facebook.katana/com.facebook.feed.platformads.AppInstallReceiver
01-26 11:02:17.294 26643 26643 I Finsky  : [2] apeu.c(44): Do not start WearSupportService due to Wear service optimization
01-26 11:02:17.295 26643 26693 I Finsky  : [420074] mnh.a(58): AIM: AppInfoManager-Perf > OnDeviceAppInfo > cacheHitCount=0, cacheMissCount=1. Missed  in cache (limit 10) : [com.example.chatter]
01-26 11:02:17.295 26643 26643 I Finsky  : [2] ahjq.f(9): Clearing split related stale data.
01-26 11:02:17.301 26643 26693 I Finsky  : [420074] lrt.apply(1250): AIM: Got app ownership map. App counts: . Unique apps: 0
01-26 11:02:17.301 26643 26693 E Finsky  : [420074] aejp.u(55): [Counters] attempted to use a non-positive increment for: 4752
01-26 11:02:17.302 26643 26693 E Finsky  : [420074] aejp.u(55): [Counters] attempted to use a non-positive increment for: 4753
01-26 11:02:17.321 26643 26693 I Finsky  : [420074] mnc.a(230): AIM: AppInfoManager-Perf > ItemModel > CacheSize=90, cacheHitCount=0, cacheMissCount=0, total appsWithNoServerDataCount=5. Missed  in cache (limit 10) : []
01-26 11:02:17.325  1226  1241 W Looper  : Slow dispatch took 131ms android.fg h=android.os.Handler c=com.android.server.om.-$$Lambda$OverlayManagerService$OverlayChangeListener$u9oeN2C0PDMo0pYiLqfMBkwuMNA@504c301 m=0
01-26 11:02:17.326 26643 18653 I Finsky  : [420246] qwf.accept(105): Wrote row to frosting DB: 173880
01-26 11:02:17.343 26643 26643 I Finsky  : [2] vbn.jA(13): DTU: Received onPackageAdded, replacing: false
01-26 11:02:17.343 26643 26643 I Finsky  : [2] mll.f(9): AIM: AppInfoCacheUpdater -> invalidating apps: [com.example.chatter]
01-26 11:02:17.344 26643 26643 I Finsky  : [2] mma.c(21): AIM: AppInfoManager-Perf > getApps > called for 1 apps
01-26 11:02:17.345 26643 26712 I Finsky  : [420083] mnh.a(58): AIM: AppInfoManager-Perf > OnDeviceAppInfo > cacheHitCount=0, cacheMissCount=1. Missed  in cache (limit 10) : [com.example.chatter]
01-26 11:02:17.351  1226  1249 W SearchableInfo: Invalid searchable metadata for com.imo.android.imoimbeta/com.imo.android.imoim.search.activity.Searchable: Search label must be a resource reference.
01-26 11:02:17.361 13614 19262 W GCM     : Unexpected forwarded intent: Intent { act=android.intent.action.PACKAGE_ADDED dat=package:com.example.chatter flg=0x4000010 pkg=com.google.android.gms cmp=com.google.android.gms/.chimera.PersistentIntentOperationService (has extras) }
01-26 11:02:17.357 26643 18665 I Finsky  : [420255] oml.kj(78): [ContentSync] finished, scheduled=false
01-26 11:02:17.365 13614 19260 W NetworkScheduler: Unexpected forwarded intent: Intent { act=android.intent.action.PACKAGE_ADDED dat=package:com.example.chatter flg=0x4000010 pkg=com.google.android.gms cmp=com.google.android.gms/.chimera.PersistentIntentOperationService (has extras) }
01-26 11:02:17.369  1226  1252 E NotificationService: Suppressing notification from package by user request.
01-26 11:02:17.370  1600  1600 E PhoneInterfaceManager: [PhoneIntfMgr] getCarrierPackageNamesForIntent: No UICC
01-26 11:02:17.384 26643 26712 I Finsky  : [420083] lrt.apply(1250): AIM: Got app ownership map. App counts: . Unique apps: 0
01-26 11:02:17.384 26643 26712 E Finsky  : [420083] aejp.u(55): [Counters] attempted to use a non-positive increment for: 4752
01-26 11:02:17.387 26643 26712 E Finsky  : [420083] aejp.u(55): [Counters] attempted to use a non-positive increment for: 4753
01-26 11:02:17.396  1226  1244 W ActivityTaskManager: update dualprofiel: packageName:com.example.chatter, user:UserHandle{0}, action:android.intent.action.PACKAGE_ADDED
01-26 11:02:17.402 21099 19271 I Auth    : (REDACTED) [SupervisedAccountIntentOperationV2] onHandleIntent: %s
01-26 11:02:17.471 21099 16618 I Icing   : Indexing com.google.android.gms-apps from com.google.android.gms
01-26 11:02:17.492 21099 16618 I Icing   : Indexing done com.google.android.gms-apps
01-26 11:02:17.518 26643 26735 I Finsky  : [420089] mnc.a(230): AIM: AppInfoManager-Perf > ItemModel > CacheSize=90, cacheHitCount=0, cacheMissCount=0, total appsWithNoServerDataCount=5. Missed  in cache (limit 10) : []
01-26 11:02:17.522  1226  1361 E WifiVendorHal: getWifiLinkLayerStats_1_3_Internal(l.927) failed {.code = ERROR_NOT_SUPPORTED, .description = }
01-26 11:02:17.525 26643 26735 I Finsky  : [420089] lkr.accept(134): AIM: AppInfoManager-Perf > getApps > data collection finished
01-26 11:02:17.525 26643 26735 I Finsky  : [420089] ldy.run(40): AIM: AppInfoManager-Perf > maybeDestroyAppInfoManager is called. actives = 0
01-26 11:02:17.550   504   594 I hwcomposer: [HWC] (0) displayGetActiveConfig config:0  
01-26 11:02:17.563   531  1990 I BufferQueueProducer: [com.transsion.XOSLauncher/com.android.quickstep.src.com.android.launcher3.uioverrides.QuickstepLauncher#1](this:0x7b2faf4800,id:181591,api:1,p:1643,c:531) queueBuffer: fps=0.60 dur=5039.35 max=5011.09 min=4.95
01-26 11:02:17.578   531   531 I BufferQueueProducer: [VDS: minicap](this:0x7b371f7800,id:181592,api:1,p:531,c:531) queueBuffer: fps=0.38 dur=2643.57 max=2643.57 min=2643.57
01-26 11:02:17.579   504   594 I hwcomposer: [HWCDisplay] [Display_2 (type:2)] fps:0.378237,dur:2643.84,max:2643.84,min:2643.84  
01-26 11:02:17.580 19003 19005 I BufferQueueProducer: [minicap](this:0x7dda84b000,id:0,api:1,p:531,c:19003) queueBuffer: fps=0.38 dur=2644.01 max=2644.01 min=2644.01
01-26 11:02:17.582   504   594 I hwcomposer: [HWCDisplay] [Display_0 (type:1)] fps:0.378163,dur:2644.36,max:2644.36,min:2644.36  
01-26 11:02:17.583   531   531 I SurfaceFlinger: screenshot (com.android.systemui.ImageWallpaper#0)
01-26 11:02:17.583   531   531 I SurfaceFlinger: screenshot (com.transsion.XOSLauncher/com.android.quickstep.src.com.android.launcher3.uioverrides.QuickstepLauncher#1)
01-26 11:02:17.511  1226  1241 I chatty  : uid=1000(system) android.fg identical 1 line
01-26 11:02:17.619  1226  1241 W Looper  : Slow delivery took 223ms android.fg h=android.os.Handler c=<recycled PooledLambda@adf9716> m=0
01-26 11:02:17.633  1643  1662 I ion.XOSLaunche: NativeAlloc concurrent copying GC freed 85990(4548KB) AllocSpace objects, 4(160KB) LOS objects, 60% free, 8079KB/19MB, paused 103us total 132.210ms
01-26 11:02:17.652  1643  1663 W JavaBinder: BinderProxy is being destroyed but the application did not call unlinkToDeath to unlink all of its death recipients beforehand.  Releasing leaked death recipient: com.android.overlay.LauncherClient$ZSDeathRecipient
01-26 11:02:17.652  1643  1664 W Parcel  : release_object BINDER_TYPE_HANDLE strongCount==2
01-26 11:02:17.652  1643  1664 I chatty  : uid=10082(com.transsion.XOSLauncher) FinalizerDaemon identical 4 lines
01-26 11:02:17.652  1643  1664 W Parcel  : release_object BINDER_TYPE_HANDLE strongCount==2
01-26 11:02:17.670  7961  7961 I ADB_SERVICES: service_to_fd shell,v2,TERM=xterm-256color,raw:dumpsys display
01-26 11:02:17.722  7961 19278 I ADB_SERVICES: post waitpid (pid=19277) status=0000
01-26 11:02:17.722  7961  7961 I ADB_SERVICES: for fd 37, revents = 2011
01-26 11:02:17.723  7961  7961 I ADB_SERVICES: for fd 37, revents = 2011
01-26 11:02:17.733  7961  7961 I ADB_SERVICES: service_to_fd shell,v2,TERM=xterm-256color,raw:wm size
01-26 11:02:17.755 17876 17876 I Hoffnung: LocalBroadcastManager onReceive Intent { act=android.intent.action.PACKAGE_ADDED dat=package:com.example.chatter flg=0x4000010 (has extras) }
01-26 11:02:17.761  1643  1827 I chatty  : uid=10082(com.transsion.XOSLauncher) launcher-loader identical 1 line
01-26 11:02:17.770  7961  7961 I ADB_SERVICES: service_to_fd shell,v2,TERM=xterm-256color,raw:ps
01-26 11:02:17.775  7961 19283 I ADB_SERVICES: post waitpid (pid=19282) status=0000
01-26 11:02:17.775  7961  7961 I ADB_SERVICES: for fd 37, revents = 2011
01-26 11:02:17.775  7961  7961 I ADB_SERVICES: for fd 37, revents = 2011
01-26 11:02:17.781  7961  7961 I ADB_SERVICES: service_to_fd shell,v2,TERM=xterm-256color,raw:dumpsys input
01-26 11:02:17.800  1226  1934 E TouchFilter: setTouchFilter LOG Enable prameter: 0
01-26 11:02:17.800  1226  1934 E TouchFilter: Event Hub Touch Filter log is disabled
01-26 11:02:17.800  1226  1934 E TouchFilter: Event Hub Touch Filter is enabled
01-26 11:02:17.803  7961 19291 I ADB_SERVICES: post waitpid (pid=19290) status=0000
01-26 11:02:17.803  7961  7961 I ADB_SERVICES: for fd 40, revents = 2010
01-26 11:02:17.804  7961  7961 I ADB_SERVICES: for fd 40, revents = 2011
01-26 11:02:17.812  7961  7961 I ADB_SERVICES: service_to_fd shell,v2,TERM=xterm-256color,raw:getprop ro.sf.lcd_density
01-26 11:02:17.828  7961 19294 I ADB_SERVICES: post waitpid (pid=19293) status=0000
01-26 11:02:17.828  7961  7961 I ADB_SERVICES: for fd 40, revents = 2010
01-26 11:02:17.828 17876 17876 I TPMS_EVENT: Notify com.transsion.phonemanager of app_install:com.example.chatter
01-26 11:02:17.828  7961  7961 I ADB_SERVICES: for fd 40, revents = 2011
01-26 11:02:17.795  1226  1241 I chatty  : uid=1000(system) android.fg identical 2 lines
01-26 11:02:17.829 17876 17876 W ContextImpl: Calling a method in the system process without a qualified user: android.app.ContextImpl.startService:1667 android.content.ContextWrapper.startService:669 com.hoffnung.external.e$j.l:6 com.hoffnung.external.e$j.p:7 com.hoffnung.external.e.X:4 
01-26 11:02:17.840  4781 19295 I phonemaster_log: HiManager_CustomTpmsEventService: receiver4 event=app_install value=com.example.chatter
01-26 11:02:17.840  4781 19295 I phonemaster_log: HiManager_CustomTpmsEventService: rebootTime=4572272894
01-26 11:02:17.840  4781 19295 I phonemaster_log: HiManager_CustomTpmsEventService: appScanTime=1615307079072
01-26 11:02:17.846  7961 19288 I ADB_SERVICES: post waitpid (pid=19287) status=0000
01-26 11:02:17.846  7961  7961 I ADB_SERVICES: for fd 41, revents = 2010
01-26 11:02:17.847  7961  7961 I ADB_SERVICES: for fd 41, revents = 2011
01-26 11:02:17.853  1643  1827 I chatty  : uid=10082(com.transsion.XOSLauncher) launcher-loader identical 1 line
01-26 11:02:17.860  4685  4997 I phonemaster_log: HiManager_NetworkProvider: APP_INSTALL action packageName=com.example.chatter
01-26 11:02:17.876  1643  1827 I chatty  : uid=10082(com.transsion.XOSLauncher) launcher-loader identical 2 lines
01-26 11:02:17.898  1643  1827 I chatty  : uid=10082(com.transsion.XOSLauncher) launcher-loader identical 3 lines
01-26 11:02:17.912  1643  1827 I chatty  : uid=10082(com.transsion.XOSLauncher) launcher-loader identical 1 line
01-26 11:02:17.928  1226  1241 W Looper  : Drained
01-26 11:02:17.930  1643  1827 I chatty  : uid=10082(com.transsion.XOSLauncher) launcher-loader identical 2 lines
01-26 11:02:17.936   643   643 I thermal_repeater: [recvMdThermalInfo] ret=29, strLen=127,  3, 40, -50, -28361, 32767, 0
01-26 11:02:18.028 13860 18721 I dkng    : (REDACTED) Writing data of size=%d bytes with N=%d keys to Geller corpus %s at ts=%d
01-26 11:02:18.038 13860 13890 I ajwb    : refreshDeviceAppInfoForAccount done.
01-26 11:02:18.048 13860 13911 I ajwb    : refreshDeviceAppInfoForAccount done.
01-26 11:02:18.061 13860 13911 I ajwb    : refreshDeviceAppInfoForAccount done.
01-26 11:02:18.074 13860 13911 I ajwb    : refreshDeviceAppInfoForAccount done.
01-26 11:02:18.091 13860 13911 I chatty  : uid=10125(com.google.android.googlequicksearchbox) BG Thread #3 identical 2 lines
01-26 11:02:18.101 13860 13911 I ajwb    : refreshDeviceAppInfoForAccount done.
01-26 11:02:18.133  1226  1249 I RoleUserState: Wrote roles.xml successfully
01-26 11:02:18.222  1226  1322 W RemoteCallbackList: Size=199063 remote callbacks registered.
01-26 11:02:18.231 13614 18783 I NetworkScheduler.Stats: (REDACTED) Task %s/%s started execution. cause:%s exec_start_elapsed_seconds: %s
01-26 11:02:18.241 21099 16618 I PlayGamesServices[GamesSyncAdapter]: Starting sync for c5f7bdce
01-26 11:02:18.242  1226  1235 I system_server: Background concurrent copying GC freed 691413(49MB) AllocSpace objects, 132(9852KB) LOS objects, 12% free, 160MB/184MB, paused 174us total 1.115s
01-26 11:02:18.243 21099 16618 I PlayGamesServices[GamesSyncAdapter]: Sync duration for c5f7bdce: 2
01-26 11:02:18.255 21099 16618 W PlayGamesServices[DataBroker]: No player ID found when refreshing
01-26 11:02:18.256 21099 16618 I chatty  : uid=10132(com.google.android.gms) lowpool[1444] identical 1 line
01-26 11:02:18.256 21099 16618 W PlayGamesServices[DataBroker]: No player ID found when refreshing
01-26 11:02:18.284 13614 18785 I NetworkScheduler.Stats: (REDACTED) Task %s/%s finished executing. cause:%s result: %s elapsed_millis: %s uptime_millis: %s exec_start_elapsed_seconds: %s
01-26 11:02:18.294 21099 23936 I GetServiceValidatorImpl: (REDACTED) onGetService() from Client SDK version [%s], Module version [%s], PGA version [%s], Account [%s], Calling package [%s], Game package [%s]
01-26 11:02:18.297 21099 23936 W GetGamesServiceReqFacto: Parsing request with ignored arguments. signInOptionsBundle [Bundle[{com.google.android.gms.signin.internal.serverClientId=null, com.google.android.gms.signin.internal.usePromptModeForAuthCode=true, com.google.android.gms.signin.internal.logSessionId=null, com.google.android.gms.signin.internal.hostedDomain=null, com.google.android.gms.signin.internal.offlineAccessRequested=false, com.google.android.gms.signin.internal.waitForAccessTokenRefresh=false, com.google.android.gms.signin.internal.clientRequestedAccount=Account {name=<<default account>>, type=com.google}, com.google.android.gms.signin.internal.idTokenRequested=false, com.google.android.gms.signin.internal.forceCodeForRefreshToken=false}]], isRetryingSignIn [false], skipWelcomePopup [false], requireGooglePlus [false]
01-26 11:02:18.298 21099 23936 I GetGamesServiceReqFacto: Replacing request for `games` scope with `games_lite`
01-26 11:02:18.304 21099 19297 I SignInPerformer-9: (REDACTED) Handling request [%s], isFirstPartyCaller [%s]
01-26 11:02:18.306 21099 19297 I SignInPerformer-9: Successfully brokered first-party unauthenticated GamesService [CONTEXT service_id=1 ]
01-26 11:02:18.310 21099 19297 I GetGamesServiceV2Op: (REDACTED) Successfully brokered GamesService for request %s
01-26 11:02:18.341 13614 18783 I NetworkScheduler.Stats: (REDACTED) Task %s/%s started execution. cause:%s exec_start_elapsed_seconds: %s
01-26 11:02:18.366  1226  1934 W RemoteCallbackList: Size=199064 remote callbacks registered.
01-26 11:02:18.376 13614 18785 I NetworkScheduler.Stats: (REDACTED) Task %s/%s finished executing. cause:%s result: %s elapsed_millis: %s uptime_millis: %s exec_start_elapsed_seconds: %s
01-26 11:02:18.382 13614 18785 I NetworkScheduler.Stats: (REDACTED) Task %s/%s started execution. cause:%s exec_start_elapsed_seconds: %s
01-26 11:02:18.397 21099 18932 I PlayGamesServices[GamesSyncAdapter]: Starting sync for 40bc6a06
01-26 11:02:18.400 21099 18932 I PlayGamesServices[GamesSyncAdapter]: Sync duration for 40bc6a06: 2
01-26 11:02:18.411 21099 18932 W PlayGamesServices[DataBroker]: No player ID found when refreshing
01-26 11:02:18.413 21099 18932 I chatty  : uid=10132(com.google.android.gms) lowpool[1464] identical 1 line
01-26 11:02:18.414 21099 18932 W PlayGamesServices[DataBroker]: No player ID found when refreshing
01-26 11:02:18.425  1226  3779 W RemoteCallbackList: Size=199065 remote callbacks registered.
01-26 11:02:18.428 13614 18783 I NetworkScheduler.Stats: (REDACTED) Task %s/%s started execution. cause:%s exec_start_elapsed_seconds: %s
01-26 11:02:18.434 21099 16618 I PlayGamesServices[GamesSyncAdapter]: Starting sync for 4f246843
01-26 11:02:18.437 21099 16618 I PlayGamesServices[GamesSyncAdapter]: Sync duration for 4f246843: 3
01-26 11:02:18.457 13614 19298 I NetworkScheduler.Stats: (REDACTED) Task %s/%s finished executing. cause:%s result: %s elapsed_millis: %s uptime_millis: %s exec_start_elapsed_seconds: %s
01-26 11:02:18.458 21099 16618 W PlayGamesServices[DataBroker]: No player ID found when refreshing
01-26 11:02:18.459 21099 16618 I chatty  : uid=10132(com.google.android.gms) lowpool[1444] identical 1 line
01-26 11:02:18.461 21099 16618 W PlayGamesServices[DataBroker]: No player ID found when refreshing
01-26 11:02:18.469   489  8539 I netd    : trafficSwapActiveStatsMap() <0.29ms>
01-26 11:02:18.494 17876 12952 I System.out: [okhttp]:check permission begin!
01-26 11:02:18.494 17876 12952 I System.out: [okhttp]:not MMS!
01-26 11:02:18.494 17876 12952 I System.out: [okhttp]:not Email!
01-26 11:02:18.496 17876 12952 I System.out: [OkHttp] sendRequest>>
01-26 11:02:18.497 17876 12952 I System.out: [OkHttp] sendRequest<<
01-26 11:02:18.500 13614 18785 I NetworkScheduler.Stats: (REDACTED) Task %s/%s started execution. cause:%s exec_start_elapsed_seconds: %s
01-26 11:02:18.500  1226  2280 W RemoteCallbackList: Size=199066 remote callbacks registered.
01-26 11:02:18.505 13614 18785 I NetworkScheduler.Stats: (REDACTED) Task %s/%s finished executing. cause:%s result: %s elapsed_millis: %s uptime_millis: %s exec_start_elapsed_seconds: %s
01-26 11:02:18.507 21099 18932 I PlayGamesServices[GamesSyncAdapter]: Starting sync for 4425307a
01-26 11:02:18.509 21099 18932 I PlayGamesServices[GamesSyncAdapter]: Sync duration for 4425307a: 2
01-26 11:02:18.518 21099 18932 W PlayGamesServices[DataBroker]: No player ID found when refreshing
01-26 11:02:18.518 21099 18932 I chatty  : uid=10132(com.google.android.gms) lowpool[1464] identical 1 line
01-26 11:02:18.518 21099 18932 W PlayGamesServices[DataBroker]: No player ID found when refreshing
01-26 11:02:18.542  1226  3779 W RemoteCallbackList: Size=199067 remote callbacks registered.
01-26 11:02:18.545 13614 18785 I NetworkScheduler.Stats: (REDACTED) Task %s/%s started execution. cause:%s exec_start_elapsed_seconds: %s
01-26 11:02:18.554 13614 18783 I NetworkScheduler.Stats: (REDACTED) Task %s/%s finished executing. cause:%s result: %s elapsed_millis: %s uptime_millis: %s exec_start_elapsed_seconds: %s
01-26 11:02:18.554 21099 16618 I PlayGamesServices[GamesSyncAdapter]: Starting sync for 2fce66ef
01-26 11:02:18.556 21099 16618 I PlayGamesServices[GamesSyncAdapter]: Sync duration for 2fce66ef: 1
01-26 11:02:18.577 21099 16618 W PlayGamesServices[DataBroker]: No player ID found when refreshing
01-26 11:02:18.584  1226  1934 W RemoteCallbackList: Size=199068 remote callbacks registered.
01-26 11:02:18.578 21099 16618 I chatty  : uid=10132(com.google.android.gms) lowpool[1444] identical 1 line
01-26 11:02:18.578 21099 16618 W PlayGamesServices[DataBroker]: No player ID found when refreshing
01-26 11:02:18.586 13614 19298 I NetworkScheduler.Stats: (REDACTED) Task %s/%s started execution. cause:%s exec_start_elapsed_seconds: %s
01-26 11:02:18.597 21099 18932 I PlayGamesServices[GamesSyncAdapter]: Starting sync for 73e17529
01-26 11:02:18.600 21099 18932 I PlayGamesServices[GamesSyncAdapter]: Sync duration for 73e17529: 2
01-26 11:02:18.616 21099 18932 W PlayGamesServices[DataBroker]: No player ID found when refreshing
01-26 11:02:18.619 21099 18932 I chatty  : uid=10132(com.google.android.gms) lowpool[1464] identical 1 line
01-26 11:02:18.621 21099 18932 W PlayGamesServices[DataBroker]: No player ID found when refreshing
01-26 11:02:18.626 13614 19298 I NetworkScheduler.Stats: (REDACTED) Task %s/%s finished executing. cause:%s result: %s elapsed_millis: %s uptime_millis: %s exec_start_elapsed_seconds: %s
01-26 11:02:18.665 13614 19298 I NetworkScheduler.Stats: (REDACTED) Task %s/%s started execution. cause:%s exec_start_elapsed_seconds: %s
01-26 11:02:18.666  1226  1239 W RemoteCallbackList: Size=199069 remote callbacks registered.
01-26 11:02:18.670 13614 19298 I NetworkScheduler.Stats: (REDACTED) Task %s/%s finished executing. cause:%s result: %s elapsed_millis: %s uptime_millis: %s exec_start_elapsed_seconds: %s
01-26 11:02:18.678 21099 16618 I PlayGamesServices[GamesSyncAdapter]: Starting sync for 79a3060b
01-26 11:02:18.680 21099 16618 I PlayGamesServices[GamesSyncAdapter]: Sync duration for 79a3060b: 2
01-26 11:02:18.681  1226  2280 W RemoteCallbackList: Size=199070 remote callbacks registered.
01-26 11:02:18.700  7961  7961 I ADB_SERVICES: service_to_fd shell,v2,TERM=xterm-256color,raw:pm list packages -f
01-26 11:02:18.705 21099 16618 W PlayGamesServices[DataBroker]: No player ID found when refreshing
01-26 11:02:18.706 21099 16618 I chatty  : uid=10132(com.google.android.gms) lowpool[1444] identical 1 line
01-26 11:02:18.706 21099 16618 W PlayGamesServices[DataBroker]: No player ID found when refreshing
01-26 11:02:18.717   489 19141 E ResolverController: No valid NAT64 prefix (597, <unspecified>/0)
01-26 11:02:18.719  4685  5051 I System.out: [socket]:check permission begin!
01-26 11:02:18.753  7961 19300 I ADB_SERVICES: post waitpid (pid=19299) status=0000
01-26 11:02:18.753  7961  7961 I ADB_SERVICES: for fd 37, revents = 2010
01-26 11:02:18.753  7961  7961 I ADB_SERVICES: for fd 37, revents = 2011
01-26 11:02:18.761  7961  7961 I ADB_SERVICES: service_to_fd shell,v2,TERM=xterm-256color,raw:dumpsys package com.example.chatter
01-26 11:02:18.763 13614 19298 I NetworkScheduler.Stats: (REDACTED) Task %s/%s finished executing. cause:%s result: %s elapsed_millis: %s uptime_millis: %s exec_start_elapsed_seconds: %s
01-26 11:02:18.811  7961 19305 I ADB_SERVICES: post waitpid (pid=19304) status=0000
01-26 11:02:18.812  7961  7961 I ADB_SERVICES: for fd 37, revents = 2011
01-26 11:02:18.812  7961  7961 I ADB_SERVICES: for fd 37, revents = 2011
01-26 11:02:18.830  7961  7961 I ADB_SERVICES: service_to_fd shell,v2,TERM=xterm-256color,raw:dumpsys activity activities
01-26 11:02:18.854  7961  7961 I ADB_SERVICES: service_to_fd shell,v2,TERM=xterm-256color,raw:ps
01-26 11:02:18.861  1226  1239 W RemoteCallbackList: Size=199071 remote callbacks registered.
01-26 11:02:18.863  7961 19308 I ADB_SERVICES: post waitpid (pid=19307) status=0000
01-26 11:02:18.863  7961  7961 I ADB_SERVICES: for fd 37, revents = 2011
01-26 11:02:18.863  7961  7961 I ADB_SERVICES: for fd 37, revents = 2011
01-26 11:02:18.870  7961  7961 I ADB_SERVICES: service_to_fd shell,v2,TERM=xterm-256color,raw:dumpsys activity activities
01-26 11:02:18.899  7961 19313 I ADB_SERVICES: post waitpid (pid=19312) status=0000
01-26 11:02:18.900  7961  7961 I ADB_SERVICES: for fd 40, revents = 2011
01-26 11:02:18.900  7961  7961 I ADB_SERVICES: for fd 40, revents = 2011
01-26 11:02:18.907  7961  7961 I ADB_SERVICES: service_to_fd shell,v2,TERM=xterm-256color,raw:dumpsys activity activities
01-26 11:02:18.935  7961 19311 I ADB_SERVICES: post waitpid (pid=19310) status=0000
01-26 11:02:18.936  7961  7961 I ADB_SERVICES: for fd 41, revents = 2011
01-26 11:02:18.948  7961 19316 I ADB_SERVICES: post waitpid (pid=19315) status=0000
01-26 11:02:18.948  7961  7961 I ADB_SERVICES: for fd 40, revents = 2010
01-26 11:02:18.949  7961  7961 I ADB_SERVICES: for fd 40, revents = 2011
01-26 11:02:18.955  7961  7961 I ADB_SERVICES: service_to_fd shell,v2,TERM=xterm-256color,raw:dumpsys activity services
01-26 11:02:19.092  4685  5051 I System.out: [OkHttp] sendRequest>>
01-26 11:02:19.092  4685  5051 I System.out: [OkHttp] sendRequest<<
01-26 11:02:19.216  7961 19319 I ADB_SERVICES: post waitpid (pid=19318) status=0000
01-26 11:02:19.216  7961  7961 I ADB_SERVICES: for fd 37, revents = 2010
01-26 11:02:19.217  7961  7961 I ADB_SERVICES: for fd 37, revents = 2011
01-26 11:02:19.283  1226  1252 W BroadcastQueue: Background execution not allowed: receiving Intent { act=android.intent.action.DROPBOX_ENTRY_ADDED flg=0x10 (has extras) } to com.google.android.gms/.stats.service.DropBoxEntryAddedReceiver
01-26 11:02:19.526  1226  1235 I system_server: Background young concurrent copying GC freed 277045(24MB) AllocSpace objects, 27(1932KB) LOS objects, 12% free, 162MB/184MB, paused 596us total 371.189ms
01-26 11:02:19.601  7961  7961 I ADB_SERVICES: service_to_fd shell,v2,TERM=xterm-256color,raw:dumpsys display
01-26 11:02:19.637  7961 19322 I ADB_SERVICES: post waitpid (pid=19321) status=0000
01-26 11:02:19.637  7961  7961 I ADB_SERVICES: for fd 37, revents = 2011
01-26 11:02:19.637  7961  7961 I ADB_SERVICES: for fd 37, revents = 2011
01-26 11:02:19.647  7961  7961 I ADB_SERVICES: service_to_fd shell,v2,TERM=xterm-256color,raw:wm size
01-26 11:02:19.686  7961 19325 I ADB_SERVICES: post waitpid (pid=19324) status=0000
01-26 11:02:19.686  7961  7961 I ADB_SERVICES: for fd 37, revents = 2011
01-26 11:02:19.686  7961  7961 I ADB_SERVICES: for fd 37, revents = 2011
01-26 11:02:19.693  7961  7961 I ADB_SERVICES: service_to_fd shell,v2,TERM=xterm-256color,raw:dumpsys input
01-26 11:02:19.718  1226  3779 E TouchFilter: setTouchFilter LOG Enable prameter: 0
01-26 11:02:19.718  1226  3779 E TouchFilter: Event Hub Touch Filter log is disabled
01-26 11:02:19.718  1226  3779 E TouchFilter: Event Hub Touch Filter is enabled
01-26 11:02:19.724  7961 19330 I ADB_SERVICES: post waitpid (pid=19329) status=0000
01-26 11:02:19.724  7961  7961 I ADB_SERVICES: for fd 37, revents = 2010
01-26 11:02:19.725  7961  7961 I ADB_SERVICES: for fd 37, revents = 2011
01-26 11:02:19.734  7961  7961 I ADB_SERVICES: service_to_fd shell,v2,TERM=xterm-256color,raw:getprop ro.sf.lcd_density
01-26 11:02:19.753  7961 19333 I ADB_SERVICES: post waitpid (pid=19332) status=0000
01-26 11:02:19.753  7961  7961 I ADB_SERVICES: for fd 37, revents = 2011
01-26 11:02:19.753  7961  7961 I ADB_SERVICES: for fd 37, revents = 2011
01-26 11:02:19.761  7961  7961 I ADB_SERVICES: service_to_fd shell,v2,TERM=xterm-256color,raw:am force-stop com.example.chatter
01-26 11:02:19.795  1226  3779 I ActivityManager: Force stopping com.example.chatter appid=11185 user=0: from pid 19336
01-26 11:02:19.796   489 18780 E ResolverController: No valid NAT64 prefix (597, <unspecified>/0)
