01-25 16:12:21.369  1226  1226 W ActivityManager: Unable to launch app com.mobilefootie.wc2010/10494 for service Intent { cmp=com.mobilefootie.wc2010/androidx.work.impl.background.systemjob.SystemJobService }: AutoStart Limit
01-25 16:12:21.370  1226  1226 W ActivityManager: Unable to launch app com.mobilefootie.wc2010/10494 for service Intent { cmp=com.mobilefootie.wc2010/com.google.android.datatransport.runtime.scheduling.jobscheduling.JobInfoSchedulerService }: AutoStart Limit
01-25 16:12:21.370  7961  7961 I ADB_SERVICES: service_to_fd shell,v2,TERM=xterm-256color,raw:dumpsys display
01-25 16:12:21.370  1226  1226 W ActivityManager: Unable to launch app com.mobilefootie.wc2010/10494 for service Intent { cmp=com.mobilefootie.wc2010/com.google.android.datatransport.runtime.scheduling.jobscheduling.JobInfoSchedulerService }: AutoStart Limit
01-25 16:12:21.371  1226  1226 W ActivityManager: Unable to launch app com.mxtech.videoplayer.ad/10214 for service Intent { cmp=com.mxtech.videoplayer.ad/com.google.android.datatransport.runtime.scheduling.jobscheduling.JobInfoSchedulerService }: AutoStart Limit
01-25 16:12:21.379  8831  8831 W lvoverseas:pus: Class com.bytedance.keva.KevaImpl failed lock verification and will run slower.
01-25 16:12:21.380  8831  8831 W lvoverseas:pus: Common causes for lock verification issues are non-optimized dex code
01-25 16:12:21.380  8831  8831 W lvoverseas:pus: and incorrect proguard optimizations.
01-25 16:12:21.381  1226  1226 W ActivityManager: Unable to launch app com.twgbd.dims/10447 for service Intent { cmp=com.twgbd.dims/androidx.work.impl.background.systemjob.SystemJobService }: AutoStart Limit
01-25 16:12:21.383  1226  1226 W ActivityManager: Unable to launch app com.reincubate.camo/11164 for service Intent { cmp=com.reincubate.camo/com.google.android.datatransport.runtime.scheduling.jobscheduling.JobInfoSchedulerService }: AutoStart Limit
01-25 16:12:21.383  1226  1226 W ActivityManager: Unable to launch app com.footy.hd.live17/10612 for service Intent { cmp=com.footy.hd.live17/com.startapp.sdk.adsbase.PeriodicJobService }: AutoStart Limit
01-25 16:12:21.390  8831  9072 W AppLog  : null context when onEvent
01-25 16:12:21.391  8831  8831 I KEVA.NATIVE: alog init successed
01-25 16:12:21.396  1226  1226 W ActivityManager: Unable to launch app com.footy.hd.live17/10612 for service Intent { cmp=com.footy.hd.live17/com.startapp.sdk.adsbase.PeriodicJobService }: AutoStart Limit
01-25 16:12:21.397  8790  8949 W fb4a.AppInitScheduler|Run:   Finished AnalyticsLoggerInit in 86ms
01-25 16:12:21.397  8790  8949 W fb4a.AppInitScheduler|Schedule:   Executing 181:InitPushLiteSdk
01-25 16:12:21.397  8790  8949 W fb4a.AppInitScheduler|Schedule:   Executing 253:PreloadWordmark
01-25 16:12:21.397  8790  8949 W fb4a.AppInitScheduler|Schedule:   Executing 117:EagerInitImagePipeline
01-25 16:12:21.397  8790  8949 W fb4a.AppInitScheduler|Schedule:   Executing 4:AnalyticsLoggerPostInitReplay
01-25 16:12:21.397  8790  8949 W fb4a.AppInitScheduler|Schedule:   Executing 95:BloksInitializer
01-25 16:12:21.397  8790  8949 W fb4a.AppInitScheduler|Schedule:   Executing 125:FbMsysImmediateInitializer
01-25 16:12:21.397  8790  8949 W fb4a.AppInitScheduler|Schedule:   Executing 207:MessageQueueDoctor
01-25 16:12:21.397  8790  8949 W fb4a.AppInitScheduler|Schedule:   Executing 145:HenosisEventReporter
01-25 16:12:21.397  8790  8949 W fb4a.AppInitScheduler|Schedule:   Executing 192:InitVideoHomeDataController
01-25 16:12:21.397  8790  8949 W fb4a.AppInitScheduler|Schedule:   Executing 246:PreloadLogDb
01-25 16:12:21.397  8790  8949 W fb4a.AppInitScheduler|Schedule:   Executing 247:PreloadReactions
01-25 16:12:21.398  1226  1226 W ActivityManager: Unable to launch app com.jockerhsd.operaastmfore/11167 for service Intent { cmp=com.jockerhsd.operaastmfore/com.startapp.sdk.jobs.SchedulerService }: AutoStart Limit
01-25 16:12:21.398  8790  8949 W fb4a.AppInitScheduler|Run: Running InitPushLiteSdk [*]
01-25 16:12:21.400  1226  1226 W ActivityManager: Unable to launch app com.jockerhsd.operaastmfore/11167 for service Intent { cmp=com.jockerhsd.operaastmfore/com.startapp.sdk.jobs.SchedulerService }: AutoStart Limit
01-25 16:12:21.407  8624  8757 W emon.lvoversea: ClassLoaderContext type mismatch. expected=PCL, found=DLC (PCL[] | DLC[];PCL[/data/app/com.lemon.lvoverseas-mBIt91YtuweP36fEVLTXbA==/base.apk*711760576:/data/app/com.lemon.lvoverseas-mBIt91YtuweP36fEVLTXbA==/base.apk!classes2.dex*640120806:/data/app/com.lemon.lvoverseas-mBIt91YtuweP36fEVLTXbA==/base.apk!classes3.dex*4003661658:/data/app/com.lemon.lvoverseas-mBIt91YtuweP36fEVLTXbA==/base.apk!classes4.dex*2092969140:/data/app/com.lemon.lvoverseas-mBIt91YtuweP36fEVLTXbA==/base.apk!classes5.dex*429208037:/data/app/com.lemon.lvoverseas-mBIt91YtuweP36fEVLTXbA==/base.apk!classes6.dex*3432421965:/data/app/com.lemon.lvoverseas-mBIt91YtuweP36fEVLTXbA==/base.apk!classes7.dex*2294702972:/data/app/com.lemon.lvoverseas-mBIt91YtuweP36fEVLTXbA==/base.apk!classes8.dex*3638842017:/data/app/com.lemon.lvoverseas-mBIt91YtuweP36fEVLTXbA==/base.apk!classes9.dex*409149379:/data/app/com.lemon.lvoverseas-mBIt91YtuweP36fEVLTXbA==/base.apk!classes10.dex*3548784053:/data/app/com.lemon.lvoverseas-mBIt91YtuweP36fEVLTXbA==/base.apk!classes
01-25 16:12:21.408  8790  8949 W fb4a.AppInitScheduler|Run:   Finished InitPushLiteSdk in 9ms
01-25 16:12:21.408  8790  8949 W fb4a.AppInitScheduler|Run: Running PreloadWordmark [*]
01-25 16:12:21.409  8790  8938 W fb4a.AppInitScheduler|Schedule:   Executing async work for EagerInitTigonLiger: InjectHttpClient
01-25 16:12:21.416  8790  8920 W fb4a.AppInitScheduler|Run:   Finished INeedInitForBroadcastReceiverRegister in 56ms
01-25 16:12:21.416  8790  8920 W fb4a.AppInitScheduler|Run: Running EagerInitImagePipeline [*]
01-25 16:12:21.417  8790  8931 I libMEOW_gift: ctx:0x7692532f90, ARC not Enabled.
01-25 16:12:21.417  8790  8949 W fb4a.AppInitScheduler|Run:   Finished PreloadWordmark in 9ms
01-25 16:12:21.417  8790  8949 W fb4a.AppInitScheduler|Run: Running AnalyticsLoggerPostInitReplay
01-25 16:12:21.418   489  8978 E ResolverController: No valid NAT64 prefix (582, <unspecified>/0)
01-25 16:12:21.418   489  9001 E ResolverController: No valid NAT64 prefix (582, <unspecified>/0)
01-25 16:12:21.422  8790  8931 E libEGL  : call to OpenGL ES API with no current context (logged once per thread)
01-25 16:12:21.422  8790  8931 I chatty  : uid=10608(com.facebook.katana) Lacrima_single_ identical 1 line
01-25 16:12:21.422  8790  8931 E libEGL  : call to OpenGL ES API with no current context (logged once per thread)
01-25 16:12:21.423  8790  8931 I BufferQueue: [unnamed-8790-0](this:0x7663540000,id:0,api:0,p:-1,c:-1) BufferQueue core=(8790:com.facebook.katana)
01-25 16:12:21.430  8790  8949 W fb4a.AppInitScheduler|Run:   Finished AnalyticsLoggerPostInitReplay in 12ms
01-25 16:12:21.430  8790  8949 W fb4a.AppInitScheduler|Run: Running BloksInitializer
01-25 16:12:21.430  8790  8949 W fb4a.AppInitScheduler|Run:   Finished BloksInitializer in 0ms
01-25 16:12:21.430  8790  8949 W fb4a.AppInitScheduler|Run: Running FbMsysImmediateInitializer
01-25 16:12:21.431  8790  8949 W fb4a.AppInitScheduler|Run:   Finished FbMsysImmediateInitializer in 0ms
01-25 16:12:21.431  8790  8949 W fb4a.AppInitScheduler|Run: Running INeedInitForSharedPrefsListenerRegister
01-25 16:12:21.433  8831  8831 I LoadedApk: No resource references to update in package com.transsion.theme.icon
01-25 16:12:21.433  8790  8939 W fb4a.SigquitDetectorLacrima: nativeInit
01-25 16:12:21.435  8790  8941 W fb4a.AppInitScheduler|Run: Running InitFury
01-25 16:12:21.435  8790  8941 W fb4a.AppInitScheduler|Run:   Finished InitFury in 0ms
01-25 16:12:21.435  8790  8941 W fb4a.AppInitScheduler|Run: Running InitHelium
01-25 16:12:21.437  8790  8941 W fb4a.AppInitScheduler|Run:   Finished InitHelium in 1ms
01-25 16:12:21.437  8790  8941 W fb4a.AppInitScheduler|Run: Running InitMemoryDumpHandler
01-25 16:12:21.437  8790  8941 W fb4a.AppInitScheduler|Run:   Finished InitMemoryDumpHandler in 0ms
01-25 16:12:21.437  8790  8941 W fb4a.AppInitScheduler|Run: Running InstrumentPthreadKeyCreate
01-25 16:12:21.437  8790  8941 W fb4a.AppInitScheduler|Run:   Finished InstrumentPthreadKeyCreate in 0ms
01-25 16:12:21.437  8790  8941 W fb4a.AppInitScheduler|Run: Running LocationRequestDetector
01-25 16:12:21.437  8790  8941 W fb4a.AppInitScheduler|Run:   Finished LocationRequestDetector in 0ms
01-25 16:12:21.437  8790  8941 W fb4a.AppInitScheduler|Run: Running MessageQueueDoctor
01-25 16:12:21.437  8790  8941 W fb4a.AppInitScheduler|Run:   Finished MessageQueueDoctor in 0ms
01-25 16:12:21.437  8790  8941 W fb4a.AppInitScheduler|Run: Running MobileConfigStartupAudit
01-25 16:12:21.439  8790  8941 W fb4a.AppInitScheduler|Run:   Finished MobileConfigStartupAudit in 2ms
01-25 16:12:21.439  8790  8941 W fb4a.AppInitScheduler|Run: Running PendingStoryStoreInitializer
01-25 16:12:21.439  8790  8941 W fb4a.AppInitScheduler|Run:   Finished PendingStoryStoreInitializer in 0ms
01-25 16:12:21.439  8790  8941 W fb4a.AppInitScheduler|Run: Running ProfiloBridgeFactoryImpl
01-25 16:12:21.442  8790  8949 W fb4a.AppInitScheduler|Run:   Finished INeedInitForSharedPrefsListenerRegister in 12ms
01-25 16:12:21.443  8790  8949 W fb4a.AppInitScheduler|Run: Running ReliabilityUserPerceptibleScopeToQPL
01-25 16:12:21.443  8790  8949 W fb4a.AppInitScheduler|Run:   Finished ReliabilityUserPerceptibleScopeToQPL in 0ms
01-25 16:12:21.443  8790  8949 W fb4a.AppInitScheduler|Run: Running TransientNetworkTraceEarlyInit
01-25 16:12:21.443  8790  8949 W fb4a.AppInitScheduler|Run:   Finished TransientNetworkTraceEarlyInit in 0ms
01-25 16:12:21.443  8790  8949 W fb4a.AppInitScheduler|Run: Running WarmFacebookEmojiFont
01-25 16:12:21.446  8790  8941 W Profilo/TraceControl: START PROFILO_TRACEID: GQyHhMy1YPv
01-25 16:12:21.446  8790  8949 W fb4a.AppInitScheduler|Run:   Finished WarmFacebookEmojiFont in 3ms
01-25 16:12:21.446  8790  8949 W fb4a.AppInitScheduler|Run: Running ZOptLoggingInitializer
01-25 16:12:21.450  8790  8949 W fb4a.AppInitScheduler|Run:   Finished ZOptLoggingInitializer in 3ms
01-25 16:12:21.451  8790  8949 W fb4a.AppInitScheduler|Run: Running PreloadFeedDataLoader
01-25 16:12:21.453  8790  8939 W fb4a.lacrima: Start AnrDetector... com.facebook.acra.anr.multisignal.MultiSignalANRDetector
01-25 16:12:21.453  8790  8939 W fb4a.MultiSignalANRDetectorLacrima: Starting
01-25 16:12:21.453  8790  8939 W fb4a.ProcessAnrErrorMonitor: startMonitoring with delay: 0
01-25 16:12:21.457   489  8980 E ResolverController: No valid NAT64 prefix (582, <unspecified>/0)
01-25 16:12:21.458   528   528 I lowmemorykiller: 8 memory pressure events were skipped after a kill!
01-25 16:12:21.466  8790  8931 E libc    : Access denied finding property "vendor.debug.bq.dump"
01-25 16:12:21.469  8790  8931 I BufferQueueConsumer: [unnamed-8790-0](this:0x7663540000,id:0,api:0,p:-1,c:8790) connect(C): consumer=(8790:com.facebook.katana) controlledByApp=true
01-25 16:12:21.470  8790  8931 E libc    : Access denied finding property "vendor.debug.bq.dump"
01-25 16:12:21.470  8790  8931 I BufferQueueConsumer: [unnamed-8790-0](this:0x7663540000,id:0,api:0,p:-1,c:8790) setConsumerName: unnamed-8790-0
01-25 16:12:21.471  8790  8931 E libc    : Access denied finding property "vendor.debug.bq.dump"
01-25 16:12:21.471  8790  9143 E fb-distract: Blocking distraction of /apex/com.android.runtime/lib64/libart.so!_ZN3art13SignalCatcher6OutputERKNSt3__112basic_stringIcNS1_11char_traitsIcEENS1_9allocatorIcEEEE (0x76fcef0808) with /data/data/com.facebook.katana/lib-compressed/libdexload.so!<unknown> (0x767e2c2150)
01-25 16:12:21.471  8790  8931 I BufferQueueConsumer: [SurfaceTexture-0-8790-0](this:0x7663540000,id:0,api:0,p:-1,c:8790) setConsumerName: SurfaceTexture-0-8790-0
01-25 16:12:21.473  8831  8831 E ActivityThread: Failed to find provider info for com.lemon.faceuassist.provider
01-25 16:12:21.479  8624  8696 I DynamiteModule: Considering local module com.google.android.gms.ads.dynamite:0 and remote module com.google.android.gms.ads.dynamite:244410203
01-25 16:12:21.480  8624  8696 I DynamiteModule: Selected remote version of com.google.android.gms.ads.dynamite, version >= 244410203
01-25 16:12:21.486  7961  9123 I ADB_SERVICES: post waitpid (pid=9108) status=0000
01-25 16:12:21.486  7961  7961 I ADB_SERVICES: for fd 37, revents = 2011
01-25 16:12:21.486  7961  7961 I ADB_SERVICES: for fd 37, revents = 2011
01-25 16:12:21.491  8790  8939 W fb4a.AppInitScheduler|Run:   Finished InitLacrimaLaterInit in 223ms
01-25 16:12:21.491  8790  8939 W fb4a.AppInitScheduler|Run: Running HenosisEventReporter
01-25 16:12:21.496  7961  7961 I ADB_SERVICES: service_to_fd shell,v2,TERM=xterm-256color,raw:wm size
01-25 16:12:21.500  8790  9143 E fb-distract: Blocking distraction of /apex/com.android.runtime/lib64/libartpalette.so!PaletteWriteCrashThreadStacks (0x76fd8bb2d8) with /data/data/com.facebook.katana/lib-compressed/libdexload.so!<unknown> (0x767e2c21f4)
01-25 16:12:21.501  8790  9162 W fb4a.ProcessAnrErrorMonitor: Starting process monitor checks for process 'com.facebook.katana'
01-25 16:12:21.501  8790  9162 W fb4a.MultiSignalANRDetectorLacrima: Started monitoring
01-25 16:12:21.506  8790  8939 W fb4a.AppInitScheduler|Run:   Finished HenosisEventReporter in 14ms
01-25 16:12:21.506  8790  8939 W fb4a.AppInitScheduler|Run: Running InitVideoHomeDataController
01-25 16:12:21.507  8790  8939 W fb4a.AppInitScheduler|Run:   Finished InitVideoHomeDataController in 0ms
01-25 16:12:21.507  8790  8939 W fb4a.AppInitScheduler|Run: Running LongtailVoltronAppInit
01-25 16:12:21.507  8790  8939 W fb4a.HalfnosisInitializer: Halfnosis is not enabled!
01-25 16:12:21.507  8790  8939 W fb4a.LongtailVoltronAppInit: HalfnosisInitializer: fail
01-25 16:12:21.507  8790  8939 W fb4a.AppInitScheduler|Run:   Finished LongtailVoltronAppInit in 0ms
01-25 16:12:21.507  8790  8939 W fb4a.AppInitScheduler|Run: Running MobileConfigLaterInit
01-25 16:12:21.512  8624  8757 W emon.lvoversea: Found duplicate classes, falling back to extracting from APK : /data/user_de/0/com.google.android.gms/app_chimera/m/00000801/dl-AdsFdrDynamite.integ_244410203100000.apk
01-25 16:12:21.512  8624  8757 W emon.lvoversea: NOTE: This wastes RAM and hurts startup performance.
01-25 16:12:21.512  8624  8757 W emon.lvoversea: Found duplicated class when checking oat files: 'Landroid/support/v4/graphics/drawable/IconCompatParcelizer;' in /data/user_de/0/com.google.android.gms/app_chimera/m/00000801/dl-AdsFdrDynamite.integ_244410203100000.apk and /data/app/com.lemon.lvoverseas-mBIt91YtuweP36fEVLTXbA==/base.apk
01-25 16:12:21.512  8624  8757 W emon.lvoversea: 
01-25 16:12:21.514  8790  8920 W fb4a.AppInitScheduler|Run:   Finished EagerInitImagePipeline in 97ms
01-25 16:12:21.514  8790  8920 W fb4a.AppInitScheduler|Schedule:   Executing 301:WaitForUIDependenciesInitializer
01-25 16:12:21.514  8790  8920 W fb4a.AppInitScheduler|Schedule:   Executing 245:PreloadInlineComposerProfileImage
01-25 16:12:21.515  8790  8920 W fb4a.AppInitScheduler|Run: Running WaitForUIDependenciesInitializer [*]
01-25 16:12:21.515  8790  8939 W fb4a.AppInitScheduler|Run:   Finished MobileConfigLaterInit in 8ms
01-25 16:12:21.515  8790  8939 W fb4a.AppInitScheduler|Run: Running PreloadFeedRequest
01-25 16:12:21.517  8790  8920 W fb4a.AppInitScheduler|Run:   Finished WaitForUIDependenciesInitializer in 2ms
01-25 16:12:21.517  8790  8920 W fb4a.AppInitScheduler|Schedule:   Executing 108:DismissSplashScreens
01-25 16:12:21.517  8790  8920 W fb4a.AppInitScheduler|Schedule:   Executing 136:FixieScheduleIdleWork
01-25 16:12:21.517  8790  8920 W fb4a.AppInitScheduler|Schedule:   Executing 267:ReplayBroadcastReceivedDuringAppInit
01-25 16:12:21.517  8790  8920 W fb4a.AppInitScheduler|Schedule:   Executing 273:ScheduleLowPriWork
01-25 16:12:21.520  8790  8939 W fb4a.AppInitScheduler|Run:   Finished PreloadFeedRequest in 4ms
01-25 16:12:21.520  8790  8939 W fb4a.AppInitScheduler|Schedule:   Executing 238:PrefetchFeedNetwork
01-25 16:12:21.520  8790  8939 W fb4a.AppInitScheduler|Run: Running FixieScheduleIdleWork
01-25 16:12:21.520  8790  8920 W fb4a.AppInitScheduler|Run: Running DismissSplashScreens [*]
01-25 16:12:21.520  8790  8939 W fb4a.AppInitScheduler|Run:   Finished FixieScheduleIdleWork in 0ms
01-25 16:12:21.520  8790  8939 W fb4a.AppInitScheduler|Run: Running ReplayBroadcastReceivedDuringAppInit
01-25 16:12:21.520  8790  8920 W fb4a.InitStatus: Providers unblocked (1420730)
01-25 16:12:21.521  8790  8920 W fb4a.InitStatus: Services unblocked (201708651)
01-25 16:12:21.521  8790  8920 W fb4a.InitStatus: BroadcastReceivers unblocked (183909320)
01-25 16:12:21.521  8790  8914 W fb4a.InitStatus: Unblocked Provider (1420730)
01-25 16:12:21.521  8790  8939 W fb4a.AppInitScheduler|Run:   Finished ReplayBroadcastReceivedDuringAppInit in 1ms
01-25 16:12:21.521  8790  8920 W fb4a.AppInitScheduler|Run:   Finished DismissSplashScreens in 1ms
01-25 16:12:21.521  8790  8939 W fb4a.AppInitScheduler|Run: Running ScheduleLowPriWork
01-25 16:12:21.521  8790  8920 W fb4a.AppInitScheduler|Schedule:   Executing 231:MqttEarlySyncInitializerAfterAppCreate
01-25 16:12:21.521  8790  8920 W fb4a.AppInitScheduler|Run: Running MqttEarlySyncInitializerAfterAppCreate
01-25 16:12:21.521  8790  8835 W fb4a.InitStatus: Unblocked Provider (1420730)
01-25 16:12:21.521  8790  8920 W fb4a.AppInitScheduler|Run:   Finished MqttEarlySyncInitializerAfterAppCreate in 1ms
01-25 16:12:21.522  8790  8920 W fb4a.AppInitScheduler|Run: Running PrefetchFeedNetwork
01-25 16:12:21.522  8790  8920 W fb4a.AppInitScheduler|Run:   Finished PrefetchFeedNetwork in 0ms
01-25 16:12:21.522  8790  8920 W fb4a.AppInitScheduler|Run: Running PreloadClashManager
01-25 16:12:21.522  8790  8824 W fb4a.InitStatus: Unblocked Provider (1420730)
01-25 16:12:21.522  8790  8939 W fb4a.AppInitScheduler|Run:   Finished ScheduleLowPriWork in 1ms
01-25 16:12:21.522  8790  8939 W fb4a.AppInitScheduler|Run: Running PreloadFeedConfig
01-25 16:12:21.522  8790  8914 W fb4a.InitStatus: Not blocking Provider (1420730)
01-25 16:12:21.523  8790  8824 W fb4a.InitStatus: Not blocking Provider (1420730)
01-25 16:12:21.524  8790  8835 W fb4a.InitStatus: Not blocking Provider (1420730)
01-25 16:12:21.524  8790  8941 W fb4a.AppInitScheduler|Run:   Finished ProfiloBridgeFactoryImpl in 85ms
01-25 16:12:21.524  8790  8941 W fb4a.AppInitScheduler|Run: Running PreloadFeedFullCacheLoad
01-25 16:12:21.525  8790  8931 I BufferQueueProducer: [SurfaceTexture-0-8790-0](this:0x7663540000,id:0,api:1,p:8790,c:8790) connect(P): api=1 producer=(8790:com.facebook.katana) producerControlledByApp=true
01-25 16:12:21.525  8790  8917 W fb4a.AppInitScheduler|Run:   Finished DownloadedFbResources in 197ms
01-25 16:12:21.525  8790  8917 W fb4a.AppInitScheduler|Run: Running PreloadFreshFeedRanker
01-25 16:12:21.526  8790  8931 I BufferQueueProducer: [SurfaceTexture-0-8790-0](this:0x7663540000,id:0,api:1,p:8790,c:8790) disconnect(P): api 1
01-25 16:12:21.526  8790  8931 E libEGL  : call to OpenGL ES API with no current context (logged once per thread)
01-25 16:12:21.529  8790  8920 W fb4a.AppInitScheduler|Run:   Finished PreloadClashManager in 7ms
01-25 16:12:21.529  8790  8920 W fb4a.AppInitScheduler|Run: Running PreloadInlineComposerProfileImage
01-25 16:12:21.535  8790  8939 W fb4a.AppInitScheduler|Run:   Finished PreloadFeedConfig in 13ms
01-25 16:12:21.535  8790  8939 W fb4a.AppInitScheduler|Run: Running PreloadLogDb
01-25 16:12:21.536  8790  8939 W fb4a.AppInitScheduler|Run:   Finished PreloadLogDb in 0ms
01-25 16:12:21.536  8790  8939 W fb4a.AppInitScheduler|Run: Running PreloadReactions
01-25 16:12:21.538  8624  8700 W System.err: java.lang.ClassNotFoundException: com.bytedance.lynx.service.adapter.common.trail.LynxTrailService
01-25 16:12:21.538  8624  8700 W System.err: 	at java.lang.Class.classForName(Native Method)
01-25 16:12:21.538  8624  8700 W System.err: 	at java.lang.Class.forName(Class.java:454)
01-25 16:12:21.538  8624  8700 W System.err: 	at java.lang.Class.forName(Class.java:379)
01-25 16:12:21.538  8624  8700 W System.err: 	at com.lynx.tasm.service.LynxServiceProxy.initialize(Unknown Source:262154)
01-25 16:12:21.538  8624  8700 W System.err: 	at com.lynx.tasm.service.LynxServiceProxy.ensureInitialize(Unknown Source:262169)
01-25 16:12:21.538  8624  8700 W System.err: 	at com.lynx.tasm.service.LynxTrailServiceProxy.stringValueForExperimentKey(Unknown Source:16973829)
01-25 16:12:21.539  8624  8700 W System.err: 	at com.lynx.tasm.LynxEnv.getStringFromExternalEnv(Unknown Source:17104947)
01-25 16:12:21.539  8624  8700 W System.err: 	at com.lynx.tasm.LynxEnv.getBooleanFromExternalEnv(Unknown Source:33816580)
01-25 16:12:21.539  8624  8700 W System.err: 	at com.lynx.tasm.LynxEnv.initImageExperimentSettings(Unknown Source:196611)
01-25 16:12:21.539  8624  8700 W System.err: 	at com.lynx.tasm.LynxEnv.init(Unknown Source:84279434)
01-25 16:12:21.539  8624  8700 W System.err: 	at X.NY7.a(Unknown Source:34013274)
01-25 16:12:21.539  8624  8700 W System.err: 	at X.NXv.a(Unknown Source:50659360)
01-25 16:12:21.539  8624  8700 W System.err: 	at X.NXv.a(Unknown Source:100925445)
01-25 16:12:21.539  8624  8700 W System.err: 	at X.NXB.b(Unknown Source:17039383)
01-25 16:12:21.539  8624  8700 W System.err: 	at com.lm.components.lynx.YxLynxModule.buildLynxKitService(Unknown Source:393384)
01-25 16:12:21.539  8624  8700 W System.err: 	at com.lm.components.lynx.YxLynxModule.initLynxKit(Unknown Source:262157)
01-25 16:12:21.539  8624  8700 W System.err: 	at com.lm.components.lynx.YxLynxModule.init(Unknown Source:17104922)
01-25 16:12:21.539  8624  8700 W System.err: 	at X.KiK.a(Unknown Source:217)
01-25 16:12:21.539  8624  8700 W System.err: 	at X.KiK.a(Unknown Source:117637125)
01-25 16:12:21.539  8624  8700 W System.err: 	at X.Kiz.e(Unknown Source:459027)
01-25 16:12:21.539  8624  8700 W System.err: 	at X.Kiz.c(Unknown Source:262157)
01-25 16:12:21.539  8624  8700 W System.err: 	at X.KaM.run(Unknown Source:327742)
01-25 16:12:21.539  8624  8700 W System.err: 	at X.KWY.a(Unknown Source:50528261)
01-25 16:12:21.539  8624  8700 W System.err: 	at com.vega.start.logic.-$$Lambda$d$1.run(Unknown Source:131078)
01-25 16:12:21.539  8624  8700 W System.err: 	at java.util.concurrent.ThreadPoolExecutor.runWorker(ThreadPoolExecutor.java:1167)
01-25 16:12:21.539  8624  8700 W System.err: 	at java.util.concurrent.ThreadPoolExecutor$Worker.run(ThreadPoolExecutor.java:641)
01-25 16:12:21.539  8624  8700 W System.err: 	at java.lang.Thread.run(Thread.java:919)
01-25 16:12:21.539  8624  8700 W System.err: Caused by: java.lang.ClassNotFoundException: com.bytedance.lynx.service.adapter.common.trail.LynxTrailService
01-25 16:12:21.539  8624  8700 W System.err: 	... 27 more
01-25 16:12:21.539  8624  8624 W System.err: java.lang.ClassNotFoundException: com.bytedance.lynx.service.adapter.common.trail.LynxTrailService
01-25 16:12:21.539  8624  8624 W System.err: 	at java.lang.Class.classForName(Native Method)
01-25 16:12:21.539  8624  8624 W System.err: 	at java.lang.Class.forName(Class.java:454)
01-25 16:12:21.539  8624  8624 W System.err: 	at java.lang.Class.forName(Class.java:379)
01-25 16:12:21.539  8624  8624 W System.err: 	at com.lynx.tasm.service.LynxServiceProxy.initialize(Unknown Source:262154)
01-25 16:12:21.539  8624  8624 W System.err: 	at com.lynx.tasm.service.LynxServiceProxy.ensureInitialize(Unknown Source:262169)
01-25 16:12:21.539  8624  8624 W System.err: 	at com.lynx.tasm.service.LynxTrailServiceProxy.stringValueForExperimentKey(Unknown Source:16973829)
01-25 16:12:21.539  8624  8624 W System.err: 	at com.lynx.tasm.LynxEnv.getStringFromExternalEnv(Unknown Source:17104947)
01-25 16:12:21.539  8624  8624 W System.err: 	at com.lynx.tasm.LynxEnv.nativeInitUIThread(Native Method)
01-25 16:12:21.539  8624  8624 W System.err: 	at com.lynx.tasm.LynxEnv$1.run(Unknown Source:131079)
01-25 16:12:21.539  8624  8624 W System.err: 	at android.os.Handler.handleCallback(Handler.java:883)
01-25 16:12:21.539  8624  8624 W System.err: 	at android.os.Handler.dispatchMessage(Handler.java:100)
01-25 16:12:21.539  8624  8624 W System.err: 	at android.os.Looper.loop(Looper.java:264)
01-25 16:12:21.539  8624  8624 W System.err: 	at android.app.ActivityThread.main(ActivityThread.java:7684)
01-25 16:12:21.539  8624  8624 W System.err: 	at java.lang.reflect.Method.invoke(Native Method)
01-25 16:12:21.539  8624  8624 W System.err: 	at com.android.internal.os.RuntimeInit$MethodAndArgsCaller.run(RuntimeInit.java:492)
01-25 16:12:21.539  8624  8624 W System.err: 	at com.android.internal.os.ZygoteInit.main(ZygoteInit.java:980)
01-25 16:12:21.539  8624  8624 W System.err: Caused by: java.lang.ClassNotFoundException: com.bytedance.lynx.service.adapter.common.trail.LynxTrailService
01-25 16:12:21.540  8624  8624 W System.err: 	... 16 more
01-25 16:12:21.540  8624  8700 W System.err: java.lang.ClassNotFoundException: com.bytedance.lynx.service.adapter.global.i18n.LynxI18nService
01-25 16:12:21.540  8624  8700 W System.err: 	at java.lang.Class.classForName(Native Method)
01-25 16:12:21.540  8624  8700 W System.err: 	at java.lang.Class.forName(Class.java:454)
01-25 16:12:21.540  8624  8700 W System.err: 	at java.lang.Class.forName(Class.java:379)
01-25 16:12:21.540  8624  8700 W System.err: 	at com.lynx.tasm.service.LynxServiceProxy.initialize(Unknown Source:262154)
01-25 16:12:21.540  8624  8700 W System.err: 	at com.lynx.tasm.service.LynxServiceProxy.ensureInitialize(Unknown Source:262169)
01-25 16:12:21.540  8624  8700 W System.err: 	at com.lynx.tasm.service.LynxI18nServiceProxy.loadLibrary(Unknown Source:16973824)
01-25 16:12:21.540  8624  8700 W System.err: 	at com.lynx.tasm.icu.ICURegister.loadLibrary(Unknown Source:17039383)
01-25 16:12:21.540  8624  8700 W System.err: 	at com.lynx.tasm.LynxEnv.init(Unknown Source:84279454)
01-25 16:12:21.540  8624  8700 W System.err: 	at X.NY7.a(Unknown Source:34013274)
01-25 16:12:21.540  8624  8700 W System.err: 	at X.NXv.a(Unknown Source:50659360)
01-25 16:12:21.540  8624  8700 W System.err: 	at X.NXv.a(Unknown Source:100925445)
01-25 16:12:21.540  8624  8700 W System.err: 	at X.NXB.b(Unknown Source:17039383)
01-25 16:12:21.540  8624  8700 W System.err: 	at com.lm.components.lynx.YxLynxModule.buildLynxKitService(Unknown Source:393384)
01-25 16:12:21.540  8624  8700 W System.err: 	at com.lm.components.lynx.YxLynxModule.initLynxKit(Unknown Source:262157)
01-25 16:12:21.540  8624  8700 W System.err: 	at com.lm.components.lynx.YxLynxModule.init(Unknown Source:17104922)
01-25 16:12:21.540  8624  8700 W System.err: 	at X.KiK.a(Unknown Source:217)
01-25 16:12:21.540  8624  8700 W System.err: 	at X.KiK.a(Unknown Source:117637125)
01-25 16:12:21.540  8624  8700 W System.err: 	at X.Kiz.e(Unknown Source:459027)
01-25 16:12:21.540  8624  8700 W System.err: 	at X.Kiz.c(Unknown Source:262157)
01-25 16:12:21.540  8624  8700 W System.err: 	at X.KaM.run(Unknown Source:327742)
01-25 16:12:21.540  8624  8700 W System.err: 	at X.KWY.a(Unknown Source:50528261)
01-25 16:12:21.540  8624  8700 W System.err: 	at com.vega.start.logic.-$$Lambda$d$1.run(Unknown Source:131078)
01-25 16:12:21.540  8624  8700 W System.err: 	at java.util.concurrent.ThreadPoolExecutor.runWorker(ThreadPoolExecutor.java:1167)
01-25 16:12:21.540  8624  8700 W System.err: 	at java.util.concurrent.ThreadPoolExecutor$Worker.run(ThreadPoolExecutor.java:641)
01-25 16:12:21.540  8624  8700 W System.err: 	at java.lang.Thread.run(Thread.java:919)
01-25 16:12:21.540  8624  8700 W System.err: Caused by: java.lang.ClassNotFoundException: com.bytedance.lynx.service.adapter.global.i18n.LynxI18nService
01-25 16:12:21.540  8624  8700 W System.err: 	... 25 more
01-25 16:12:21.546  8624  8699 W ttmdl   : <0x0,AVMDLJniBase.cpp,JNI_OnLoad,77>-----compiled native library  Sep  7 2023 06:51:12-----
01-25 16:12:21.546  8624  8699 W ttmdl   : <0x0,AVMDLJniBase.cpp,JNI_OnLoad,87><JNI_OnLoad,87> JNI_OnLoad (result=65540)
01-25 16:12:21.547  8624  9186 I PRIMJS  : RC: HEAP_TAG_OUTER: 0x0, HEAP_TAG_INNER: 0x0
01-25 16:12:21.547  8624  8699 W ttmdl   : <0x0,AVMDLManagerBridge.cpp,native_create,41>start create mdl
01-25 16:12:21.547  8624  8699 W ttmdl   : <0x0,AVMDLJniBase.cpp,init_avmdl_app_wrapper,357>register getStringValueByStrkey suc
01-25 16:12:21.547  8624  8699 W ttmdl   : <0x0,AVMDLJniBase.cpp,init_avmdl_app_wrapper,363>cls:14198
01-25 16:12:21.547  8624  8699 W ttmdl   : <0x0,AVMDLManagerBridge.cpp,register_native_methods,1310>register other native methods ok
01-25 16:12:21.547  8624  8699 W ttmdl   : <0x0,AVMDLManagerBridge.cpp,init_dns_info,1364>init dns info suc
01-25 16:12:21.547  8624  8699 W ttmdl   : <0x0,AVMDLManagerBridge.cpp,init_dns_info,1375>init dns info native methods ok
01-25 16:12:21.547  8624  8699 W ttmdl   : <0x0,AVMDLManagerBridge.cpp,init_fetcher_info,1428>init fetcher info suc
01-25 16:12:21.547  8624  8699 W ttmdl   : <0x0,AVMDLManagerBridge.cpp,init_fetcher_info,1439>init fetcher info native methods ok
01-25 16:12:21.547  8624  8699 W ttmdl   : <0x0,AVMDLManagerBridge.cpp,init_hashMap_info,1484>init hashMap  suc
01-25 16:12:21.547  8624  8699 W ttmdl   : <0x0,AVMDLManagerBridge.cpp,native_create,55>register end
01-25 16:12:21.548  8624  9186 I PRIMJS  : RC: HEAP_TAG_OUTER: 0x0, HEAP_TAG_INNER: 0x0
01-25 16:12:21.550  8624  9186 I PRIMJS  : RC: HEAP_TAG_OUTER: 0x0, HEAP_TAG_INNER: 0x0
01-25 16:12:21.549   504   594 I hwcomposer: [HWC] (0) displayGetActiveConfig config:0  
01-25 16:12:21.551  8624  9186 I PRIMJS  : RC: HEAP_TAG_OUTER: 0x0, HEAP_TAG_INNER: 0x0
01-25 16:12:21.552  8624  8700 W System.err: X.9yV: lateinit property settingsAdapter has not been initialized
01-25 16:12:21.552  8624  8700 W System.err: 	at com.bytedance.lynx.service.LynxServiceInitializer.initialize(Unknown Source:17104927)
01-25 16:12:21.552  8624  8700 W System.err: 	at com.lm.components.lynx.YxLynxModule.initLynxService(Unknown Source:393404)
01-25 16:12:21.552  8624  8700 W System.err: 	at com.lm.components.lynx.YxLynxModule.init(Unknown Source:17104940)
01-25 16:12:21.552  8624  8700 W System.err: 	at X.KiK.a(Unknown Source:217)
01-25 16:12:21.552  8624  8700 W System.err: 	at X.KiK.a(Unknown Source:117637125)
01-25 16:12:21.552  8624  8700 W System.err: 	at X.Kiz.e(Unknown Source:459027)
01-25 16:12:21.552  8624  8700 W System.err: 	at X.Kiz.c(Unknown Source:262157)
01-25 16:12:21.552  8624  8700 W System.err: 	at X.KaM.run(Unknown Source:327742)
01-25 16:12:21.552  8624  8700 W System.err: 	at X.KWY.a(Unknown Source:50528261)
01-25 16:12:21.552  8624  8700 W System.err: 	at com.vega.start.logic.-$$Lambda$d$1.run(Unknown Source:131078)
01-25 16:12:21.552  8624  8700 W System.err: 	at java.util.concurrent.ThreadPoolExecutor.runWorker(ThreadPoolExecutor.java:1167)
01-25 16:12:21.552  8624  8700 W System.err: 	at java.util.concurrent.ThreadPoolExecutor$Worker.run(ThreadPoolExecutor.java:641)
01-25 16:12:21.552  8624  8700 W System.err: 	at java.lang.Thread.run(Thread.java:919)
01-25 16:12:21.552  8624  9186 I PRIMJS  : RC: HEAP_TAG_OUTER: 0x0, HEAP_TAG_INNER: 0x0
01-25 16:12:21.556  8790  8914 W ComponentDiscovery: Class com.google.firebase.dynamicloading.DynamicLoadingRegistrar is not an found.
01-25 16:12:21.560  8790  8917 W fb4a.AppInitScheduler|Run:   Finished PreloadFreshFeedRanker in 34ms
01-25 16:12:21.560  8790  8917 W fb4a.AppInitScheduler|Run: Running PreloadStoriesTrayFetchController
01-25 16:12:21.564  8624  8867 I cr_LibraryLoader: Successfully loaded native library
01-25 16:12:21.567   528   528 I lowmemorykiller: 8 memory pressure events were skipped after a kill!
01-25 16:12:21.568  8624  8867 I cr_CachingUmaRecorder: Flushed 5 samples from 5 histograms, 0 samples were dropped.
01-25 16:12:21.570  8624  8757 E DynamiteModule: Failed to load module descriptor class: No field MODULE_ID in class Lcom/google/android/gms/dynamite/descriptors/com/google/android/gms/ads/dynamite/ModuleDescriptor; (declaration of 'com.google.android.gms.dynamite.descriptors.com.google.android.gms.ads.dynamite.ModuleDescriptor' appears in base.apk!classes23.dex)
01-25 16:12:21.570  8790  8920 W fb4a.AppInitScheduler|Run:   Finished PreloadInlineComposerProfileImage in 40ms
01-25 16:12:21.570  8790  8920 W fb4a.AppInitScheduler|Run: Running PreloadStoriesTrayQuery
01-25 16:12:21.575  8790  8920 W fb4a.AppInitScheduler|Run:   Finished PreloadStoriesTrayQuery in 4ms
01-25 16:12:21.575  8790  8920 W fb4a.AppInitScheduler|Run: Running PreloadVideo
01-25 16:12:21.576  8790  8920 W fb4a.AppInitScheduler|Run:   Finished PreloadVideo in 0ms
01-25 16:12:21.576  8790  8920 W fb4a.AppInitScheduler|Run: Running SetupBlockingBackgroundComponentReporting
01-25 16:12:21.576  8790  8920 W fb4a.AppInitScheduler|Run:   Finished SetupBlockingBackgroundComponentReporting in 0ms
01-25 16:12:21.576  8790  8920 W fb4a.AppInitScheduler|Run: Running StartupQPLReplayer
01-25 16:12:21.593  8790  8938 W fb4a.AppInitScheduler|Run:   Finished EagerInitTigonLiger in 282ms
01-25 16:12:21.593  8790  8938 W fb4a.AppInitScheduler|Schedule:   Executing 143:GraphServiceEagerInit
01-25 16:12:21.593  8790  8938 W fb4a.AppInitScheduler|Schedule:   Executing 182:InitReliableMedia
01-25 16:12:21.593  8790  8938 W fb4a.AppInitScheduler|Schedule:   Executing 190:InitTrafficNTS
01-25 16:12:21.593  8790  8938 W fb4a.AppInitScheduler|Schedule:   Executing 307:ZeroLibraryInitializer
01-25 16:12:21.593  8790  8919 W fb4a.AppInitScheduler|Run: Running GraphServiceEagerInit [*]
01-25 16:12:21.594  8790  8938 W fb4a.AppInitScheduler|Run: Running InitReliableMedia
01-25 16:12:21.594  8790  8938 W fb4a.AppInitScheduler|Run:   Finished InitReliableMedia in 1ms
01-25 16:12:21.594  8790  8938 W fb4a.AppInitScheduler|Run: Running InitTrafficNTS
01-25 16:12:21.595  8790  8919 W fb4a.AppInitScheduler|Schedule:   Executing async work for GraphServiceEagerInit: InjectTigonServiceHolder
01-25 16:12:21.595  8790  8919 W fb4a.AppInitScheduler|Schedule:   Executing async work for GraphServiceEagerInit: InjectGraphQLConsistencyJNI
01-25 16:12:21.595  8790  8920 W fb4a.AppInitScheduler|Run:   Finished StartupQPLReplayer in 19ms
01-25 16:12:21.595  8790  8920 W fb4a.AppInitScheduler|Schedule:   Executing 286:StartupQPLTransitToMatureStage
01-25 16:12:21.600  8624  9202 W ttmdl   : <0x0,AVMDLJniBase.cpp,create_thread_env,49>get java vm is:0x778269f1c0
01-25 16:12:21.605  8624  8696 I Ads     : Updating ad debug logging enablement.
01-25 16:12:21.605  8624  8699 W ttmdl   : <0x0,AVMDLManagerBridge.cpp,native_create,57>mdl version is AVMDL-1.1.146.33-boringssl-ANDROID
01-25 16:12:21.605  8624  8699 W ttmdl   : <0x0,AVMDLog.cpp,set_alog_notifyer,32>set_alog_enable, 0x0:0x0
01-25 16:12:21.605  8624  8699 W ttmdl   : <0x0,AVMDLManagerBridge.cpp,native_create,59>create mdl:0x764c7b3b00,size:1208
01-25 16:12:21.606  8790  8938 W fb4a.AppInitScheduler|Run:   Finished InitTrafficNTS in 11ms
01-25 16:12:21.609  8624  9187 I chromium: [INFO:variations_seed_loader.cc(68)] Failed to open file for reading.: No such file or directory (2)
01-25 16:12:21.609  8790  8938 W fb4a.AppInitScheduler|Run: Running ZeroLibraryInitializer
01-25 16:12:21.628  8624  9207 W Ads     : Update ad debug logging enablement as false
01-25 16:12:21.643   915   922 I [BIP]   :  [BIP NL] event newlink match dev 0, interface index 919
01-25 16:12:21.643   915   922 I [BIP]   :  [BIP NL] the link status of interface(index:0) changes to 1
01-25 16:12:21.646  1226  1241 I EthernetTracker: interfaceLinkStateChanged, iface: wlan0, up: true
01-25 16:12:21.647   489  3377 I netd    : interfaceGetCfg("wlan0") <0.35ms>
01-25 16:12:21.649  8831  8831 E QueryFilterEngine: Local common params config is invalid: {}
01-25 16:12:21.652  8831  8831 W SyncMainProcessConfig: Sync main process config in current process.
01-25 16:12:21.653  7961  9188 I ADB_SERVICES: post waitpid (pid=9175) status=0000
01-25 16:12:21.654  7961  7961 I ADB_SERVICES: for fd 37, revents = 2011
01-25 16:12:21.654  7961  7961 I ADB_SERVICES: for fd 37, revents = 2011
01-25 16:12:21.655  8624  8699 I emon.lvoversea: Thread[43,tid=8699,Native,Thread*=0x76f1a7a800,peer=0x194404a8,"start-pool-1-thread-7"] recursive attempt to load library "/data/app/com.lemon.lvoverseas-mBIt91YtuweP36fEVLTXbA==/lib/arm64/libcachemodule.so"
01-25 16:12:21.658  8790  8917 W fb4a.AppInitScheduler|Run:   Finished PreloadStoriesTrayFetchController in 98ms
01-25 16:12:21.658  8790  8917 W fb4a.AppInitScheduler|Run: Running StartupQPLTransitToMatureStage
01-25 16:12:21.658  8790  8917 W fb4a.AppInitScheduler|Run:   Finished StartupQPLTransitToMatureStage in 1ms
01-25 16:12:21.659  8624  8699 E emon.lvoversea: No implementation found for void com.bytedance.vcloud.cacheModule.utils.CmLog._turnLogLevel(int, boolean) (tried Java_com_bytedance_vcloud_cacheModule_utils_CmLog__1turnLogLevel and Java_com_bytedance_vcloud_cacheModule_utils_CmLog__1turnLogLevel__IZ)
01-25 16:12:21.660  8624  8699 W PlaylistCacheModule: [1.16.2-jy]<cacheModule_bridge.cpp,JNI_OnLoad,90><JNI_OnLoad,90> JNI_OnLoad (result=65540)
01-25 16:12:21.660  8624  8699 I PlaylistCacheModule: [1.16.2-jy]<TTCMCacheSettings.cpp,setCacheDir,19>==> setCacheDir : /storage/emulated/0/Android/data/com.lemon.lvoverseas/cache/video 
01-25 16:12:21.661  7961  7961 I ADB_SERVICES: service_to_fd shell,v2,TERM=xterm-256color,raw:dumpsys input
01-25 16:12:21.670   489  8977 E ResolverController: No valid NAT64 prefix (582, <unspecified>/0)
01-25 16:12:21.670   489  9021 E ResolverController: No valid NAT64 prefix (582, <unspecified>/0)
01-25 16:12:21.672  8831  9072 W AppLog  : null context when onEvent
01-25 16:12:21.673  8831  8831 W SsCronetHttpClient: tryResolveImpl:org.chromium.CronetClient
01-25 16:12:21.674   528   528 I lowmemorykiller: 8 memory pressure events were skipped after a kill!
01-25 16:12:21.674  1643  8450 I System.out: [socket]:check permission begin!
01-25 16:12:21.676  8790  8918 W fb4a.AppInitScheduler|Run:   Finished FbSharedPreferenceInitializerAsync in 447ms
01-25 16:12:21.684  8624  9233 W ttmdl   : <0x0,AVMDLManagerBridge.cpp,native_setStringValue,362>set loader factory cache dir
01-25 16:12:21.684  8624  9233 W ttmdl   : <0x0,AVMDLManagerBridge.cpp,native_setStringValue,428>set key:9 valuestr:/storage/emulated/0/Android/data/com.lemon.lvoverseas/cache/video/loaderFactory
01-25 16:12:21.686  8624  9233 W ttmdl   : <0x0,AVMDLManagerBridge.cpp,native_setStringValue,358>set cache dir
01-25 16:12:21.686  8624  9233 W ttmdl   : <0x0,AVMDLManagerBridge.cpp,native_setStringValue,428>set key:0 valuestr:/storage/emulated/0/Android/data/com.lemon.lvoverseas/cache/video
01-25 16:12:21.686  8624  9233 W ttmdl   : <0x0,AVMDLManagerBridge.cpp,native_setStringValue,366>set cache dir
01-25 16:12:21.686  8624  9233 W ttmdl   : <0x0,AVMDLManagerBridge.cpp,native_setStringValue,428>set key:5510 valuestr:/storage/emulated/0/Android/data/com.lemon.lvoverseas/cache/video/netCache
01-25 16:12:21.687  8624  9233 W ttmdl   : <0x0,AVMDLManagerBridge.cpp,native_setStringValue,428>set key:6513 valuestr:/storage/emulated/0/Android/data/com.lemon.lvoverseas/cache/video/netCache/ttquiche
01-25 16:12:21.687  8624  9233 W ttmdl   : <0x0,AVMDLManagerBridge.cpp,native_setStringValue,428>set key:10 valuestr:{"app_channel":"googleplay","app_name":"vicut","device_id":"6965497695285331461","app_version":"13.5.0","app_id":3006}
01-25 16:12:21.687  8624  9233 W ttmdl   : <0x0,AVMDLManagerBridge.cpp,native_setIntValue,854>set key:-10000 value:0
01-25 16:12:21.687  8624  9233 W ttmdl   : <0x0,AVMDLManagerBridge.cpp,native_setIntValue,854>set key:-10000 value:10000
01-25 16:12:21.687  8624  9233 W ttmdl   : <0x0,AVMDLManagerBridge.cpp,native_setIntValue,854>set key:-10000 value:20000
01-25 16:12:21.687  8624  9233 W ttmdl   : <0x0,AVMDLManagerBridge.cpp,native_setIntValue,854>set key:-10000 value:3500
01-25 16:12:21.687  8624  9233 W ttmdl   : <0x0,AVMDLManagerBridge.cpp,native_setIntValue,854>set key:-10000 value:1000
01-25 16:12:21.687  8624  9233 W ttmdl   : <0x0,AVMDLManagerBridge.cpp,native_setIntValue,854>set key:-10000 value:3
01-25 16:12:21.687  8624  9233 W ttmdl   : <0x0,AVMDLManagerBridge.cpp,native_setIntValue,854>set key:-10000 value:60000
01-25 16:12:21.687  8624  9233 W ttmdl   : <0x0,AVMDLManagerBridge.cpp,native_setIntValue,854>set key:-10000 value:0
01-25 16:12:21.687  8624  9233 W ttmdl   : <0x0,AVMDLManagerBridge.cpp,native_setIntValue,854>set key:-10000 value:0
01-25 16:12:21.687  8624  9233 W ttmdl   : <0x0,AVMDLManagerBridge.cpp,native_setIntValue,854>set key:-10000 value:5000
01-25 16:12:21.687  8624  9233 W ttmdl   : <0x0,AVMDLManagerBridge.cpp,native_setIntValue,854>set key:1 value:104857600
01-25 16:12:21.687  8624  9233 W ttmdl   : <0x0,AVMDLManagerBridge.cpp,native_setIntValue,854>set key:2 value:10
01-25 16:12:21.687  8624  9233 W ttmdl   : <0x0,AVMDLManagerBridge.cpp,native_setIntValue,854>set key:3 value:10
01-25 16:12:21.687  8624  9233 W ttmdl   : <0x0,AVMDLManagerBridge.cpp,native_setIntValue,854>set key:4 value:0
01-25 16:12:21.687  8624  9233 W ttmdl   : <0x0,AVMDLManagerBridge.cpp,native_setIntValue,854>set key:7 value:104857600
01-25 16:12:21.687  8624  9233 W ttmdl   : <0x0,AVMDLManagerBridge.cpp,native_setIntValue,854>set key:8 value:5242880
01-25 16:12:21.687  8624  9233 W ttmdl   : <0x0,AVMDLManagerBridge.cpp,native_setIntValue,854>set key:5 value:0
01-25 16:12:21.687  8624  9233 W ttmdl   : <0x0,AVMDLManagerBridge.cpp,native_setIntValue,854>set key:600 value:1
01-25 16:12:21.687  8624  9233 W ttmdl   : <0x0,AVMDLManagerBridge.cpp,native_setIntValue,854>set key:10 value:0
01-25 16:12:21.687  8624  9233 W ttmdl   : <0x0,AVMDLManagerBridge.cpp,native_setIntValue,854>set key:630 value:1209600
01-25 16:12:21.687  8624  9233 W ttmdl   : <0x0,AVMDLManagerBridge.cpp,native_setIntValue,854>set key:945 value:0
01-25 16:12:21.687  8624  9233 W ttmdl   : <0x0,AVMDLManagerBridge.cpp,native_setIntValue,854>set key:601 value:1
01-25 16:12:21.687  8624  9233 W ttmdl   : <0x0,AVMDLManagerBridge.cpp,native_setIntValue,854>set key:602 value:1
01-25 16:12:21.687  8624  9233 W ttmdl   : <0x0,AVMDLManagerBridge.cpp,native_setIntValue,854>set key:-10000 value:0
01-25 16:12:21.687  8624  9233 W ttmdl   : <0x0,AVMDLManagerBridge.cpp,native_setIntValue,854>set key:620 value:0
01-25 16:12:21.687  8624  9233 W ttmdl   : <0x0,AVMDLManagerBridge.cpp,native_setIntValue,854>set key:621 value:0
01-25 16:12:21.687  8624  9233 W ttmdl   : <0x0,AVMDLManagerBridge.cpp,native_setIntValue,854>set key:629 value:0
01-25 16:12:21.687  8624  9233 W ttmdl   : <0x0,AVMDLManagerBridge.cpp,native_setIntValue,854>set key:622 value:120
01-25 16:12:21.687  8624  9233 W ttmdl   : <0x0,AVMDLManagerBridge.cpp,native_setIntValue,854>set key:10 value:0
01-25 16:12:21.687  8624  9233 W ttmdl   : <0x0,AVMDLManagerBridge.cpp,native_setIntValue,854>set key:623 value:1
01-25 16:12:21.687  8624  9233 W ttmdl   : <0x0,AVMDLManagerBridge.cpp,native_setIntValue,854>set key:625 value:0
01-25 16:12:21.687  8624  9233 W ttmdl   : <0x0,AVMDLManagerBridge.cpp,native_setIntValue,854>set key:631 value:0
01-25 16:12:21.687  8624  9233 W ttmdl   : <0x0,AVMDLManagerBridge.cpp,native_setIntValue,854>set key:724 value:0
01-25 16:12:21.687  8624  9233 W ttmdl   : <0x0,AVMDLManagerBridge.cpp,native_setIntValue,854>set key:-10000 value:0
01-25 16:12:21.687  8624  9233 I chatty  : uid=10859(com.lemon.lvoverseas) Thread-130 identical 1 line
01-25 16:12:21.688  8624  9233 W ttmdl   : <0x0,AVMDLManagerBridge.cpp,native_setIntValue,854>set key:-10000 value:0
01-25 16:12:21.688  8624  9233 W ttmdl   : <0x0,AVMDLManagerBridge.cpp,native_setIntValue,854>set key:726 value:0
01-25 16:12:21.688  8624  9233 W ttmdl   : <0x0,AVMDLManagerBridge.cpp,native_setIntValue,854>set key:727 value:3
01-25 16:12:21.688  8624  9233 W ttmdl   : <0x0,AVMDLManagerBridge.cpp,native_setIntValue,854>set key:728 value:0
01-25 16:12:21.688  8624  9233 W ttmdl   : <0x0,AVMDLManagerBridge.cpp,native_setIntValue,854>set key:729 value:0
01-25 16:12:21.688  8624  9233 W ttmdl   : <0x0,AVMDLManagerBridge.cpp,native_setIntValue,854>set key:-10000 value:0
01-25 16:12:21.688  8624  9233 W ttmdl   : <0x0,AVMDLManagerBridge.cpp,native_setIntValue,854>set key:730 value:0
01-25 16:12:21.688  8624  9233 W ttmdl   : <0x0,AVMDLManagerBridge.cpp,native_setIntValue,854>set key:732 value:0
01-25 16:12:21.688  8624  9233 W ttmdl   : <0x0,AVMDLManagerBridge.cpp,native_setIntValue,854>set key:733 value:2
01-25 16:12:21.688  8624  9233 W ttmdl   : <0x0,AVMDLManagerBridge.cpp,native_setIntValue,854>set key:931 value:0
01-25 16:12:21.688  8624  9233 W ttmdl   : <0x0,AVMDLManagerBridge.cpp,native_setIntValue,854>set key:737 value:-1
01-25 16:12:21.688  8624  9233 W ttmdl   : <0x0,AVMDLManagerBridge.cpp,native_setIntValue,854>set key:752 value:0
01-25 16:12:21.688  8624  9233 W ttmdl   : <0x0,AVMDLManagerBridge.cpp,native_setIntValue,854>set key:753 value:0
01-25 16:12:21.688  8624  9233 W ttmdl   : <0x0,AVMDLManagerBridge.cpp,native_setIntValue,854>set key:754 value:0
01-25 16:12:21.688  8624  9233 W ttmdl   : <0x0,AVMDLManagerBridge.cpp,native_setIntValue,854>set key:762 value:0
01-25 16:12:21.688  8624  9233 W ttmdl   : <0x0,AVMDLManagerBridge.cpp,native_setIntValue,854>set key:755 value:0
01-25 16:12:21.688  8624  9233 W ttmdl   : <0x0,AVMDLManagerBridge.cpp,native_setIntValue,854>set key:756 value:0
01-25 16:12:21.688  8624  9233 W ttmdl   : <0x0,AVMDLManagerBridge.cpp,native_setIntValue,854>set key:757 value:0
01-25 16:12:21.688  8624  9233 W ttmdl   : <0x0,AVMDLManagerBridge.cpp,native_setIntValue,854>set key:758 value:0
01-25 16:12:21.688  8624  9233 W ttmdl   : <0x0,AVMDLManagerBridge.cpp,native_setIntValue,854>set key:768 value:0
01-25 16:12:21.688  8624  9233 W ttmdl   : <0x0,AVMDLManagerBridge.cpp,native_setIntValue,854>set key:741 value:0
01-25 16:12:21.688  8624  9233 W ttmdl   : <0x0,AVMDLManagerBridge.cpp,native_setIntValue,854>set key:742 value:0
01-25 16:12:21.688  8624  9233 W ttmdl   : <0x0,AVMDLManagerBridge.cpp,native_setIntValue,854>set key:110 value:500
01-25 16:12:21.688  8624  9233 W ttmdl   : <0x0,AVMDLManagerBridge.cpp,native_setIntValue,854>set key:765 value:5
01-25 16:12:21.688  8624  9233 W ttmdl   : <0x0,AVMDLManagerBridge.cpp,native_setIntValue,854>set key:766 value:1
01-25 16:12:21.688  8624  9233 W ttmdl   : <0x0,AVMDLManagerBridge.cpp,native_setIntValue,854>set key:-10000 value:0
01-25 16:12:21.688  8624  9233 W ttmdl   : <0x0,AVMDLManagerBridge.cpp,native_setIntValue,854>set key:709 value:0
01-25 16:12:21.688  8624  9233 W ttmdl   : <0x0,AVMDLog.cpp,set_alog_enable,38>set_alog_enable, 0
01-25 16:12:21.688  8624  9233 W ttmdl   : <0x0,AVMDLManagerBridge.cpp,native_setIntValue,854>set key:738 value:0
01-25 16:12:21.688  8624  9233 W ttmdl   : <0x0,AVMDLManagerBridge.cpp,native_setIntValue,854>set key:739 value:0
01-25 16:12:21.688  8624  9233 W ttmdl   : <0x0,AVMDLManagerBridge.cpp,native_setIntValue,854>set key:936 value:0
01-25 16:12:21.688  8624  9233 W ttmdl   : <0x0,AVMDLManagerBridge.cpp,native_setIntValue,854>set key:937 value:0
01-25 16:12:21.688  8624  9233 W ttmdl   : <0x0,AVMDLManagerBridge.cpp,native_setIntValue,854>set key:938 value:0
01-25 16:12:21.688  8624  9233 W ttmdl   : <0x0,AVMDLManagerBridge.cpp,native_setIntValue,854>set key:939 value:0
01-25 16:12:21.688  8624  9233 W ttmdl   : <0x0,AVMDLManagerBridge.cpp,native_setIntValue,854>set key:940 value:0
01-25 16:12:21.688  8624  9233 W ttmdl   : <0x0,AVMDLManagerBridge.cpp,native_setIntValue,854>set key:740 value:0
01-25 16:12:21.688  8624  9233 W ttmdl   : <0x0,AVMDLManagerBridge.cpp,native_setIntValue,854>set key:932 value:2147483647
01-25 16:12:21.688  8624  9233 W ttmdl   : <0x0,AVMDLManagerBridge.cpp,native_setIntValue,854>set key:933 value:2147483647
01-25 16:12:21.688  8624  9233 W ttmdl   : <0x0,AVMDLManagerBridge.cpp,native_setIntValue,854>set key:935 value:1
01-25 16:12:21.688  8624  9233 W ttmdl   : <0x0,AVMDLManagerBridge.cpp,native_setIntValue,854>set key:751 value:3600
01-25 16:12:21.688  8624  9233 W ttmdl   : <0x0,AVMDLManagerBridge.cpp,native_setIntValue,854>set key:764 value:0
01-25 16:12:21.688  8624  9233 W ttmdl   : <0x0,AVMDLManagerBridge.cpp,native_setIntValue,854>set key:760 value:0
01-25 16:12:21.688  8624  9233 W ttmdl   : <0x0,AVMDLManagerBridge.cpp,native_setIntValue,854>set key:770 value:0
01-25 16:12:21.688  8624  9233 W ttmdl   : <0x0,AVMDLManagerBridge.cpp,native_setIntValue,854>set key:771 value:0
01-25 16:12:21.688  8624  9233 W ttmdl   : <0x0,AVMDLManagerBridge.cpp,native_setIntValue,854>set key:761 value:0
01-25 16:12:21.688  8624  9233 W ttmdl   : <0x0,AVMDLManagerBridge.cpp,native_setIntValue,854>set key:-10000 value:0
01-25 16:12:21.688  8624  9233 I chatty  : uid=10859(com.lemon.lvoverseas) Thread-130 identical 2 lines
01-25 16:12:21.688  8624  9233 W ttmdl   : <0x0,AVMDLManagerBridge.cpp,native_setIntValue,854>set key:-10000 value:0
01-25 16:12:21.688  8624  9233 W ttmdl   : <0x0,AVMDLManagerBridge.cpp,native_setIntValue,854>set key:775 value:1
01-25 16:12:21.688  8624  9233 W ttmdl   : <0x0,AVMDLManagerBridge.cpp,native_setIntValue,854>set key:-10000 value:0
01-25 16:12:21.688  8624  9233 W ttmdl   : <0x0,AVMDLManagerBridge.cpp,native_setIntValue,854>set key:-10000 value:0
01-25 16:12:21.688  8624  9233 W ttmdl   : <0x0,AVMDLManagerBridge.cpp,native_setIntValue,854>set key:811 value:0
01-25 16:12:21.688  8624  9233 W ttmdl   : <0x0,AVMDLManagerBridge.cpp,native_setIntValue,854>set key:812 value:3
01-25 16:12:21.688  8624  9233 W ttmdl   : <0x0,AVMDLManagerBridge.cpp,native_setIntValue,854>set key:810 value:0
01-25 16:12:21.688  8624  9233 W ttmdl   : <0x0,AVMDLManagerBridge.cpp,native_setIntValue,854>set key:-10000 value:1
01-25 16:12:21.688  8624  9233 W ttmdl   : <0x0,AVMDLManagerBridge.cpp,native_setInt64Value,458>set int64 key:801 value:0
01-25 16:12:21.688  8624  9233 W ttmdl   : <0x0,AVMDLManagerBridge.cpp,native_setInt64Value,458>set int64 key:813 value:0
