01-25 16:12:21.074  8624  8867 W linker  : Warning: "/data/app/com.google.android.trichromelibrary_677826233-egkuL5GRucBu3ey-poTmmw==/base.apk!/lib/arm64-v8a/libmonochrome_64.so" unused DT entry: unknown processor-specific (type 0x70000001 arg 0x0) (ignoring)
01-25 16:12:21.075  8790  8949 W facebook.katan: ClassLoaderContext classpath element mismatch. expected=p-684524004.zip, found=/data/app/com.facebook.katana-RsWT9sdCpKBFqvU7Op6I9g==/base.apk (PCL[p-684524004.zip*3579946715];PCL[/system/framework/org.apache.http.legacy.jar*1921091862] | PCL[/data/app/com.facebook.katana-RsWT9sdCpKBFqvU7Op6I9g==/base.apk*3579946715]{PCL[/system/framework/org.apache.http.legacy.jar*1921091862]})
01-25 16:12:21.107  8624  8968 W Settings: Setting android_id has moved from android.provider.Settings.System to android.provider.Settings.Secure, returning read-only value.
01-25 16:12:21.128  8624  8696 I emon.lvoversea: The ClassLoaderContext is a special shared library.
01-25 16:12:21.134   528   528 I lowmemorykiller: 3 memory pressure events were skipped after a kill!
01-25 16:12:21.173  1643  8450 I System.out: [okhttp]:check permission begin!
01-25 16:12:21.173  1643  8450 I System.out: [okhttp]:not MMS!
01-25 16:12:21.175  1643  8450 I System.out: [okhttp]:not Email!
01-25 16:12:21.177  8624  8867 I cr_WVCFactoryProvider: version=131.0.6778.262 (677826233) minSdkVersion=29 isBundle=true multiprocess=true packageId=2
01-25 16:12:21.178  8624  8624 I NPTH    : anr_monitor_init succsess!
01-25 16:12:21.179  8624  8769 I System.out: [socket]:check permission begin!
01-25 16:12:21.179  8624  8769 W System  : ClassLoader referenced unknown path: system/framework/mediatek-cta.jar
01-25 16:12:21.179  8624  8769 I System.out: [socket] e:java.lang.ClassNotFoundException: com.mediatek.cta.CtaUtils
01-25 16:12:21.180  8624  8764 I System.out: [socket]:check permission begin!
01-25 16:12:21.180  8624  8770 I System.out: [socket]:check permission begin!
01-25 16:12:21.185  8624  8844 I RES_POOL_SDK: Executor::Executor
01-25 16:12:21.185  8624  8844 I RES_POOL_SDK: Thread::Thread
01-25 16:12:21.186  8624  8968 W shadowhook_tag: shadowhook version 1.0.8: shadowhook init(mode: SHARED, debuggable: true), return: 0, real-init: no
01-25 16:12:21.187  8624  8844 I RES_POOL_SDK: Thread::Thread
01-25 16:12:21.188  8624  8844 I chatty  : uid=10859(com.lemon.lvoverseas) Thread-52 identical 2 lines
01-25 16:12:21.190  8624  8844 I RES_POOL_SDK: Thread::Thread
01-25 16:12:21.198  8624  8844 I RES_POOL_SDK: ThreadPool::ThreadPool
01-25 16:12:21.199  8790  8949 W DexLibLoader: Build id used for apk identification
01-25 16:12:21.204  8790  8949 W AppInitScheduler|Run:   Finished LoadDexes in 188ms
01-25 16:12:21.204  8790  8949 W AppInitScheduler|Schedule:   Executing 194:IsolatedLongtailAppInit
01-25 16:12:21.204  8790  8949 W AppInitScheduler|Schedule:   Executing 0:AddMainDexStoreInfoToReliabilityLogging
01-25 16:12:21.204  8790  8949 W AppInitScheduler|Schedule:   Executing 99:ConfigureJitAfterDexesLoad
01-25 16:12:21.204  8790  8949 W AppInitScheduler|Schedule:   Executing 229:MprotectCode
01-25 16:12:21.204  8790  8949 W AppInitScheduler|Run: Running AddMainDexStoreInfoToReliabilityLogging
01-25 16:12:21.204  8790  8917 W AppInitScheduler|Run: Running ConfigureJitAfterDexesLoad
01-25 16:12:21.204  8790  8917 W AppInitScheduler|Run:   Finished ConfigureJitAfterDexesLoad in 1ms
01-25 16:12:21.204  8790  8919 W AppInitScheduler|Run: Running MprotectCode
01-25 16:12:21.204  8790  8941 W AppInitScheduler|Run: Running IsolatedLongtailAppInit [*]
01-25 16:12:21.204  8790  8941 W AppInitScheduler|Run:   Finished IsolatedLongtailAppInit in 0ms
01-25 16:12:21.204  8790  8949 W AppInitScheduler|Run:   Finished AddMainDexStoreInfoToReliabilityLogging in 1ms
01-25 16:12:21.204  8790  8919 W AppInitScheduler|Run:   Finished MprotectCode in 0ms
01-25 16:12:21.205  8790  8941 W AppInitScheduler|Schedule:   Executing 201:LoadVoltronModules
01-25 16:12:21.205  8790  8938 W AppInitScheduler|Run: Running LoadVoltronModules [*]
01-25 16:12:21.203  8790  8790 W com.lemon.lvoverseas: type=1400 audit(0.0:1360093): avc: granted { execute } for comm=4173796E635461736B202331 path="/data/data/com.facebook.katana/dex/oat/arm64/z-e656a9af5d89eef9e7b9e71677d47ed2420345f8.odex" dev="mmcblk0p40" ino=2076190 scontext=u:r:untrusted_app:s0:c96,c258,c512,c768 tcontext=u:object_r:app_data_file:s0:c96,c258,c512,c768 tclass=file
01-25 16:12:21.206  8624  8844 I RES_POOL_SDK: LongConnection::LongConnection
01-25 16:12:21.206  8624  8844 I RES_POOL_SDK: Sqlite3Conn::Sqlite3Conn
01-25 16:12:21.207  8790  8938 W AppInitScheduler|Run:   Finished LoadVoltronModules in 2ms
01-25 16:12:21.207  8790  8938 W AppInitScheduler|Schedule:   Executing 101:CreateApplicationImpl
01-25 16:12:21.207  8790  8938 W AppInitScheduler|Schedule:   Executing 191:InitUltralight
01-25 16:12:21.207  8790  8938 W AppInitScheduler|Schedule:   Executing 269:RunOnApplicationInit
01-25 16:12:21.207  8790  8938 W AppInitScheduler|Run: Running CreateApplicationImpl [*]
01-25 16:12:21.207  8790  8918 W AppInitScheduler|Run: Running InitUltralight [*]
01-25 16:12:21.208  8790  8939 W AppInitScheduler|Run: Running RunOnApplicationInit [*]
01-25 16:12:21.212  8624  8968 E InputAnrOpt: new InputChannel9
01-25 16:12:21.212  8624  8968 E InputAnrOpt: getSocketFd start
01-25 16:12:21.219  8790  8938 W AppInitScheduler|Run:   Finished CreateApplicationImpl in 13ms
01-25 16:12:21.221  8790  8939 W AppInitScheduler|Schedule: Schedule 127:FbSharedPreferenceInitializer, deps=null (2 pending tasks)
01-25 16:12:21.221  8790  8939 W AppInitScheduler|Schedule:   Executing 127:FbSharedPreferenceInitializer
01-25 16:12:21.222  8790  8917 W AppInitScheduler|Run: Running FbSharedPreferenceInitializer [*]
01-25 16:12:21.222  8790  8939 W AppInitScheduler|Schedule: Schedule 153:InitAuthentication, deps=null (3 pending tasks)
01-25 16:12:21.222  8790  8939 W AppInitScheduler|Schedule:   Executing 153:InitAuthentication
01-25 16:12:21.222  8790  8920 W AppInitScheduler|Run: Running InitAuthentication [*]
01-25 16:12:21.224  8790  8939 W AppInitScheduler|Schedule: Schedule 221:MobileConfigAdminIdInit, deps=[153] (4 pending tasks)
01-25 16:12:21.224  8790  8939 W AppInitScheduler|Schedule: Schedule 223:MobileConfigInit, deps=[153] (5 pending tasks)
01-25 16:12:21.224  8790  8939 W AppInitScheduler|Schedule: Schedule 226:MobileConfigSessionlessInit, deps=null (6 pending tasks)
01-25 16:12:21.224  8790  8939 W AppInitScheduler|Schedule:   Executing 226:MobileConfigSessionlessInit
01-25 16:12:21.224  8790  8939 W AppInitScheduler|Schedule: Schedule 162:InitExecutors, deps=null (7 pending tasks)
01-25 16:12:21.225  8790  8939 W AppInitScheduler|Schedule:   Executing 162:InitExecutors
01-25 16:12:21.225  8790  8949 W AppInitScheduler|Run: Running MobileConfigSessionlessInit [*]
01-25 16:12:21.225  8790  8939 W AppInitScheduler|Schedule: Schedule 289:StringResourcesDelegate, deps=[127, 162] (8 pending tasks)
01-25 16:12:21.225  8790  8919 W AppInitScheduler|Run: Running InitExecutors [*]
01-25 16:12:21.226  8790  8939 W AppInitScheduler|Schedule: Schedule 3:AnalyticsLoggerInit, deps=[162, 223, 226] (9 pending tasks)
01-25 16:12:21.226  8790  8939 W AppInitScheduler|Schedule: Schedule 113:E2EForceMobileConfigFetch, deps=[223] (10 pending tasks)
01-25 16:12:21.226  8790  8939 W AppInitScheduler|Schedule: Schedule 114:E2EForceMobileConfigSessionlessFetch, deps=[226] (11 pending tasks)
01-25 16:12:21.226  8624  8968 E InputAnrOpt: startopt step1: hook sendMessage sucess
01-25 16:12:21.226  8790  8939 W AppInitScheduler|Schedule: Schedule 130:FdidInitSync, deps=[223] (12 pending tasks)
01-25 16:12:21.226  8790  8939 W AppInitScheduler|Schedule: Schedule 152:InitAppModuleFallbackLoader, deps=null (13 pending tasks)
01-25 16:12:21.226  8790  8939 W AppInitScheduler|Schedule:   Executing 152:InitAppModuleFallbackLoader
01-25 16:12:21.226  8790  8939 W AppInitScheduler|Schedule: Schedule 270:RunPerfMarkers, deps=[162, 206] (14 pending tasks)
01-25 16:12:21.226  8790  8941 W AppInitScheduler|Run: Running InitAppModuleFallbackLoader [*]
01-25 16:12:21.226  8790  8939 W AppInitScheduler|Schedule: Schedule 181:InitPushLiteSdk, deps=[3, 270] (15 pending tasks)
01-25 16:12:21.226  8790  8939 W AppInitScheduler|Schedule: Schedule 197:LithoConfiguration, deps=[127, 162, 221, 223] (16 pending tasks)
01-25 16:12:21.226  8790  8939 W AppInitScheduler|Schedule: Schedule 253:PreloadWordmark, deps=[3] (17 pending tasks)
01-25 16:12:21.226  8790  8939 W AppInitScheduler|Schedule: Schedule 117:EagerInitImagePipeline, deps=[3] (18 pending tasks)
01-25 16:12:21.226  8790  8939 W AppInitScheduler|Schedule: Schedule 255:PrivacyUiiDetectionLogger, deps=[223] (19 pending tasks)
01-25 16:12:21.226  8790  8939 W AppInitScheduler|Schedule: Schedule 301:WaitForUIDependenciesInitializer, deps=[113, 114, 117, 130, 152, 181, 197, 253, 255, 289] (20 pending tasks)
01-25 16:12:21.226  8790  8939 W AppInitScheduler|Schedule: Schedule 108:DismissSplashScreens, deps=[301] (21 pending tasks)
01-25 16:12:21.227  8790  8939 W AppInitScheduler|Schedule: Schedule 306:ZeroABTestStaticBootstrap, deps=null (22 pending tasks)
01-25 16:12:21.227  8790  8939 W AppInitScheduler|Schedule:   Executing 306:ZeroABTestStaticBootstrap
01-25 16:12:21.227  8790  8939 W AppInitScheduler|Schedule: Schedule 118:EagerInitTigonLiger, deps=[162, 199, 221, 223, 226, 306] (23 pending tasks)
01-25 16:12:21.227  8790  8937 W AppInitScheduler|Run: Running ZeroABTestStaticBootstrap [*]
01-25 16:12:21.227  8790  8939 W AppInitScheduler|Schedule: Schedule 287:StaticGraphServiceFactoryInitializer, deps=[199] (24 pending tasks)
01-25 16:12:21.227  8790  8939 W AppInitScheduler|Schedule:   Executing 287:StaticGraphServiceFactoryInitializer
01-25 16:12:21.227  8790  8939 W AppInitScheduler|Schedule: Schedule 143:GraphServiceEagerInit, deps=[118, 287] (25 pending tasks)
01-25 16:12:21.227  8790  8938 W AppInitScheduler|Run: Running StaticGraphServiceFactoryInitializer [*]
01-25 16:12:21.227  8790  8939 W AppInitScheduler|Schedule: Schedule 268:RunEarlyInitForActivity, deps=[113, 114, 127, 221] (26 pending tasks)
01-25 16:12:21.227  8790  8939 W AppInitScheduler|Schedule: Schedule 96:CheckUnstableContentProvider, deps=[223] (27 pending tasks)
01-25 16:12:21.227  8790  8939 W AppInitScheduler|Schedule: Schedule 128:FbSharedPreferenceInitializerAsync, deps=null (28 pending tasks)
01-25 16:12:21.227  8790  8939 W AppInitScheduler|Schedule:   Executing 128:FbSharedPreferenceInitializerAsync
01-25 16:12:21.227  8790  8939 W AppInitScheduler|Schedule: Schedule 249:PreloadStartupLightSharedPreferenceUsagesAppInit, deps=null (29 pending tasks)
01-25 16:12:21.227  8790  8939 W AppInitScheduler|Schedule:   Executing 249:PreloadStartupLightSharedPreferenceUsagesAppInit
01-25 16:12:21.227  8790  8939 W AppInitScheduler|Schedule: Schedule 284:StartupQPLInit, deps=[162, 223, 226] (30 pending tasks)
01-25 16:12:21.227  8790  8939 W AppInitScheduler|Schedule: Schedule 119:EarliestPossibleColdStartClassPreloadStarter, deps=null (31 pending tasks)
01-25 16:12:21.227  8790  8939 W AppInitScheduler|Schedule:   Executing 119:EarliestPossibleColdStartClassPreloadStarter
01-25 16:12:21.227  8790  8939 W AppInitScheduler|Schedule: Schedule 1:AddProcessNameToErrorReport, deps=null (32 pending tasks)
01-25 16:12:21.227  8790  8939 W AppInitScheduler|Schedule:   Executing 1:AddProcessNameToErrorReport
01-25 16:12:21.227  8790  8939 W AppInitScheduler|Schedule: Schedule 2:AnalyticsInit, deps=[223] (33 pending tasks)
01-25 16:12:21.227  8790  8939 W AppInitScheduler|Schedule: Schedule 4:AnalyticsLoggerPostInitReplay, deps=[3] (34 pending tasks)
01-25 16:12:21.228  8790  8939 W AppInitScheduler|Schedule: Schedule 95:BloksInitializer, deps=[3] (35 pending tasks)
01-25 16:12:21.228  8790  8939 W AppInitScheduler|Schedule: Schedule 97:ClientCacheEdgeManagerInitializer, deps=[127, 162, 223] (36 pending tasks)
01-25 16:12:21.229  8790  8939 W AppInitScheduler|Schedule: Schedule 98:ComposerSavedSessionStoreInitializer, deps=[127, 153, 162] (37 pending tasks)
01-25 16:12:21.229  8790  8918 W AppInitScheduler|Run:   Finished InitUltralight in 21ms
01-25 16:12:21.229  8790  8939 W AppInitScheduler|Schedule: Schedule 105:DalvikInternalsOnColdStartEnd, deps=null (37 pending tasks)
01-25 16:12:21.229  8790  8939 W AppInitScheduler|Schedule:   Executing 105:DalvikInternalsOnColdStartEnd
01-25 16:12:21.229  8790  8918 W AppInitScheduler|Run: Running FbSharedPreferenceInitializerAsync
01-25 16:12:21.229  8790  8939 W AppInitScheduler|Schedule: Schedule 106:DgwEarlySyncInitializer, deps=[162, 199, 221, 223, 226, 306] (38 pending tasks)
01-25 16:12:21.229  8790  8939 W AppInitScheduler|Schedule: Schedule 112:DownloadedFbResources, deps=[223, 226] (39 pending tasks)
01-25 16:12:21.229  8790  8939 W AppInitScheduler|Schedule: Schedule 121:ErrorReporterSecondaryInit, deps=[127, 153, 162] (40 pending tasks)
01-25 16:12:21.229  8790  8939 W AppInitScheduler|Schedule: Schedule 122:Fb4aReactEagerInitHotMCUnpacker, deps=[127, 162, 223] (41 pending tasks)
01-25 16:12:21.229  8790  8939 W AppInitScheduler|Schedule: Schedule 124:FbMCPPluginInitializer, deps=[127] (42 pending tasks)
01-25 16:12:21.229  8790  8939 W AppInitScheduler|Schedule: Schedule 125:FbMsysImmediateInitializer, deps=[3, 124] (43 pending tasks)
01-25 16:12:21.229  8790  8939 W AppInitScheduler|Schedule: Schedule 126:FbMsysPostBootstrapListenerRegistrarOnAppInit, deps=[223, 226] (44 pending tasks)
01-25 16:12:21.229  8790  8939 W AppInitScheduler|Schedule: Schedule 232:NotifyAppStateManagerOnCreateComplete, deps=[162, 223] (45 pending tasks)
01-25 16:12:21.229  8790  8939 W AppInitScheduler|Schedule: Schedule 129:FbSharedUIQREnvironment, deps=[127, 232] (46 pending tasks)
01-25 16:12:21.229  8790  8939 W AppInitScheduler|Schedule: Schedule 131:FeedGraphServicesTreeShapeCacheWarmer, deps=[223] (47 pending tasks)
01-25 16:12:21.229  8790  8939 W AppInitScheduler|Schedule: Schedule 133:FixieActivityManagerHook, deps=null (48 pending tasks)
01-25 16:12:21.230  8790  8939 W AppInitScheduler|Schedule:   Executing 133:FixieActivityManagerHook
01-25 16:12:21.230  8790  8939 W AppInitScheduler|Schedule: Schedule 134:FixieLimitNativeStackSize, deps=null (49 pending tasks)
01-25 16:12:21.230  8790  8939 W AppInitScheduler|Schedule:   Executing 134:FixieLimitNativeStackSize
01-25 16:12:21.230  8790  8939 W AppInitScheduler|Schedule: Schedule 135:FixieNoSync, deps=[223] (50 pending tasks)
01-25 16:12:21.230  8790  8939 W AppInitScheduler|Schedule: Schedule 151:InitAppChoreographer, deps=null (51 pending tasks)
01-25 16:12:21.230  8790  8939 W AppInitScheduler|Schedule:   Executing 151:InitAppChoreographer
01-25 16:12:21.230  8790  8939 W AppInitScheduler|Schedule: Schedule 136:FixieScheduleIdleWork, deps=[151, 301] (52 pending tasks)
01-25 16:12:21.230  8790  8939 W AppInitScheduler|Schedule: Schedule 144:HandleAppComponentsForPreTosBuild, deps=null (53 pending tasks)
01-25 16:12:21.230  8790  8939 W AppInitScheduler|Schedule:   Executing 144:HandleAppComponentsForPreTosBuild
01-25 16:12:21.230  8790  8939 W AppInitScheduler|Schedule: Schedule 146:INeedInitForBroadcastReceiverRegister, deps=[284] (54 pending tasks)
01-25 16:12:21.230  8790  8939 W AppInitScheduler|Schedule: Schedule 147:INeedInitForEventBusRegister, deps=null (55 pending tasks)
01-25 16:12:21.230  8790  8939 W AppInitScheduler|Schedule:   Executing 147:INeedInitForEventBusRegister
01-25 16:12:21.230  8790  8939 W AppInitScheduler|Schedule: Schedule 148:INeedInitForGatekeepersListenerRegister, deps=null (56 pending tasks)
01-25 16:12:21.230  8790  8939 W AppInitScheduler|Schedule:   Executing 148:INeedInitForGatekeepersListenerRegister
01-25 16:12:21.230  8790  8939 W AppInitScheduler|Schedule: Schedule 149:INeedInitForSharedPrefsListenerRegister, deps=[221, 223, 226] (57 pending tasks)
01-25 16:12:21.230  8790  8939 W AppInitScheduler|Schedule: Schedule 150:InitAndroidX, deps=[198] (58 pending tasks)
01-25 16:12:21.230  8790  8939 W AppInitScheduler|Schedule:   Executing 150:InitAndroidX
01-25 16:12:21.230  8790  8939 W AppInitScheduler|Schedule: Schedule 164:InitFury, deps=[223] (59 pending tasks)
01-25 16:12:21.230  8790  8939 W AppInitScheduler|Schedule: Schedule 166:InitHelium, deps=[223] (60 pending tasks)
01-25 16:12:21.230  8790  8939 W AppInitScheduler|Schedule: Schedule 170:InitLacrimaLaterInit, deps=[162, 169] (61 pending tasks)
01-25 16:12:21.230  8790  8939 W AppInitScheduler|Schedule: Schedule 171:InitLogging, deps=null (62 pending tasks)
01-25 16:12:21.230  8790  8939 W AppInitScheduler|Schedule:   Executing 171:InitLogging
01-25 16:12:21.230  8790  8939 W AppInitScheduler|Schedule: Schedule 172:InitMallocHooks, deps=null (63 pending tasks)
01-25 16:12:21.230  8790  8939 W AppInitScheduler|Schedule:   Executing 172:InitMallocHooks
01-25 16:12:21.231  8790  8939 W AppInitScheduler|Schedule: Schedule 173:InitMemoryDumpHandler, deps=[223] (64 pending tasks)
01-25 16:12:21.231  8790  8939 W AppInitScheduler|Schedule: Schedule 180:InitPushabilityCheck, deps=[143, 181] (65 pending tasks)
01-25 16:12:21.231  8790  8939 W AppInitScheduler|Schedule: Schedule 182:InitReliableMedia, deps=[118, 270] (66 pending tasks)
01-25 16:12:21.231  8790  8939 W AppInitScheduler|Schedule: Schedule 187:InitSurfaces, deps=[162] (67 pending tasks)
01-25 16:12:21.231  8790  8939 W AppInitScheduler|Schedule: Schedule 188:InitSystrace, deps=null (68 pending tasks)
01-25 16:12:21.231  8790  8939 W AppInitScheduler|Schedule:   Executing 188:InitSystrace
01-25 16:12:21.231  8790  8939 W AppInitScheduler|Schedule: Schedule 190:InitTrafficNTS, deps=[118] (69 pending tasks)
01-25 16:12:21.231  8790  8939 W AppInitScheduler|Schedule: Schedule 193:InstrumentPthreadKeyCreate, deps=[223] (70 pending tasks)
01-25 16:12:21.231  8790  8939 W AppInitScheduler|Schedule: Schedule 202:LocationRequestDetector, deps=[223] (71 pending tasks)
01-25 16:12:21.231  8790  8939 W AppInitScheduler|Schedule: Schedule 203:LogController, deps=[127] (72 pending tasks)
01-25 16:12:21.231  8790  8939 W AppInitScheduler|Schedule: Schedule 207:MessageQueueDoctor, deps=[3] (73 pending tasks)
01-25 16:12:21.231  8790  8939 W AppInitScheduler|Schedule: Schedule 228:MobileConfigStartupAudit, deps=[223, 226] (74 pending tasks)
01-25 16:12:21.231  8790  8937 W AppInitScheduler|Run:   Finished ZeroABTestStaticBootstrap in 4ms
01-25 16:12:21.231  8790  8937 W AppInitScheduler|Run: Running PreloadStartupLightSharedPreferenceUsagesAppInit
01-25 16:12:21.231  8790  8939 W AppInitScheduler|Schedule: Schedule 231:MqttEarlySyncInitializerAfterAppCreate, deps=[108, 124] (74 pending tasks)
01-25 16:12:21.231  8790  8937 W AppInitScheduler|Run:   Finished PreloadStartupLightSharedPreferenceUsagesAppInit in 0ms
01-25 16:12:21.232  8790  8939 W AppInitScheduler|Schedule: Schedule 233:ObjectCountJestE2EBridge, deps=null (75 pending tasks)
01-25 16:12:21.232  8790  8939 W AppInitScheduler|Schedule:   Executing 233:ObjectCountJestE2EBridge
01-25 16:12:21.232  8790  8937 W AppInitScheduler|Run: Running EarliestPossibleColdStartClassPreloadStarter
01-25 16:12:21.232  8790  8939 W AppInitScheduler|Schedule: Schedule 237:PendingStoryStoreInitializer, deps=[127, 223] (75 pending tasks)
01-25 16:12:21.232  8790  8939 W AppInitScheduler|Schedule: Schedule 256:ProfiloBridgeFactoryImpl, deps=[206, 284] (76 pending tasks)
01-25 16:12:21.232  8790  8939 W AppInitScheduler|Schedule: Schedule 257:RasFileInitializer, deps=null (77 pending tasks)
01-25 16:12:21.232  8790  8939 W AppInitScheduler|Schedule:   Executing 257:RasFileInitializer
01-25 16:12:21.232  8790  8941 W AppInitScheduler|Run:   Finished InitAppModuleFallbackLoader in 6ms
01-25 16:12:21.232  8790  8941 W AppInitScheduler|Run: Running AddProcessNameToErrorReport
01-25 16:12:21.233  8790  8941 W AppInitScheduler|Run:   Finished AddProcessNameToErrorReport in 0ms
01-25 16:12:21.233  8790  8941 W AppInitScheduler|Run: Running DalvikInternalsOnColdStartEnd
01-25 16:12:21.233  8790  8941 W AppInitScheduler|Run:   Finished DalvikInternalsOnColdStartEnd in 0ms
01-25 16:12:21.233  8790  8941 W AppInitScheduler|Run: Running FixieActivityManagerHook
01-25 16:12:21.233  8790  8939 E AppInitScheduler|Schedule: Call to schedule after shutdown: 258:RegisterFrameRateTraceListener, deps=null
01-25 16:12:21.234  8790  8939 W AppInitScheduler|Schedule:   Executing 258:RegisterFrameRateTraceListener
01-25 16:12:21.234  8790  8939 E AppInitScheduler|Schedule: Call to schedule after shutdown: 259:RegisterMainLooperTracer, deps=null
01-25 16:12:21.234  8790  8939 W AppInitScheduler|Schedule:   Executing 259:RegisterMainLooperTracer
01-25 16:12:21.234  8790  8939 E AppInitScheduler|Schedule: Call to schedule after shutdown: 261:ReleaseDeferredBroadcastReceiver, deps=null
01-25 16:12:21.234  8790  8939 W AppInitScheduler|Schedule:   Executing 261:ReleaseDeferredBroadcastReceiver
01-25 16:12:21.234  8790  8939 E AppInitScheduler|Schedule: Call to schedule after shutdown: 262:ReliabilityExperiments, deps=null
01-25 16:12:21.234  8790  8939 W AppInitScheduler|Schedule:   Executing 262:ReliabilityExperiments
01-25 16:12:21.234  8790  8939 E AppInitScheduler|Schedule: Call to schedule after shutdown: 265:ReliabilityUserPerceptibleScopeToQPL, deps=[284]
01-25 16:12:21.234  8790  8939 E AppInitScheduler|Schedule: Call to schedule after shutdown: 267:ReplayBroadcastReceivedDuringAppInit, deps=[301]
01-25 16:12:21.234  8790  8939 E AppInitScheduler|Schedule: Call to schedule after shutdown: 273:ScheduleLowPriWork, deps=[301]
01-25 16:12:21.234  8790  8939 E AppInitScheduler|Schedule: Call to schedule after shutdown: 279:SetupDynaBuilds, deps=null
01-25 16:12:21.234  8790  8939 W AppInitScheduler|Schedule:   Executing 279:SetupDynaBuilds
01-25 16:12:21.234  8790  8939 E AppInitScheduler|Schedule: Call to schedule after shutdown: 281:SetupSmartGc, deps=null
01-25 16:12:21.234  8790  8939 W AppInitScheduler|Schedule:   Executing 281:SetupSmartGc
01-25 16:12:21.234  8790  8939 E AppInitScheduler|Schedule: Call to schedule after shutdown: 282:SoloaderErrorReporterController, deps=[162, 191]
01-25 16:12:21.234  8790  8939 E AppInitScheduler|Schedule: Call to schedule after shutdown: 291:TransientNetworkTraceEarlyInit, deps=[284]
01-25 16:12:21.235  8790  8939 E AppInitScheduler|Schedule: Call to schedule after shutdown: 303:WarmFacebookEmojiFont, deps=[127, 223]
01-25 16:12:21.235  8790  8939 E AppInitScheduler|Schedule: Call to schedule after shutdown: 305:WhitehatOverlayInitializer, deps=[127]
01-25 16:12:21.235  8790  8939 E AppInitScheduler|Schedule: Call to schedule after shutdown: 308:ZOptLoggingInitializer, deps=[284]
01-25 16:12:21.235  8790  8939 E AppInitScheduler|Schedule: Call to schedule after shutdown: 307:ZeroLibraryInitializer, deps=[3, 118, 127]
01-25 16:12:21.235  8790  8939 E AppInitScheduler|Schedule: Call to schedule after shutdown: 241:PreloadFeedDataLoader, deps=[127, 284]
01-25 16:12:21.235  8790  8939 E AppInitScheduler|Schedule: Call to schedule after shutdown: 116:EagerInitFeedDataLoader, deps=[241]
01-25 16:12:21.235  8790  8939 E AppInitScheduler|Schedule: Call to schedule after shutdown: 145:HenosisEventReporter, deps=[3, 127, 221]
01-25 16:12:21.235  8790  8939 E AppInitScheduler|Schedule: Call to schedule after shutdown: 192:InitVideoHomeDataController, deps=[3, 127, 221, 284]
01-25 16:12:21.235  8790  8939 E AppInitScheduler|Schedule: Call to schedule after shutdown: 205:LongtailVoltronAppInit, deps=[162, 223]
01-25 16:12:21.235  8790  8939 E AppInitScheduler|Schedule: Call to schedule after shutdown: 222:MobileConfigAdminIdLaterInit, deps=[162, 221, 226]
01-25 16:12:21.235  8790  8939 E AppInitScheduler|Schedule: Call to schedule after shutdown: 224:MobileConfigLaterInit, deps=[113, 162, 226]
01-25 16:12:21.236  8790  8939 E AppInitScheduler|Schedule: Call to schedule after shutdown: 227:MobileConfigSessionlessLaterInit, deps=[114, 162]
01-25 16:12:21.236  8790  8939 E AppInitScheduler|Schedule: Call to schedule after shutdown: 243:PreloadFeedRequest, deps=[127, 221, 284]
01-25 16:12:21.236  8790  8939 E AppInitScheduler|Schedule: Call to schedule after shutdown: 238:PrefetchFeedNetwork, deps=[243]
01-25 16:12:21.236  8790  8939 E AppInitScheduler|Schedule: Call to schedule after shutdown: 239:PreloadClashManager, deps=[127, 284]
01-25 16:12:21.236  8790  8939 E AppInitScheduler|Schedule: Call to schedule after shutdown: 240:PreloadFeedConfig, deps=[127, 284]
01-25 16:12:21.236  8790  8939 E AppInitScheduler|Schedule: Call to schedule after shutdown: 242:PreloadFeedFullCacheLoad, deps=[127, 284]
01-25 16:12:21.236  8790  8939 E AppInitScheduler|Schedule: Call to schedule after shutdown: 244:PreloadFreshFeedRanker, deps=[127, 284]
01-25 16:12:21.236  8790  8939 E AppInitScheduler|Schedule: Call to schedule after shutdown: 245:PreloadInlineComposerProfileImage, deps=[117, 127, 284]
01-25 16:12:21.236  8790  8939 E AppInitScheduler|Schedule: Call to schedule after shutdown: 246:PreloadLogDb, deps=[3, 127, 284]
01-25 16:12:21.236  8790  8939 E AppInitScheduler|Schedule: Call to schedule after shutdown: 247:PreloadReactions, deps=[3, 127, 284]
01-25 16:12:21.236  8790  8939 E AppInitScheduler|Schedule: Call to schedule after shutdown: 250:PreloadStoriesTrayFetchController, deps=[127, 221, 284]
01-25 16:12:21.236  8790  8939 E AppInitScheduler|Schedule: Call to schedule after shutdown: 251:PreloadStoriesTrayQuery, deps=[127, 284]
01-25 16:12:21.236  8790  8939 E AppInitScheduler|Schedule: Call to schedule after shutdown: 252:PreloadVideo, deps=[127, 284]
01-25 16:12:21.237  8790  8939 E AppInitScheduler|Schedule: Call to schedule after shutdown: 274:SecondaryDexPreloaderBg, deps=[119, 223]
01-25 16:12:21.237  8790  8939 E AppInitScheduler|Schedule: Call to schedule after shutdown: 278:SetupBlockingBackgroundComponentReporting, deps=[284]
01-25 16:12:21.237  8790  8939 E AppInitScheduler|Schedule: Call to schedule after shutdown: 285:StartupQPLReplayer, deps=[284]
01-25 16:12:21.237  8790  8939 E AppInitScheduler|Schedule: Call to schedule after shutdown: 286:StartupQPLTransitToMatureStage, deps=[285]
01-25 16:12:21.237  8790  8939 W OnApplicationInitInvoker: Ignored missing AppInit dependency: 141:GatekeeperStoreInitializer
01-25 16:12:21.237  8790  8939 W OnApplicationInitInvoker: Ignored missing AppInit dependency: 214:MessengerMCPPluginInitializer
01-25 16:12:21.237  8790  8939 W AppInitScheduler|Run:   Finished RunOnApplicationInit in 29ms
01-25 16:12:21.237  8790  8939 W AppInitScheduler|Run: Running FixieLimitNativeStackSize
01-25 16:12:21.241  8790  8928 W AppInitScheduler|Schedule: Shutting down, all work scheduled.
01-25 16:12:21.241  8790  8928 W AppInitScheduler|Schedule: java.lang.RuntimeException
01-25 16:12:21.241  8790  8928 W AppInitScheduler|Schedule: 	at X.17y.A02(:5)
01-25 16:12:21.241  8790  8928 W AppInitScheduler|Schedule: 	at com.facebook.katana.app.FacebookApplicationImpl.A00(Unknown Source:55)
01-25 16:12:21.241  8790  8928 W AppInitScheduler|Schedule: 	at X.0js.run(:9)
01-25 16:12:21.241  8790  8928 W AppInitScheduler|Schedule: Shut down called with 113 pending tasks
01-25 16:12:21.242   528   528 I lowmemorykiller: 9 memory pressure events were skipped after a kill!
01-25 16:12:21.246  8790  8938 W AppInitScheduler|Run:   Finished StaticGraphServiceFactoryInitializer in 20ms
01-25 16:12:21.247  8790  8938 W AppInitScheduler|Run: Running InitAppChoreographer
01-25 16:12:21.248  8790  9031 E DexLibLoader: could not find package com.google.android.art android.content.pm.PackageManager$NameNotFoundException: com.google.android.art
01-25 16:12:21.249  8790  8938 W AppInitScheduler|Run:   Finished InitAppChoreographer in 2ms
01-25 16:12:21.249  8790  8938 W AppInitScheduler|Run: Running HandleAppComponentsForPreTosBuild
01-25 16:12:21.251  8790  8919 W AppInitScheduler|Run:   Finished InitExecutors in 25ms
01-25 16:12:21.251  8790  8919 W AppInitScheduler|Schedule:   Executing 270:RunPerfMarkers
01-25 16:12:21.251  8790  8919 W AppInitScheduler|Schedule:   Executing 170:InitLacrimaLaterInit
01-25 16:12:21.251  8790  8919 W AppInitScheduler|Schedule:   Executing 187:InitSurfaces
01-25 16:12:21.251  8790  8919 W AppInitScheduler|Schedule:   Executing 282:SoloaderErrorReporterController
01-25 16:12:21.251  8790  8919 W AppInitScheduler|Run: Running RunPerfMarkers [*]
01-25 16:12:21.251  8790  8919 W StartupMetricTracker: Waiting for foreground/background determination...
01-25 16:12:21.251  8790  8919 W StartupMetricTracker: Begin BACKGROUND start
01-25 16:12:21.252  8790  8938 W AppInitScheduler|Run:   Finished HandleAppComponentsForPreTosBuild in 3ms
01-25 16:12:21.252  8790  8938 W AppInitScheduler|Run: Running INeedInitForEventBusRegister
01-25 16:12:21.253  8790  8939 W AppInitScheduler|Run:   Finished FixieLimitNativeStackSize in 16ms
01-25 16:12:21.253  8790  8939 W AppInitScheduler|Run: Running INeedInitForGatekeepersListenerRegister
01-25 16:12:21.254  8790  8939 I facebook.katan: Waiting for a blocking GC ClassLinker
01-25 16:12:21.258  8790  8938 W AppInitScheduler|Run:   Finished INeedInitForEventBusRegister in 6ms
01-25 16:12:21.258  8790  8938 W AppInitScheduler|Run: Running InitAndroidX
01-25 16:12:21.262  8790  8917 W AppInitScheduler|Run:   Finished FbSharedPreferenceInitializer in 41ms
01-25 16:12:21.263  8790  8917 W AppInitScheduler|Schedule:   Executing 289:StringResourcesDelegate
01-25 16:12:21.263  8790  8917 W AppInitScheduler|Schedule:   Executing 124:FbMCPPluginInitializer
01-25 16:12:21.263  8790  8917 W AppInitScheduler|Schedule:   Executing 203:LogController
01-25 16:12:21.263  8790  8917 W AppInitScheduler|Schedule:   Executing 305:WhitehatOverlayInitializer
01-25 16:12:21.263  8790  8917 W AppInitScheduler|Run: Running StringResourcesDelegate [*]
01-25 16:12:21.266  8790  8938 W AppInitScheduler|Run:   Finished InitAndroidX in 7ms
01-25 16:12:21.266  8790  8938 W AppInitScheduler|Run: Running FbMCPPluginInitializer
01-25 16:12:21.268  8790  8939 W AppInitScheduler|Run:   Finished INeedInitForGatekeepersListenerRegister in 14ms
01-25 16:12:21.268  8790  8939 W AppInitScheduler|Run: Running InitLacrimaLaterInit
01-25 16:12:21.268  8790  8939 W lacrima : FbErrorReportingConfig.laterInit
01-25 16:12:21.271  8790  8941 W AppInitScheduler|Run:   Finished FixieActivityManagerHook in 38ms
01-25 16:12:21.271  8790  8941 W AppInitScheduler|Run: Running InitLogging
01-25 16:12:21.272  8790  8941 W fb4a.AppInitScheduler|Run:   Finished InitLogging in 0ms
01-25 16:12:21.272  8790  8941 W fb4a.AppInitScheduler|Run: Running InitMallocHooks
01-25 16:12:21.272  8790  8941 W fb4a.AppInitScheduler|Run:   Finished InitMallocHooks in 0ms
01-25 16:12:21.272  8790  8941 W fb4a.AppInitScheduler|Run: Running InitSurfaces
01-25 16:12:21.272  8790  8917 W fb4a.FrscLanguagePackLoader: Loading FRSC strings for locale (en)
01-25 16:12:21.273  8790  8917 W fb4a.AppInitScheduler|Run:   Finished StringResourcesDelegate in 10ms
01-25 16:12:21.273  8790  8938 W fb4a.AppInitScheduler|Run:   Finished FbMCPPluginInitializer in 7ms
01-25 16:12:21.273  8790  8938 W fb4a.AppInitScheduler|Run: Running InitSystrace
01-25 16:12:21.273  8790  8938 W fb4a.AppInitScheduler|Run:   Finished InitSystrace in 1ms
01-25 16:12:21.273  8790  8938 W fb4a.AppInitScheduler|Run: Running LogController
01-25 16:12:21.274  8790  8917 W fb4a.AppInitScheduler|Run: Running ObjectCountJestE2EBridge
01-25 16:12:21.274  8790  8917 W fb4a.AppInitScheduler|Run:   Finished ObjectCountJestE2EBridge in 0ms
01-25 16:12:21.274  8790  8917 W fb4a.AppInitScheduler|Run: Running RasFileInitializer
01-25 16:12:21.274  8790  8917 W fb4a.AppInitScheduler|Run:   Finished RasFileInitializer in 0ms
01-25 16:12:21.274  8790  8917 W fb4a.AppInitScheduler|Run: Running RegisterFrameRateTraceListener
01-25 16:12:21.274  8790  8917 W fb4a.AppInitScheduler|Run:   Finished RegisterFrameRateTraceListener in 1ms
01-25 16:12:21.274  8790  8917 W fb4a.AppInitScheduler|Run: Running RegisterMainLooperTracer
01-25 16:12:21.275  8790  8919 E fb4a.AppState: Returning default for first run info
01-25 16:12:21.275  8790  8919 E fb4a.AppState: Returning default for first run info
01-25 16:12:21.275  8790  8919 W fb4a.AppInitScheduler|Run:   Finished RunPerfMarkers in 24ms
01-25 16:12:21.276  8790  8949 W fb4a.AppInitScheduler|Run:   Finished MobileConfigSessionlessInit in 51ms
01-25 16:12:21.276  8790  8949 W fb4a.AppInitScheduler|Schedule:   Executing 114:E2EForceMobileConfigSessionlessFetch
01-25 16:12:21.276  8790  8949 W fb4a.AppInitScheduler|Run: Running E2EForceMobileConfigSessionlessFetch [*]
01-25 16:12:21.276  8790  8949 W fb4a.AppInitScheduler|Run:   Finished E2EForceMobileConfigSessionlessFetch in 0ms
01-25 16:12:21.276  8790  8949 W fb4a.AppInitScheduler|Schedule:   Executing 227:MobileConfigSessionlessLaterInit
01-25 16:12:21.276  8790  8949 W fb4a.AppInitScheduler|Run: Running ReleaseDeferredBroadcastReceiver
01-25 16:12:21.276  8790  8949 W fb4a.AppInitScheduler|Run:   Finished ReleaseDeferredBroadcastReceiver in 0ms
01-25 16:12:21.277  8790  8949 W fb4a.AppInitScheduler|Run: Running ReliabilityExperiments
01-25 16:12:21.277  8790  8919 W fb4a.AppInitScheduler|Run: Running SetupDynaBuilds
01-25 16:12:21.277  8790  8949 W fb4a.AppInitScheduler|Run:   Finished ReliabilityExperiments in 0ms
01-25 16:12:21.277  8790  8919 W fb4a.AppInitScheduler|Run:   Finished SetupDynaBuilds in 0ms
01-25 16:12:21.277  8790  8949 W fb4a.AppInitScheduler|Run: Running SetupSmartGc
01-25 16:12:21.277  8790  8949 W fb4a.AppInitScheduler|Run:   Finished SetupSmartGc in 0ms
01-25 16:12:21.277  8790  8949 W fb4a.AppInitScheduler|Run: Running SoloaderErrorReporterController
01-25 16:12:21.277  8790  8949 W fb4a.AppInitScheduler|Run:   Finished SoloaderErrorReporterController in 0ms
01-25 16:12:21.277  8790  8949 W fb4a.AppInitScheduler|Run: Running WhitehatOverlayInitializer
01-25 16:12:21.278  8790  8938 W fb4a.AppInitScheduler|Run:   Finished LogController in 4ms
01-25 16:12:21.278  8790  8938 W fb4a.AppInitScheduler|Run: Running MobileConfigSessionlessLaterInit
01-25 16:12:21.281  8790  8917 W fb4a.AppInitScheduler|Run:   Finished RegisterMainLooperTracer in 6ms
01-25 16:12:21.286  8790  8949 I facebook.katan: Waiting for a blocking GC ClassLinker
01-25 16:12:21.294  7961  8907 I ADB_SERVICES: post waitpid (pid=8906) status=0000
01-25 16:12:21.295  7961  7961 I ADB_SERVICES: for fd 40, revents = 2010
01-25 16:12:21.295  7961  7961 I ADB_SERVICES: for fd 40, revents = 2011
01-25 16:12:21.297  8790  8938 W fb4a.AppInitScheduler|Run:   Finished MobileConfigSessionlessLaterInit in 18ms
01-25 16:12:21.299  8790  8949 W fb4a.AppInitScheduler|Run:   Finished WhitehatOverlayInitializer in 21ms
01-25 16:12:21.300  8790  8920 W fb4a.AppInitScheduler|Run:   Finished InitAuthentication in 77ms
01-25 16:12:21.300  8790  8920 W fb4a.AppInitScheduler|Schedule:   Executing 221:MobileConfigAdminIdInit
01-25 16:12:21.300  8790  8920 W fb4a.AppInitScheduler|Schedule:   Executing 223:MobileConfigInit
01-25 16:12:21.300  8790  8920 W fb4a.AppInitScheduler|Schedule:   Executing 98:ComposerSavedSessionStoreInitializer
01-25 16:12:21.300  8790  8920 W fb4a.AppInitScheduler|Schedule:   Executing 121:ErrorReporterSecondaryInit
01-25 16:12:21.300  8790  8920 W fb4a.AppInitScheduler|Run: Running MobileConfigAdminIdInit [*]
01-25 16:12:21.300  8790  8919 W fb4a.AppInitScheduler|Run: Running MobileConfigInit [*]
01-25 16:12:21.300  8790  8917 W fb4a.AppInitScheduler|Run: Running ComposerSavedSessionStoreInitializer
01-25 16:12:21.300  8790  8938 W fb4a.AppInitScheduler|Run: Running ErrorReporterSecondaryInit
01-25 16:12:21.301  8790  8917 W fb4a.AppInitScheduler|Run:   Finished ComposerSavedSessionStoreInitializer in 0ms
01-25 16:12:21.303  8790  8938 W fb4a.AppInitScheduler|Run:   Finished ErrorReporterSecondaryInit in 2ms
01-25 16:12:21.305  8790  9053 W fb4a.FrscLanguagePackLoader: FRSC English strings buffer size - (limit : 721596, capacity : 721596)
01-25 16:12:21.305  8790  8920 W fb4a.AppInitScheduler|Run:   Finished MobileConfigAdminIdInit in 5ms
01-25 16:12:21.305  8790  8920 W fb4a.AppInitScheduler|Schedule:   Executing 222:MobileConfigAdminIdLaterInit
01-25 16:12:21.305  8790  8920 W fb4a.AppInitScheduler|Run: Running MobileConfigAdminIdLaterInit
01-25 16:12:21.305  8790  8920 W fb4a.AppInitScheduler|Run:   Finished MobileConfigAdminIdLaterInit in 1ms
01-25 16:12:21.310  8790  8824 W fb4a.InitStatus: Blocking Provider (1420730)
01-25 16:12:21.310  8790  8919 W fb4a.AppInitScheduler|Run:   Finished MobileConfigInit in 9ms
01-25 16:12:21.310  8790  8919 W fb4a.AppInitScheduler|Schedule:   Executing 3:AnalyticsLoggerInit
01-25 16:12:21.310  8790  8919 W fb4a.AppInitScheduler|Schedule:   Executing 113:E2EForceMobileConfigFetch
01-25 16:12:21.310  8790  8919 W fb4a.AppInitScheduler|Schedule:   Executing 130:FdidInitSync
01-25 16:12:21.310  8790  8919 W fb4a.AppInitScheduler|Schedule:   Executing 197:LithoConfiguration
01-25 16:12:21.310  8790  8919 W fb4a.AppInitScheduler|Schedule:   Executing 255:PrivacyUiiDetectionLogger
01-25 16:12:21.310  8790  8919 W fb4a.AppInitScheduler|Schedule:   Executing 118:EagerInitTigonLiger
01-25 16:12:21.310  8790  8919 W fb4a.AppInitScheduler|Schedule:   Executing 96:CheckUnstableContentProvider
01-25 16:12:21.310  8790  8919 W fb4a.AppInitScheduler|Schedule:   Executing 284:StartupQPLInit
01-25 16:12:21.310  8790  8919 W fb4a.AppInitScheduler|Schedule:   Executing 2:AnalyticsInit
01-25 16:12:21.310  8790  8919 W fb4a.AppInitScheduler|Schedule:   Executing 97:ClientCacheEdgeManagerInitializer
01-25 16:12:21.310  8790  8919 W fb4a.AppInitScheduler|Schedule:   Executing 106:DgwEarlySyncInitializer
01-25 16:12:21.310  8790  8919 W fb4a.AppInitScheduler|Schedule:   Executing 112:DownloadedFbResources
01-25 16:12:21.310  8790  8919 W fb4a.AppInitScheduler|Schedule:   Executing 122:Fb4aReactEagerInitHotMCUnpacker
01-25 16:12:21.310  8790  8919 W fb4a.AppInitScheduler|Schedule:   Executing 126:FbMsysPostBootstrapListenerRegistrarOnAppInit
01-25 16:12:21.310  8790  8919 W fb4a.AppInitScheduler|Schedule:   Executing 232:NotifyAppStateManagerOnCreateComplete
01-25 16:12:21.310  8790  8919 W fb4a.AppInitScheduler|Schedule:   Executing 131:FeedGraphServicesTreeShapeCacheWarmer
01-25 16:12:21.310  8790  8919 W fb4a.AppInitScheduler|Schedule:   Executing 135:FixieNoSync
01-25 16:12:21.310  8790  8919 W fb4a.AppInitScheduler|Schedule:   Executing 149:INeedInitForSharedPrefsListenerRegister
01-25 16:12:21.310  8790  8919 W fb4a.AppInitScheduler|Schedule:   Executing 164:InitFury
01-25 16:12:21.310  8790  8919 W fb4a.AppInitScheduler|Schedule:   Executing 166:InitHelium
01-25 16:12:21.310  8790  8919 W fb4a.AppInitScheduler|Schedule:   Executing 173:InitMemoryDumpHandler
01-25 16:12:21.310  8790  8919 W fb4a.AppInitScheduler|Schedule:   Executing 193:InstrumentPthreadKeyCreate
01-25 16:12:21.310  8790  8919 W fb4a.AppInitScheduler|Schedule:   Executing 202:LocationRequestDetector
01-25 16:12:21.311  8790  8919 W fb4a.AppInitScheduler|Schedule:   Executing 228:MobileConfigStartupAudit
01-25 16:12:21.311  8790  8919 W fb4a.AppInitScheduler|Schedule:   Executing 237:PendingStoryStoreInitializer
01-25 16:12:21.311  8790  8919 W fb4a.AppInitScheduler|Schedule:   Executing 303:WarmFacebookEmojiFont
01-25 16:12:21.311  8790  8919 W fb4a.AppInitScheduler|Schedule:   Executing 205:LongtailVoltronAppInit
01-25 16:12:21.311  8790  8949 W fb4a.AppInitScheduler|Run: Running AnalyticsLoggerInit [*]
01-25 16:12:21.311  8790  8938 W fb4a.AppInitScheduler|Run: Running E2EForceMobileConfigFetch [*]
01-25 16:12:21.311  8790  8917 W fb4a.AppInitScheduler|Run: Running FdidInitSync [*]
01-25 16:12:21.311  8790  8938 W fb4a.AppInitScheduler|Run:   Finished E2EForceMobileConfigFetch in 0ms
01-25 16:12:21.311  8790  8938 W fb4a.AppInitScheduler|Schedule:   Executing 268:RunEarlyInitForActivity
01-25 16:12:21.311  8790  8938 W fb4a.AppInitScheduler|Schedule:   Executing 224:MobileConfigLaterInit
01-25 16:12:21.311  8790  8919 W fb4a.AppInitScheduler|Run: Running PrivacyUiiDetectionLogger [*]
01-25 16:12:21.311  8790  8920 W fb4a.AppInitScheduler|Run: Running LithoConfiguration [*]
01-25 16:12:21.311  8790  8938 W fb4a.AppInitScheduler|Run: Running EagerInitTigonLiger [*]
01-25 16:12:21.312  8790  8931 I libMEOW_gift: open /vendor/etc/arc.ini
01-25 16:12:21.313  8790  8931 I GPUD    : @gpudInitialize: successfully initialized with GL, dbg=0 mmdump_dbg=0 mmpath_dbg=0
01-25 16:12:21.316  8790  8919 W fb4a.AppInitScheduler|Run:   Finished PrivacyUiiDetectionLogger in 5ms
01-25 16:12:21.316  8790  8919 W fb4a.AppInitScheduler|Run: Running RunEarlyInitForActivity [*]
01-25 16:12:21.316  8790  8919 W fb4a.AppInitScheduler|Run:   Finished RunEarlyInitForActivity in 1ms
01-25 16:12:21.316  8790  8919 W fb4a.AppInitScheduler|Run: Running CheckUnstableContentProvider
01-25 16:12:21.316  8790  8919 W fb4a.AppInitScheduler|Run:   Finished CheckUnstableContentProvider in 0ms
01-25 16:12:21.317  8790  8919 W fb4a.AppInitScheduler|Run: Running StartupQPLInit
01-25 16:12:21.317  8790  8938 W fb4a.AppInitScheduler|Schedule:   Executing async work for EagerInitTigonLiger: InjectTigonServiceHolder
01-25 16:12:21.317  8790  8938 W fb4a.AppInitScheduler|Schedule:   Executing async work for EagerInitTigonLiger: InjectNativePlatformContextHolder
01-25 16:12:21.317  8790  8919 W fb4a.QuickPerformanceLoggerModule: Providing QPL... begin
01-25 16:12:21.318  8790  8941 W fb4a.AppInitScheduler|Run:   Finished InitSurfaces in 46ms
01-25 16:12:21.320  8831  8831 E SYSOPTIMIZER-typeface: RedmiTypeFaceOptimizer 0x0
01-25 16:12:21.323  8790  8919 W fb4a.QuickPerformanceLoggerModule: Providing QPL... end
01-25 16:12:21.324  8790  8919 W fb4a.AppInitScheduler|Run:   Finished StartupQPLInit in 8ms
01-25 16:12:21.324  8790  8919 W fb4a.AppInitScheduler|Schedule:   Executing 146:INeedInitForBroadcastReceiverRegister
01-25 16:12:21.325  8790  8919 W fb4a.AppInitScheduler|Schedule:   Executing 256:ProfiloBridgeFactoryImpl
01-25 16:12:21.325  8790  8919 W fb4a.AppInitScheduler|Schedule:   Executing 265:ReliabilityUserPerceptibleScopeToQPL
01-25 16:12:21.325  8790  8919 W fb4a.AppInitScheduler|Schedule:   Executing 291:TransientNetworkTraceEarlyInit
01-25 16:12:21.325  8790  8919 W fb4a.AppInitScheduler|Schedule:   Executing 308:ZOptLoggingInitializer
01-25 16:12:21.325  8790  8919 W fb4a.AppInitScheduler|Schedule:   Executing 241:PreloadFeedDataLoader
01-25 16:12:21.325  8790  8919 W fb4a.AppInitScheduler|Schedule:   Executing 243:PreloadFeedRequest
01-25 16:12:21.325  8790  8919 W fb4a.AppInitScheduler|Schedule:   Executing 239:PreloadClashManager
01-25 16:12:21.325  8790  8919 W fb4a.AppInitScheduler|Schedule:   Executing 240:PreloadFeedConfig
01-25 16:12:21.325  8790  8919 W fb4a.AppInitScheduler|Schedule:   Executing 242:PreloadFeedFullCacheLoad
01-25 16:12:21.325  8790  8919 W fb4a.AppInitScheduler|Schedule:   Executing 244:PreloadFreshFeedRanker
01-25 16:12:21.325  8790  8919 W fb4a.AppInitScheduler|Schedule:   Executing 250:PreloadStoriesTrayFetchController
01-25 16:12:21.325  8790  8920 W fb4a.AppInitScheduler|Run:   Finished LithoConfiguration in 14ms
01-25 16:12:21.325  8790  8919 W fb4a.AppInitScheduler|Schedule:   Executing 251:PreloadStoriesTrayQuery
01-25 16:12:21.325  8790  8919 W fb4a.AppInitScheduler|Schedule:   Executing 252:PreloadVideo
01-25 16:12:21.325  8790  8919 W fb4a.AppInitScheduler|Schedule:   Executing 278:SetupBlockingBackgroundComponentReporting
01-25 16:12:21.325  8790  8919 W fb4a.AppInitScheduler|Schedule:   Executing 285:StartupQPLReplayer
01-25 16:12:21.325  8790  8920 W fb4a.AppInitScheduler|Run: Running AnalyticsInit
01-25 16:12:21.326  8790  8917 W fb4a.AppInitScheduler|Run:   Finished FdidInitSync in 16ms
01-25 16:12:21.326  8790  8917 W fb4a.AppInitScheduler|Run: Running ClientCacheEdgeManagerInitializer
01-25 16:12:21.327  8790  8917 W fb4a.AppInitScheduler|Run:   Finished ClientCacheEdgeManagerInitializer in 0ms
01-25 16:12:21.327  8790  8917 W fb4a.AppInitScheduler|Run: Running DgwEarlySyncInitializer
01-25 16:12:21.327  8790  8917 W fb4a.AppInitScheduler|Run:   Finished DgwEarlySyncInitializer in 0ms
01-25 16:12:21.327  8790  8917 W fb4a.AppInitScheduler|Run: Running DownloadedFbResources
01-25 16:12:21.328  8831  9072 W AppLog  : null context when onEvent
01-25 16:12:21.332  8790  8949 W fb4a.EndToEndAnalyticsEventListener: WRITE_ANALYTICS_TO_LOGCAT = null, EndToEnd.isRunningEndToEndTest() = false
01-25 16:12:21.336  8790  8920 W fb4a.AppInitScheduler|Run:   Finished AnalyticsInit in 11ms
01-25 16:12:21.336  8790  8920 W fb4a.AppInitScheduler|Run: Running Fb4aReactEagerInitHotMCUnpacker
01-25 16:12:21.337  8790  8920 E fb4a.AppState: Returning default for first run info
01-25 16:12:21.338  8790  8920 I chatty  : uid=10608(com.facebook.katana) AppInit4 identical 2 lines
01-25 16:12:21.338  8790  8920 E fb4a.AppState: Returning default for first run info
01-25 16:12:21.338  8790  8920 W fb4a.AppInitScheduler|Run:   Finished Fb4aReactEagerInitHotMCUnpacker in 2ms
01-25 16:12:21.338  8790  8920 W fb4a.AppInitScheduler|Run: Running FbMsysPostBootstrapListenerRegistrarOnAppInit
01-25 16:12:21.341  8790  8939 E fb-distract: Blocking distraction of /apex/com.android.runtime/lib64/bionic/libc.so!abort (0x777fbe50f0) with /data/data/com.facebook.katana/lib-compressed/libdexload.so!<unknown> (0x767e2c46e0)
01-25 16:12:21.349  8790  8920 W fb4a.AppInitScheduler|Run:   Finished FbMsysPostBootstrapListenerRegistrarOnAppInit in 11ms
01-25 16:12:21.349  8790  8920 W fb4a.AppInitScheduler|Run: Running NotifyAppStateManagerOnCreateComplete
01-25 16:12:21.349  8790  8920 W fb4a.AppInitScheduler|Run:   Finished NotifyAppStateManagerOnCreateComplete in 0ms
01-25 16:12:21.349  8790  8920 W fb4a.AppInitScheduler|Schedule:   Executing 129:FbSharedUIQREnvironment
01-25 16:12:21.349  8790  8920 W fb4a.AppInitScheduler|Run: Running FbSharedUIQREnvironment
01-25 16:12:21.349   528   528 I lowmemorykiller: 8 memory pressure events were skipped after a kill!
01-25 16:12:21.350  8790  8939 W fb4a.lacrima: Unable to install abort hooks
01-25 16:12:21.350  8790  8939 W fb4a.lacrima: java.lang.RuntimeException: Cannot create distract hook: Attempted to hook a killswitched function
01-25 16:12:21.350  8790  8939 W fb4a.lacrima: 	at com.facebook.aborthooks.AbortHooks.hookAbort(Native Method)
01-25 16:12:21.350  8790  8939 W fb4a.lacrima: 	at X.0kh.C0E(:37)
01-25 16:12:21.350  8790  8939 W fb4a.lacrima: 	at X.0sc.A02(:34)
01-25 16:12:21.350  8790  8939 W fb4a.lacrima: 	at X.0v6.A01(:98)
01-25 16:12:21.350  8790  8939 W fb4a.lacrima: 	at com.facebook.common.appinit.invoker.OnApplicationInitInvoker.A0m(Unknown Source:836)
01-25 16:12:21.350  8790  8939 W fb4a.lacrima: 	at com.facebook.common.appinit.invoker.OnApplicationInitInvoker.A0k(Unknown Source:9)
01-25 16:12:21.350  8790  8939 W fb4a.lacrima: 	at com.facebook.common.appinit.invoker.OnApplicationInitInvoker.C26(Unknown Source:55)
01-25 16:12:21.350  8790  8939 W fb4a.lacrima: 	at X.18H.run(:97)
01-25 16:12:21.350  8790  8939 W fb4a.lacrima: 	at java.util.concurrent.ThreadPoolExecutor.runWorker(ThreadPoolExecutor.java:1167)
01-25 16:12:21.350  8790  8939 W fb4a.lacrima: 	at java.util.concurrent.ThreadPoolExecutor$Worker.run(ThreadPoolExecutor.java:641)
01-25 16:12:21.350  8790  8939 W fb4a.lacrima: 	at X.0lb.run(:8)
01-25 16:12:21.350  8790  8939 W fb4a.lacrima: 	at java.lang.Thread.run(Thread.java:919)
01-25 16:12:21.357  8790  8920 W fb4a.AppInitScheduler|Run:   Finished FbSharedUIQREnvironment in 7ms
01-25 16:12:21.357  8790  8920 W fb4a.AppInitScheduler|Run: Running FeedGraphServicesTreeShapeCacheWarmer
01-25 16:12:21.359  8790  8920 W fb4a.AppInitScheduler|Run:   Finished FeedGraphServicesTreeShapeCacheWarmer in 1ms
01-25 16:12:21.359  8790  8920 W fb4a.AppInitScheduler|Run: Running FixieNoSync
01-25 16:12:21.359  8790  8920 W fb4a.AppInitScheduler|Run:   Finished FixieNoSync in 0ms
01-25 16:12:21.360  8790  8920 W fb4a.AppInitScheduler|Run: Running INeedInitForBroadcastReceiverRegister
01-25 16:12:21.361  1226  1226 W ActivityManager: Unable to launch app com.imo.android.imoimbeta/10905 for service Intent { cmp=com.imo.android.imoimbeta/com.imo.android.imoim.expression.gif.AiJobService }: AutoStart Limit
01-25 16:12:21.361  1226  1226 W ActivityManager: Unable to launch app com.imo.android.imoimbeta/10905 for service Intent { cmp=com.imo.android.imoimbeta/com.imo.android.common.network.MyJobService }: AutoStart Limit
01-25 16:12:21.362  1226  1226 W ActivityManager: Unable to launch app com.hdictionary.bn/10448 for service Intent { cmp=com.hdictionary.bn/com.google.android.datatransport.runtime.scheduling.jobscheduling.JobInfoSchedulerService }: AutoStart Limit
01-25 16:12:21.363  1226  1226 W ActivityManager: Unable to launch app com.hdictionary.bn/10448 for service Intent { cmp=com.hdictionary.bn/androidx.work.impl.background.systemjob.SystemJobService }: AutoStart Limit
01-25 16:12:21.363  1226  1226 W ActivityManager: Unable to launch app com.adobe.reader/10450 for service Intent { cmp=com.adobe.reader/.ARBlueheronBaseUriJobScheduler }: AutoStart Limit
01-25 16:12:21.365  1226  1226 W ActivityManager: Unable to launch app com.adobe.reader/10450 for service Intent { cmp=com.adobe.reader/.share.ARShareLimitsJobScheduler }: AutoStart Limit
01-25 16:12:21.366  1226  1226 W ActivityManager: Unable to launch app com.mobilefootie.wc2010/10494 for service Intent { cmp=com.mobilefootie.wc2010/androidx.work.impl.background.systemjob.SystemJobService }: AutoStart Limit
01-25 16:12:21.367  1226  1226 W ActivityManager: Unable to launch app com.supercell.clashofclans/10084 for service Intent { cmp=com.supercell.clashofclans/com.google.android.datatransport.runtime.scheduling.jobscheduling.JobInfoSchedulerService }: AutoStart Limit
