01-25 16:12:21.688  8624  9233 W ttmdl   : <0x0,AVMDLManagerBridge.cpp,native_setIntValue,854>set key:815 value:0
01-25 16:12:21.688  8624  9233 W ttmdl   : <0x0,AVMDLManagerBridge.cpp,native_setIntValue,854>set key:767 value:8192
01-25 16:12:21.688  8624  9233 W ttmdl   : <0x0,AVMDLManagerBridge.cpp,native_setIntValue,854>set key:816 value:0
01-25 16:12:21.688  8624  9233 W ttmdl   : <0x0,AVMDLManagerBridge.cpp,native_setIntValue,854>set key:817 value:1
01-25 16:12:21.688  8624  9233 W ttmdl   : <0x0,AVMDLManagerBridge.cpp,native_setIntValue,854>set key:821 value:0
01-25 16:12:21.688  8624  9233 W ttmdl   : <0x0,AVMDLManagerBridge.cpp,native_setIntValue,854>set key:824 value:0
01-25 16:12:21.688  8624  9233 W ttmdl   : <0x0,AVMDLManagerBridge.cpp,native_setIntValue,854>set key:836 value:0
01-25 16:12:21.688  8624  9233 W ttmdl   : <0x0,AVMDLManagerBridge.cpp,native_setIntValue,854>set key:-10000 value:0
01-25 16:12:21.688  8624  9233 W ttmdl   : <0x0,AVMDLManagerBridge.cpp,native_setIntValue,854>set key:828 value:0
01-25 16:12:21.688  8624  9233 W ttmdl   : <0x0,AVMDLManagerBridge.cpp,native_setIntValue,854>set key:829 value:0
01-25 16:12:21.688  8624  9233 W ttmdl   : <0x0,AVMDLManagerBridge.cpp,native_setIntValue,854>set key:830 value:0
01-25 16:12:21.688  8624  9233 W ttmdl   : <0x0,AVMDLManagerBridge.cpp,native_setIntValue,854>set key:-10000 value:0
01-25 16:12:21.688  8624  9233 W ttmdl   : <0x0,AVMDLManagerBridge.cpp,native_setIntValue,854>set key:948 value:0
01-25 16:12:21.688  8624  9233 W ttmdl   : <0x0,AVMDLManagerBridge.cpp,native_setIntValue,854>set key:951 value:0
01-25 16:12:21.688  8624  9233 W ttmdl   : <0x0,AVMDLManagerBridge.cpp,native_setIntValue,854>set key:952 value:0
01-25 16:12:21.688  8624  9233 W ttmdl   : <0x0,AVMDLManagerBridge.cpp,native_setIntValue,854>set key:953 value:0
01-25 16:12:21.688  8624  9233 W ttmdl   : <0x0,AVMDLManagerBridge.cpp,native_setIntValue,854>set key:954 value:0
01-25 16:12:21.688  8624  9233 W ttmdl   : <0x0,AVMDLManagerBridge.cpp,native_setIntValue,854>set key:956 value:0
01-25 16:12:21.688  8624  9233 W ttmdl   : <0x0,AVMDLManagerBridge.cpp,native_setIntValue,854>set key:827 value:0
01-25 16:12:21.688  8624  9233 W ttmdl   : <0x0,AVMDLManagerBridge.cpp,native_setInt64Value,458>set int64 key:942 value:0
01-25 16:12:21.688  8624  9233 W ttmdl   : <0x0,AVMDLManagerBridge.cpp,native_setInt64Value,458>set int64 key:941 value:0
01-25 16:12:21.688  8624  9233 W ttmdl   : <0x0,AVMDLManagerBridge.cpp,native_setIntValue,854>set key:944 value:0
01-25 16:12:21.688  8624  9233 W ttmdl   : <0x0,AVMDLManagerBridge.cpp,native_setIntValue,854>set key:779 value:0
01-25 16:12:21.688  8624  9233 W ttmdl   : <0x0,AVMDLManagerBridge.cpp,native_setIntValue,854>set key:778 value:0
01-25 16:12:21.688  8624  9233 W ttmdl   : <0x0,AVMDLManagerBridge.cpp,native_setIntValue,854>set key:947 value:0
01-25 16:12:21.688  8624  9233 W ttmdl   : <0x0,AVMDLManagerBridge.cpp,native_setIntValue,854>set key:-10000 value:0
01-25 16:12:21.688  8624  9233 W ttmdl   : <0x0,AVMDLManagerBridge.cpp,native_setIntValue,854>set key:881 value:0
01-25 16:12:21.688  8624  9233 W ttmdl   : <0x0,AVMDLManagerBridge.cpp,native_setIntValue,854>set key:961 value:0
01-25 16:12:21.688  8624  9233 W ttmdl   : <0x0,AVMDLManagerBridge.cpp,native_setIntValue,854>set key:962 value:0
01-25 16:12:21.688  8624  9233 W ttmdl   : <0x0,AVMDLManagerBridge.cpp,native_setIntValue,854>set key:965 value:0
01-25 16:12:21.688  8624  9233 W ttmdl   : <0x0,AVMDLManagerBridge.cpp,native_setIntValue,854>set key:967 value:0
01-25 16:12:21.688  8624  9233 W ttmdl   : <0x0,AVMDLManagerBridge.cpp,native_setIntValue,854>set key:-10000 value:0
01-25 16:12:21.688  8624  9233 W ttmdl   : <0x0,AVMDLManagerBridge.cpp,native_setIntValue,854>set key:-10000 value:20
01-25 16:12:21.688  8624  9233 W ttmdl   : <0x0,AVMDLManagerBridge.cpp,native_setIntValue,854>set key:-10000 value:0
01-25 16:12:21.688  8624  9233 W ttmdl   : <0x0,AVMDLManagerBridge.cpp,native_setIntValue,854>set key:968 value:0
01-25 16:12:21.688  8624  9233 W ttmdl   : <0x0,AVMDLManagerBridge.cpp,native_setIntValue,854>set key:969 value:0
01-25 16:12:21.688  8624  9233 W ttmdl   : <0x0,AVMDLManagerBridge.cpp,native_setIntValue,854>set key:9001 value:0
01-25 16:12:21.688  8624  9233 W ttmdl   : <0x0,AVMDLManagerBridge.cpp,native_setIntValue,854>set key:-10000 value:0
01-25 16:12:21.688  8624  9233 W ttmdl   : <0x0,AVMDLManagerBridge.cpp,native_setStringValue,428>set key:8222 valuestr:3006,3006
01-25 16:12:21.688  8624  9233 W ttmdl   : <0x0,AVMDLManagerBridge.cpp,native_setIntValue,854>set key:7001 value:0
01-25 16:12:21.688  8624  9233 W ttmdl   : <0x0,AVMDLManagerBridge.cpp,native_setIntValue,854>set key:-10000 value:0
01-25 16:12:21.688  8624  9233 I chatty  : uid=10859(com.lemon.lvoverseas) Thread-130 identical 2 lines
01-25 16:12:21.688  8624  9233 W ttmdl   : <0x0,AVMDLManagerBridge.cpp,native_setIntValue,854>set key:-10000 value:0
01-25 16:12:21.688  8624  9233 W ttmdl   : <0x0,AVMDLManagerBridge.cpp,native_setIntValue,854>set key:957 value:0
01-25 16:12:21.688  8624  9233 W ttmdl   : <0x0,AVMDLManagerBridge.cpp,native_setIntValue,854>set key:958 value:0
01-25 16:12:21.688  8624  9233 W ttmdl   : <0x0,AVMDLManagerBridge.cpp,native_setIntValue,854>set key:959 value:0
01-25 16:12:21.696   489  9221 E ResolverController: No valid NAT64 prefix (582, <unspecified>/0)
01-25 16:12:21.713  8624  8699 W ttmdl   : <0x0,AVMDLManagerBridge.cpp,native_getLongValue,151>get support hls
01-25 16:12:21.719  8831  9072 W AppLog  : null context when onEvent
01-25 16:12:21.720  8790  8936 W fb4a.lacrima: FixedLengthFiles.init() called twice.
01-25 16:12:21.720  8790  8936 W fb4a.lacrima: FixedLengthFiles.init() called twice.
01-25 16:12:21.720  8831  9240 I WebViewFactory: Loading com.google.android.webview version 131.0.6778.262 (code 677826233)
01-25 16:12:21.728  8624  9256 W ttmdl   : <0x0,AVMDLJniBase.cpp,create_thread_env,49>get java vm is:0x778269f1c0
01-25 16:12:21.733  8831  9240 W linker  : Warning: "/data/app/com.google.android.trichromelibrary_677826233-egkuL5GRucBu3ey-poTmmw==/base.apk!/lib/arm64-v8a/libmonochrome_64.so" unused DT entry: unknown processor-specific (type 0x70000001 arg 0x0) (ignoring)
01-25 16:12:21.738   489  9228 E ResolverController: No valid NAT64 prefix (582, <unspecified>/0)
01-25 16:12:21.744  1226  1322 E TouchFilter: setTouchFilter LOG Enable prameter: 0
01-25 16:12:21.744  1226  1322 E TouchFilter: Event Hub Touch Filter log is disabled
01-25 16:12:21.744  1226  1322 E TouchFilter: Event Hub Touch Filter is enabled
01-25 16:12:21.749  8790  9251 W fb4a.DefaultNetworkConfig: com.facebook.katana: getShouldCheckCertsInternal: true
01-25 16:12:21.758  7961  9238 I ADB_SERVICES: post waitpid (pid=9236) status=0000
01-25 16:12:21.758  7961  7961 I ADB_SERVICES: for fd 37, revents = 2011
01-25 16:12:21.758  7961  7961 I ADB_SERVICES: for fd 37, revents = 2011
01-25 16:12:21.761  8624  8699 I libMEOW_gift: open /vendor/etc/arc.ini
01-25 16:12:21.765  7961  7961 I ADB_SERVICES: service_to_fd shell,v2,TERM=xterm-256color,raw:getprop ro.sf.lcd_density
01-25 16:12:21.779  8790  8919 W fb4a.AppInitScheduler|Run:   Finished GraphServiceEagerInit in 186ms
01-25 16:12:21.780  8790  8919 W fb4a.AppInitScheduler|Schedule:   Executing 180:InitPushabilityCheck
01-25 16:12:21.780  8790  8917 W fb4a.AppInitScheduler|Run: Running InitPushabilityCheck
01-25 16:12:21.781  8790  8917 W fb4a.AppInitScheduler|Run:   Finished InitPushabilityCheck in 1ms
01-25 16:12:21.783   528   528 I lowmemorykiller: 8 memory pressure events were skipped after a kill!
01-25 16:12:21.790  8790  8939 W fb4a.AppInitScheduler|Run:   Finished PreloadReactions in 254ms
01-25 16:12:21.791  8624  9263 W ttmdl   : <0x0,AVMDLJniBase.cpp,create_thread_env,49>get java vm is:0x778269f1c0
01-25 16:12:21.797  8624  9278 W ttmdl   : <0x0,AVMDLJniBase.cpp,create_thread_env,49>get java vm is:0x778269f1c0
01-25 16:12:21.798  7961  9273 I ADB_SERVICES: post waitpid (pid=9272) status=0000
01-25 16:12:21.798  7961  7961 I ADB_SERVICES: for fd 37, revents = 2010
01-25 16:12:21.798  7961  7961 I ADB_SERVICES: for fd 37, revents = 2011
01-25 16:12:21.799  8624  9280 W ttmdl   : <0x0,AVMDLJniBase.cpp,create_thread_env,49>get java vm is:0x778269f1c0
01-25 16:12:21.800  8624  9281 W ttmdl   : <0x0,AVMDLJniBase.cpp,create_thread_env,49>get java vm is:0x778269f1c0
01-25 16:12:21.801  8624  9282 W ttmdl   : <0x0,AVMDLJniBase.cpp,create_thread_env,49>get java vm is:0x778269f1c0
01-25 16:12:21.803  8624  8643 I InstrKeepAlive-Native: on get_1runtime_1addr
01-25 16:12:21.807  7961  7961 I ADB_SERVICES: service_to_fd shell,v2,TERM=xterm-256color,raw:dumpsys activity activities
01-25 16:12:21.809  8624  9233 W ttmdl   : <0x0,AVMDLManagerBridge.cpp,native_setIntValue,854>set key:736 value:1000
01-25 16:12:21.820  8790  8938 W fb4a.AppInitScheduler|Run:   Finished ZeroLibraryInitializer in 211ms
01-25 16:12:21.827  8831  9240 I cr_WVCFactoryProvider: version=131.0.6778.262 (677826233) minSdkVersion=29 isBundle=true multiprocess=true packageId=2
01-25 16:12:21.834  8624  8894 W linker  : Warning: "/data/app/com.lemon.lvoverseas-mBIt91YtuweP36fEVLTXbA==/lib/arm64/libtt_c2pa_sdk.so" has unsupported flags DT_FLAGS_1=0x81 (ignoring unsupported flags)
01-25 16:12:21.840  8790  9237 E DRM/DcfDecoder: decodeDrmImageIfNeeded stream caught ClassCastException 
01-25 16:12:21.856  8790  9251 E DRM/DcfDecoder: decodeDrmImageIfNeeded stream caught ClassCastException 
01-25 16:12:21.870  7961  9287 I ADB_SERVICES: post waitpid (pid=9286) status=0000
01-25 16:12:21.870  7961  7961 I ADB_SERVICES: for fd 37, revents = 2011
01-25 16:12:21.870  7961  7961 I ADB_SERVICES: for fd 37, revents = 2011
01-25 16:12:21.878  7961  7961 I ADB_SERVICES: service_to_fd shell,v2,TERM=xterm-256color,raw:dumpsys activity activities
01-25 16:12:21.879  8831  9304 I chromium: [0125/161221.879557:INFO:variations_seed_loader.cc(68)] Failed to open file for reading.: No such file or directory (2)
01-25 16:12:21.884  8831  9240 I cr_LibraryLoader: Successfully loaded native library
01-25 16:12:21.885  8831  9240 I cr_CachingUmaRecorder: Flushed 5 samples from 5 histograms, 0 samples were dropped.
01-25 16:12:21.890   528   528 I lowmemorykiller: 8 memory pressure events were skipped after a kill!
01-25 16:12:21.894  8624  9091 I FA      : App measurement initialized, version: 112007
01-25 16:12:21.894  8624  9091 I FA      : To enable debug logging run: adb shell setprop log.tag.FA VERBOSE
01-25 16:12:21.894  8624  9091 I FA      : To enable faster debug mode event logging run:
01-25 16:12:21.894  8624  9091 I FA      :   adb shell setprop debug.firebase.analytics.app com.lemon.lvoverseas
01-25 16:12:21.898  8515  8527 I .lvoverseas:sm: Background young concurrent copying GC freed 225792(14MB) AllocSpace objects, 210(18MB) LOS objects, 81% free, 5591KB/29MB, paused 367us total 235.082ms
01-25 16:12:21.922  7961  9309 I ADB_SERVICES: post waitpid (pid=9307) status=0000
01-25 16:12:21.923  7961  7961 I ADB_SERVICES: for fd 37, revents = 2011
01-25 16:12:21.923  7961  7961 I ADB_SERVICES: for fd 37, revents = 2011
01-25 16:12:21.928  8790  9247 W fb4a.QuickPerformanceLoggerModule: Provided QPL: 143443582
01-25 16:12:21.930  7961  7961 I ADB_SERVICES: service_to_fd shell,v2,TERM=xterm-256color,raw:dumpsys activity activities
01-25 16:12:21.932  8790  8949 W fb4a.AppInitScheduler|Run:   Finished PreloadFeedDataLoader in 481ms
01-25 16:12:21.932  8790  8949 W fb4a.AppInitScheduler|Schedule:   Executing 116:EagerInitFeedDataLoader
01-25 16:12:21.932  8790  8949 W fb4a.AppInitScheduler|Run: Running EagerInitFeedDataLoader
01-25 16:12:21.932  8790  8949 W fb4a.AppInitScheduler|Run:   Finished EagerInitFeedDataLoader in 0ms
01-25 16:12:21.934  8790  8941 W fb4a.AppInitScheduler|Run:   Finished PreloadFeedFullCacheLoad in 410ms
01-25 16:12:21.968  7961  9321 I ADB_SERVICES: post waitpid (pid=9320) status=0000
01-25 16:12:21.968  7961  7961 I ADB_SERVICES: for fd 37, revents = 2011
01-25 16:12:21.968  7961  7961 I ADB_SERVICES: for fd 37, revents = 2011
01-25 16:12:21.975  7961  7961 I ADB_SERVICES: service_to_fd shell,v2,TERM=xterm-256color,raw:dumpsys activity services
01-25 16:12:21.994 21099  8551 I AdvertisingIdClient: shouldSendLog 4503158389
01-25 16:12:21.994 21099  8551 I AdvertisingIdClient: GetInfoInternal elapse 3ms
01-25 16:12:21.997   528   528 I lowmemorykiller: 8 memory pressure events were skipped after a kill!
01-25 16:12:22.035  7961  7961 I ADB_SERVICES: service_to_fd shell,v2,TERM=xterm-256color,raw:ps
01-25 16:12:22.095  7961  9330 I ADB_SERVICES: post waitpid (pid=9329) status=0000
01-25 16:12:22.095  7961  7961 I ADB_SERVICES: for fd 41, revents = 2010
01-25 16:12:22.095  7961  7961 I ADB_SERVICES: for fd 41, revents = 2011
01-25 16:12:22.107   528   528 I lowmemorykiller: 8 memory pressure events were skipped after a kill!
01-25 16:12:22.110  1643  8450 I System.out: [OkHttp] sendRequest<<
01-25 16:12:22.212  8624  8769 I System.out: [okhttp]:check permission begin!
01-25 16:12:22.212  8624  8769 I System.out: [okhttp]:not MMS!
01-25 16:12:22.212  8624  8769 I System.out: [okhttp]:not Email!
01-25 16:12:22.213  8624  8764 I System.out: [okhttp]:check permission begin!
01-25 16:12:22.213  8624  8764 I System.out: [okhttp]:not MMS!
01-25 16:12:22.213  8624  8764 I System.out: [okhttp]:not Email!
01-25 16:12:22.213  8624  8764 I System.out: [socket]:check permission begin!
01-25 16:12:22.214  8624  8770 I System.out: [okhttp]:check permission begin!
01-25 16:12:22.214  8624  8770 I System.out: [okhttp]:not MMS!
01-25 16:12:22.214  8624  8770 I System.out: [okhttp]:not Email!
01-25 16:12:22.214  8624  8770 I System.out: [socket]:check permission begin!
01-25 16:12:22.214  8624  8769 I System.out: [socket]:check permission begin!
01-25 16:12:22.270  7961  9326 I ADB_SERVICES: post waitpid (pid=9325) status=0000
01-25 16:12:22.270  7961  7961 I ADB_SERVICES: for fd 37, revents = 2010
01-25 16:12:22.270  7961  7961 I ADB_SERVICES: for fd 37, revents = 2011
01-25 16:12:22.274  8790  8937 W fb4a.AppInitScheduler|Run:   Finished EarliestPossibleColdStartClassPreloadStarter in 1043ms
01-25 16:12:22.275  8790  8937 W fb4a.AppInitScheduler|Schedule:   Executing 274:SecondaryDexPreloaderBg
01-25 16:12:22.275  8790  8937 W fb4a.AppInitScheduler|Run: Running SecondaryDexPreloaderBg
01-25 16:12:22.277  8624  8764 I System.out: [OkHttp] sendRequest>>
01-25 16:12:22.277  8624  8769 I System.out: [OkHttp] sendRequest>>
01-25 16:12:22.277  8624  8769 I System.out: [OkHttp] sendRequest<<
01-25 16:12:22.281  8624  8770 I System.out: [OkHttp] sendRequest>>
01-25 16:12:22.281  8624  8770 I System.out: [OkHttp] sendRequest<<
01-25 16:12:22.281  8624  8764 I System.out: [OkHttp] sendRequest<<
01-25 16:12:22.316  1226  1361 E WifiVendorHal: getWifiLinkLayerStats_1_3_Internal(l.927) failed {.code = ERROR_NOT_SUPPORTED, .description = }
01-25 16:12:22.337  7961  7961 I ADB_SERVICES: service_to_fd shell,v2,TERM=xterm-256color,raw:dumpsys display
01-25 16:12:22.382  7961  9332 I ADB_SERVICES: post waitpid (pid=9331) status=0000
01-25 16:12:22.382  7961  7961 I ADB_SERVICES: for fd 37, revents = 2011
01-25 16:12:22.382  7961  7961 I ADB_SERVICES: for fd 37, revents = 2011
01-25 16:12:22.392  7961  7961 I ADB_SERVICES: service_to_fd shell,v2,TERM=xterm-256color,raw:wm size
01-25 16:12:22.443  7961  9335 I ADB_SERVICES: post waitpid (pid=9334) status=0000
01-25 16:12:22.443  7961  7961 I ADB_SERVICES: for fd 37, revents = 2011
01-25 16:12:22.443  7961  7961 I ADB_SERVICES: for fd 37, revents = 2011
01-25 16:12:22.450  7961  7961 I ADB_SERVICES: service_to_fd shell,v2,TERM=xterm-256color,raw:dumpsys input
01-25 16:12:22.482  1226  3775 E TouchFilter: setTouchFilter LOG Enable prameter: 0
01-25 16:12:22.482  1226  3775 E TouchFilter: Event Hub Touch Filter log is disabled
01-25 16:12:22.482  1226  3775 E TouchFilter: Event Hub Touch Filter is enabled
01-25 16:12:22.494  7961  9340 I ADB_SERVICES: post waitpid (pid=9339) status=0000
01-25 16:12:22.494  7961  7961 I ADB_SERVICES: for fd 37, revents = 2011
01-25 16:12:22.494  7961  7961 I ADB_SERVICES: for fd 37, revents = 2011
01-25 16:12:22.501  7961  7961 I ADB_SERVICES: service_to_fd shell,v2,TERM=xterm-256color,raw:getprop ro.sf.lcd_density
01-25 16:12:22.506  8624  8638 E jato    : beforeAlloc confirmed saved2 45043712, index 12
01-25 16:12:22.506  8624  8638 E jato    : free another 45043712
01-25 16:12:22.516  7961  9343 I ADB_SERVICES: post waitpid (pid=9342) status=0000
01-25 16:12:22.516  7961  7961 I ADB_SERVICES: for fd 37, revents = 2010
01-25 16:12:22.516  7961  7961 I ADB_SERVICES: for fd 37, revents = 2011
01-25 16:12:22.519  8624  8638 I emon.lvoversea: Background young concurrent copying GC freed 719283(39MB) AllocSpace objects, 556(42MB) LOS objects, 70% free, 10055KB/33MB, paused 419us total 284.421ms
01-25 16:12:22.527  7961  7961 I ADB_SERVICES: service_to_fd shell,v2,TERM=xterm-256color,raw:dumpsys activity activities
01-25 16:12:22.532  8624  8640 W System  : A resource failed to call close. 
01-25 16:12:22.572  7961  9345 I ADB_SERVICES: post waitpid (pid=9344) status=0000
01-25 16:12:22.573  7961  7961 I ADB_SERVICES: for fd 37, revents = 2011
01-25 16:12:22.573  7961  7961 I ADB_SERVICES: for fd 37, revents = 2011
01-25 16:12:22.579  8624  8770 I System.out: [okhttp]:check permission begin!
01-25 16:12:22.580  8624  8770 I System.out: [okhttp]:not MMS!
01-25 16:12:22.580  8624  8770 I System.out: [okhttp]:not Email!
01-25 16:12:22.581  8624  8770 I System.out: [OkHttp] sendRequest>>
01-25 16:12:22.581  7961  7961 I ADB_SERVICES: service_to_fd shell,v2,TERM=xterm-256color,raw:dumpsys activity activities
01-25 16:12:22.581  8624  8770 I System.out: [OkHttp] sendRequest<<
01-25 16:12:22.610  1226  1235 I system_server: Background concurrent copying GC freed 610091(58MB) AllocSpace objects, 41(964KB) LOS objects, 12% free, 166MB/190MB, paused 1.040ms total 1.518s
01-25 16:12:22.614  7961  9348 I ADB_SERVICES: post waitpid (pid=9347) status=0000
01-25 16:12:22.614  7961  7961 I ADB_SERVICES: for fd 37, revents = 2011
01-25 16:12:22.614  7961  7961 I ADB_SERVICES: for fd 37, revents = 2011
01-25 16:12:22.616  8790  8937 W fb4a.AppInitScheduler|Run:   Finished SecondaryDexPreloaderBg in 341ms
01-25 16:12:22.616  8790  8937 W fb4a.AppInitScheduler|Schedule: Pending tasks reached zero, maybe shutting down
01-25 16:12:22.616  8790  8937 W fb4a.AppInitScheduler|Run: All work finished.
01-25 16:12:22.621  7961  7961 I ADB_SERVICES: service_to_fd shell,v2,TERM=xterm-256color,raw:dumpsys activity activities
01-25 16:12:22.645  7961  9352 I ADB_SERVICES: post waitpid (pid=9351) status=0000
01-25 16:12:22.645  7961  7961 I ADB_SERVICES: for fd 37, revents = 2010
01-25 16:12:22.645  7961  7961 I ADB_SERVICES: for fd 37, revents = 2011
01-25 16:12:22.653  7961  7961 I ADB_SERVICES: service_to_fd shell,v2,TERM=xterm-256color,raw:dumpsys activity services
01-25 16:12:22.753  8790  9084 W fb4a.3XQ: creating VideoPerformanceTracking with event bus
01-25 16:12:22.793  8790  9359 W AudioCapabilities: Unsupported mime audio/x-adpcm-ms
01-25 16:12:22.793  8790  9359 W AudioCapabilities: Unsupported mime audio/x-adpcm-dvi-ima
01-25 16:12:22.793  8790  9359 W AudioCapabilities: Unsupported mime audio/alac
01-25 16:12:22.793  8790  9359 W AudioCapabilities: Unsupported mime audio/ape
01-25 16:12:22.798  8790  9359 W VideoCapabilities: Unrecognized profile/level 1/32 for video/mp4v-es
01-25 16:12:22.798  8790  9359 W VideoCapabilities: Unrecognized profile/level 32768/2 for video/mp4v-es
01-25 16:12:22.798  8790  9359 W VideoCapabilities: Unrecognized profile/level 32768/64 for video/mp4v-es
01-25 16:12:22.800  8790  9359 W VideoCapabilities: Unsupported mime video/x-ms-wmv
01-25 16:12:22.801  8790  9359 W VideoCapabilities: Unsupported mime video/xvid
01-25 16:12:22.829  8790  9359 W VideoCapabilities: Unrecognized profile/level 1/32 for video/mp4v-es
01-25 16:12:22.883  8790  8819 I facebook.katan: Background young concurrent copying GC freed 213640(24MB) AllocSpace objects, 53(1588KB) LOS objects, 61% free, 15MB/39MB, paused 177us total 151.328ms
01-25 16:12:22.884  8790  8820 W JavaBinder: BinderProxy is being destroyed but the application did not call unlinkToDeath to unlink all of its death recipients beforehand.  Releasing leaked death recipient: X.03y
01-25 16:12:22.890  8790  8821 I BufferQueue: [SurfaceTexture-0-8790-0](this:0x7663540000,id:0,api:1,p:-1,c:-1) ~BufferQueueCore
01-25 16:12:22.890  8790  8821 W System  : A resource failed to call close. 
01-25 16:12:22.890  8790  8821 I chatty  : uid=10608(com.facebook.katana) FinalizerDaemon identical 1 line
01-25 16:12:22.890  8790  8821 W System  : A resource failed to call close. 
01-25 16:12:22.915  8790  8790 W fb4a.AppComponentFactory: Instantiating Service
01-25 16:12:22.920  7961  9355 I ADB_SERVICES: post waitpid (pid=9354) status=0000
01-25 16:12:22.921  7961  7961 I ADB_SERVICES: for fd 37, revents = 2010
01-25 16:12:22.921  7961  7961 I ADB_SERVICES: for fd 37, revents = 2011
01-25 16:12:22.927  1226  1226 W ActivityManager: Unable to launch app com.imo.android.imoimbeta/10905 for service Intent { cmp=com.imo.android.imoimbeta/com.imo.android.imoim.expression.gif.AiJobService }: AutoStart Limit
01-25 16:12:22.929  1226  1226 W ActivityManager: Unable to launch app com.imo.android.imoimbeta/10905 for service Intent { cmp=com.imo.android.imoimbeta/com.imo.android.common.network.MyJobService }: AutoStart Limit
01-25 16:12:22.931  1226  1226 W ActivityManager: Unable to launch app com.hdictionary.bn/10448 for service Intent { cmp=com.hdictionary.bn/com.google.android.datatransport.runtime.scheduling.jobscheduling.JobInfoSchedulerService }: AutoStart Limit
01-25 16:12:22.933  1226  1226 W ActivityManager: Unable to launch app com.hdictionary.bn/10448 for service Intent { cmp=com.hdictionary.bn/androidx.work.impl.background.systemjob.SystemJobService }: AutoStart Limit
01-25 16:12:22.939  1226  1226 W ActivityManager: Unable to launch app com.adobe.reader/10450 for service Intent { cmp=com.adobe.reader/.ARBlueheronBaseUriJobScheduler }: AutoStart Limit
01-25 16:12:22.941  1226  1226 W ActivityManager: Unable to launch app com.adobe.reader/10450 for service Intent { cmp=com.adobe.reader/.share.ARShareLimitsJobScheduler }: AutoStart Limit
01-25 16:12:22.942  1226  1226 W ActivityManager: Unable to launch app com.mobilefootie.wc2010/10494 for service Intent { cmp=com.mobilefootie.wc2010/androidx.work.impl.background.systemjob.SystemJobService }: AutoStart Limit
01-25 16:12:22.944  1226  1226 W ActivityManager: Unable to launch app com.supercell.clashofclans/10084 for service Intent { cmp=com.supercell.clashofclans/com.google.android.datatransport.runtime.scheduling.jobscheduling.JobInfoSchedulerService }: AutoStart Limit
01-25 16:12:22.946  1226  1226 W ActivityManager: Unable to launch app com.mobilefootie.wc2010/10494 for service Intent { cmp=com.mobilefootie.wc2010/androidx.work.impl.background.systemjob.SystemJobService }: AutoStart Limit
01-25 16:12:22.948  8790  8915 W fb4a.AppInitScheduler|Run: DeadlockMonitor exiting.
01-25 16:12:22.951  1226  1226 W ActivityManager: Unable to launch app com.mobilefootie.wc2010/10494 for service Intent { cmp=com.mobilefootie.wc2010/com.google.android.datatransport.runtime.scheduling.jobscheduling.JobInfoSchedulerService }: AutoStart Limit
01-25 16:12:22.953  1226  1226 W ActivityManager: Unable to launch app com.mobilefootie.wc2010/10494 for service Intent { cmp=com.mobilefootie.wc2010/com.google.android.datatransport.runtime.scheduling.jobscheduling.JobInfoSchedulerService }: AutoStart Limit
01-25 16:12:22.954  1226  1226 W ActivityManager: Unable to launch app com.mxtech.videoplayer.ad/10214 for service Intent { cmp=com.mxtech.videoplayer.ad/com.google.android.datatransport.runtime.scheduling.jobscheduling.JobInfoSchedulerService }: AutoStart Limit
01-25 16:12:23.007  7961  7961 I ADB_SERVICES: service_to_fd shell,v2,TERM=xterm-256color,raw:dumpsys display
01-25 16:12:23.011   489  9364 E ResolverController: No valid NAT64 prefix (582, <unspecified>/0)
01-25 16:12:23.050  7961  9366 I ADB_SERVICES: post waitpid (pid=9365) status=0000
01-25 16:12:23.050  7961  7961 I ADB_SERVICES: for fd 37, revents = 2011
01-25 16:12:23.051  7961  7961 I ADB_SERVICES: for fd 37, revents = 2011
01-25 16:12:23.060  7961  7961 I ADB_SERVICES: service_to_fd shell,v2,TERM=xterm-256color,raw:wm size
01-25 16:12:23.093  1226  1226 W ActivityManager: Unable to launch app com.google.android.apps.translate/10309 for service Intent { cmp=com.google.android.apps.translate/androidx.work.impl.background.systemjob.SystemJobService }: AutoStart Limit
01-25 16:12:23.094  1226  1226 W ActivityManager: Unable to launch app com.google.android.apps.translate/10309 for service Intent { cmp=com.google.android.apps.translate/androidx.work.impl.background.systemjob.SystemJobService }: AutoStart Limit
01-25 16:12:23.096  1226  1226 W ActivityManager: Unable to launch app com.google.android.apps.docs.editors.docs/10957 for service Intent { cmp=com.google.android.apps.docs.editors.docs/androidx.work.impl.background.systemjob.SystemJobService }: AutoStart Limit
01-25 16:12:23.098  1226  1226 W ActivityManager: Unable to launch app com.google.android.apps.docs.editors.docs/10957 for service Intent { cmp=com.google.android.apps.docs.editors.docs/androidx.work.impl.background.systemjob.SystemJobService }: AutoStart Limit
01-25 16:12:23.100  1226  1226 W ActivityManager: Unable to launch app com.google.android.apps.classroom/10689 for service Intent { cmp=com.google.android.apps.classroom/androidx.work.impl.background.systemjob.SystemJobService }: AutoStart Limit
01-25 16:12:23.102  1226  1226 W ActivityManager: Unable to launch app com.google.android.apps.classroom/10689 for service Intent { cmp=com.google.android.apps.classroom/androidx.work.impl.background.systemjob.SystemJobService }: AutoStart Limit
01-25 16:12:23.106  7961  9369 I ADB_SERVICES: post waitpid (pid=9368) status=0000
01-25 16:12:23.107  7961  7961 I ADB_SERVICES: for fd 37, revents = 2011
01-25 16:12:23.107  7961  7961 I ADB_SERVICES: for fd 37, revents = 2011
01-25 16:12:23.107  7961  7961 I ADB_SERVICES: service_to_fd shell,v2,TERM=xterm-256color,raw:ps
01-25 16:12:23.109  1226  1226 W ActivityManager: Unable to launch app com.google.android.apps.classroom/10689 for service Intent { cmp=com.google.android.apps.classroom/com.google.android.libraries.notifications.entrypoints.scheduled.ScheduledTaskService }: AutoStart Limit
01-25 16:12:23.111  1226  1226 W ActivityManager: Unable to launch app com.google.android.apps.classroom/10689 for service Intent { cmp=com.google.android.apps.classroom/com.google.android.libraries.notifications.entrypoints.scheduled.ScheduledTaskService }: AutoStart Limit
01-25 16:12:23.113  7961  7961 I ADB_SERVICES: service_to_fd shell,v2,TERM=xterm-256color,raw:dumpsys input
01-25 16:12:23.114  1226  1226 W ActivityManager: Unable to launch app com.google.android.apps.docs.editors.docs/10957 for service Intent { cmp=com.google.android.apps.docs.editors.docs/androidx.work.impl.background.systemjob.SystemJobService }: AutoStart Limit
01-25 16:12:23.117  1226  1226 W ActivityManager: Unable to launch app com.google.android.apps.docs.editors.sheets/10704 for service Intent { cmp=com.google.android.apps.docs.editors.sheets/androidx.work.impl.background.systemjob.SystemJobService }: AutoStart Limit
01-25 16:12:23.119  1226  1226 W ActivityManager: Unable to launch app com.google.android.apps.docs.editors.sheets/10704 for service Intent { cmp=com.google.android.apps.docs.editors.sheets/androidx.work.impl.background.systemjob.SystemJobService }: AutoStart Limit
01-25 16:12:23.123  1226  1226 W ActivityManager: Unable to launch app com.google.android.apps.docs.editors.sheets/10704 for service Intent { cmp=com.google.android.apps.docs.editors.sheets/androidx.work.impl.background.systemjob.SystemJobService }: AutoStart Limit
01-25 16:12:23.132   635   635 I Accelerometer: flush, flushCnt:2
01-25 16:12:23.135  1226  1226 W ActivityManager: Unable to launch app com.twgbd.dims/10447 for service Intent { cmp=com.twgbd.dims/androidx.work.impl.background.systemjob.SystemJobService }: AutoStart Limit
01-25 16:12:23.135   635   804 I Accelerometer: flush complete, flushCnt:1
01-25 16:12:23.137   635   635 I VGyroscope: batch: handle:3, flag:0,samplingPeriodNs:200000000 maxBatchReportLatencyNs:0
01-25 16:12:23.137   635   635 I VGyroscope: enable, handle:3, en:1
01-25 16:12:23.137   635   635 I Accelerometer: batch: handle:0, flag:0,samplingPeriodNs:66667000 maxBatchReportLatencyNs:0
01-25 16:12:23.138  1226  1226 W ActivityManager: Unable to launch app com.reincubate.camo/11164 for service Intent { cmp=com.reincubate.camo/com.google.android.datatransport.runtime.scheduling.jobscheduling.JobInfoSchedulerService }: AutoStart Limit
01-25 16:12:23.138   635   635 I Magnetic: batch: handle:1, flag:0, samplingPeriodNs:200000000,maxBatchReportLatencyNs:0
01-25 16:12:23.139  1226  1226 W ActivityManager: Unable to launch app com.footy.hd.live17/10612 for service Intent { cmp=com.footy.hd.live17/com.startapp.sdk.adsbase.PeriodicJobService }: AutoStart Limit
01-25 16:12:23.140   635   804 E         : MEMSIC  vir111 gyro algoRstGyro = 1 algoRst = 1
01-25 16:12:23.140   635   804 E         : MEMSIC  vir111 gyro algoRstGyro = 0 algoRst = 1
01-25 16:12:23.141  1226  1226 W ActivityManager: Unable to launch app com.footy.hd.live17/10612 for service Intent { cmp=com.footy.hd.live17/com.startapp.sdk.adsbase.PeriodicJobService }: AutoStart Limit
01-25 16:12:23.144  1226  1226 W ActivityManager: Unable to launch app com.jockerhsd.operaastmfore/11167 for service Intent { cmp=com.jockerhsd.operaastmfore/com.startapp.sdk.jobs.SchedulerService }: AutoStart Limit
01-25 16:12:23.145   635   635 I Magnetic: enable: handle:1, en:1 
01-25 16:12:23.146  1226  1226 W ActivityManager: Unable to launch app com.jockerhsd.operaastmfore/11167 for service Intent { cmp=com.jockerhsd.operaastmfore/com.startapp.sdk.jobs.SchedulerService }: AutoStart Limit
01-25 16:12:23.146   635   635 E         : MEMSIC_enableLib
01-25 16:12:23.148   635   635 I VGyroscope: enable, handle:3, en:0
01-25 16:12:23.148   635   635 I Accelerometer: batch: handle:0, flag:0,samplingPeriodNs:66667000 maxBatchReportLatencyNs:100000000
01-25 16:12:23.150   635   635 I Magnetic: enable: handle:1, en:0 
01-25 16:12:23.151   635   635 E         : MEMSIC_enableLib
01-25 16:12:23.154  1226  1322 E TouchFilter: setTouchFilter LOG Enable prameter: 0
01-25 16:12:23.154  1226  1322 E TouchFilter: Event Hub Touch Filter log is disabled
01-25 16:12:23.154  1226  1322 E TouchFilter: Event Hub Touch Filter is enabled
01-25 16:12:23.156  7961  9376 I ADB_SERVICES: post waitpid (pid=9375) status=0000
01-25 16:12:23.157  7961  7961 I ADB_SERVICES: for fd 41, revents = 2010
01-25 16:12:23.157  7961  7961 I ADB_SERVICES: for fd 41, revents = 2011
01-25 16:12:23.163  7961  7961 I ADB_SERVICES: service_to_fd shell,v2,TERM=xterm-256color,raw:getprop ro.sf.lcd_density
01-25 16:12:23.177  7961  9379 I ADB_SERVICES: post waitpid (pid=9378) status=0000
01-25 16:12:23.177  7961  7961 I ADB_SERVICES: for fd 41, revents = 2011
01-25 16:12:23.183  7961  7961 I ADB_SERVICES: service_to_fd shell,v2,TERM=xterm-256color,raw:am start com.example.chatter/com.example.chatter.Splash
01-25 16:12:23.211  1226  1323 I ActivityTaskManager: START u0 {act=android.intent.action.MAIN cat=[android.intent.category.LAUNCHER] flg=0x10000000 cmp=com.example.chatter/.Splash} from uid 2000
01-25 16:12:23.213  7961  9374 I ADB_SERVICES: post waitpid (pid=9373) status=0000
01-25 16:12:23.213  7961  7961 I ADB_SERVICES: for fd 37, revents = 2010
01-25 16:12:23.213  7961  7961 I ADB_SERVICES: for fd 37, revents = 2011
01-25 16:12:23.217   504   594 I hwcomposer: [HWC] (0) displayGetActiveConfig config:0  
01-25 16:12:23.223  4921 30756 I SmartPanel_SmartPanelService: activityCheck pkgName: com.example.chatter, className: com.example.chatter.Splash isResume=false isInshow =true isDrawn = false
01-25 16:12:23.223   518   568 I power@1.3-impl: powerHintInternal hint:8, data:1
01-25 16:12:23.225   518   567 I libPowerHal: 8: cpu_ctrl set freq: 1800000 -1 2000000 -1
01-25 16:12:23.230   531   531 I BufferQueueProducer: [VDS: minicap](this:0x7b346dd000,id:178258,api:1,p:531,c:531) queueBuffer: fps=0.29 dur=3465.21 max=3465.21 min=3465.21
01-25 16:12:23.231   504   594 I hwcomposer: [HWCDisplay] [Display_2 (type:2)] fps:0.288587,dur:3465.15,max:3465.15,min:3465.15  
01-25 16:12:23.232  8284  8287 I BufferQueueProducer: [minicap](this:0x7ca493d000,id:0,api:1,p:531,c:8284) queueBuffer: fps=0.29 dur=3464.58 max=3464.58 min=3464.58
01-25 16:12:23.233  7961  9382 I ADB_SERVICES: post waitpid (pid=9381) status=0000
01-25 16:12:23.233  7961  7961 I ADB_SERVICES: for fd 41, revents = 2011
01-25 16:12:23.233   504   594 I hwcomposer: [HWCDisplay] [Display_0 (type:1)] fps:0.288654,dur:3464.36,max:3464.36,min:3464.36  
01-25 16:12:23.234  7961  7961 I ADB_SERVICES: for fd 41, revents = 2011
01-25 16:12:23.235   531   531 I SurfaceFlinger: screenshot (com.android.systemui.ImageWallpaper#0)
01-25 16:12:23.235   531   531 I SurfaceFlinger: screenshot (com.transsion.XOSLauncher/com.android.quickstep.src.com.android.launcher3.uioverrides.QuickstepLauncher#1)
01-25 16:12:23.300  1226  1323 I PowerMonitorHookServer: app:com.transsion.XOSLauncherexit top
01-25 16:12:23.302  7961  7961 I ADB_SERVICES: service_to_fd shell,v2,TERM=xterm-256color,raw:dumpsys display
01-25 16:12:23.312  2210  2258 I PowerMonitorNew: a whole scenario, scenario:com.transsion.XOSLauncher, start-stop:4504415358-4504478364,duration:63006, current:0, currentconvert4V:0,currentWoBL:0,consumecoul:0,batterytime:0, conpower:0,avgsignal:400,avgDatatype:400
01-25 16:12:23.312  2210  2258 I PowerMonitorNew: exitScenario not save scenario true
01-25 16:12:23.313  4921  4921 I SmartPanel_SmartPanelService: exitGameMode
01-25 16:12:23.315  1226  1245 E system_server: Invalid ID 0x00000000.
01-25 16:12:23.317  1226  1226 W ActivityManager: Unable to launch app com.imo.android.imoimbeta/10905 for service Intent { cmp=com.imo.android.imoimbeta/com.imo.android.imoim.expression.gif.AiJobService }: AutoStart Limit
01-25 16:12:23.318  1226  1226 W ActivityManager: Unable to launch app com.imo.android.imoimbeta/10905 for service Intent { cmp=com.imo.android.imoimbeta/com.imo.android.common.network.MyJobService }: AutoStart Limit
01-25 16:12:23.320  1226  1226 W ActivityManager: Unable to launch app com.hdictionary.bn/10448 for service Intent { cmp=com.hdictionary.bn/com.google.android.datatransport.runtime.scheduling.jobscheduling.JobInfoSchedulerService }: AutoStart Limit
01-25 16:12:23.322  1226  1245 I InputTransport: Create ARC handle: 0x7669ba9fe0
01-25 16:12:23.327  1226  1226 W ActivityManager: Unable to launch app com.hdictionary.bn/10448 for service Intent { cmp=com.hdictionary.bn/androidx.work.impl.background.systemjob.SystemJobService }: AutoStart Limit
01-25 16:12:23.332  7961  9395 I ADB_SERVICES: post waitpid (pid=9394) status=0000
01-25 16:12:23.332  7961  7961 I ADB_SERVICES: for fd 37, revents = 2010
01-25 16:12:23.332  7961  7961 I ADB_SERVICES: for fd 37, revents = 2011
01-25 16:12:23.339  9397  9397 I example.chatte: Late-enabling -Xcheck:jni
01-25 16:12:23.342  7961  7961 I ADB_SERVICES: service_to_fd shell,v2,TERM=xterm-256color,raw:wm size
01-25 16:12:23.344   531  1990 I BufferQueue: [unnamed-531-178259](this:0x7b2f9bc800,id:178259,api:0,p:-1,c:-1) BufferQueue core=(531:/system/bin/surfaceflinger)
01-25 16:12:23.344   531  1990 I BufferQueueConsumer: [unnamed-531-178259](this:0x7b2f9bc800,id:178259,api:0,p:-1,c:531) connect(C): consumer=(531:/system/bin/surfaceflinger) controlledByApp=false
01-25 16:12:23.344   531  1990 I BufferQueueConsumer: [unnamed-531-178259](this:0x7b2f9bc800,id:178259,api:0,p:-1,c:531) setConsumerName: unnamed-531-178259
01-25 16:12:23.344   531  1990 I BufferQueueConsumer: [Splash Screen com.example.chatter#0](this:0x7b2f9bc800,id:178259,api:0,p:-1,c:531) setConsumerName: Splash Screen com.example.chatter#0
01-25 16:12:23.344   531  1990 I BufferQueueConsumer: [Splash Screen com.example.chatter#0](this:0x7b2f9bc800,id:178259,api:0,p:-1,c:531) setDefaultBufferSize: width=720 height=1640
01-25 16:12:23.365  9397  9397 E example.chatte: Unknown bits set in runtime_flags: 0x8000
01-25 16:12:23.369   531   531 I SurfaceFlinger: screenshot (com.android.systemui.ImageWallpaper#0)
01-25 16:12:23.370   531   531 I SurfaceFlinger: screenshot (com.transsion.XOSLauncher/com.android.quickstep.src.com.android.launcher3.uioverrides.QuickstepLauncher#1)
01-25 16:12:23.371  1226  1226 W ActivityManager: Unable to launch app com.adobe.reader/10450 for service Intent { cmp=com.adobe.reader/.ARBlueheronBaseUriJobScheduler }: AutoStart Limit
01-25 16:12:23.372   531  1990 I BufferQueueProducer: [Splash Screen com.example.chatter#0](this:0x7b2f9bc800,id:178259,api:2,p:1226,c:531) connect(P): api=2 producer=(1226:system_server) producerControlledByApp=false
01-25 16:12:23.377  1226  1253 I ActivityManager: Start proc 9397:com.example.chatter/u0a1179 for activity {com.example.chatter/com.example.chatter.Splash}
01-25 16:12:23.378  1226  1226 W ActivityManager: Unable to launch app com.adobe.reader/10450 for service Intent { cmp=com.adobe.reader/.share.ARShareLimitsJobScheduler }: AutoStart Limit
01-25 16:12:23.379  1226  1235 I system_server: Background young concurrent copying GC freed 311720(32MB) AllocSpace objects, 8(196KB) LOS objects, 12% free, 161MB/185MB, paused 441us total 489.736ms
01-25 16:12:23.380  1226  1226 W ActivityManager: Unable to launch app com.mobilefootie.wc2010/10494 for service Intent { cmp=com.mobilefootie.wc2010/androidx.work.impl.background.systemjob.SystemJobService }: AutoStart Limit
01-25 16:12:23.382  1226  1226 W ActivityManager: Unable to launch app com.supercell.clashofclans/10084 for service Intent { cmp=com.supercell.clashofclans/com.google.android.datatransport.runtime.scheduling.jobscheduling.JobInfoSchedulerService }: AutoStart Limit
01-25 16:12:23.383  1226  1226 W ActivityManager: Unable to launch app com.mobilefootie.wc2010/10494 for service Intent { cmp=com.mobilefootie.wc2010/androidx.work.impl.background.systemjob.SystemJobService }: AutoStart Limit
01-25 16:12:23.384  1226  1226 W ActivityManager: Unable to launch app com.mobilefootie.wc2010/10494 for service Intent { cmp=com.mobilefootie.wc2010/com.google.android.datatransport.runtime.scheduling.jobscheduling.JobInfoSchedulerService }: AutoStart Limit
01-25 16:12:23.385  1226  1226 W ActivityManager: Unable to launch app com.mobilefootie.wc2010/10494 for service Intent { cmp=com.mobilefootie.wc2010/com.google.android.datatransport.runtime.scheduling.jobscheduling.JobInfoSchedulerService }: AutoStart Limit
01-25 16:12:23.388  1226  1226 W ActivityManager: Unable to launch app com.mxtech.videoplayer.ad/10214 for service Intent { cmp=com.mxtech.videoplayer.ad/com.google.android.datatransport.runtime.scheduling.jobscheduling.JobInfoSchedulerService }: AutoStart Limit
01-25 16:12:23.403  4921 30756 I SmartPanel_SmartPanelService: activityCheck pkgName: com.example.chatter, className: com.example.chatter.Splash isResume=false isInshow =true isDrawn = false
01-25 16:12:23.408   518   567 I libPowerHal: [perfNotifyAppState] foreground:com.example.chatter, pid:9397, uid:11179
01-25 16:12:23.409   518   567 I UxUtility: notifyForegroundApp pack:com.example.chatter, uid:11179
01-25 16:12:23.409   518   567 I powerd  : [powerd_req] POWER_MSG_NOTIFY_STATE, pc:1, com.transsion.XOSLauncher => com.example.chatter
01-25 16:12:23.413  8284  8287 I BufferQueueProducer: [minicap](this:0x7ca493d000,id:0,api:1,p:531,c:8284) queueBuffer: slot 1 is dropped, handle=0x7ca4958a00
01-25 16:12:23.422  1226  1244 I PowerMonitorHookServer: app:com.example.chatterstart top
01-25 16:12:23.426  2210  2258 I PowerMonitorNew: enter scenario: com.example.chatter,start coul:-1685
01-25 16:12:23.427  7961  9404 I ADB_SERVICES: post waitpid (pid=9403) status=0000
01-25 16:12:23.427  7961  7961 I ADB_SERVICES: for fd 37, revents = 2010
01-25 16:12:23.427  7961  7961 I ADB_SERVICES: for fd 37, revents = 2011
01-25 16:12:23.432  1226  1226 W ActivityManager: Unable to launch app com.google.android.apps.translate/10309 for service Intent { cmp=com.google.android.apps.translate/androidx.work.impl.background.systemjob.SystemJobService }: AutoStart Limit
01-25 16:12:23.433  1226  1226 W ActivityManager: Unable to launch app com.google.android.apps.translate/10309 for service Intent { cmp=com.google.android.apps.translate/androidx.work.impl.background.systemjob.SystemJobService }: AutoStart Limit
01-25 16:12:23.435  1226  1226 W ActivityManager: Unable to launch app com.google.android.apps.docs.editors.docs/10957 for service Intent { cmp=com.google.android.apps.docs.editors.docs/androidx.work.impl.background.systemjob.SystemJobService }: AutoStart Limit
01-25 16:12:23.435  4921  4921 I SmartPanel_SmartPanelService: exitGameMode
01-25 16:12:23.436  1226  1226 W ActivityManager: Unable to launch app com.google.android.apps.docs.editors.docs/10957 for service Intent { cmp=com.google.android.apps.docs.editors.docs/androidx.work.impl.background.systemjob.SystemJobService }: AutoStart Limit
01-25 16:12:23.437  1226  1226 W ActivityManager: Unable to launch app com.google.android.apps.classroom/10689 for service Intent { cmp=com.google.android.apps.classroom/androidx.work.impl.background.systemjob.SystemJobService }: AutoStart Limit
01-25 16:12:23.438  1226  1226 W ActivityManager: Unable to launch app com.google.android.apps.classroom/10689 for service Intent { cmp=com.google.android.apps.classroom/androidx.work.impl.background.systemjob.SystemJobService }: AutoStart Limit
01-25 16:12:23.439  7961  7961 I ADB_SERVICES: service_to_fd shell,v2,TERM=xterm-256color,raw:dumpsys input
01-25 16:12:23.439  9397  9397 W OSTraceMethod.os.typeface: com/transsion/typeface/TypefaceLice.updateSystemTypeface(7) spend 9ms from 01-25 10:12:23.429
01-25 16:12:23.439  9397  9397 W OSTraceMethod.ActivityThreadLice: com/transsion/app/ActivityThreadLice.onhandleConfigurationChanged(6) spend 15ms from 01-25 10:12:23.424
01-25 16:12:23.442  1226  1226 W ActivityManager: Unable to launch app com.google.android.apps.classroom/10689 for service Intent { cmp=com.google.android.apps.classroom/com.google.android.libraries.notifications.entrypoints.scheduled.ScheduledTaskService }: AutoStart Limit
01-25 16:12:23.443  1226  1226 W ActivityManager: Unable to launch app com.google.android.apps.classroom/10689 for service Intent { cmp=com.google.android.apps.classroom/com.google.android.libraries.notifications.entrypoints.scheduled.ScheduledTaskService }: AutoStart Limit
01-25 16:12:23.444  1226  1226 W ActivityManager: Unable to launch app com.google.android.apps.docs.editors.docs/10957 for service Intent { cmp=com.google.android.apps.docs.editors.docs/androidx.work.impl.background.systemjob.SystemJobService }: AutoStart Limit
01-25 16:12:23.446  1226  1226 W ActivityManager: Unable to launch app com.google.android.apps.docs.editors.sheets/10704 for service Intent { cmp=com.google.android.apps.docs.editors.sheets/androidx.work.impl.background.systemjob.SystemJobService }: AutoStart Limit
01-25 16:12:23.448  8284  8287 I BufferQueueProducer: [minicap](this:0x7ca493d000,id:0,api:1,p:531,c:8284) queueBuffer: slot 1 is dropped, handle=0x7ca4958a00
01-25 16:12:23.448  1226  1226 W ActivityManager: Unable to launch app com.google.android.apps.docs.editors.sheets/10704 for service Intent { cmp=com.google.android.apps.docs.editors.sheets/androidx.work.impl.background.systemjob.SystemJobService }: AutoStart Limit
01-25 16:12:23.450  1226  1226 W ActivityManager: Unable to launch app com.google.android.apps.docs.editors.sheets/10704 for service Intent { cmp=com.google.android.apps.docs.editors.sheets/androidx.work.impl.background.systemjob.SystemJobService }: AutoStart Limit
01-25 16:12:23.468   531   531 I SurfaceFlinger: screenshot (com.android.systemui.ImageWallpaper#0)
01-25 16:12:23.468   531   531 I SurfaceFlinger: screenshot (com.transsion.XOSLauncher/com.android.quickstep.src.com.android.launcher3.uioverrides.QuickstepLauncher#1)
01-25 16:12:23.468   531   531 I SurfaceFlinger: screenshot (Splash Screen com.example.chatter#0)
01-25 16:12:23.485  8284  8287 I BufferQueueProducer: [minicap](this:0x7ca493d000,id:0,api:1,p:531,c:8284) queueBuffer: slot 1 is dropped, handle=0x7ca4958a00
01-25 16:12:23.487  1226  1322 E TouchFilter: setTouchFilter LOG Enable prameter: 0
01-25 16:12:23.489  1226  1322 E TouchFilter: Event Hub Touch Filter log is disabled
01-25 16:12:23.489  1226  1322 E TouchFilter: Event Hub Touch Filter is enabled
01-25 16:12:23.494  3195  8558 W NetworkScheduler: Error inserting flex_time=3107000 job_id=-1 period=6216000 source=16 requires_charging=0 preferred_network_type=1 target_class=com.google.android.gms.measurement.PackageMeasurementTaskService user_id=0 target_package=com.google.android.gms tag=Measurement.PackageMeasurementTaskService.UPLOAD_TASK_TAG task_type=0 required_idleness_state=0 service_kind=0 source_version=245034000 persistence_level=1 preferred_charging_state=1 required_network_type=0 runtime=1737799943485 retry_strategy={"maximum_backoff_seconds":{"3600":0},"initial_backoff_seconds":{"30":0},"retry_policy":{"0":0}} last_runtime=0 [CONTEXT service_id=218 ]
01-25 16:12:23.494  3195  8558 W NetworkScheduler: android.database.sqlite.SQLiteConstraintException: UNIQUE constraint failed: pending_ops.tag, pending_ops.target_class, pending_ops.target_package, pending_ops.user_id (code 2067 SQLITE_CONSTRAINT_UNIQUE)
01-25 16:12:23.494  3195  8558 W NetworkScheduler: 	at android.database.sqlite.SQLiteConnection.nativeExecuteForLastInsertedRowId(Native Method)
01-25 16:12:23.494  3195  8558 W NetworkScheduler: 	at android.database.sqlite.SQLiteConnection.executeForLastInsertedRowId(SQLiteConnection.java:879)
01-25 16:12:23.494  3195  8558 W NetworkScheduler: 	at android.database.sqlite.SQLiteSession.executeForLastInsertedRowId(SQLiteSession.java:790)
01-25 16:12:23.494  3195  8558 W NetworkScheduler: 	at android.database.sqlite.SQLiteStatement.executeInsert(SQLiteStatement.java:88)
01-25 16:12:23.494  3195  8558 W NetworkScheduler: 	at android.database.sqlite.SQLiteDatabase.insertWithOnConflict(SQLiteDatabase.java:1599)
01-25 16:12:23.494  3195  8558 W NetworkScheduler: 	at android.database.sqlite.SQLiteDatabase.insertOrThrow(SQLiteDatabase.java:1494)
01-25 16:12:23.494  3195  8558 W NetworkScheduler: 	at cubq.d(:com.google.android.gms@245034013@24.50.34 (100400-713002902):729)
01-25 16:12:23.494  3195  8558 W NetworkScheduler: 	at ctzg.n(:com.google.android.gms@245034013@24.50.34 (100400-713002902):29)
01-25 16:12:23.494  3195  8558 W NetworkScheduler: 	at ctzg.u(:com.google.android.gms@245034013@24.50.34 (100400-713002902):360)
01-25 16:12:23.494  3195  8558 W NetworkScheduler: 	at ctzg.h(:com.google.android.gms@245034013@24.50.34 (100400-713002902):51)
01-25 16:12:23.494  3195  8558 W NetworkScheduler: 	at ctua.run(:com.google.android.gms@245034013@24.50.34 (100400-713002902):72)
01-25 16:12:23.494  3195  8558 W NetworkScheduler: 	at aqal.c(:com.google.android.gms@245034013@24.50.34 (100400-713002902):50)
01-25 16:12:23.494  3195  8558 W NetworkScheduler: 	at aqal.run(:com.google.android.gms@245034013@24.50.34 (100400-713002902):76)
01-25 16:12:23.494  3195  8558 W NetworkScheduler: 	at java.util.concurrent.ThreadPoolExecutor.runWorker(ThreadPoolExecutor.java:1167)
01-25 16:12:23.494  3195  8558 W NetworkScheduler: 	at java.util.concurrent.ThreadPoolExecutor$Worker.run(ThreadPoolExecutor.java:641)
01-25 16:12:23.494  3195  8558 W NetworkScheduler: 	at aqfw.run(:com.google.android.gms@245034013@24.50.34 (100400-713002902):8)
01-25 16:12:23.494  3195  8558 W NetworkScheduler: 	at java.lang.Thread.run(Thread.java:919)
01-25 16:12:23.495  7961  9428 I ADB_SERVICES: post waitpid (pid=9426) status=0000
01-25 16:12:23.496  7961  7961 I ADB_SERVICES: for fd 38, revents = 2010
01-25 16:12:23.496  7961  7961 I ADB_SERVICES: for fd 38, revents = 2011
01-25 16:12:23.498  8284  8287 I BufferQueueProducer: [minicap](this:0x7ca493d000,id:0,api:1,p:531,c:8284) queueBuffer: slot 0 is dropped, handle=0x7ca4958640
01-25 16:12:23.505  8790  9143 W fb4a.MultiSignalANRDetectorLacrima: Pausing error state checks
01-25 16:12:23.507  7961  7961 I ADB_SERVICES: service_to_fd shell,v2,TERM=xterm-256color,raw:getprop ro.sf.lcd_density
01-25 16:12:23.510   531   638 I BufferQueueProducer: [NavigationBar0#0](this:0x7b5146c800,id:4,api:1,p:1428,c:531) queueBuffer: fps=9.08 dur=4516.29 max=3821.81 min=4.18
01-25 16:12:23.531  8284  8287 I BufferQueueProducer: [minicap](this:0x7ca493d000,id:0,api:1,p:531,c:8284) queueBuffer: slot 0 is dropped, handle=0x7ca4958640
01-25 16:12:23.538  7961  9438 I ADB_SERVICES: post waitpid (pid=9437) status=0000
01-25 16:12:23.538  7961  7961 I ADB_SERVICES: for fd 38, revents = 2010
01-25 16:12:23.538  7961  7961 I ADB_SERVICES: for fd 38, revents = 2011
01-25 16:12:23.555  8624  8624 W Thread-31: type=1400 audit(0.0:1360108): avc: denied { search } for name="input" dev="tmpfs" ino=10668 scontext=u:r:untrusted_app:s0:c91,c259,c512,c768 tcontext=u:object_r:input_device:s0 tclass=dir permissive=0
01-25 16:12:23.571  1643  1643 I UnlockManager-: onWindowVisibilityChanged   visibility:8
01-25 16:12:23.574   531  1990 I BufferQueueProducer: [com.transsion.XOSLauncher/com.android.quickstep.src.com.android.launcher3.uioverrides.QuickstepLauncher#0](this:0x7b371f7800,id:178255,api:1,p:9759,c:531) disconnect(P): api 1
