01-25 16:12:20.771  8624  8817 W System.err: 	at com.android.server.pm.PackageManagerService.onTransact(PackageManagerService.java:4459)
01-25 16:12:20.772  8624  8817 W System.err: 	at android.os.Binder.execTransactInternal(Binder.java:1046)
01-25 16:12:20.772  1226  1226 W ActivityManager: Unable to launch app com.hdictionary.bn/10448 for service Intent { cmp=com.hdictionary.bn/androidx.work.impl.background.systemjob.SystemJobService }: AutoStart Limit
01-25 16:12:20.772  8624  8817 W System.err: java.lang.IllegalArgumentException: Component class com.xiaomi.push.service.receivers.SmpMIPushMessageHandler does not exist in com.lemon.lvoverseas
01-25 16:12:20.772  8624  8817 W System.err: 	at android.os.Parcel.createException(Parcel.java:2076)
01-25 16:12:20.772  8624  8817 W System.err: 	at android.os.Parcel.readException(Parcel.java:2040)
01-25 16:12:20.773  8624  8817 W System.err: 	at android.os.Parcel.readException(Parcel.java:1988)
01-25 16:12:20.773  1226  1253 I ActivityManager: Start proc 8831:com.lemon.lvoverseas:push/u0a859 for service {com.lemon.lvoverseas/com.bytedance.push.instr.ka.service.PushProcessService}
01-25 16:12:20.773  8624  8817 W System.err: 	at android.content.pm.IPackageManager$Stub$Proxy.setComponentEnabledSetting(IPackageManager.java:7649)
01-25 16:12:20.773  8624  8817 W System.err: 	at android.app.ApplicationPackageManager.setComponentEnabledSetting(ApplicationPackageManager.java:2592)
01-25 16:12:20.773  8624  8817 W System.err: 	at com.ss.android.message.util.ToolUtils.setComponentEnable(Unknown Source:50659375)
01-25 16:12:20.773  8624  8817 W System.err: 	at X.9pK.a(Unknown Source:17039369)
01-25 16:12:20.773  8624  8817 W System.err: 	at Y.ARunnableS2S0200000_6.run$19(Unknown Source:16908298)
01-25 16:12:20.773  8624  8817 W System.err: 	at Y.ARunnableS2S0200000_6.run(Unknown Source:30)
01-25 16:12:20.773  8624  8817 W System.err: 	at android.os.Handler.handleCallback(Handler.java:883)
01-25 16:12:20.773  8624  8817 W System.err: 	at android.os.Handler.dispatchMessage(Handler.java:100)
01-25 16:12:20.773  8624  8817 W System.err: 	at android.os.Looper.loop(Looper.java:264)
01-25 16:12:20.773  8624  8817 W System.err: 	at android.os.HandlerThread.run(HandlerThread.java:67)
01-25 16:12:20.774  8624  8817 W System.err: java.lang.IllegalArgumentException: Component class com.xiaomi.push.service.receivers.WidgetProviderMIPushMessageHandler does not exist in com.lemon.lvoverseas
01-25 16:12:20.774  1226  1226 W ActivityManager: Unable to launch app com.adobe.reader/10450 for service Intent { cmp=com.adobe.reader/.ARBlueheronBaseUriJobScheduler }: AutoStart Limit
01-25 16:12:20.774  8624  8817 W System.err: 	at android.os.Parcel.createException(Parcel.java:2076)
01-25 16:12:20.774  8624  8817 W System.err: 	at android.os.Parcel.readException(Parcel.java:2040)
01-25 16:12:20.774  8624  8817 W System.err: 	at android.os.Parcel.readException(Parcel.java:1988)
01-25 16:12:20.774  8624  8817 W System.err: 	at android.content.pm.IPackageManager$Stub$Proxy.setComponentEnabledSetting(IPackageManager.java:7649)
01-25 16:12:20.774  8624  8817 W System.err: 	at android.app.ApplicationPackageManager.setComponentEnabledSetting(ApplicationPackageManager.java:2592)
01-25 16:12:20.774  8624  8817 W System.err: 	at com.ss.android.message.util.ToolUtils.setComponentEnable(Unknown Source:50659375)
01-25 16:12:20.774  8624  8817 W System.err: 	at X.9pK.a(Unknown Source:17039374)
01-25 16:12:20.774  8624  8817 W System.err: 	at Y.ARunnableS2S0200000_6.run$19(Unknown Source:16908298)
01-25 16:12:20.774  8624  8817 W System.err: 	at Y.ARunnableS2S0200000_6.run(Unknown Source:30)
01-25 16:12:20.774  8624  8817 W System.err: 	at android.os.Handler.handleCallback(Handler.java:883)
01-25 16:12:20.774  8624  8817 W System.err: 	at android.os.Handler.dispatchMessage(Handler.java:100)
01-25 16:12:20.774  8624  8817 W System.err: 	at android.os.Looper.loop(Looper.java:264)
01-25 16:12:20.774  8624  8817 W System.err: 	at android.os.HandlerThread.run(HandlerThread.java:67)
01-25 16:12:20.775  8624  8817 W System.err: java.lang.IllegalArgumentException: Component class com.heytap.msp.push.service.DataMessageCallbackService does not exist in com.lemon.lvoverseas
01-25 16:12:20.775  8624  8817 W System.err: 	at android.os.Parcel.createException(Parcel.java:2076)
01-25 16:12:20.775  8624  8817 W System.err: 	at android.os.Parcel.readException(Parcel.java:2040)
01-25 16:12:20.775  8624  8817 W System.err: 	at android.os.Parcel.readException(Parcel.java:1988)
01-25 16:12:20.776  8624  8657 I art_sym : Init libart.so handle: 0x76f19ed800
01-25 16:12:20.776  8624  8657 I art_sym : RELEASE_HANDLE libart.so handle: 0x76f19ed800
01-25 16:12:20.776  8624  8657 W art_sym : GetClassLinkerIndex by class_linker_vtable index 120
01-25 16:12:20.776  8624  8657 W art_sym : art runtime: 0x77826ae600, class_linker index: 120, java_vm_ext index: 124
01-25 16:12:20.776  8624  8657 E art_sym : art ThreadListInstance index: 116
01-25 16:12:20.776  8624  8657 W art_sym : ThreadList Get ThreadSuspendTimeoutIndex 2094
01-25 16:12:20.776  8624  8657 W art_sym : ThreadList Set ThreadSuspendTimeout2: 10000000000 ns, 120000000000 ns 
01-25 16:12:20.776  8624  8817 W System.err: 	at android.content.pm.IPackageManager$Stub$Proxy.setComponentEnabledSetting(IPackageManager.java:7649)
01-25 16:12:20.776  8624  8817 W System.err: 	at android.app.ApplicationPackageManager.setComponentEnabledSetting(ApplicationPackageManager.java:2592)
01-25 16:12:20.776  8624  8817 W System.err: 	at com.ss.android.message.util.ToolUtils.setComponentEnable(Unknown Source:50659375)
01-25 16:12:20.776  8624  8817 W System.err: 	at X.9pK.a(Unknown Source:17039379)
01-25 16:12:20.776  8624  8817 W System.err: 	at Y.ARunnableS2S0200000_6.run$19(Unknown Source:16908298)
01-25 16:12:20.776  8624  8817 W System.err: 	at Y.ARunnableS2S0200000_6.run(Unknown Source:30)
01-25 16:12:20.776  8624  8817 W System.err: 	at android.os.Handler.handleCallback(Handler.java:883)
01-25 16:12:20.776  8624  8817 W System.err: 	at android.os.Handler.dispatchMessage(Handler.java:100)
01-25 16:12:20.776  8624  8817 W System.err: 	at android.os.Looper.loop(Looper.java:264)
01-25 16:12:20.777  8624  8817 W System.err: 	at android.os.HandlerThread.run(HandlerThread.java:67)
01-25 16:12:20.778  8624  8817 W System.err: java.lang.IllegalArgumentException: Component class com.heytap.msp.push.service.SmpDataMessageCallbackService does not exist in com.lemon.lvoverseas
01-25 16:12:20.778  8624  8817 W System.err: 	at android.os.Parcel.createException(Parcel.java:2076)
01-25 16:12:20.778  8624  8817 W System.err: 	at android.os.Parcel.readException(Parcel.java:2040)
01-25 16:12:20.778  8624  8817 W System.err: 	at android.os.Parcel.readException(Parcel.java:1988)
01-25 16:12:20.778  8624  8817 W System.err: 	at android.content.pm.IPackageManager$Stub$Proxy.setComponentEnabledSetting(IPackageManager.java:7649)
01-25 16:12:20.778  8624  8817 W System.err: 	at android.app.ApplicationPackageManager.setComponentEnabledSetting(ApplicationPackageManager.java:2592)
01-25 16:12:20.778  8624  8817 W System.err: 	at com.ss.android.message.util.ToolUtils.setComponentEnable(Unknown Source:50659375)
01-25 16:12:20.778  8624  8817 W System.err: 	at X.9pK.a(Unknown Source:17039384)
01-25 16:12:20.778  8624  8817 W System.err: 	at Y.ARunnableS2S0200000_6.run$19(Unknown Source:16908298)
01-25 16:12:20.778  8624  8817 W System.err: 	at Y.ARunnableS2S0200000_6.run(Unknown Source:30)
01-25 16:12:20.778  8624  8817 W System.err: 	at android.os.Handler.handleCallback(Handler.java:883)
01-25 16:12:20.778  8624  8817 W System.err: 	at android.os.Handler.dispatchMessage(Handler.java:100)
01-25 16:12:20.778  8624  8817 W System.err: 	at android.os.Looper.loop(Looper.java:264)
01-25 16:12:20.778  7961  7961 I ADB_SERVICES: service_to_fd shell,v2,TERM=xterm-256color,raw:dumpsys activity activities
01-25 16:12:20.778  8624  8817 W System.err: 	at android.os.HandlerThread.run(HandlerThread.java:67)
01-25 16:12:20.778  8624  8686 W System.err: java.lang.reflect.InvocationTargetException
01-25 16:12:20.779  8624  8686 W System.err: 	at java.lang.reflect.Method.invoke(Native Method)
01-25 16:12:20.779  8624  8686 W System.err: 	at X.8cA.a(Unknown Source:33816596)
01-25 16:12:20.779  8624  8686 W System.err: 	at X.9Th.a(Unknown Source:33751046)
01-25 16:12:20.779  8624  8686 W System.err: 	at X.9TJ.a(Unknown Source:33685509)
01-25 16:12:20.779  8624  8686 W System.err: 	at X.9Tk.a(Unknown Source:33882173)
01-25 16:12:20.779  8624  8686 W System.err: 	at X.9Tk.a(Unknown Source:33751049)
01-25 16:12:20.779  8624  8686 W System.err: 	at X.9Tx.b(Unknown Source:327720)
01-25 16:12:20.779  8624  8686 W System.err: 	at X.9Td.a(Unknown Source:262176)
01-25 16:12:20.779  8624  8686 W System.err: 	at X.9TG.a(Unknown Source:17104949)
01-25 16:12:20.779  8624  8686 W System.err: 	at X.9TG.b(Unknown Source:65538)
01-25 16:12:20.779  8624  8686 W System.err: 	at X.9TF.a(Unknown Source:134611181)
01-25 16:12:20.779  8624  8686 W System.err: 	at X.9TQ.a(Unknown Source:50659397)
01-25 16:12:20.779  8624  8686 W System.err: 	at X.4Lh.invokeSuspend$189(Unknown Source:33882144)
01-25 16:12:20.779  8624  8686 W System.err: 	at X.4Lh.invokeSuspend(Unknown Source:1698)
01-25 16:12:20.779  8624  8686 W System.err: 	at kotlin.coroutines.jvm.internal.BaseContinuationImpl.resumeWith(Unknown Source:17039371)
01-25 16:12:20.779  8624  8686 W System.err: 	at X.7zO.run(Unknown Source:393342)
01-25 16:12:20.779  8624  8686 W System.err: 	at kotlinx.coroutines.scheduling.CoroutineScheduler.a(Unknown Source:17301504)
01-25 16:12:20.779  8624  8686 W System.err: 	at kotlinx.coroutines.scheduling.CoroutineScheduler$Worker.a(Unknown Source:16973838)
01-25 16:12:20.779  8624  8686 W System.err: 	at kotlinx.coroutines.scheduling.CoroutineScheduler$Worker.e(Unknown Source:327708)
01-25 16:12:20.779  8624  8686 W System.err: 	at kotlinx.coroutines.scheduling.CoroutineScheduler$Worker.run(Unknown Source:0)
01-25 16:12:20.779  8624  8686 W System.err: Caused by: java.lang.NoSuchFieldException: No field mInstance in class Landroid/app/ActivityTaskManager$1; (declaration of 'android.app.ActivityTaskManager$1' appears in /system/framework/framework.jar)
01-25 16:12:20.779  8624  8686 W System.err: 	at java.lang.Class.getDeclaredField(Native Method)
01-25 16:12:20.779  8624  8686 W System.err: 	... 20 more
01-25 16:12:20.779  8624  8686 W System.err: java.lang.NullPointerException:  must not be null
01-25 16:12:20.779  8624  8686 W System.err: 	at X.9TJ.a(Unknown Source:33685513)
01-25 16:12:20.779  8624  8686 W System.err: 	at X.9Tk.a(Unknown Source:33882173)
01-25 16:12:20.779  8624  8686 W System.err: 	at X.9Tk.a(Unknown Source:33751049)
01-25 16:12:20.779  8624  8686 W System.err: 	at X.9Tx.b(Unknown Source:327720)
01-25 16:12:20.779  8624  8686 W System.err: 	at X.9Td.a(Unknown Source:262176)
01-25 16:12:20.779  8624  8686 W System.err: 	at X.9TG.a(Unknown Source:17104949)
01-25 16:12:20.779  8624  8686 W System.err: 	at X.9TG.b(Unknown Source:65538)
01-25 16:12:20.779  8624  8686 W System.err: 	at X.9TF.a(Unknown Source:134611181)
01-25 16:12:20.779  8624  8686 W System.err: 	at X.9TQ.a(Unknown Source:50659397)
01-25 16:12:20.779  8624  8686 W System.err: 	at X.4Lh.invokeSuspend$189(Unknown Source:33882144)
01-25 16:12:20.779  8624  8686 W System.err: 	at X.4Lh.invokeSuspend(Unknown Source:1698)
01-25 16:12:20.779  8624  8686 W System.err: 	at kotlin.coroutines.jvm.internal.BaseContinuationImpl.resumeWith(Unknown Source:17039371)
01-25 16:12:20.779  8624  8686 W System.err: 	at X.7zO.run(Unknown Source:393342)
01-25 16:12:20.779  8624  8686 W System.err: 	at kotlinx.coroutines.scheduling.CoroutineScheduler.a(Unknown Source:17301504)
01-25 16:12:20.779  8624  8686 W System.err: 	at kotlinx.coroutines.scheduling.CoroutineScheduler$Worker.a(Unknown Source:16973838)
01-25 16:12:20.779  8624  8686 W System.err: 	at kotlinx.coroutines.scheduling.CoroutineScheduler$Worker.e(Unknown Source:327708)
01-25 16:12:20.779  8624  8686 W System.err: 	at kotlinx.coroutines.scheduling.CoroutineScheduler$Worker.run(Unknown Source:0)
01-25 16:12:20.779  8624  8817 W System.err: java.lang.IllegalArgumentException: Component class com.heytap.msp.push.service.CompatibleDataMessageCallbackService does not exist in com.lemon.lvoverseas
01-25 16:12:20.779  8624  8817 W System.err: 	at android.os.Parcel.createException(Parcel.java:2076)
01-25 16:12:20.779  8624  8817 W System.err: 	at android.os.Parcel.readException(Parcel.java:2040)
01-25 16:12:20.779  8624  8817 W System.err: 	at android.os.Parcel.readException(Parcel.java:1988)
01-25 16:12:20.779  8624  8817 W System.err: 	at android.content.pm.IPackageManager$Stub$Proxy.setComponentEnabledSetting(IPackageManager.java:7649)
01-25 16:12:20.779  8624  8817 W System.err: 	at android.app.ApplicationPackageManager.setComponentEnabledSetting(ApplicationPackageManager.java:2592)
01-25 16:12:20.779  8624  8817 W System.err: 	at com.ss.android.message.util.ToolUtils.setComponentEnable(Unknown Source:50659375)
01-25 16:12:20.779  8624  8817 W System.err: 	at X.9pK.a(Unknown Source:17039389)
01-25 16:12:20.779  8624  8817 W System.err: 	at Y.ARunnableS2S0200000_6.run$19(Unknown Source:16908298)
01-25 16:12:20.779  8624  8817 W System.err: 	at Y.ARunnableS2S0200000_6.run(Unknown Source:30)
01-25 16:12:20.779  8624  8817 W System.err: 	at android.os.Handler.handleCallback(Handler.java:883)
01-25 16:12:20.779  8624  8817 W System.err: 	at android.os.Handler.dispatchMessage(Handler.java:100)
01-25 16:12:20.779  8624  8817 W System.err: 	at android.os.Looper.loop(Looper.java:264)
01-25 16:12:20.779  8624  8817 W System.err: 	at android.os.HandlerThread.run(HandlerThread.java:67)
01-25 16:12:20.780  1226  1226 W ActivityManager: Unable to launch app com.adobe.reader/10450 for service Intent { cmp=com.adobe.reader/.share.ARShareLimitsJobScheduler }: AutoStart Limit
01-25 16:12:20.783  8624  8817 W System.err: java.lang.IllegalArgumentException: Component class com.heytap.msp.push.service.SmpCompatibleDataMessageCallbackService does not exist in com.lemon.lvoverseas
01-25 16:12:20.783  8624  8817 W System.err: 	at android.os.Parcel.createException(Parcel.java:2076)
01-25 16:12:20.783  8624  8817 W System.err: 	at android.os.Parcel.readException(Parcel.java:2040)
01-25 16:12:20.783  8624  8817 W System.err: 	at android.os.Parcel.readException(Parcel.java:1988)
01-25 16:12:20.783  8624  8817 W System.err: 	at android.content.pm.IPackageManager$Stub$Proxy.setComponentEnabledSetting(IPackageManager.java:7649)
01-25 16:12:20.783  8624  8817 W System.err: 	at android.app.ApplicationPackageManager.setComponentEnabledSetting(ApplicationPackageManager.java:2592)
01-25 16:12:20.783  8624  8817 W System.err: 	at com.ss.android.message.util.ToolUtils.setComponentEnable(Unknown Source:50659375)
01-25 16:12:20.783  8624  8817 W System.err: 	at X.9pK.a(Unknown Source:17039394)
01-25 16:12:20.783  8624  8817 W System.err: 	at Y.ARunnableS2S0200000_6.run$19(Unknown Source:16908298)
01-25 16:12:20.783  8624  8817 W System.err: 	at Y.ARunnableS2S0200000_6.run(Unknown Source:30)
01-25 16:12:20.783  8624  8817 W System.err: 	at android.os.Handler.handleCallback(Handler.java:883)
01-25 16:12:20.783  8624  8817 W System.err: 	at android.os.Handler.dispatchMessage(Handler.java:100)
01-25 16:12:20.783  8624  8817 W System.err: 	at android.os.Looper.loop(Looper.java:264)
01-25 16:12:20.783  8624  8817 W System.err: 	at android.os.HandlerThread.run(HandlerThread.java:67)
01-25 16:12:20.783  8790  8790 W OSTraceMethod.os.typeface: com/transsion/typeface/TypefaceLice.updateSystemTypeface(7) spend 14ms from 01-25 10:12:20.769
01-25 16:12:20.783  8624  8656 W VESDKJNI: JNI_OnLoad start:1737799940783
01-25 16:12:20.783  8624  8656 W VESDKJNI: ===== VEBase_JNI_OnLoad start =====, gJvm: 0x778269f1c0 0x765bd91cb8.
01-25 16:12:20.783  8790  8790 W OSTraceMethod.ActivityThreadLice: com/transsion/app/ActivityThreadLice.onhandleConfigurationChanged(6) spend 14ms from 01-25 10:12:20.769
01-25 16:12:20.784  8624  8656 W VESDKJNI: ===== VEBase_JNI_OnLoad end =====, gJvm: 0x778269f1c0.
01-25 16:12:20.784  8624  8695 E jato    : large object remove init 1, 0
01-25 16:12:20.786  8624  8817 W System  : ClassLoader referenced unknown path: /system/framework/mediatek-cta.jar
01-25 16:12:20.788  1226  1226 W ActivityManager: Unable to launch app com.mobilefootie.wc2010/10494 for service Intent { cmp=com.mobilefootie.wc2010/androidx.work.impl.background.systemjob.SystemJobService }: AutoStart Limit
01-25 16:12:20.789  8624  8656 W VESDKJNI: JNI_OnLoad end:1737799940789
01-25 16:12:20.790  8624  8839 W shadowhook_tag: shadowhook version 1.0.8: shadowhook init(mode: SHARED, debuggable: false), return: 0, real-init: yes
01-25 16:12:20.791  1226  1226 W ActivityManager: Unable to launch app com.supercell.clashofclans/10084 for service Intent { cmp=com.supercell.clashofclans/com.google.android.datatransport.runtime.scheduling.jobscheduling.JobInfoSchedulerService }: AutoStart Limit
01-25 16:12:20.791  8624  8817 W CtaManagerFactory: CtaManagerFactoryImpl not found
01-25 16:12:20.791  8831  8831 E lvoverseas:pus: Not starting debugger since process cannot load the jdwp agent.
01-25 16:12:20.794  1226  1226 W ActivityManager: Unable to launch app com.mobilefootie.wc2010/10494 for service Intent { cmp=com.mobilefootie.wc2010/androidx.work.impl.background.systemjob.SystemJobService }: AutoStart Limit
01-25 16:12:20.796  1226  1226 W ActivityManager: Unable to launch app com.mobilefootie.wc2010/10494 for service Intent { cmp=com.mobilefootie.wc2010/com.google.android.datatransport.runtime.scheduling.jobscheduling.JobInfoSchedulerService }: AutoStart Limit
01-25 16:12:20.797  8790  8790 I facebook.katan: The ClassLoaderContext is a special shared library.
01-25 16:12:20.799  1226  1226 W ActivityManager: Unable to launch app com.mobilefootie.wc2010/10494 for service Intent { cmp=com.mobilefootie.wc2010/com.google.android.datatransport.runtime.scheduling.jobscheduling.JobInfoSchedulerService }: AutoStart Limit
01-25 16:12:20.802  1226  1226 W ActivityManager: Unable to launch app com.mxtech.videoplayer.ad/10214 for service Intent { cmp=com.mxtech.videoplayer.ad/com.google.android.datatransport.runtime.scheduling.jobscheduling.JobInfoSchedulerService }: AutoStart Limit
01-25 16:12:20.805  8624  8624 E QueryFilterEngine: Local common params config is invalid: {}
01-25 16:12:20.806   528   528 I lowmemorykiller: 8 memory pressure events were skipped after a kill!
01-25 16:12:20.811  1226  1226 W ActivityManager: Unable to launch app com.google.android.apps.translate/10309 for service Intent { cmp=com.google.android.apps.translate/androidx.work.impl.background.systemjob.SystemJobService }: AutoStart Limit
01-25 16:12:20.811  8624  8695 E jato    : largeObjectSpace_GetBytesAllocated_Func is null !!!
01-25 16:12:20.814  8624  8695 W jato    : setJitCompilerOptions success2
01-25 16:12:20.814  1226  1226 W ActivityManager: Unable to launch app com.google.android.apps.translate/10309 for service Intent { cmp=com.google.android.apps.translate/androidx.work.impl.background.systemjob.SystemJobService }: AutoStart Limit
01-25 16:12:20.816  1226  1226 W ActivityManager: Unable to launch app com.google.android.apps.docs.editors.docs/10957 for service Intent { cmp=com.google.android.apps.docs.editors.docs/androidx.work.impl.background.systemjob.SystemJobService }: AutoStart Limit
01-25 16:12:20.817  7961  8847 I ADB_SERVICES: post waitpid (pid=8843) status=0000
01-25 16:12:20.817  7961  7961 I ADB_SERVICES: for fd 37, revents = 2011
01-25 16:12:20.817  1226  1226 W ActivityManager: Unable to launch app com.google.android.apps.docs.editors.docs/10957 for service Intent { cmp=com.google.android.apps.docs.editors.docs/androidx.work.impl.background.systemjob.SystemJobService }: AutoStart Limit
01-25 16:12:20.819  1226  1226 W ActivityManager: Unable to launch app com.google.android.apps.classroom/10689 for service Intent { cmp=com.google.android.apps.classroom/androidx.work.impl.background.systemjob.SystemJobService }: AutoStart Limit
01-25 16:12:20.817  7961  7961 I ADB_SERVICES: for fd 37, revents = 2011
01-25 16:12:20.820  8624  8695 W shadowhook_tag: shadowhook version 1.0.8: shadowhook init(mode: SHARED, debuggable: false), return: 0, real-init: no
01-25 16:12:20.821  1226  1226 W ActivityManager: Unable to launch app com.google.android.apps.classroom/10689 for service Intent { cmp=com.google.android.apps.classroom/androidx.work.impl.background.systemjob.SystemJobService }: AutoStart Limit
01-25 16:12:20.821  8624  8869 W System.err: com.bytedance.common.utility.reflect.ReflectException: java.lang.reflect.InvocationTargetException
01-25 16:12:20.821  8624  8869 W System.err: 	at com.bytedance.common.utility.reflect.Reflect.on(Unknown Source:50659359)
01-25 16:12:20.822  8624  8869 W System.err: 	at com.bytedance.common.utility.reflect.Reflect.call(Unknown Source:50528262)
01-25 16:12:20.822  8624  8869 W System.err: 	at com.bytedance.frameworks.baselib.network.http.cronet.impl.SsCronetHttpClient.setAlogFuncAddr(Unknown Source:17039386)
01-25 16:12:20.822  8624  8869 W System.err: 	at com.bytedance.ttnet.TTALog.lambda$ensureALogInitialized$0(Unknown Source:17039384)
01-25 16:12:20.822  8624  8869 W System.err: 	at com.bytedance.ttnet.-$$Lambda$TTALog$1.onNativeFuncReady(Unknown Source:0)
01-25 16:12:20.822  8624  8869 W System.err: 	at com.ss.android.agilelogger.ALog$4.run(Unknown Source:262182)
01-25 16:12:20.822  8624  8869 W System.err: 	at java.lang.Thread.run(Thread.java:919)
01-25 16:12:20.822  8624  8869 W System.err: Caused by: java.lang.reflect.InvocationTargetException
01-25 16:12:20.822  8624  8869 W System.err: 	at java.lang.reflect.Method.invoke(Native Method)
01-25 16:12:20.822  8624  8869 W System.err: 	at com.bytedance.common.utility.reflect.Reflect.com_bytedance_common_utility_reflect_Reflect_java_lang_reflect_Method_invoke(Unknown Source:48)
01-25 16:12:20.822  1226  1226 W ActivityManager: Unable to launch app com.google.android.apps.classroom/10689 for service Intent { cmp=com.google.android.apps.classroom/com.google.android.libraries.notifications.entrypoints.scheduled.ScheduledTaskService }: AutoStart Limit
01-25 16:12:20.823  8624  8869 W System.err: 	at com.bytedance.common.utility.reflect.Reflect.on(Unknown Source:50659339)
01-25 16:12:20.823  8624  8869 W System.err: 	... 6 more
01-25 16:12:20.823  8624  8869 W System.err: Caused by: java.lang.UnsupportedOperationException: CronetEngine has not been initialized.
01-25 16:12:20.823  8624  8869 W System.err: 	at org.chromium.CronetClient.setAlogFuncAddr(Unknown Source:16973840)
01-25 16:12:20.823  8624  8869 W System.err: 	... 9 more
01-25 16:12:20.824  7961  7961 I ADB_SERVICES: service_to_fd shell,v2,TERM=xterm-256color,raw:dumpsys activity activities
01-25 16:12:20.824  1226  1226 W ActivityManager: Unable to launch app com.google.android.apps.classroom/10689 for service Intent { cmp=com.google.android.apps.classroom/com.google.android.libraries.notifications.entrypoints.scheduled.ScheduledTaskService }: AutoStart Limit
01-25 16:12:20.825  1226  1226 W ActivityManager: Unable to launch app com.google.android.apps.docs.editors.docs/10957 for service Intent { cmp=com.google.android.apps.docs.editors.docs/androidx.work.impl.background.systemjob.SystemJobService }: AutoStart Limit
01-25 16:12:20.826  1226  1226 W ActivityManager: Unable to launch app com.google.android.apps.docs.editors.sheets/10704 for service Intent { cmp=com.google.android.apps.docs.editors.sheets/androidx.work.impl.background.systemjob.SystemJobService }: AutoStart Limit
01-25 16:12:20.828  1226  1226 W ActivityManager: Unable to launch app com.google.android.apps.docs.editors.sheets/10704 for service Intent { cmp=com.google.android.apps.docs.editors.sheets/androidx.work.impl.background.systemjob.SystemJobService }: AutoStart Limit
01-25 16:12:20.829  1226  1226 W ActivityManager: Unable to launch app com.google.android.apps.docs.editors.sheets/10704 for service Intent { cmp=com.google.android.apps.docs.editors.sheets/androidx.work.impl.background.systemjob.SystemJobService }: AutoStart Limit
01-25 16:12:20.835  8831  8831 W OSTraceMethod.os.typeface: com/transsion/typeface/TypefaceLice.updateSystemTypeface(7) spend 14ms from 01-25 10:12:20.814
01-25 16:12:20.835  8831  8831 W OSTraceMethod.ActivityThreadLice: com/transsion/app/ActivityThreadLice.onhandleConfigurationChanged(6) spend 21ms from 01-25 10:12:20.814
01-25 16:12:20.841  1226  1226 W ActivityManager: Unable to launch app com.twgbd.dims/10447 for service Intent { cmp=com.twgbd.dims/androidx.work.impl.background.systemjob.SystemJobService }: AutoStart Limit
01-25 16:12:20.842  1226  1226 W ActivityManager: Unable to launch app com.reincubate.camo/11164 for service Intent { cmp=com.reincubate.camo/com.google.android.datatransport.runtime.scheduling.jobscheduling.JobInfoSchedulerService }: AutoStart Limit
01-25 16:12:20.844  1226  1226 W ActivityManager: Unable to launch app com.footy.hd.live17/10612 for service Intent { cmp=com.footy.hd.live17/com.startapp.sdk.adsbase.PeriodicJobService }: AutoStart Limit
01-25 16:12:20.847  1226  1226 W ActivityManager: Unable to launch app com.footy.hd.live17/10612 for service Intent { cmp=com.footy.hd.live17/com.startapp.sdk.adsbase.PeriodicJobService }: AutoStart Limit
01-25 16:12:20.849  8831  8831 I lvoverseas:pus: The ClassLoaderContext is a special shared library.
01-25 16:12:20.850  7961  7961 I ADB_SERVICES: service_to_fd shell,v2,TERM=xterm-256color,raw:ps
01-25 16:12:20.852  8831  8831 I lvoverseas:pus: The ClassLoaderContext is a special shared library.
01-25 16:12:20.852  1226  1226 W ActivityManager: Unable to launch app com.jockerhsd.operaastmfore/11167 for service Intent { cmp=com.jockerhsd.operaastmfore/com.startapp.sdk.jobs.SchedulerService }: AutoStart Limit
01-25 16:12:20.853  1226  1226 W ActivityManager: Unable to launch app com.jockerhsd.operaastmfore/11167 for service Intent { cmp=com.jockerhsd.operaastmfore/com.startapp.sdk.jobs.SchedulerService }: AutoStart Limit
01-25 16:12:20.853  8831  8831 I lvoverseas:pus: The ClassLoaderContext is a special shared library.
01-25 16:12:20.853  8624  8746 W emon.lvoversea: ClassLoaderContext type mismatch. expected=PCL, found=DLC (PCL[] | DLC[];PCL[/data/app/com.lemon.lvoverseas-mBIt91YtuweP36fEVLTXbA==/base.apk*711760576:/data/app/com.lemon.lvoverseas-mBIt91YtuweP36fEVLTXbA==/base.apk!classes2.dex*640120806:/data/app/com.lemon.lvoverseas-mBIt91YtuweP36fEVLTXbA==/base.apk!classes3.dex*4003661658:/data/app/com.lemon.lvoverseas-mBIt91YtuweP36fEVLTXbA==/base.apk!classes4.dex*2092969140:/data/app/com.lemon.lvoverseas-mBIt91YtuweP36fEVLTXbA==/base.apk!classes5.dex*429208037:/data/app/com.lemon.lvoverseas-mBIt91YtuweP36fEVLTXbA==/base.apk!classes6.dex*3432421965:/data/app/com.lemon.lvoverseas-mBIt91YtuweP36fEVLTXbA==/base.apk!classes7.dex*2294702972:/data/app/com.lemon.lvoverseas-mBIt91YtuweP36fEVLTXbA==/base.apk!classes8.dex*3638842017:/data/app/com.lemon.lvoverseas-mBIt91YtuweP36fEVLTXbA==/base.apk!classes9.dex*409149379:/data/app/com.lemon.lvoverseas-mBIt91YtuweP36fEVLTXbA==/base.apk!classes10.dex*3548784053:/data/app/com.lemon.lvoverseas-mBIt91YtuweP36fEVLTXbA==/base.apk!classes
01-25 16:12:20.860  7961  8875 I ADB_SERVICES: post waitpid (pid=8874) status=0000
01-25 16:12:20.860  7961  7961 I ADB_SERVICES: for fd 37, revents = 2010
01-25 16:12:20.861  7961  7961 I ADB_SERVICES: for fd 37, revents = 2011
01-25 16:12:20.867  7961  7961 I ADB_SERVICES: service_to_fd shell,v2,TERM=xterm-256color,raw:dumpsys activity activities
01-25 16:12:20.879  8790  8790 W facebook.katan: JIT profile information will not be recorded: profile file does not exits.
01-25 16:12:20.880  8790  8790 I chatty  : uid=10608(com.facebook.katana) identical 9 lines
01-25 16:12:20.880  8790  8790 W facebook.katan: JIT profile information will not be recorded: profile file does not exits.
01-25 16:12:20.881  8790  8790 W facebook.katan: JIT profile information will not be recorded: profile file does not exits.
01-25 16:12:20.881  8790  8790 I chatty  : uid=10608(com.facebook.katana) identical 6 lines
01-25 16:12:20.882  8790  8790 W facebook.katan: JIT profile information will not be recorded: profile file does not exits.
01-25 16:12:20.908  7961  8886 I ADB_SERVICES: post waitpid (pid=8885) status=0000
01-25 16:12:20.908  7961  7961 I ADB_SERVICES: for fd 40, revents = 2010
01-25 16:12:20.908  7961  7961 I ADB_SERVICES: for fd 40, revents = 2011
01-25 16:12:20.914   528   528 I lowmemorykiller: 8 memory pressure events were skipped after a kill!
01-25 16:12:20.915  7961  7961 I ADB_SERVICES: service_to_fd shell,v2,TERM=xterm-256color,raw:dumpsys activity services
01-25 16:12:20.917  8790  8790 W AppComponentFactory: Instantiating Application
01-25 16:12:20.920  8790  8790 W InitStatus: Providers blocked (1420730)
01-25 16:12:20.920  8790  8790 W InitStatus: Services blocked (201708651)
01-25 16:12:20.920  8790  8790 W InitStatus: BroadcastReceivers blocked (183909320)
01-25 16:12:20.930  8790  8790 W CrashLoopRemedyLog: unable to delete remedy log, instaCrash: false
01-25 16:12:20.932  8790  8790 W CrashLoopRemedyLog: unable to delete remedy log, instaCrash: true
01-25 16:12:20.935  8624  8746 W emon.lvoversea: Found duplicate classes, falling back to extracting from APK : /data/user_de/0/com.google.android.gms/app_chimera/m/00000874/MeasurementDynamite.uncompressed.apk
01-25 16:12:20.935  8624  8746 W emon.lvoversea: NOTE: This wastes RAM and hurts startup performance.
01-25 16:12:20.935  8624  8746 W emon.lvoversea: Found duplicated class when checking oat files: 'Landroid/support/v4/graphics/drawable/IconCompatParcelizer;' in /data/app/com.lemon.lvoverseas-mBIt91YtuweP36fEVLTXbA==/base.apk and /data/user_de/0/com.google.android.gms/app_chimera/m/00000874/MeasurementDynamite.uncompressed.apk
01-25 16:12:20.935  8624  8746 W emon.lvoversea: 
01-25 16:12:20.936  8790  8790 I LoadedApk: No resource references to update in package com.transsion.theme.icon
01-25 16:12:20.938  8790  8914 W InitStatus: Blocking Provider (1420730)
01-25 16:12:20.940  8790  8913 W AppInitScheduler|Schedule: Schedule 264:ReliabilityInitConfigureErrorReportingOnProcess, deps=null (0 pending tasks)
01-25 16:12:20.941  8790  8913 W AppInitScheduler|Schedule:   Executing 264:ReliabilityInitConfigureErrorReportingOnProcess
01-25 16:12:20.941  8790  8913 W AppInitScheduler|Schedule: Schedule 184:InitSharedLibraries, deps=null (1 pending tasks)
01-25 16:12:20.941  8790  8913 W AppInitScheduler|Schedule:   Executing 184:InitSharedLibraries
01-25 16:12:20.942  8790  8913 W AppInitScheduler|Schedule: Schedule 200:LoadLibDexLoad, deps=[184, 264] (2 pending tasks)
01-25 16:12:20.942  8790  8913 W AppInitScheduler|Schedule: Schedule 280:SetupFbGlog, deps=[200] (3 pending tasks)
01-25 16:12:20.942  8790  8913 W AppInitScheduler|Schedule: Schedule 107:DisableRuntimeVerification, deps=[280] (4 pending tasks)
01-25 16:12:20.942  8790  8913 W AppInitScheduler|Schedule: Schedule 142:GeneratePerfStats, deps=[184] (5 pending tasks)
01-25 16:12:20.942  8790  8913 W AppInitScheduler|Schedule: Schedule 198:LoadDexes, deps=[107] (6 pending tasks)
01-25 16:12:20.942  8790  8913 W AppInitScheduler|Schedule: Schedule 194:IsolatedLongtailAppInit, deps=[198] (7 pending tasks)
01-25 16:12:20.942  8790  8913 W AppInitScheduler|Schedule: Schedule 201:LoadVoltronModules, deps=[194] (8 pending tasks)
01-25 16:12:20.942  8790  8913 W AppInitScheduler|Schedule: Schedule 206:MaybeTraceColdStart, deps=[107] (9 pending tasks)
01-25 16:12:20.942  8790  8913 W AppInitScheduler|Schedule: Schedule 101:CreateApplicationImpl, deps=[142, 201, 206] (10 pending tasks)
01-25 16:12:20.942  8790  8913 W AppInitScheduler|Schedule: Schedule 191:InitUltralight, deps=[201] (11 pending tasks)
01-25 16:12:20.942  8790  8913 W AppInitScheduler|Schedule: Schedule 269:RunOnApplicationInit, deps=[201] (12 pending tasks)
01-25 16:12:20.942  8790  8913 W AppInitScheduler|Schedule: Schedule 0:AddMainDexStoreInfoToReliabilityLogging, deps=[198] (13 pending tasks)
01-25 16:12:20.942  8790  8913 W AppInitScheduler|Schedule: Schedule 199:LoadLibColdStart, deps=[107] (14 pending tasks)
01-25 16:12:20.942  8790  8913 W AppInitScheduler|Schedule: Schedule 5:ApacheEagerInit, deps=[199] (15 pending tasks)
01-25 16:12:20.942  8790  8913 W AppInitScheduler|Schedule: Schedule 99:ConfigureJitAfterDexesLoad, deps=[198] (16 pending tasks)
01-25 16:12:20.942  8790  8913 W AppInitScheduler|Schedule: Schedule 156:InitClassFailureStapler, deps=[184] (17 pending tasks)
01-25 16:12:20.942  8790  8913 W AppInitScheduler|Schedule: Schedule 157:InitClassTracing, deps=[280] (18 pending tasks)
01-25 16:12:20.942  8790  8913 W AppInitScheduler|Schedule: Schedule 158:InitCrashLoopMitigation, deps=[200] (19 pending tasks)
01-25 16:12:20.942  8790  8913 W AppInitScheduler|Schedule: Schedule 160:InitDeadResourceDetection, deps=[200] (20 pending tasks)
01-25 16:12:20.942  8790  8913 W AppInitScheduler|Schedule: Schedule 168:InitJit, deps=[199] (21 pending tasks)
01-25 16:12:20.942  8790  8913 W AppInitScheduler|Schedule: Schedule 169:InitLacrimaEarlyNative, deps=[107] (22 pending tasks)
01-25 16:12:20.942  8790  8913 W AppInitScheduler|Schedule: Schedule 174:InitMemoryTracer, deps=[157] (23 pending tasks)
01-25 16:12:20.942  8790  8913 W AppInitScheduler|Schedule: Schedule 176:InitMultiProcessTracker, deps=null (24 pending tasks)
01-25 16:12:20.942  8790  8913 W AppInitScheduler|Schedule:   Executing 176:InitMultiProcessTracker
01-25 16:12:20.942  8790  8913 W AppInitScheduler|Schedule: Schedule 177:InitOxygenCrashReporter, deps=[184] (25 pending tasks)
01-25 16:12:20.942  8790  8913 W AppInitScheduler|Schedule: Schedule 229:MprotectCode, deps=[198] (26 pending tasks)
01-25 16:12:20.942  8790  8913 W AppInitScheduler|Schedule: Schedule 248:PreloadStartupLightSharedPreferenceUsages, deps=null (27 pending tasks)
01-25 16:12:20.942  8790  8913 W AppInitScheduler|Schedule:   Executing 248:PreloadStartupLightSharedPreferenceUsages
01-25 16:12:20.942  8790  8913 W OnProcessInitInvoker: Ignored missing AppInit dependency: 132:FixArtDebugging
01-25 16:12:20.943  8790  8917 W AppInitScheduler|Run: Running ReliabilityInitConfigureErrorReportingOnProcess [*]
01-25 16:12:20.943  8790  8920 W AppInitScheduler|Run: Running PreloadStartupLightSharedPreferenceUsages
01-25 16:12:20.943  8790  8920 W AppInitScheduler|Run:   Finished PreloadStartupLightSharedPreferenceUsages in 1ms
01-25 16:12:20.944  8790  8918 W AppInitScheduler|Run: Running InitSharedLibraries [*]
01-25 16:12:20.944  8790  8917 W lacrima : FbErrorReportingConfig.earlyInit
01-25 16:12:20.944  8624  8867 I WebViewFactory: Loading com.google.android.webview version 131.0.6778.262 (code 677826233)
01-25 16:12:20.945  8790  8919 W AppInitScheduler|Run: Running InitMultiProcessTracker
01-25 16:12:20.947  8790  8915 W AppInitScheduler|Run: DeadlockMonitor active...
01-25 16:12:20.948  8790  8918 W SoLoader: Initializing SoLoader: 2
01-25 16:12:20.948  8790  8919 W AppInitScheduler|Run:   Finished InitMultiProcessTracker in 4ms
01-25 16:12:20.950  8790  8918 W SoLoader: Recording new base apk path: /data/app/com.facebook.katana-RsWT9sdCpKBFqvU7Op6I9g==/base.apk
01-25 16:12:20.950  8790  8918 W SoLoader: Previously recorded 0 base apk paths.
01-25 16:12:20.954  8790  8918 W BackupSoSource: adding backup source from split: ExtractFromZipSoSource[/data/app/com.facebook.katana-RsWT9sdCpKBFqvU7Op6I9g==/split_heliumiab.apk]
01-25 16:12:20.962  8790  8921 W FileBasedMultiProcessTracker: <default>: Initializing FileBasedMultiProcessTracking using /data/user/0/com.facebook.katana/app_multiprocess_tracking
01-25 16:12:20.962  8790  8921 W FileBasedMultiProcessTracker: <default>: Creating file to track 8790
01-25 16:12:20.967  8790  8790 W BackgroundStartupDetector: coldStartMode=DEFINITELY_BACKGROUND
01-25 16:12:20.967  8790  8790 W BackgroundStartupDetector: bgMode=BACKGROUND
01-25 16:12:20.967  8790  8790 E SlowAppComponent: 0ms: FacebookApplication instantiating
01-25 16:12:20.967  8790  8790 E SlowAppComponent: 22ms: FirebaseInitCustomProvider instantiating
01-25 16:12:20.967  8790  8790 E SlowAppComponent: 22ms: SecureMessagingKeyContentProvider instantiating
01-25 16:12:20.967  8790  8790 E SlowAppComponent: 23ms: FirstPartyUserValuesLiteProvider instantiating
01-25 16:12:20.967  8790  8790 E SlowAppComponent: 24ms: FbContactsContentProvider instantiating
01-25 16:12:20.968  8790  8790 E SlowAppComponent: 25ms: FileProvider instantiating
01-25 16:12:20.968  8790  8790 E SlowAppComponent: 25ms: FirstPartyUserValuesProvider instantiating
01-25 16:12:20.968  8790  8790 E SlowAppComponent: 25ms: MessagesDbContentProvider instantiating
01-25 16:12:20.968  8790  8790 E SlowAppComponent: 25ms: InstallReferrerProvider instantiating
01-25 16:12:20.968  8790  8790 E SlowAppComponent: 25ms: AppManagerSsoProvider instantiating
01-25 16:12:20.968  8790  8790 E SlowAppComponent: 25ms: ThreadsDbPropertiesContentProvider instantiating
01-25 16:12:20.968  8790  8790 E SlowAppComponent: 25ms: ClientMessagePushDedupInfoProvider instantiating
01-25 16:12:20.968  8790  8790 E SlowAppComponent: 25ms: PlatformProviderBase instantiating
01-25 16:12:20.968  8790  8790 E SlowAppComponent: 25ms: ContactsConnectionsProvider instantiating
01-25 16:12:20.968  8790  8790 E SlowAppComponent: 25ms: FeO2InAppContentProvider instantiating
01-25 16:12:20.968  8790  8790 E SlowAppComponent: 25ms: UserValuesProvider instantiating
01-25 16:12:20.968  8790  8790 E SlowAppComponent: 25ms: SecureFileProvider instantiating
01-25 16:12:20.968  8790  8790 E SlowAppComponent: 28ms: FoaBackupTokenProvider instantiating
01-25 16:12:20.968  8790  8790 E SlowAppComponent: 29ms: InitializationProvider instantiating
01-25 16:12:20.968  8790  8790 E SlowAppComponent: 31ms: PhotosProvider instantiating
01-25 16:12:20.968  8790  8790 E SlowAppComponent: 32ms: AttributionIdProvider instantiating
01-25 16:12:20.968  8790  8790 E SlowAppComponent: 32ms: QuickExperimentContentProvider instantiating
01-25 16:12:20.968  8790  8790 E SlowAppComponent: 32ms: TamAttachmentProvider instantiating
01-25 16:12:20.968  8790  8790 E SlowAppComponent: 32ms: CacheProvider instantiating
01-25 16:12:20.968  8790  8790 E SlowAppComponent: Main thread was blocked for 53ms in the background starting with FacebookApplication
01-25 16:12:20.969  8790  8835 W InitStatus: Blocking Provider (1420730)
01-25 16:12:20.971  8790  8918 W SoLoader: SoLoader initialized: 2
01-25 16:12:20.979  8790  8927 W FileBasedMultiProcessTracker: <default>: Observed removed PID: 4210
01-25 16:12:20.979  8790  8921 W FileBasedMultiProcessTracker: <default>: FileBasedMultiProcessTracker ready!
01-25 16:12:20.981  8790  8917 W AppStateLoggerNative: AppStateLoggerNative.initializeNativeCrashReporting not called.
01-25 16:12:20.975  8790  8790 W AppInit1: type=1400 audit(0.0:1360088): avc: denied { read } for name="zoneinfo" dev="proc" ino=4026531860 scontext=u:r:untrusted_app:s0:c96,c258,c512,c768 tcontext=u:object_r:proc_zoneinfo:s0 tclass=file permissive=0
01-25 16:12:20.982  8790  8917 W lacrima : Start JavaAppDeathCrashDetector... X.0yJ
01-25 16:12:20.982  8790  8917 W lacrima : Sending pending reports
01-25 16:12:20.983  8790  8918 W FbSoLoader: Initialized FBSoLoader
01-25 16:12:20.983  8790  8917 W AppInitScheduler|Run:   Finished ReliabilityInitConfigureErrorReportingOnProcess in 40ms
01-25 16:12:20.990  8790  8918 W AppInitScheduler|Run:   Finished InitSharedLibraries in 46ms
01-25 16:12:20.990  8790  8918 W AppInitScheduler|Schedule:   Executing 200:LoadLibDexLoad
01-25 16:12:20.990  8790  8918 W AppInitScheduler|Schedule:   Executing 142:GeneratePerfStats
01-25 16:12:20.990  8790  8918 W AppInitScheduler|Schedule:   Executing 156:InitClassFailureStapler
01-25 16:12:20.990  8790  8918 W AppInitScheduler|Schedule:   Executing 177:InitOxygenCrashReporter
01-25 16:12:20.991  8790  8937 W AppInitScheduler|Run: Running LoadLibDexLoad [*]
01-25 16:12:20.993  8790  8938 W AppInitScheduler|Run: Running GeneratePerfStats [*]
01-25 16:12:20.993  8790  8941 W AppInitScheduler|Run: Running InitOxygenCrashReporter
01-25 16:12:20.993  8790  8941 W AppInitScheduler|Run:   Finished InitOxygenCrashReporter in 1ms
01-25 16:12:20.994  8790  8939 W AppInitScheduler|Run: Running InitClassFailureStapler
01-25 16:12:20.994  8790  8939 W AppInitScheduler|Run:   Finished InitClassFailureStapler in 0ms
01-25 16:12:20.995  8790  8938 W AppInitScheduler|Run:   Finished GeneratePerfStats in 2ms
01-25 16:12:20.999  8790  8790 W AppInit5: type=1400 audit(0.0:1360089): avc: granted { execute } for path="/data/data/com.facebook.katana/lib-compressed/libdexload.so" dev="mmcblk0p40" ino=2088474 scontext=u:r:untrusted_app:s0:c96,c258,c512,c768 tcontext=u:object_r:app_data_file:s0:c96,c258,c512,c768 tclass=file
01-25 16:12:21.006  8790  8937 W AppInitScheduler|Run:   Finished LoadLibDexLoad in 15ms
01-25 16:12:21.006  8790  8937 W AppInitScheduler|Schedule:   Executing 280:SetupFbGlog
01-25 16:12:21.006  8790  8937 W AppInitScheduler|Schedule:   Executing 158:InitCrashLoopMitigation
01-25 16:12:21.006  8790  8937 W AppInitScheduler|Schedule:   Executing 160:InitDeadResourceDetection
01-25 16:12:21.006  8790  8919 W AppInitScheduler|Run: Running InitDeadResourceDetection
01-25 16:12:21.006  8790  8920 W AppInitScheduler|Run: Running InitCrashLoopMitigation
01-25 16:12:21.006  8790  8919 W AppInitScheduler|Run:   Finished InitDeadResourceDetection in 1ms
01-25 16:12:21.008  8790  8949 W AppInitScheduler|Run: Running SetupFbGlog [*]
01-25 16:12:21.009  8790  8949 W AppInitScheduler|Run:   Finished SetupFbGlog in 0ms
01-25 16:12:21.009  8790  8949 W AppInitScheduler|Schedule:   Executing 107:DisableRuntimeVerification
01-25 16:12:21.009  8790  8949 W AppInitScheduler|Schedule:   Executing 157:InitClassTracing
01-25 16:12:21.010  8790  8920 W dalvik-internals: sigaction64 succeeded
01-25 16:12:21.010  8790  8949 W AppInitScheduler|Run: Running DisableRuntimeVerification [*]
01-25 16:12:21.010  8790  8917 W AppInitScheduler|Run: Running InitClassTracing
01-25 16:12:21.007  8790  8790 W AppInit4: type=1400 audit(0.0:1360090): avc: denied { execmod } for path="/apex/com.android.runtime/lib64/bionic/libc.so" dev="loop7" ino=91 scontext=u:r:untrusted_app:s0:c96,c258,c512,c768 tcontext=u:object_r:system_lib_file:s0 tclass=file permissive=0
01-25 16:12:21.011  8790  8920 E fb-distract: Blocking distraction of /system/bin/app_process64!signal (0x61c498d2b0) with /data/data/com.facebook.katana/lib-compressed/libdexload.so!<unknown> (0x767e2b4530)
01-25 16:12:21.011  8790  8920 E fb-distract: Blocking distraction of /system/bin/app_process64!sigaction (0x61c498cff8) with /data/data/com.facebook.katana/lib-compressed/libdexload.so!<unknown> (0x767e297a24)
01-25 16:12:21.012  8790  8920 I dalvik-internals: integrateWithCrashLog crashlog: /data/user/0/com.facebook.katana/crash_log, insta_crashlog: /data/user/0/com.facebook.katana/insta_crash_log
01-25 16:12:21.012  8790  8920 I dalvik-internals: installed sigmux crash handler for crash log
01-25 16:12:21.012  8790  8920 W AppInitScheduler|Run:   Finished InitCrashLoopMitigation in 6ms
01-25 16:12:21.013  8624  8696 I emon.lvoversea: The ClassLoaderContext is a special shared library.
01-25 16:12:21.015  8790  8917 W AppInitScheduler|Run:   Finished InitClassTracing in 5ms
01-25 16:12:21.015  8790  8917 W AppInitScheduler|Schedule:   Executing 174:InitMemoryTracer
01-25 16:12:21.015  8790  8917 W AppInitScheduler|Run: Running InitMemoryTracer
01-25 16:12:21.016  8790  8917 W AppInitScheduler|Run:   Finished InitMemoryTracer in 0ms
01-25 16:12:21.016  8790  8949 W AppInitScheduler|Run:   Finished DisableRuntimeVerification in 6ms
01-25 16:12:21.016  8790  8949 W AppInitScheduler|Schedule:   Executing 198:LoadDexes
01-25 16:12:21.016  8790  8949 W AppInitScheduler|Schedule:   Executing 206:MaybeTraceColdStart
01-25 16:12:21.016  8790  8949 W AppInitScheduler|Schedule:   Executing 199:LoadLibColdStart
01-25 16:12:21.016  8790  8949 W AppInitScheduler|Schedule:   Executing 169:InitLacrimaEarlyNative
01-25 16:12:21.016  8790  8949 W AppInitScheduler|Run: Running LoadDexes [*]
01-25 16:12:21.016  8790  8939 W AppInitScheduler|Run: Running MaybeTraceColdStart [*]
01-25 16:12:21.016  8790  8938 W AppInitScheduler|Run: Running LoadLibColdStart [*]
01-25 16:12:21.018  8790  8937 W AppInitScheduler|Run: Running InitLacrimaEarlyNative
01-25 16:12:21.020  8831  8831 W lvoverseas:pus: JIT profile information will not be recorded: profile file does not exits.
01-25 16:12:21.020  8831  8831 I chatty  : uid=10859 com.lemon.lvoverseas:push identical 1 line
01-25 16:12:21.020  8831  8831 W lvoverseas:pus: JIT profile information will not be recorded: profile file does not exits.
01-25 16:12:21.021  7961  8882 I ADB_SERVICES: post waitpid (pid=8879) status=0000
01-25 16:12:21.022  7961  7961 I ADB_SERVICES: for fd 41, revents = 2010
01-25 16:12:21.022  7961  7961 I ADB_SERVICES: for fd 41, revents = 2011
01-25 16:12:21.023   528   528 I lowmemorykiller: 8 memory pressure events were skipped after a kill!
01-25 16:12:21.019  8790  8790 W AppInit6: type=1400 audit(0.0:1360091): avc: granted { execute } for path="/data/data/com.facebook.katana/lib-compressed/libcoldstart.so" dev="mmcblk0p40" ino=2086769 scontext=u:r:untrusted_app:s0:c96,c258,c512,c768 tcontext=u:object_r:app_data_file:s0:c96,c258,c512,c768 tclass=file
01-25 16:12:21.028  8790  8949 W DexLibLoader: disabling background optimization
01-25 16:12:21.029  8790  8949 W DexLibLoader: Loading /data/user/0/com.facebook.katana/dex with compressed oreo startup logic
01-25 16:12:21.030  8790  8949 W DexLibLoader: Build id used for apk identification
01-25 16:12:21.030  8790  8949 W DexLibLoader: Build id used for apk identification
01-25 16:12:21.049  8831  8831 E FlippedV1Impl: V1 invokeHiddenApiRestrictions success.
01-25 16:12:21.051  8790  8937 E fb-distract: Blocking distraction of /apex/com.android.runtime/lib64/bionic/libc.so!kill (0x777fc31120) with /data/data/com.facebook.katana/lib-compressed/libdexload.so!<unknown> (0x767e2c36f8)
01-25 16:12:21.052  8790  8937 E fb-distract: Blocking distraction of /apex/com.android.runtime/lib64/bionic/libc.so!raise (0x777fbf09c0) with /data/data/com.facebook.katana/lib-compressed/libdexload.so!<unknown> (0x767e2c3738)
01-25 16:12:21.052  8790  8937 E fb-distract: Blocking distraction of /apex/com.android.runtime/lib64/bionic/libc.so!pthread_kill (0x777fc45c08) with /data/data/com.facebook.katana/lib-compressed/libdexload.so!<unknown> (0x767e2c3764)
01-25 16:12:21.052  8790  8937 E fb-distract: Blocking distraction of /apex/com.android.runtime/lib64/bionic/libc.so!killpg (0x777fbed828) with /data/data/com.facebook.katana/lib-compressed/libdexload.so!<unknown> (0x767e2c3798)
01-25 16:12:21.052  8790  8937 E fb-distract: Blocking distraction of /apex/com.android.runtime/lib64/bionic/libc.so!tgkill (0x777fc31c20) with /data/data/com.facebook.katana/lib-compressed/libdexload.so!<unknown> (0x767e2a6640)
01-25 16:12:21.052  8790  8937 E fb-distract: Blocking distraction of /apex/com.android.runtime/lib64/bionic/libc.so!_Exit (0x777fc30ac0) with /data/data/com.facebook.katana/lib-compressed/libdexload.so!<unknown> (0x767e2c37cc)
01-25 16:12:21.055  8790  8949 E fb-distract: Blocking distraction of /apex/com.android.runtime/lib64/libart.so!_ZN3art11annotations16GetLineNumFromPCEPKNS_7DexFileEPNS_9ArtMethodEj (0x76fcbef4f8) with /data/data/com.facebook.katana/lib-compressed/libdexload.so!<unknown> (0x767e2876e8)
01-25 16:12:21.055  8790  8949 E DexLibLoader: SOFT ERROR dex_tricks::pc_line_num::failed_install: could not hook _ZN3art11annotations16GetLineNumFromPCEPKNS_7DexFileEPNS_9ArtMethodEj: Attempted to hook a killswitched function
01-25 16:12:21.055  8790  8937 W lacrima : The minidump file is empty!
01-25 16:12:21.055  8790  8949 E fb-distract: Blocking distraction of /apex/com.android.runtime/lib64/bionic/libc.so!execve (0x777fc30cc0) with /data/data/com.facebook.katana/lib-compressed/libdexload.so!<unknown> (0x767e2a5054)
01-25 16:12:21.056  8790  8949 E DalvikInternals: Error creating distraction: Attempted to hook a killswitched function thrown in distract when hooking execve
01-25 16:12:21.057  8790  8938 W AppInitScheduler|Run:   Finished LoadLibColdStart in 40ms
01-25 16:12:21.057  8790  8938 W AppInitScheduler|Schedule:   Executing 5:ApacheEagerInit
01-25 16:12:21.057  8790  8938 W AppInitScheduler|Schedule:   Executing 168:InitJit
01-25 16:12:21.057  8790  8938 W AppInitScheduler|Run: Running InitJit
01-25 16:12:21.057  8790  8918 W AppInitScheduler|Run: Running ApacheEagerInit
01-25 16:12:21.057  8790  8938 W AppInitScheduler|Run:   Finished InitJit in 0ms
01-25 16:12:21.057  8790  8937 W lacrima : Start AnrAppDeathDetector... X.0Bo
01-25 16:12:21.058  8790  8918 W AppInitScheduler|Run:   Finished ApacheEagerInit in 1ms
01-25 16:12:21.055  8790  8790 W AppInit9: type=1400 audit(0.0:1360092): avc: granted { execute } for path="/data/data/com.facebook.katana/dex/oat/arm64/z-e656a9af5d89eef9e7b9e71677d47ed2420345f8.odex" dev="mmcblk0p40" ino=2076190 scontext=u:r:untrusted_app:s0:c96,c258,c512,c768 tcontext=u:object_r:app_data_file:s0:c96,c258,c512,c768 tclass=file
01-25 16:12:21.062  8790  8939 W AppInitScheduler|Run:   Finished MaybeTraceColdStart in 45ms
01-25 16:12:21.065  1643  1662 I ion.XOSLaunche: Background young concurrent copying GC freed 179083(9370KB) AllocSpace objects, 16(596KB) LOS objects, 44% free, 10MB/19MB, paused 526us total 140.771ms
01-25 16:12:21.065  8790  8937 W AppInitScheduler|Run:   Finished InitLacrimaEarlyNative in 48ms
