01-25 15:42:54.669   531   531 I SurfaceFlinger: screenshot (com.example.chatter/com.example.chatter.Splash#0)
01-25 15:42:54.684  5807  5852 I BufferQueueProducer: [minicap](this:0x7b9ced9000,id:0,api:1,p:531,c:5807) queueBuffer: slot 1 is dropped, handle=0x7b9cef4a00
01-25 15:42:54.686 30183  6592 I ADB_SERVICES: post waitpid (pid=6591) status=0000
01-25 15:42:54.687 30183 30183 I ADB_SERVICES: for fd 39, revents = 2010
01-25 15:42:54.687 30183 30183 I ADB_SERVICES: for fd 39, revents = 2011
01-25 15:42:54.695 30183 30183 I ADB_SERVICES: service_to_fd shell,v2,TERM=xterm-256color,raw:wm size
01-25 15:42:54.714   531   531 I BufferQueueProducer: [VDS: minicap](this:0x7b371f7800,id:178061,api:1,p:531,c:531) queueBuffer: fps=59.90 dur=1001.67 max=19.09 min=14.63
01-25 15:42:54.716   504  3534 I hwcomposer: [HWCDisplay] [Display_2 (type:2)] fps:59.914661,dur:1001.42,max:19.31,min:14.54  
01-25 15:42:54.717  5807  5852 I BufferQueueProducer: [minicap](this:0x7b9ced9000,id:0,api:1,p:531,c:5807) queueBuffer: fps=59.90 dur=1001.74 max=19.26 min=14.60
01-25 15:42:54.718   504  3534 I hwcomposer: [HWCDisplay] [Display_0 (type:1)] fps:59.874821,dur:1002.09,max:19.19,min:14.67  
01-25 15:42:54.733  5807  5852 I BufferQueueProducer: [minicap](this:0x7b9ced9000,id:0,api:1,p:531,c:5807) queueBuffer: slot 0 is dropped, handle=0x7b9cef4640
01-25 15:42:54.742 30183  6596 I ADB_SERVICES: post waitpid (pid=6594) status=0000
01-25 15:42:54.742 30183 30183 I ADB_SERVICES: for fd 39, revents = 2011
01-25 15:42:54.743 30183 30183 I ADB_SERVICES: for fd 39, revents = 2011
01-25 15:42:54.748 30183 30183 I ADB_SERVICES: service_to_fd shell,v2,TERM=xterm-256color,raw:dumpsys input
01-25 15:42:54.779  1226  3770 E TouchFilter: setTouchFilter LOG Enable prameter: 0
01-25 15:42:54.779  1226  3770 E TouchFilter: Event Hub Touch Filter log is disabled
01-25 15:42:54.779  1226  3770 E TouchFilter: Event Hub Touch Filter is enabled
01-25 15:42:54.782 30183  6609 I ADB_SERVICES: post waitpid (pid=6608) status=0000
01-25 15:42:54.783 30183 30183 I ADB_SERVICES: for fd 39, revents = 2010
01-25 15:42:54.783 30183 30183 I ADB_SERVICES: for fd 39, revents = 2011
01-25 15:42:54.783  5807  5852 I BufferQueueProducer: [minicap](this:0x7b9ced9000,id:0,api:1,p:531,c:5807) queueBuffer: slot 1 is dropped, handle=0x7b9cef4a00
01-25 15:42:54.786   531   531 I SurfaceFlinger: screenshot (com.example.chatter/com.example.chatter.Splash#0)
01-25 15:42:54.791 30183 30183 I ADB_SERVICES: service_to_fd shell,v2,TERM=xterm-256color,raw:getprop ro.sf.lcd_density
01-25 15:42:54.814 30183  6612 I ADB_SERVICES: post waitpid (pid=6611) status=0000
01-25 15:42:54.815 30183 30183 I ADB_SERVICES: for fd 39, revents = 2010
01-25 15:42:54.815 30183 30183 I ADB_SERVICES: for fd 39, revents = 2011
01-25 15:42:54.816  5807  5852 I BufferQueueProducer: [minicap](this:0x7b9ced9000,id:0,api:1,p:531,c:5807) queueBuffer: slot 1 is dropped, handle=0x7b9cef4a00
01-25 15:42:54.822 30183 30183 I ADB_SERVICES: service_to_fd shell,v2,TERM=xterm-256color,raw:dumpsys activity activities
01-25 15:42:54.834  5807  5852 I BufferQueueProducer: [minicap](this:0x7b9ced9000,id:0,api:1,p:531,c:5807) queueBuffer: slot 0 is dropped, handle=0x7b9cef4640
01-25 15:42:54.845 30183  6616 I ADB_SERVICES: post waitpid (pid=6613) status=0000
01-25 15:42:54.846 30183 30183 I ADB_SERVICES: for fd 39, revents = 2011
01-25 15:42:54.846 30183 30183 I ADB_SERVICES: for fd 39, revents = 2011
01-25 15:42:54.851 30183 30183 I ADB_SERVICES: service_to_fd shell,v2,TERM=xterm-256color,raw:dumpsys activity activities
01-25 15:42:54.867  5807  5852 I BufferQueueProducer: [minicap](this:0x7b9ced9000,id:0,api:1,p:531,c:5807) queueBuffer: slot 0 is dropped, handle=0x7b9cef4640
01-25 15:42:54.871 30183  6619 I ADB_SERVICES: post waitpid (pid=6618) status=0000
01-25 15:42:54.871 30183 30183 I ADB_SERVICES: for fd 39, revents = 2011
01-25 15:42:54.871 30183 30183 I ADB_SERVICES: for fd 39, revents = 2011
01-25 15:42:54.877 30183 30183 I ADB_SERVICES: service_to_fd shell,v2,TERM=xterm-256color,raw:dumpsys activity activities
01-25 15:42:54.884  5807  5852 I BufferQueueProducer: [minicap](this:0x7b9ced9000,id:0,api:1,p:531,c:5807) queueBuffer: slot 2 is dropped, handle=0x7b9cef4c80
01-25 15:42:54.886   531   531 I SurfaceFlinger: screenshot (com.example.chatter/com.example.chatter.Splash#0)
01-25 15:42:54.893 30183 30183 I ADB_SERVICES: service_to_fd shell,v2,TERM=xterm-256color,raw:dumpsys display
01-25 15:42:54.901 30183  6622 I ADB_SERVICES: post waitpid (pid=6621) status=0000
01-25 15:42:54.902 30183 30183 I ADB_SERVICES: for fd 39, revents = 2010
01-25 15:42:54.902 30183 30183 I ADB_SERVICES: for fd 39, revents = 2011
01-25 15:42:54.906 30183 30183 I ADB_SERVICES: service_to_fd shell,v2,TERM=xterm-256color,raw:dumpsys activity services
01-25 15:42:54.917  5807  5852 I BufferQueueProducer: [minicap](this:0x7b9ced9000,id:0,api:1,p:531,c:5807) queueBuffer: slot 2 is dropped, handle=0x7b9cef4c80
01-25 15:42:54.920 30183  6625 I ADB_SERVICES: post waitpid (pid=6623) status=0000
01-25 15:42:54.920 30183 30183 I ADB_SERVICES: for fd 43, revents = 2011
01-25 15:42:54.920 30183 30183 I ADB_SERVICES: for fd 43, revents = 2011
01-25 15:42:54.926 30183 30183 I ADB_SERVICES: service_to_fd shell,v2,TERM=xterm-256color,raw:wm size
01-25 15:42:54.958 30183  6631 I ADB_SERVICES: post waitpid (pid=6630) status=0000
01-25 15:42:54.958 30183 30183 I ADB_SERVICES: for fd 43, revents = 2010
01-25 15:42:54.958 30183 30183 I ADB_SERVICES: for fd 43, revents = 2011
01-25 15:42:54.966 30183 30183 I ADB_SERVICES: service_to_fd shell,v2,TERM=xterm-256color,raw:dumpsys input
01-25 15:42:54.968  5807  5852 I BufferQueueProducer: [minicap](this:0x7b9ced9000,id:0,api:1,p:531,c:5807) queueBuffer: slot 0 is dropped, handle=0x7b9cef4640
01-25 15:42:54.985  1226  2282 E TouchFilter: setTouchFilter LOG Enable prameter: 0
01-25 15:42:54.986  1226  2282 E TouchFilter: Event Hub Touch Filter log is disabled
01-25 15:42:54.986  1226  2282 E TouchFilter: Event Hub Touch Filter is enabled
01-25 15:42:54.987   531   531 I SurfaceFlinger: screenshot (com.example.chatter/com.example.chatter.Splash#0)
01-25 15:42:54.993 30183  6637 I ADB_SERVICES: post waitpid (pid=6636) status=0000
01-25 15:42:54.994 30183 30183 I ADB_SERVICES: for fd 43, revents = 2010
01-25 15:42:54.994 30183 30183 I ADB_SERVICES: for fd 43, revents = 2011
01-25 15:42:55.006   531  1419 I BufferQueueProducer: [com.example.chatter/com.example.chatter.Splash#0](this:0x7b5146f800,id:178063,api:1,p:6254,c:531) queueBuffer: fps=59.65 dur=1005.85 max=19.58 min=13.90
01-25 15:42:55.018  5807  5852 I BufferQueueProducer: [minicap](this:0x7b9ced9000,id:0,api:1,p:531,c:5807) queueBuffer: slot 2 is dropped, handle=0x7b9cef4c80
01-25 15:42:55.021 30183 30183 I ADB_SERVICES: service_to_fd shell,v2,TERM=xterm-256color,raw:getprop ro.sf.lcd_density
01-25 15:42:55.042 30183 30183 I ADB_SERVICES: service_to_fd shell,v2,TERM=xterm-256color,raw:ps
01-25 15:42:55.047 30183  6640 I ADB_SERVICES: post waitpid (pid=6639) status=0000
01-25 15:42:55.047 30183 30183 I ADB_SERVICES: for fd 43, revents = 2010
01-25 15:42:55.047 30183 30183 I ADB_SERVICES: for fd 43, revents = 2011
01-25 15:42:55.068  5807  5852 I BufferQueueProducer: [minicap](this:0x7b9ced9000,id:0,api:1,p:531,c:5807) queueBuffer: slot 0 is dropped, handle=0x7b9cef4640
01-25 15:42:55.087   531   531 I SurfaceFlinger: screenshot (com.example.chatter/com.example.chatter.Splash#0)
01-25 15:42:55.118  5807  5852 I BufferQueueProducer: [minicap](this:0x7b9ced9000,id:0,api:1,p:531,c:5807) queueBuffer: slot 2 is dropped, handle=0x7b9cef4c80
01-25 15:42:55.146 30183  6642 I ADB_SERVICES: post waitpid (pid=6641) status=0000
01-25 15:42:55.146 30183 30183 I ADB_SERVICES: for fd 47, revents = 2010
01-25 15:42:55.146 30183 30183 I ADB_SERVICES: for fd 47, revents = 2011
01-25 15:42:55.151  5807  5852 I BufferQueueProducer: [minicap](this:0x7b9ced9000,id:0,api:1,p:531,c:5807) queueBuffer: slot 2 is dropped, handle=0x7b9cef4c80
01-25 15:42:55.178  1226  1226 W Looper  : Slow dispatch took 169ms main h=android.os.Handler c=com.android.server.-$$Lambda$BatteryService$2x73lvpB0jctMSVP4qb9sHAqRPw@df1abc8 m=0
01-25 15:42:55.179  1226  1226 I DeviceIdleController: updateChargingLocked: charging=true
01-25 15:42:55.179  1226  1226 I DeviceIdleController: becomeActiveLocked, reason=charging, changeLightIdle=true
01-25 15:42:55.180 17876 17876 I Hoffnung: onReceive Intent { act=android.intent.action.BATTERY_CHANGED flg=0x60000010 (has extras) }
01-25 15:42:55.181 17876 17876 I Hoffnung: LocalBroadcastManager onReceive Intent { act=android.intent.action.BATTERY_CHANGED flg=0x60000010 (has extras) }
01-25 15:42:55.188   531   531 I SurfaceFlinger: screenshot (com.example.chatter/com.example.chatter.Splash#0)
01-25 15:42:55.190 30183  6628 I ADB_SERVICES: post waitpid (pid=6626) status=0000
01-25 15:42:55.190 30183 30183 I ADB_SERVICES: for fd 42, revents = 2010
01-25 15:42:55.191 30183 30183 I ADB_SERVICES: for fd 42, revents = 2011
01-25 15:42:55.203  5807  5852 I BufferQueueProducer: [minicap](this:0x7b9ced9000,id:0,api:1,p:531,c:5807) queueBuffer: slot 1 is dropped, handle=0x7b9cef4a00
01-25 15:42:55.203   531  1419 I BufferQueueProducer: [StatusBar#0](this:0x7b5146e000,id:6,api:1,p:1428,c:531) queueBuffer: fps=0.22 dur=13835.22 max=13787.15 min=17.36
01-25 15:42:55.235  5807  5852 I BufferQueueProducer: [minicap](this:0x7b9ced9000,id:0,api:1,p:531,c:5807) queueBuffer: slot 1 is dropped, handle=0x7b9cef4a00
01-25 15:42:55.263 30183 30183 I ADB_SERVICES: service_to_fd shell,v2,TERM=xterm-256color,raw:dumpsys display
01-25 15:42:55.286  5807  5852 I BufferQueueProducer: [minicap](this:0x7b9ced9000,id:0,api:1,p:531,c:5807) queueBuffer: slot 0 is dropped, handle=0x7b9cef4640
01-25 15:42:55.294 30183  6645 I ADB_SERVICES: post waitpid (pid=6644) status=0000
01-25 15:42:55.294 30183 30183 I ADB_SERVICES: for fd 39, revents = 2011
01-25 15:42:55.294 30183 30183 I ADB_SERVICES: for fd 39, revents = 2011
01-25 15:42:55.304 30183 30183 I ADB_SERVICES: service_to_fd shell,v2,TERM=xterm-256color,raw:wm size
01-25 15:42:55.305   531   531 I SurfaceFlinger: screenshot (com.example.chatter/com.example.chatter.Splash#0)
01-25 15:42:55.320  5807  5852 I BufferQueueProducer: [minicap](this:0x7b9ced9000,id:0,api:1,p:531,c:5807) queueBuffer: slot 0 is dropped, handle=0x7b9cef4640
01-25 15:42:55.332 30183  6648 I ADB_SERVICES: post waitpid (pid=6647) status=0000
01-25 15:42:55.332 30183 30183 I ADB_SERVICES: for fd 39, revents = 2011
01-25 15:42:55.332 30183 30183 I ADB_SERVICES: for fd 39, revents = 2011
01-25 15:42:55.339 30183 30183 I ADB_SERVICES: service_to_fd shell,v2,TERM=xterm-256color,raw:dumpsys input
01-25 15:42:55.356  1226  1904 E TouchFilter: setTouchFilter LOG Enable prameter: 0
01-25 15:42:55.356  1226  1904 E TouchFilter: Event Hub Touch Filter log is disabled
01-25 15:42:55.356  1226  1904 E TouchFilter: Event Hub Touch Filter is enabled
01-25 15:42:55.359 30183  6653 I ADB_SERVICES: post waitpid (pid=6652) status=0000
01-25 15:42:55.359 30183 30183 I ADB_SERVICES: for fd 39, revents = 2010
01-25 15:42:55.359 30183 30183 I ADB_SERVICES: for fd 39, revents = 2011
01-25 15:42:55.368 30183 30183 I ADB_SERVICES: service_to_fd shell,v2,TERM=xterm-256color,raw:getprop ro.sf.lcd_density
01-25 15:42:55.369  5807  5852 I BufferQueueProducer: [minicap](this:0x7b9ced9000,id:0,api:1,p:531,c:5807) queueBuffer: slot 2 is dropped, handle=0x7b9cef4c80
01-25 15:42:55.382 30183  6656 I ADB_SERVICES: post waitpid (pid=6655) status=0000
01-25 15:42:55.382 30183 30183 I ADB_SERVICES: for fd 39, revents = 2010
01-25 15:42:55.382 30183 30183 I ADB_SERVICES: for fd 39, revents = 2011
01-25 15:42:55.389 30183 30183 I ADB_SERVICES: service_to_fd shell,v2,TERM=xterm-256color,raw:dumpsys display
01-25 15:42:55.402  5807  5852 I BufferQueueProducer: [minicap](this:0x7b9ced9000,id:0,api:1,p:531,c:5807) queueBuffer: slot 2 is dropped, handle=0x7b9cef4c80
01-25 15:42:55.405   531   531 I SurfaceFlinger: screenshot (com.example.chatter/com.example.chatter.Splash#0)
01-25 15:42:55.410 30183  6658 I ADB_SERVICES: post waitpid (pid=6657) status=0000
01-25 15:42:55.410 30183 30183 I ADB_SERVICES: for fd 39, revents = 2010
01-25 15:42:55.410 30183 30183 I ADB_SERVICES: for fd 39, revents = 2011
01-25 15:42:55.416 30183 30183 I ADB_SERVICES: service_to_fd shell,v2,TERM=xterm-256color,raw:wm size
01-25 15:42:55.423   643   643 I thermal_repeater: [recvMdThermalInfo] ret=29, strLen=127,  3, 35, -50, -28361, 32767, 0
01-25 15:42:55.447 30183  6661 I ADB_SERVICES: post waitpid (pid=6660) status=0000
01-25 15:42:55.447 30183 30183 I ADB_SERVICES: for fd 39, revents = 2011
01-25 15:42:55.447 30183 30183 I ADB_SERVICES: for fd 39, revents = 2011
01-25 15:42:55.452  5807  5852 I BufferQueueProducer: [minicap](this:0x7b9ced9000,id:0,api:1,p:531,c:5807) queueBuffer: slot 1 is dropped, handle=0x7b9cef4a00
01-25 15:42:55.454 30183 30183 I ADB_SERVICES: service_to_fd shell,v2,TERM=xterm-256color,raw:dumpsys input
01-25 15:42:55.474  1226  1904 E TouchFilter: setTouchFilter LOG Enable prameter: 0
01-25 15:42:55.474  1226  1904 E TouchFilter: Event Hub Touch Filter log is disabled
01-25 15:42:55.474  1226  1904 E TouchFilter: Event Hub Touch Filter is enabled
01-25 15:42:55.478 30183  6666 I ADB_SERVICES: post waitpid (pid=6665) status=0000
01-25 15:42:55.478 30183 30183 I ADB_SERVICES: for fd 39, revents = 2010
01-25 15:42:55.479 30183 30183 I ADB_SERVICES: for fd 39, revents = 2011
01-25 15:42:55.488 30183 30183 I ADB_SERVICES: service_to_fd shell,v2,TERM=xterm-256color,raw:getprop ro.sf.lcd_density
01-25 15:42:55.500 30183  6669 I ADB_SERVICES: post waitpid (pid=6668) status=0000
01-25 15:42:55.500 30183 30183 I ADB_SERVICES: for fd 39, revents = 2010
01-25 15:42:55.500 30183 30183 I ADB_SERVICES: for fd 39, revents = 2011
01-25 15:42:55.503  5807  5852 I BufferQueueProducer: [minicap](this:0x7b9ced9000,id:0,api:1,p:531,c:5807) queueBuffer: slot 2 is dropped, handle=0x7b9cef4c80
01-25 15:42:55.505 30183 30183 I ADB_SERVICES: service_to_fd shell,v2,TERM=xterm-256color,raw:dumpsys display
01-25 15:42:55.506   531   531 I SurfaceFlinger: screenshot (com.example.chatter/com.example.chatter.Splash#0)
01-25 15:42:55.527 30183  6671 I ADB_SERVICES: post waitpid (pid=6670) status=0000
01-25 15:42:55.527 30183 30183 I ADB_SERVICES: for fd 39, revents = 2010
01-25 15:42:55.527 30183 30183 I ADB_SERVICES: for fd 39, revents = 2011
01-25 15:42:55.538 30183 30183 I ADB_SERVICES: service_to_fd shell,v2,TERM=xterm-256color,raw:wm size
01-25 15:42:55.553  5807  5852 I BufferQueueProducer: [minicap](this:0x7b9ced9000,id:0,api:1,p:531,c:5807) queueBuffer: slot 1 is dropped, handle=0x7b9cef4a00
01-25 15:42:55.577 30183  6674 I ADB_SERVICES: post waitpid (pid=6673) status=0000
01-25 15:42:55.578 30183 30183 I ADB_SERVICES: for fd 39, revents = 2011
01-25 15:42:55.578 30183 30183 I ADB_SERVICES: for fd 39, revents = 2011
01-25 15:42:55.584 30183 30183 I ADB_SERVICES: service_to_fd shell,v2,TERM=xterm-256color,raw:dumpsys input
01-25 15:42:55.603  1226  1904 E TouchFilter: setTouchFilter LOG Enable prameter: 0
01-25 15:42:55.603  1226  1904 E TouchFilter: Event Hub Touch Filter log is disabled
01-25 15:42:55.603  1226  1904 E TouchFilter: Event Hub Touch Filter is enabled
01-25 15:42:55.606 30183  6680 I ADB_SERVICES: post waitpid (pid=6679) status=0000
01-25 15:42:55.606 30183 30183 I ADB_SERVICES: for fd 39, revents = 2010
01-25 15:42:55.606 30183 30183 I ADB_SERVICES: for fd 39, revents = 2011
01-25 15:42:55.607   531   531 I SurfaceFlinger: screenshot (com.example.chatter/com.example.chatter.Splash#0)
01-25 15:42:55.618 30183 30183 I ADB_SERVICES: service_to_fd shell,v2,TERM=xterm-256color,raw:getprop ro.sf.lcd_density
01-25 15:42:55.622  5807  5852 I BufferQueueProducer: [minicap](this:0x7b9ced9000,id:0,api:1,p:531,c:5807) queueBuffer: slot 0 is dropped, handle=0x7b9cef4640
01-25 15:42:55.625  1226  1235 I system_server: Background concurrent copying GC freed 390635(40MB) AllocSpace objects, 24(624KB) LOS objects, 12% free, 166MB/190MB, paused 161us total 1.078s
01-25 15:42:55.639 30183  6683 I ADB_SERVICES: post waitpid (pid=6682) status=0000
01-25 15:42:55.640 30183 30183 I ADB_SERVICES: for fd 39, revents = 2010
01-25 15:42:55.640 30183 30183 I ADB_SERVICES: for fd 39, revents = 2011
01-25 15:42:55.646 30183 30183 I ADB_SERVICES: service_to_fd shell,v2,TERM=xterm-256color,raw:dumpsys display
01-25 15:42:55.669  5807  5852 I BufferQueueProducer: [minicap](this:0x7b9ced9000,id:0,api:1,p:531,c:5807) queueBuffer: slot 2 is dropped, handle=0x7b9cef4c80
01-25 15:42:55.686 30183  6685 I ADB_SERVICES: post waitpid (pid=6684) status=0000
01-25 15:42:55.686 30183 30183 I ADB_SERVICES: for fd 39, revents = 2010
01-25 15:42:55.686 30183 30183 I ADB_SERVICES: for fd 39, revents = 2011
01-25 15:42:55.696 30183 30183 I ADB_SERVICES: service_to_fd shell,v2,TERM=xterm-256color,raw:wm size
01-25 15:42:55.718   531   531 I BufferQueueProducer: [VDS: minicap](this:0x7b371f7800,id:178061,api:1,p:531,c:531) queueBuffer: fps=59.78 dur=1003.62 max=18.74 min=14.47
01-25 15:42:55.719   504  3534 I hwcomposer: [HWCDisplay] [Display_2 (type:2)] fps:59.775276,dur:1003.76,max:18.91,min:14.19  
01-25 15:42:55.720  5807  5852 I BufferQueueProducer: [minicap](this:0x7b9ced9000,id:0,api:1,p:531,c:5807) queueBuffer: fps=59.79 dur=1003.47 max=19.33 min=13.90
01-25 15:42:55.721   504  3534 I hwcomposer: [HWCDisplay] [Display_0 (type:1)] fps:59.813511,dur:1003.12,max:19.44,min:13.71  
01-25 15:42:55.723   531   531 I SurfaceFlinger: screenshot (com.example.chatter/com.example.chatter.Splash#0)
01-25 15:42:55.732 30183  6688 I ADB_SERVICES: post waitpid (pid=6687) status=0000
01-25 15:42:55.732 30183 30183 I ADB_SERVICES: for fd 39, revents = 2011
01-25 15:42:55.732 30183 30183 I ADB_SERVICES: for fd 39, revents = 2011
01-25 15:42:55.738  5807  5852 I BufferQueueProducer: [minicap](this:0x7b9ced9000,id:0,api:1,p:531,c:5807) queueBuffer: slot 1 is dropped, handle=0x7b9cef4a00
01-25 15:42:55.739 30183 30183 I ADB_SERVICES: service_to_fd shell,v2,TERM=xterm-256color,raw:dumpsys input
01-25 15:42:55.759  1226  1904 E TouchFilter: setTouchFilter LOG Enable prameter: 0
01-25 15:42:55.759  1226  1904 E TouchFilter: Event Hub Touch Filter log is disabled
01-25 15:42:55.759  1226  1904 E TouchFilter: Event Hub Touch Filter is enabled
01-25 15:42:55.763 30183  6695 I ADB_SERVICES: post waitpid (pid=6694) status=0000
01-25 15:42:55.763 30183 30183 I ADB_SERVICES: for fd 39, revents = 2010
01-25 15:42:55.763 30183 30183 I ADB_SERVICES: for fd 39, revents = 2011
01-25 15:42:55.771 30183 30183 I ADB_SERVICES: service_to_fd shell,v2,TERM=xterm-256color,raw:getprop ro.sf.lcd_density
01-25 15:42:55.787  5807  5852 I BufferQueueProducer: [minicap](this:0x7b9ced9000,id:0,api:1,p:531,c:5807) queueBuffer: slot 0 is dropped, handle=0x7b9cef4640
01-25 15:42:55.788 30183  6698 I ADB_SERVICES: post waitpid (pid=6697) status=0000
01-25 15:42:55.788 30183 30183 I ADB_SERVICES: for fd 39, revents = 2010
01-25 15:42:55.788 30183 30183 I ADB_SERVICES: for fd 39, revents = 2011
01-25 15:42:55.794 30183 30183 I ADB_SERVICES: service_to_fd shell,v2,TERM=xterm-256color,raw:getprop ro.build.version.sdk
01-25 15:42:55.811 30183  6700 I ADB_SERVICES: post waitpid (pid=6699) status=0000
01-25 15:42:55.811 30183 30183 I ADB_SERVICES: for fd 39, revents = 2010
01-25 15:42:55.811 30183 30183 I ADB_SERVICES: for fd 39, revents = 2011
01-25 15:42:55.818 30183 30183 I ADB_SERVICES: service_to_fd shell,v2,TERM=xterm-256color,raw:input touchscreen swipe 360 1041 360 1041 200
01-25 15:42:55.823   531   531 I SurfaceFlinger: screenshot (com.example.chatter/com.example.chatter.Splash#0)
01-25 15:42:55.854  5807  5852 I BufferQueueProducer: [minicap](this:0x7b9ced9000,id:0,api:1,p:531,c:5807) queueBuffer: slot 2 is dropped, handle=0x7b9cef4c80
01-25 15:42:55.904  5807  5852 I BufferQueueProducer: [minicap](this:0x7b9ced9000,id:0,api:1,p:531,c:5807) queueBuffer: slot 1 is dropped, handle=0x7b9cef4a00
01-25 15:42:55.914 30183 30183 I ADB_SERVICES: service_to_fd shell,v2,TERM=xterm-256color,raw:dumpsys display
01-25 15:42:55.923   531   531 I SurfaceFlinger: screenshot (com.example.chatter/com.example.chatter.Splash#0)
01-25 15:42:55.939 30183  6704 I ADB_SERVICES: post waitpid (pid=6703) status=0000
01-25 15:42:55.940 30183 30183 I ADB_SERVICES: for fd 43, revents = 2010
01-25 15:42:55.940 30183 30183 I ADB_SERVICES: for fd 43, revents = 2011
01-25 15:42:55.950 30183 30183 I ADB_SERVICES: service_to_fd shell,v2,TERM=xterm-256color,raw:wm size
01-25 15:42:55.954  5807  5852 I BufferQueueProducer: [minicap](this:0x7b9ced9000,id:0,api:1,p:531,c:5807) queueBuffer: slot 2 is dropped, handle=0x7b9cef4c80
01-25 15:42:55.977 30183  6707 I ADB_SERVICES: post waitpid (pid=6706) status=0000
01-25 15:42:55.977 30183 30183 I ADB_SERVICES: for fd 43, revents = 2011
01-25 15:42:55.977 30183 30183 I ADB_SERVICES: for fd 43, revents = 2011
01-25 15:42:55.984 30183 30183 I ADB_SERVICES: service_to_fd shell,v2,TERM=xterm-256color,raw:dumpsys input
01-25 15:42:55.988  5807  5852 I BufferQueueProducer: [minicap](this:0x7b9ced9000,id:0,api:1,p:531,c:5807) queueBuffer: slot 2 is dropped, handle=0x7b9cef4c80
01-25 15:42:56.004  5807  5852 I BufferQueueProducer: [minicap](this:0x7b9ced9000,id:0,api:1,p:531,c:5807) queueBuffer: slot 1 is dropped, handle=0x7b9cef4a00
01-25 15:42:56.006  1226  1904 E TouchFilter: setTouchFilter LOG Enable prameter: 0
01-25 15:42:56.006  1226  1904 E TouchFilter: Event Hub Touch Filter log is disabled
01-25 15:42:56.006  1226  1904 E TouchFilter: Event Hub Touch Filter is enabled
01-25 15:42:56.008   531   638 I BufferQueueProducer: [com.example.chatter/com.example.chatter.Splash#0](this:0x7b5146f800,id:178063,api:1,p:6254,c:531) queueBuffer: fps=59.88 dur=1002.08 max=20.64 min=12.87
01-25 15:42:56.010 30183  6713 I ADB_SERVICES: post waitpid (pid=6712) status=0000
01-25 15:42:56.010 30183 30183 I ADB_SERVICES: for fd 43, revents = 2010
01-25 15:42:56.010 30183 30183 I ADB_SERVICES: for fd 43, revents = 2011
01-25 15:42:56.022 30183 30183 I ADB_SERVICES: service_to_fd shell,v2,TERM=xterm-256color,raw:getprop ro.sf.lcd_density
01-25 15:42:56.024   531   531 I SurfaceFlinger: screenshot (com.example.chatter/com.example.chatter.Splash#0)
01-25 15:42:56.027  6701  6701 E libc    : Access denied finding property "persist.device_config.runtime_native_boot.enable_apex_image"
01-25 15:42:56.027  6701  6701 I AndroidRuntime: Using default boot image
01-25 15:42:56.023  6701  6701 W app_process: type=1400 audit(0.0:1359339): avc: denied { read } for name="u:object_r:device_config_runtime_native_boot_prop:s0" dev="tmpfs" ino=10318 scontext=u:r:shell:s0 tcontext=u:object_r:device_config_runtime_native_boot_prop:s0 tclass=file permissive=0
01-25 15:42:56.027  6701  6701 E libc    : Access denied finding property "persist.device_config.runtime_native_boot.disable_lock_profiling"
01-25 15:42:56.027  6701  6701 I AndroidRuntime: Leaving lock profiling enabled
01-25 15:42:56.028  6701  6701 E libc    : Access denied finding property "persist.device_config.runtime_native_boot.enable_generational_cc"
01-25 15:42:56.023  6701  6701 W app_process: type=1400 audit(0.0:1359340): avc: denied { read } for name="u:object_r:device_config_runtime_native_boot_prop:s0" dev="tmpfs" ino=10318 scontext=u:r:shell:s0 tcontext=u:object_r:device_config_runtime_native_boot_prop:s0 tclass=file permissive=0
01-25 15:42:56.044 30183  6716 I ADB_SERVICES: post waitpid (pid=6715) status=0000
01-25 15:42:56.044 30183 30183 I ADB_SERVICES: for fd 43, revents = 2010
01-25 15:42:56.044 30183 30183 I ADB_SERVICES: for fd 43, revents = 2011
01-25 15:42:56.050   518   567 I libPowerHal: 31: cpu_ctrl set freq: -1 -1 -1 -1
01-25 15:42:56.057  5807  5852 I BufferQueueProducer: [minicap](this:0x7b9ced9000,id:0,api:1,p:531,c:5807) queueBuffer: slot 0 is dropped, handle=0x7b9cef4640
01-25 15:42:56.090  5807  5852 I BufferQueueProducer: [minicap](this:0x7b9ced9000,id:0,api:1,p:531,c:5807) queueBuffer: slot 0 is dropped, handle=0x7b9cef4640
01-25 15:42:56.127   531   531 I SurfaceFlinger: screenshot (com.example.chatter/com.example.chatter.Splash#0)
01-25 15:42:56.135  6701  6701 I app_process: The ClassLoaderContext is a special shared library.
01-25 15:42:56.141  5807  5852 I BufferQueueProducer: [minicap](this:0x7b9ced9000,id:0,api:1,p:531,c:5807) queueBuffer: slot 2 is dropped, handle=0x7b9cef4c80
01-25 15:42:56.151  6701  6701 W app_process: JNI RegisterNativeMethods: attempt to register 0 native methods for android.media.AudioAttributes
01-25 15:42:56.161  1762  1762 E Athena  : ------------------------------------------------------------
01-25 15:42:56.161  1762  1762 E Athena  : 
01-25 15:42:56.161  1762  1762 E Athena  : Athena is in DEBUG or TEST modeshould not release this APK
01-25 15:42:56.161  1762  1762 E Athena  : 
01-25 15:42:56.161  1762  1762 E Athena  : ------------------------------------------------------------
01-25 15:42:56.162   518   567 I libPowerHal: 36: cpu_ctrl set freq: 1800000 -1 2000000 -1
01-25 15:42:56.166 30183 30183 I ADB_SERVICES: service_to_fd shell,v2,TERM=xterm-256color,raw:ps
01-25 15:42:56.189  5807  5852 I BufferQueueProducer: [minicap](this:0x7b9ced9000,id:0,api:1,p:531,c:5807) queueBuffer: slot 0 is dropped, handle=0x7b9cef4640
01-25 15:42:56.227 30183  6732 I ADB_SERVICES: post waitpid (pid=6731) status=0000
01-25 15:42:56.227 30183 30183 I ADB_SERVICES: for fd 43, revents = 2010
01-25 15:42:56.227 30183 30183 I ADB_SERVICES: for fd 43, revents = 2011
01-25 15:42:56.238  5807  5852 I BufferQueueProducer: [minicap](this:0x7b9ced9000,id:0,api:1,p:531,c:5807) queueBuffer: slot 2 is dropped, handle=0x7b9cef4c80
01-25 15:42:56.241   531   531 I SurfaceFlinger: screenshot (com.example.chatter/com.example.chatter.Splash#0)
01-25 15:42:56.289  5807  5852 I BufferQueueProducer: [minicap](this:0x7b9ced9000,id:0,api:1,p:531,c:5807) queueBuffer: slot 0 is dropped, handle=0x7b9cef4640
01-25 15:42:56.340  5807  5852 I BufferQueueProducer: [minicap](this:0x7b9ced9000,id:0,api:1,p:531,c:5807) queueBuffer: slot 2 is dropped, handle=0x7b9cef4c80
01-25 15:42:56.343   531   531 I SurfaceFlinger: screenshot (com.example.chatter/com.example.chatter.Splash#0)
01-25 15:42:56.390  5807  5852 I BufferQueueProducer: [minicap](this:0x7b9ced9000,id:0,api:1,p:531,c:5807) queueBuffer: slot 0 is dropped, handle=0x7b9cef4640
01-25 15:42:56.392  6701  6701 W RefBase : CallStack::getCurrentInternal not linked, returning null
01-25 15:42:56.392  6701  6701 W RefBase : CallStack::logStackInternal not linked
01-25 15:42:56.402 30183  6702 I ADB_SERVICES: post waitpid (pid=6701) status=0000
01-25 15:42:56.402 30183 30183 I ADB_SERVICES: for fd 39, revents = 2011
01-25 15:42:56.402 30183 30183 I ADB_SERVICES: for fd 39, revents = 2011
01-25 15:42:56.439  5807  5852 I BufferQueueProducer: [minicap](this:0x7b9ced9000,id:0,api:1,p:531,c:5807) queueBuffer: slot 2 is dropped, handle=0x7b9cef4c80
01-25 15:42:56.458   531   531 I SurfaceFlinger: screenshot (com.example.chatter/com.example.chatter.Splash#0)
01-25 15:42:56.490  5807  5852 I BufferQueueProducer: [minicap](this:0x7b9ced9000,id:0,api:1,p:531,c:5807) queueBuffer: slot 0 is dropped, handle=0x7b9cef4640
01-25 15:42:56.515  4047  6733 W System.err: com.bytedance.frameworks.baselib.network.http.exception.NetworkNotAvailabeException: network not available for /gkx/api/settings/v2
01-25 15:42:56.516  4047  6733 W System.err: 	at com.bytedance.frameworks.baselib.network.http.cronet.impl.SsCronetHttpClient.checkNetworkAvailable(Unknown Source:50659407)
01-25 15:42:56.516  4047  6733 W System.err: 	at com.bytedance.frameworks.baselib.network.http.cronet.impl.CronetSsCall.execute(Unknown Source:524321)
01-25 15:42:56.516  4047  6733 W System.err: 	at com.bytedance.retrofit2.CallServerInterceptor.executeCall(Unknown Source:33685512)
01-25 15:42:56.516  4047  6733 W System.err: 	at com.bytedance.retrofit2.CallServerInterceptor.intercept(Unknown Source:17236183)
01-25 15:42:56.516  4047  6733 W System.err: 	at com.bytedance.retrofit2.intercept.RealInterceptorChain.proceed(Unknown Source:17170559)
01-25 15:42:56.516  4047  6733 W System.err: 	at X.9cQ.intercept(Unknown Source:17236086)
01-25 15:42:56.516  4047  6733 W System.err: 	at com.bytedance.retrofit2.intercept.RealInterceptorChain.proceed(Unknown Source:17170559)
01-25 15:42:56.516  4047  6733 W System.err: 	at com.bytedance.frameworks.baselib.network.http.retrofit.RequestVertifyInterceptor.intercept(Unknown Source:17039402)
01-25 15:42:56.516  4047  6733 W System.err: 	at com.bytedance.retrofit2.intercept.RealInterceptorChain.proceed(Unknown Source:17170559)
01-25 15:42:56.516  4047  6733 W System.err: 	at X.9Oz.intercept(Unknown Source:17170578)
01-25 15:42:56.516  4047  6733 W System.err: 	at com.bytedance.retrofit2.intercept.RealInterceptorChain.proceed(Unknown Source:17170559)
01-25 15:42:56.516  4047  6733 W System.err: 	at X.9PY.intercept(Unknown Source:17236294)
01-25 15:42:56.516  4047  6733 W System.err: 	at com.bytedance.retrofit2.intercept.RealInterceptorChain.proceed(Unknown Source:17170559)
01-25 15:42:56.516  4047  6733 W System.err: 	at X.5xM.intercept(Native Method)
01-25 15:42:56.516  4047  6733 W System.err: 	at com.bytedance.retrofit2.intercept.RealInterceptorChain.proceed(Unknown Source:17170559)
01-25 15:42:56.516  4047  6733 W System.err: 	at X.9VH.intercept(Unknown Source:17236320)
01-25 15:42:56.516  4047  6733 W System.err: 	at com.bytedance.retrofit2.intercept.RealInterceptorChain.proceed(Unknown Source:17170559)
01-25 15:42:56.516  4047  6733 W System.err: 	at X.9PA.intercept(Unknown Source:17170666)
01-25 15:42:56.516  4047  6733 W System.err: 	at com.bytedance.retrofit2.intercept.RealInterceptorChain.proceed(Unknown Source:17170559)
01-25 15:42:56.516  4047  6733 W System.err: 	at X.9Or.intercept(Unknown Source:17170500)
01-25 15:42:56.516  4047  6733 W System.err: 	at com.bytedance.retrofit2.intercept.RealInterceptorChain.proceed(Unknown Source:17170559)
01-25 15:42:56.516  4047  6733 W System.err: 	at X.9Os.intercept(Unknown Source:17170507)
01-25 15:42:56.516  4047  6733 W System.err: 	at com.bytedance.retrofit2.intercept.RealInterceptorChain.proceed(Unknown Source:17170559)
01-25 15:42:56.516  4047  6733 W System.err: 	at X.9Nd.intercept(Unknown Source:17236248)
01-25 15:42:56.516  4047  6733 W System.err: 	at com.bytedance.retrofit2.intercept.RealInterceptorChain.proceed(Unknown Source:17170559)
01-25 15:42:56.516  4047  6733 W System.err: 	at X.9Pp.intercept(Unknown Source:17236319)
01-25 15:42:56.516  4047  6733 W System.err: 	at com.bytedance.retrofit2.intercept.RealInterceptorChain.proceed(Unknown Source:17170559)
01-25 15:42:56.516  4047  6733 W System.err: 	at X.5xQ.intercept(Unknown Source:17105001)
01-25 15:42:56.516  4047  6733 W System.err: 	at com.bytedance.retrofit2.intercept.RealInterceptorChain.proceed(Unknown Source:17170559)
01-25 15:42:56.516  4047  6733 W System.err: 	at X.9Xr.intercept(Unknown Source:17236239)
01-25 15:42:56.516  4047  6733 W System.err: 	at com.bytedance.retrofit2.intercept.RealInterceptorChain.proceed(Unknown Source:17170559)
01-25 15:42:56.516  4047  6733 W System.err: 	at X.9P6.intercept(Unknown Source:17170565)
01-25 15:42:56.516  4047  6733 W System.err: 	at com.bytedance.retrofit2.intercept.RealInterceptorChain.proceed(Unknown Source:17170559)
01-25 15:42:56.516  4047  6733 W System.err: 	at X.9OE.intercept(Unknown Source:17104960)
01-25 15:42:56.516  4047  6733 W System.err: 	at com.bytedance.retrofit2.intercept.RealInterceptorChain.proceed(Unknown Source:17170559)
01-25 15:42:56.516  4047  6733 W System.err: 	at com.ss.android.account.token.TTTokenInterceptor.intercept(Unknown Source:17170542)
01-25 15:42:56.516  4047  6733 W System.err: 	at com.bytedance.retrofit2.intercept.RealInterceptorChain.proceed(Unknown Source:17170559)
01-25 15:42:56.516  4047  6733 W System.err: 	at com.ss.android.account.token.TTTokenInterceptor.intercept(Unknown Source:17170542)
01-25 15:42:56.516  4047  6733 W System.err: 	at com.bytedance.retrofit2.intercept.RealInterceptorChain.proceed(Unknown Source:17170559)
01-25 15:42:56.516  4047  6733 W System.err: 	at com.bytedance.bdturing.ttnet.TTNetUtil$2.intercept(Unknown Source:17104962)
01-25 15:42:56.516  4047  6733 W System.err: 	at com.bytedance.retrofit2.intercept.RealInterceptorChain.proceed(Unknown Source:17170559)
01-25 15:42:56.516  4047  6733 W System.err: 	at com.bytedance.frameworks.baselib.network.http.retrofit.BaseSsInterceptor.intercept(Unknown Source:17104975)
01-25 15:42:56.516  4047  6733 W System.err: 	at com.bytedance.retrofit2.intercept.RealInterceptorChain.proceed(Unknown Source:17170559)
01-25 15:42:56.516  4047  6733 W System.err: 	at com.bytedance.retrofit2.SsHttpCall.getResponseWithInterceptorChain(Unknown Source:262195)
01-25 15:42:56.516  4047  6733 W System.err: 	at com.bytedance.retrofit2.SsHttpCall.execute(Unknown Source:458957)
01-25 15:42:56.516  4047  6733 W System.err: 	at com.bytedance.retrofit2.ExecutorCallAdapterFactory$ExecutorCallbackCall.execute(Unknown Source:65538)
01-25 15:42:56.516  4047  6733 W System.err: 	at X.9OC.a(Unknown Source:689)
01-25 15:42:56.516  4047  6733 W System.err: 	at X.9OB.a(Unknown Source:20)
01-25 15:42:56.516  4047  6733 W System.err: 	at com.vega.core.net.NetworkManagerWrapper.a(Unknown Source:322)
01-25 15:42:56.516  4047  6733 W System.err: 	at X.9Mq.doPost(Unknown Source:33882156)
01-25 15:42:56.516  4047  6733 W System.err: 	at X.9Eq.a(Unknown Source:67371035)
01-25 15:42:56.516  4047  6733 W System.err: 	at com.bytedance.geckox.settings.GlobalSettingsManager.e(Unknown Source:458876)
01-25 15:42:56.516  4047  6733 W System.err: 	at com.bytedance.geckox.settings.GlobalSettingsManager.proceedRequest(Unknown Source:16973839)
01-25 15:42:56.516  4047  6733 W System.err: 	at com.bytedance.geckox.settings.GlobalSettingsManager.encrypt(Native Method)
01-25 15:42:56.516  4047  6733 W System.err: 	at com.bytedance.geckox.settings.GlobalSettingsManager.a(Unknown Source:33882206)
01-25 15:42:56.516  4047  6733 W System.err: 	at com.bytedance.geckox.settings.GlobalSettingsManager$2.run(Unknown Source:393267)
01-25 15:42:56.516  4047  6733 W System.err: 	at java.util.concurrent.ThreadPoolExecutor.runWorker(ThreadPoolExecutor.java:1167)
01-25 15:42:56.516  4047  6733 W System.err: 	at java.util.concurrent.ThreadPoolExecutor$Worker.run(ThreadPoolExecutor.java:641)
01-25 15:42:56.516  4047  6733 W System.err: 	at java.lang.Thread.run(Thread.java:919)
01-25 15:42:56.516  4047  6733 W System.err: 	at com.ss.android.ugc.bytex.pthread.base.convergence.hook.ThreadProxy$start$1.invoke(Unknown Source:23)
01-25 15:42:56.516  4047  6733 W System.err: 	at com.ss.android.ugc.bytex.pthread.base.convergence.hook.ThreadProxy$start$1.invoke(Unknown Source:2)
01-25 15:42:56.516  4047  6733 W System.err: 	at com.ss.android.ugc.bytex.pthread.base.convergence.helper.ThreadWorker.run(Unknown Source:104)
01-25 15:42:56.516  4047  6733 W System.err: 	at java.util.concurrent.ThreadPoolExecutor.runWorker(ThreadPoolExecutor.java:1167)
01-25 15:42:56.516  4047  6733 W System.err: 	at java.util.concurrent.ThreadPoolExecutor$Worker.run(ThreadPoolExecutor.java:641)
01-25 15:42:56.516  4047  6733 W System.err: 	at java.lang.Thread.run(Thread.java:919)
01-25 15:42:56.539  5807  5852 I BufferQueueProducer: [minicap](this:0x7b9ced9000,id:0,api:1,p:531,c:5807) queueBuffer: slot 2 is dropped, handle=0x7b9cef4c80
01-25 15:42:56.559   531   531 I SurfaceFlinger: screenshot (com.example.chatter/com.example.chatter.Splash#0)
01-25 15:42:56.606  5807  5852 I BufferQueueProducer: [minicap](this:0x7b9ced9000,id:0,api:1,p:531,c:5807) queueBuffer: slot 1 is dropped, handle=0x7b9cef4a00
01-25 15:42:56.657  5807  5852 I BufferQueueProducer: [minicap](this:0x7b9ced9000,id:0,api:1,p:531,c:5807) queueBuffer: slot 0 is dropped, handle=0x7b9cef4640
01-25 15:42:56.659   531   531 I SurfaceFlinger: screenshot (com.example.chatter/com.example.chatter.Splash#0)
01-25 15:42:56.707  5807  5852 I BufferQueueProducer: [minicap](this:0x7b9ced9000,id:0,api:1,p:531,c:5807) queueBuffer: slot 1 is dropped, handle=0x7b9cef4a00
01-25 15:42:56.722   531   531 I BufferQueueProducer: [VDS: minicap](this:0x7b371f7800,id:178061,api:1,p:531,c:531) queueBuffer: fps=59.75 dur=1004.10 max=18.78 min=14.89
01-25 15:42:56.723   504  3534 I hwcomposer: [HWCDisplay] [Display_2 (type:2)] fps:59.755081,dur:1004.10,max:18.93,min:14.78  
01-25 15:42:56.724  5807  5852 I BufferQueueProducer: [minicap](this:0x7b9ced9000,id:0,api:1,p:531,c:5807) queueBuffer: fps=59.76 dur=1004.02 max=19.02 min=14.77
01-25 15:42:56.725   504  3534 I hwcomposer: [HWCDisplay] [Display_0 (type:1)] fps:59.749050,dur:1004.20,max:19.18,min:14.94  
01-25 15:42:56.757  5807  5852 I BufferQueueProducer: [minicap](this:0x7b9ced9000,id:0,api:1,p:531,c:5807) queueBuffer: slot 0 is dropped, handle=0x7b9cef4640
01-25 15:42:56.760   531   531 I SurfaceFlinger: screenshot (com.example.chatter/com.example.chatter.Splash#0)
01-25 15:42:56.807  5807  5852 I BufferQueueProducer: [minicap](this:0x7b9ced9000,id:0,api:1,p:531,c:5807) queueBuffer: slot 1 is dropped, handle=0x7b9cef4a00
01-25 15:42:56.858  5807  5852 I BufferQueueProducer: [minicap](this:0x7b9ced9000,id:0,api:1,p:531,c:5807) queueBuffer: slot 0 is dropped, handle=0x7b9cef4640
01-25 15:42:56.860   531   531 I SurfaceFlinger: screenshot (com.example.chatter/com.example.chatter.Splash#0)
01-25 15:42:56.869   518   567 I libPowerHal: 36: cpu_ctrl set freq: -1 -1 -1 -1
01-25 15:42:56.918 30183 30183 I ADB_SERVICES: service_to_fd shell,v2,TERM=xterm-256color,raw:dumpsys display
01-25 15:42:56.926  5807  5852 I BufferQueueProducer: [minicap](this:0x7b9ced9000,id:0,api:1,p:531,c:5807) queueBuffer: slot 2 is dropped, handle=0x7b9cef4c80
01-25 15:42:56.943 30183  6735 I ADB_SERVICES: post waitpid (pid=6734) status=0000
01-25 15:42:56.943 30183 30183 I ADB_SERVICES: for fd 39, revents = 2010
01-25 15:42:56.943 30183 30183 I ADB_SERVICES: for fd 39, revents = 2011
01-25 15:42:56.953 30183 30183 I ADB_SERVICES: service_to_fd shell,v2,TERM=xterm-256color,raw:wm size
01-25 15:42:56.963   531   531 I SurfaceFlinger: screenshot (com.example.chatter/com.example.chatter.Splash#0)
01-25 15:42:56.984 30183  6738 I ADB_SERVICES: post waitpid (pid=6737) status=0000
01-25 15:42:56.985 30183 30183 I ADB_SERVICES: for fd 39, revents = 2011
01-25 15:42:56.991  1226  1226 I MWN     : Write 3 to node. type=unknown mSimExist=true mFlightMode=false
01-25 15:42:56.985 30183 30183 I ADB_SERVICES: for fd 39, revents = 2011
01-25 15:42:56.994  5807  5852 I BufferQueueProducer: [minicap](this:0x7b9ced9000,id:0,api:1,p:531,c:5807) queueBuffer: slot 0 is dropped, handle=0x7b9cef4640
01-25 15:42:56.995 30183 30183 I ADB_SERVICES: service_to_fd shell,v2,TERM=xterm-256color,raw:dumpsys input
01-25 15:42:57.015  1226  2282 E TouchFilter: setTouchFilter LOG Enable prameter: 0
01-25 15:42:57.015  1226  2282 E TouchFilter: Event Hub Touch Filter log is disabled
01-25 15:42:57.015  1226  2282 E TouchFilter: Event Hub Touch Filter is enabled
01-25 15:42:57.017   531  1419 I BufferQueueProducer: [com.example.chatter/com.example.chatter.Splash#0](this:0x7b5146f800,id:178063,api:1,p:6254,c:531) queueBuffer: fps=59.49 dur=1008.58 max=21.06 min=13.46
01-25 15:42:57.020 30183  6743 I ADB_SERVICES: post waitpid (pid=6742) status=0000
01-25 15:42:57.020 30183 30183 I ADB_SERVICES: for fd 39, revents = 2010
01-25 15:42:57.020 30183 30183 I ADB_SERVICES: for fd 39, revents = 2011
01-25 15:42:57.028 30183 30183 I ADB_SERVICES: service_to_fd shell,v2,TERM=xterm-256color,raw:getprop ro.sf.lcd_density
01-25 15:42:57.042 30183  6746 I ADB_SERVICES: post waitpid (pid=6745) status=0000
01-25 15:42:57.042 30183 30183 I ADB_SERVICES: for fd 39, revents = 2010
01-25 15:42:57.042 30183 30183 I ADB_SERVICES: for fd 39, revents = 2011
01-25 15:42:57.043  5807  5852 I BufferQueueProducer: [minicap](this:0x7b9ced9000,id:0,api:1,p:531,c:5807) queueBuffer: slot 1 is dropped, handle=0x7b9cef4a00
01-25 15:42:57.079   531   531 I SurfaceFlinger: screenshot (com.example.chatter/com.example.chatter.Splash#0)
01-25 15:42:57.108  5807  5852 I BufferQueueProducer: [minicap](this:0x7b9ced9000,id:0,api:1,p:531,c:5807) queueBuffer: slot 2 is dropped, handle=0x7b9cef4c80
01-25 15:42:57.161  5807  5852 I BufferQueueProducer: [minicap](this:0x7b9ced9000,id:0,api:1,p:531,c:5807) queueBuffer: slot 0 is dropped, handle=0x7b9cef4640
01-25 15:42:57.181   531   531 I SurfaceFlinger: screenshot (com.example.chatter/com.example.chatter.Splash#0)
01-25 15:42:57.211  5807  5852 I BufferQueueProducer: [minicap](this:0x7b9ced9000,id:0,api:1,p:531,c:5807) queueBuffer: slot 2 is dropped, handle=0x7b9cef4c80
01-25 15:42:57.238 30183 30183 I ADB_SERVICES: service_to_fd shell,v2,TERM=xterm-256color,raw:ps
01-25 15:42:57.261  5807  5852 I BufferQueueProducer: [minicap](this:0x7b9ced9000,id:0,api:1,p:531,c:5807) queueBuffer: slot 0 is dropped, handle=0x7b9cef4640
01-25 15:42:57.281   531   531 I SurfaceFlinger: screenshot (com.example.chatter/com.example.chatter.Splash#0)
01-25 15:42:57.303 30183  6748 I ADB_SERVICES: post waitpid (pid=6747) status=0000
01-25 15:42:57.303 30183 30183 I ADB_SERVICES: for fd 39, revents = 2010
01-25 15:42:57.303 30183 30183 I ADB_SERVICES: for fd 39, revents = 2011
01-25 15:42:57.312  5807  5852 I BufferQueueProducer: [minicap](this:0x7b9ced9000,id:0,api:1,p:531,c:5807) queueBuffer: slot 2 is dropped, handle=0x7b9cef4c80
01-25 15:42:57.362  5807  5852 I BufferQueueProducer: [minicap](this:0x7b9ced9000,id:0,api:1,p:531,c:5807) queueBuffer: slot 0 is dropped, handle=0x7b9cef4640
01-25 15:42:57.397   531   531 I SurfaceFlinger: screenshot (com.example.chatter/com.example.chatter.Splash#0)
01-25 15:42:57.411 30183 30183 I ADB_SERVICES: service_to_fd shell,v2,TERM=xterm-256color,raw:dumpsys activity activities
01-25 15:42:57.413  5807  5852 I BufferQueueProducer: [minicap](this:0x7b9ced9000,id:0,api:1,p:531,c:5807) queueBuffer: slot 2 is dropped, handle=0x7b9cef4c80
01-25 15:42:57.446 30183  6750 I ADB_SERVICES: post waitpid (pid=6749) status=0000
01-25 15:42:57.446 30183 30183 I ADB_SERVICES: for fd 39, revents = 2011
01-25 15:42:57.446 30183 30183 I ADB_SERVICES: for fd 39, revents = 2011
01-25 15:42:57.454 30183 30183 I ADB_SERVICES: service_to_fd shell,v2,TERM=xterm-256color,raw:dumpsys activity activities
01-25 15:42:57.463  5807  5852 I BufferQueueProducer: [minicap](this:0x7b9ced9000,id:0,api:1,p:531,c:5807) queueBuffer: slot 0 is dropped, handle=0x7b9cef4640
01-25 15:42:57.491 30183  6753 I ADB_SERVICES: post waitpid (pid=6752) status=0000
01-25 15:42:57.491 30183 30183 I ADB_SERVICES: for fd 39, revents = 2011
01-25 15:42:57.491 30183 30183 I ADB_SERVICES: for fd 39, revents = 2011
01-25 15:42:57.498   531   531 I SurfaceFlinger: screenshot (com.example.chatter/com.example.chatter.Splash#0)
01-25 15:42:57.499 30183 30183 I ADB_SERVICES: service_to_fd shell,v2,TERM=xterm-256color,raw:dumpsys activity activities
01-25 15:42:57.513  5807  5852 I BufferQueueProducer: [minicap](this:0x7b9ced9000,id:0,api:1,p:531,c:5807) queueBuffer: slot 2 is dropped, handle=0x7b9cef4c80
01-25 15:42:57.523 30183  6756 I ADB_SERVICES: post waitpid (pid=6755) status=0000
01-25 15:42:57.523 30183 30183 I ADB_SERVICES: for fd 39, revents = 2010
01-25 15:42:57.523 30183 30183 I ADB_SERVICES: for fd 39, revents = 2011
01-25 15:42:57.530 30183 30183 I ADB_SERVICES: service_to_fd shell,v2,TERM=xterm-256color,raw:dumpsys activity services
01-25 15:42:57.562  5807  5852 I BufferQueueProducer: [minicap](this:0x7b9ced9000,id:0,api:1,p:531,c:5807) queueBuffer: slot 0 is dropped, handle=0x7b9cef4640
01-25 15:42:57.563 21704 28947 I native  : I0000 00:00:1737798177.563218   28947 soda_impl.cc:1708] Adding hotword timeout event
01-25 15:42:57.564 21704 28948 I epkv    : Hotword timeout event!
01-25 15:42:57.564 21704 28948 I epkv    : Not DEFAULT_DSP timeout event. Call the onHotwordTimeout callback.
01-25 15:42:57.565 21704 28948 I epna    : (REDACTED) Hotword score : %f, Hotword model id : %s.
01-25 15:42:57.565 21704 28948 I epna    : (REDACTED) Timeout reason %s, Coarse channel index %d.
01-25 15:42:57.565 21704 28948 I epdy    : Not handling the timeoutevent with the timeout reason that is not DEFAULT_DSP for now.
01-25 15:42:57.611  5807  5852 I BufferQueueProducer: [minicap](this:0x7b9ced9000,id:0,api:1,p:531,c:5807) queueBuffer: slot 2 is dropped, handle=0x7b9cef4c80
01-25 15:42:57.614   531   531 I SurfaceFlinger: screenshot (com.example.chatter/com.example.chatter.Splash#0)
01-25 15:42:57.662  5807  5852 I BufferQueueProducer: [minicap](this:0x7b9ced9000,id:0,api:1,p:531,c:5807) queueBuffer: slot 0 is dropped, handle=0x7b9cef4640
01-25 15:42:57.712  5807  5852 I BufferQueueProducer: [minicap](this:0x7b9ced9000,id:0,api:1,p:531,c:5807) queueBuffer: slot 2 is dropped, handle=0x7b9cef4c80
01-25 15:42:57.716   531   531 I SurfaceFlinger: screenshot (com.example.chatter/com.example.chatter.Splash#0)
01-25 15:42:57.728   531   531 I BufferQueueProducer: [VDS: minicap](this:0x7b371f7800,id:178061,api:1,p:531,c:531) queueBuffer: fps=59.67 dur=1005.52 max=19.67 min=14.06
01-25 15:42:57.729   504  3534 I hwcomposer: [HWCDisplay] [Display_2 (type:2)] fps:59.661064,dur:1005.68,max:20.12,min:13.62  
01-25 15:42:57.730  5807  5852 I BufferQueueProducer: [minicap](this:0x7b9ced9000,id:0,api:1,p:531,c:5807) queueBuffer: fps=59.64 dur=1006.08 max=20.42 min=13.48
01-25 15:42:57.731   504  3534 I hwcomposer: [HWCDisplay] [Display_0 (type:1)] fps:59.632244,dur:1006.17,max:20.48,min:13.40  
01-25 15:42:57.761  5807  5852 I BufferQueueProducer: [minicap](this:0x7b9ced9000,id:0,api:1,p:531,c:5807) queueBuffer: slot 0 is dropped, handle=0x7b9cef4640
01-25 15:42:57.811 30183  6759 I ADB_SERVICES: post waitpid (pid=6758) status=0000
01-25 15:42:57.811 30183 30183 I ADB_SERVICES: for fd 39, revents = 2010
01-25 15:42:57.811 30183 30183 I ADB_SERVICES: for fd 39, revents = 2011
01-25 15:42:57.812  5807  5852 I BufferQueueProducer: [minicap](this:0x7b9ced9000,id:0,api:1,p:531,c:5807) queueBuffer: slot 2 is dropped, handle=0x7b9cef4c80
01-25 15:42:57.831   531   531 I SurfaceFlinger: screenshot (com.example.chatter/com.example.chatter.Splash#0)
01-25 15:42:57.862  5807  5852 I BufferQueueProducer: [minicap](this:0x7b9ced9000,id:0,api:1,p:531,c:5807) queueBuffer: slot 0 is dropped, handle=0x7b9cef4640
01-25 15:42:57.871 30183 30183 I ADB_SERVICES: service_to_fd shell,v2,TERM=xterm-256color,raw:dumpsys display
01-25 15:42:57.911 30183  6762 I ADB_SERVICES: post waitpid (pid=6761) status=0000
01-25 15:42:57.912  5807  5852 I BufferQueueProducer: [minicap](this:0x7b9ced9000,id:0,api:1,p:531,c:5807) queueBuffer: slot 2 is dropped, handle=0x7b9cef4c80
01-25 15:42:57.912 30183 30183 I ADB_SERVICES: for fd 39, revents = 2011
01-25 15:42:57.912 30183 30183 I ADB_SERVICES: for fd 39, revents = 2011
01-25 15:42:57.922 30183 30183 I ADB_SERVICES: service_to_fd shell,v2,TERM=xterm-256color,raw:wm size
01-25 15:42:57.926 30183 30183 I ADB_SERVICES: service_to_fd shell,v2,TERM=xterm-256color,raw:dumpsys display
01-25 15:42:57.932   531   531 I SurfaceFlinger: screenshot (com.example.chatter/com.example.chatter.Splash#0)
01-25 15:42:57.963  5807  5852 I BufferQueueProducer: [minicap](this:0x7b9ced9000,id:0,api:1,p:531,c:5807) queueBuffer: slot 0 is dropped, handle=0x7b9cef4640
01-25 15:42:57.975 30183  6765 I ADB_SERVICES: post waitpid (pid=6764) status=0000
01-25 15:42:57.975 30183  6767 I ADB_SERVICES: post waitpid (pid=6766) status=0000
01-25 15:42:57.975 30183 30183 I ADB_SERVICES: for fd 43, revents = 2010
01-25 15:42:57.975 30183 30183 I ADB_SERVICES: for fd 39, revents = 2011
01-25 15:42:57.975 30183 30183 I ADB_SERVICES: for fd 43, revents = 2011
01-25 15:42:57.975 30183 30183 I ADB_SERVICES: for fd 39, revents = 2011
01-25 15:42:57.985 30183 30183 I ADB_SERVICES: service_to_fd shell,v2,TERM=xterm-256color,raw:wm size
01-25 15:42:57.989 30183 30183 I ADB_SERVICES: service_to_fd shell,v2,TERM=xterm-256color,raw:dumpsys input
01-25 15:42:58.022   531  1419 I BufferQueueProducer: [com.example.chatter/com.example.chatter.Splash#0](this:0x7b5146f800,id:178063,api:1,p:6254,c:531) queueBuffer: fps=59.70 dur=1005.03 max=21.09 min=11.90
01-25 15:42:58.030  5807  5852 I BufferQueueProducer: [minicap](this:0x7b9ced9000,id:0,api:1,p:531,c:5807) queueBuffer: slot 1 is dropped, handle=0x7b9cef4a00
01-25 15:42:58.033   531   531 I SurfaceFlinger: screenshot (com.example.chatter/com.example.chatter.Splash#0)
01-25 15:42:58.034  1226  2282 E TouchFilter: setTouchFilter LOG Enable prameter: 0
01-25 15:42:58.034  1226  2282 E TouchFilter: Event Hub Touch Filter log is disabled
01-25 15:42:58.034  1226  2282 E TouchFilter: Event Hub Touch Filter is enabled
01-25 15:42:58.042 30183  6773 I ADB_SERVICES: post waitpid (pid=6772) status=0000
01-25 15:42:58.042 30183 30183 I ADB_SERVICES: for fd 39, revents = 2010
01-25 15:42:58.042 30183 30183 I ADB_SERVICES: for fd 39, revents = 2011
01-25 15:42:58.046 30183  6775 I ADB_SERVICES: post waitpid (pid=6774) status=0000
01-25 15:42:58.046 30183 30183 I ADB_SERVICES: for fd 43, revents = 2011
01-25 15:42:58.046 30183 30183 I ADB_SERVICES: for fd 43, revents = 2011
01-25 15:42:58.050 30183 30183 I ADB_SERVICES: service_to_fd shell,v2,TERM=xterm-256color,raw:dumpsys input
01-25 15:42:58.055 30183 30183 I ADB_SERVICES: service_to_fd shell,v2,TERM=xterm-256color,raw:getprop ro.sf.lcd_density
01-25 15:42:58.081  5807  5852 I BufferQueueProducer: [minicap](this:0x7b9ced9000,id:0,api:1,p:531,c:5807) queueBuffer: slot 2 is dropped, handle=0x7b9cef4c80
01-25 15:42:58.081 30183  6783 I ADB_SERVICES: post waitpid (pid=6782) status=0000
01-25 15:42:58.082 30183 30183 I ADB_SERVICES: for fd 43, revents = 2010
01-25 15:42:58.082 30183 30183 I ADB_SERVICES: for fd 43, revents = 2011
