01-25 15:42:58.088  1226  1235 I system_server: Background young concurrent copying GC freed 322941(33MB) AllocSpace objects, 34(896KB) LOS objects, 13% free, 158MB/182MB, paused 191us total 324.038ms
01-25 15:42:58.091  1226  2282 E TouchFilter: setTouchFilter LOG Enable prameter: 0
01-25 15:42:58.091  1226  2282 E TouchFilter: Event Hub Touch Filter log is disabled
01-25 15:42:58.091  1226  2282 E TouchFilter: Event Hub Touch Filter is enabled
01-25 15:42:58.096 30183  6781 I ADB_SERVICES: post waitpid (pid=6780) status=0000
01-25 15:42:58.096 30183 30183 I ADB_SERVICES: for fd 39, revents = 2010
01-25 15:42:58.096 30183 30183 I ADB_SERVICES: for fd 39, revents = 2011
01-25 15:42:58.106 30183 30183 I ADB_SERVICES: service_to_fd shell,v2,TERM=xterm-256color,raw:dumpsys activity activities
01-25 15:42:58.110 30183 30183 I ADB_SERVICES: service_to_fd shell,v2,TERM=xterm-256color,raw:getprop ro.sf.lcd_density
01-25 15:42:58.130  5807  5852 I BufferQueueProducer: [minicap](this:0x7b9ced9000,id:0,api:1,p:531,c:5807) queueBuffer: slot 1 is dropped, handle=0x7b9cef4a00
01-25 15:42:58.132 30183  6788 I ADB_SERVICES: post waitpid (pid=6787) status=0000
01-25 15:42:58.133 30183 30183 I ADB_SERVICES: for fd 43, revents = 2010
01-25 15:42:58.133 30183 30183 I ADB_SERVICES: for fd 43, revents = 2011
01-25 15:42:58.133   531   531 I SurfaceFlinger: screenshot (com.example.chatter/com.example.chatter.Splash#0)
01-25 15:42:58.136 30183  6786 I ADB_SERVICES: post waitpid (pid=6785) status=0000
01-25 15:42:58.136 30183 30183 I ADB_SERVICES: for fd 39, revents = 2010
01-25 15:42:58.137 30183 30183 I ADB_SERVICES: for fd 39, revents = 2011
01-25 15:42:58.144 30183 30183 I ADB_SERVICES: service_to_fd shell,v2,TERM=xterm-256color,raw:dumpsys activity activities
01-25 15:42:58.170 30183  6791 I ADB_SERVICES: post waitpid (pid=6790) status=0000
01-25 15:42:58.170 30183 30183 I ADB_SERVICES: for fd 39, revents = 2010
01-25 15:42:58.171 30183 30183 I ADB_SERVICES: for fd 39, revents = 2011
01-25 15:42:58.178 30183 30183 I ADB_SERVICES: service_to_fd shell,v2,TERM=xterm-256color,raw:dumpsys activity activities
01-25 15:42:58.181  5807  5852 I BufferQueueProducer: [minicap](this:0x7b9ced9000,id:0,api:1,p:531,c:5807) queueBuffer: slot 2 is dropped, handle=0x7b9cef4c80
01-25 15:42:58.204 30183  6794 I ADB_SERVICES: post waitpid (pid=6793) status=0000
01-25 15:42:58.204 30183 30183 I ADB_SERVICES: for fd 39, revents = 2010
01-25 15:42:58.204 30183 30183 I ADB_SERVICES: for fd 39, revents = 2011
01-25 15:42:58.212 30183 30183 I ADB_SERVICES: service_to_fd shell,v2,TERM=xterm-256color,raw:dumpsys activity services
01-25 15:42:58.230  5807  5852 I BufferQueueProducer: [minicap](this:0x7b9ced9000,id:0,api:1,p:531,c:5807) queueBuffer: slot 1 is dropped, handle=0x7b9cef4a00
01-25 15:42:58.249   531   531 I SurfaceFlinger: screenshot (com.example.chatter/com.example.chatter.Splash#0)
01-25 15:42:58.280  5807  5852 I BufferQueueProducer: [minicap](this:0x7b9ced9000,id:0,api:1,p:531,c:5807) queueBuffer: slot 2 is dropped, handle=0x7b9cef4c80
01-25 15:42:58.315 30183 30183 I ADB_SERVICES: service_to_fd shell,v2,TERM=xterm-256color,raw:ps
01-25 15:42:58.332  5807  5852 I BufferQueueProducer: [minicap](this:0x7b9ced9000,id:0,api:1,p:531,c:5807) queueBuffer: slot 1 is dropped, handle=0x7b9cef4a00
01-25 15:42:58.366   531   531 I SurfaceFlinger: screenshot (com.example.chatter/com.example.chatter.Splash#0)
01-25 15:42:58.378 30183  6800 I ADB_SERVICES: post waitpid (pid=6799) status=0000
01-25 15:42:58.378 30183 30183 I ADB_SERVICES: for fd 43, revents = 2010
01-25 15:42:58.378 30183 30183 I ADB_SERVICES: for fd 43, revents = 2011
01-25 15:42:58.382  5807  5852 I BufferQueueProducer: [minicap](this:0x7b9ced9000,id:0,api:1,p:531,c:5807) queueBuffer: slot 2 is dropped, handle=0x7b9cef4c80
01-25 15:42:58.432  5807  5852 I BufferQueueProducer: [minicap](this:0x7b9ced9000,id:0,api:1,p:531,c:5807) queueBuffer: slot 1 is dropped, handle=0x7b9cef4a00
01-25 15:42:58.468   531   531 I SurfaceFlinger: screenshot (com.example.chatter/com.example.chatter.Splash#0)
01-25 15:42:58.482 30183  6797 I ADB_SERVICES: post waitpid (pid=6796) status=0000
01-25 15:42:58.482 30183 30183 I ADB_SERVICES: for fd 39, revents = 2010
01-25 15:42:58.482 30183 30183 I ADB_SERVICES: for fd 39, revents = 2011
01-25 15:42:58.483  5807  5852 I BufferQueueProducer: [minicap](this:0x7b9ced9000,id:0,api:1,p:531,c:5807) queueBuffer: slot 2 is dropped, handle=0x7b9cef4c80
01-25 15:42:58.532  5807  5852 I BufferQueueProducer: [minicap](this:0x7b9ced9000,id:0,api:1,p:531,c:5807) queueBuffer: slot 1 is dropped, handle=0x7b9cef4a00
01-25 15:42:58.549 30183 30183 I ADB_SERVICES: service_to_fd shell,v2,TERM=xterm-256color,raw:dumpsys display
01-25 15:42:58.582  5807  5852 I BufferQueueProducer: [minicap](this:0x7b9ced9000,id:0,api:1,p:531,c:5807) queueBuffer: slot 2 is dropped, handle=0x7b9cef4c80
01-25 15:42:58.586   531   531 I SurfaceFlinger: screenshot (com.example.chatter/com.example.chatter.Splash#0)
01-25 15:42:58.594 30183  6802 I ADB_SERVICES: post waitpid (pid=6801) status=0000
01-25 15:42:58.594 30183 30183 I ADB_SERVICES: for fd 39, revents = 2011
01-25 15:42:58.594 30183 30183 I ADB_SERVICES: for fd 39, revents = 2011
01-25 15:42:58.604 30183 30183 I ADB_SERVICES: service_to_fd shell,v2,TERM=xterm-256color,raw:wm size
01-25 15:42:58.631  5807  5852 I BufferQueueProducer: [minicap](this:0x7b9ced9000,id:0,api:1,p:531,c:5807) queueBuffer: slot 1 is dropped, handle=0x7b9cef4a00
01-25 15:42:58.658 30183  6806 I ADB_SERVICES: post waitpid (pid=6805) status=0000
01-25 15:42:58.658 30183 30183 I ADB_SERVICES: for fd 39, revents = 2011
01-25 15:42:58.658 30183 30183 I ADB_SERVICES: for fd 39, revents = 2011
01-25 15:42:58.665 30183 30183 I ADB_SERVICES: service_to_fd shell,v2,TERM=xterm-256color,raw:dumpsys input
01-25 15:42:58.682  5807  5852 I BufferQueueProducer: [minicap](this:0x7b9ced9000,id:0,api:1,p:531,c:5807) queueBuffer: slot 2 is dropped, handle=0x7b9cef4c80
01-25 15:42:58.686  1226  2282 E TouchFilter: setTouchFilter LOG Enable prameter: 0
01-25 15:42:58.686  1226  2282 E TouchFilter: Event Hub Touch Filter log is disabled
01-25 15:42:58.686  1226  2282 E TouchFilter: Event Hub Touch Filter is enabled
01-25 15:42:58.698 30183  6811 I ADB_SERVICES: post waitpid (pid=6810) status=0000
01-25 15:42:58.698 30183 30183 I ADB_SERVICES: for fd 39, revents = 2011
01-25 15:42:58.699 30183 30183 I ADB_SERVICES: for fd 39, revents = 2011
01-25 15:42:58.703   531   531 I SurfaceFlinger: screenshot (com.example.chatter/com.example.chatter.Splash#0)
01-25 15:42:58.706 30183 30183 I ADB_SERVICES: service_to_fd shell,v2,TERM=xterm-256color,raw:getprop ro.sf.lcd_density
01-25 15:42:58.731   531   531 I BufferQueueProducer: [VDS: minicap](this:0x7b371f7800,id:178061,api:1,p:531,c:531) queueBuffer: fps=59.80 dur=1003.36 max=19.16 min=13.84
01-25 15:42:58.732   504  3534 I hwcomposer: [HWCDisplay] [Display_2 (type:2)] fps:59.798927,dur:1003.36,max:19.22,min:13.87  
01-25 15:42:58.734  5807  5852 I BufferQueueProducer: [minicap](this:0x7b9ced9000,id:0,api:1,p:531,c:5807) queueBuffer: fps=59.80 dur=1003.34 max=19.40 min=13.84
01-25 15:42:58.735   504  3534 I hwcomposer: [HWCDisplay] [Display_0 (type:1)] fps:59.771549,dur:1003.82,max:19.69,min:13.50  
01-25 15:42:58.736 30183  6814 I ADB_SERVICES: post waitpid (pid=6813) status=0000
01-25 15:42:58.736 30183 30183 I ADB_SERVICES: for fd 39, revents = 2010
01-25 15:42:58.736 30183 30183 I ADB_SERVICES: for fd 39, revents = 2011
01-25 15:42:58.745 30183 30183 I ADB_SERVICES: service_to_fd shell,v2,TERM=xterm-256color,raw:dumpsys activity activities
01-25 15:42:58.750  5807  5852 I BufferQueueProducer: [minicap](this:0x7b9ced9000,id:0,api:1,p:531,c:5807) queueBuffer: slot 0 is dropped, handle=0x7b9cef4640
01-25 15:42:58.798  1226  1235 I system_server: Background young concurrent copying GC freed 244444(25MB) AllocSpace objects, 13(332KB) LOS objects, 13% free, 157MB/181MB, paused 193us total 334.024ms
01-25 15:42:58.800  5807  5852 I BufferQueueProducer: [minicap](this:0x7b9ced9000,id:0,api:1,p:531,c:5807) queueBuffer: slot 1 is dropped, handle=0x7b9cef4a00
01-25 15:42:58.802 30183  6816 I ADB_SERVICES: post waitpid (pid=6815) status=0000
01-25 15:42:58.802 30183 30183 I ADB_SERVICES: for fd 39, revents = 2011
01-25 15:42:58.802 30183 30183 I ADB_SERVICES: for fd 39, revents = 2011
01-25 15:42:58.811 30183 30183 I ADB_SERVICES: service_to_fd shell,v2,TERM=xterm-256color,raw:dumpsys activity activities
01-25 15:42:58.819   531   531 I SurfaceFlinger: screenshot (com.example.chatter/com.example.chatter.Splash#0)
01-25 15:42:58.848  5807  5852 I BufferQueueProducer: [minicap](this:0x7b9ced9000,id:0,api:1,p:531,c:5807) queueBuffer: slot 0 is dropped, handle=0x7b9cef4640
01-25 15:42:58.852 30183  6819 I ADB_SERVICES: post waitpid (pid=6818) status=0000
01-25 15:42:58.852 30183 30183 I ADB_SERVICES: for fd 39, revents = 2010
01-25 15:42:58.852 30183 30183 I ADB_SERVICES: for fd 39, revents = 2011
01-25 15:42:58.861 30183 30183 I ADB_SERVICES: service_to_fd shell,v2,TERM=xterm-256color,raw:dumpsys activity activities
01-25 15:42:58.885 30183  6822 I ADB_SERVICES: post waitpid (pid=6821) status=0000
01-25 15:42:58.885 30183 30183 I ADB_SERVICES: for fd 39, revents = 2011
01-25 15:42:58.886 30183 30183 I ADB_SERVICES: for fd 39, revents = 2011
01-25 15:42:58.893 30183 30183 I ADB_SERVICES: service_to_fd shell,v2,TERM=xterm-256color,raw:dumpsys activity services
01-25 15:42:58.899  5807  5852 I BufferQueueProducer: [minicap](this:0x7b9ced9000,id:0,api:1,p:531,c:5807) queueBuffer: slot 1 is dropped, handle=0x7b9cef4a00
01-25 15:42:58.934   531   531 I SurfaceFlinger: screenshot (com.example.chatter/com.example.chatter.Splash#0)
01-25 15:42:58.947 30183 30183 I ADB_SERVICES: service_to_fd shell,v2,TERM=xterm-256color,raw:dumpsys display
01-25 15:42:58.952  5807  5852 I BufferQueueProducer: [minicap](this:0x7b9ced9000,id:0,api:1,p:531,c:5807) queueBuffer: slot 0 is dropped, handle=0x7b9cef4640
01-25 15:42:59.000  5807  5852 I BufferQueueProducer: [minicap](this:0x7b9ced9000,id:0,api:1,p:531,c:5807) queueBuffer: slot 1 is dropped, handle=0x7b9cef4a00
01-25 15:42:59.037   531   531 I SurfaceFlinger: screenshot (com.example.chatter/com.example.chatter.Splash#0)
01-25 15:42:59.039   531  1419 I BufferQueueProducer: [com.example.chatter/com.example.chatter.Splash#0](this:0x7b5146f800,id:178063,api:1,p:6254,c:531) queueBuffer: fps=59.98 dur=1016.93 max=20.02 min=13.01
01-25 15:42:59.053  5807  5852 I BufferQueueProducer: [minicap](this:0x7b9ced9000,id:0,api:1,p:531,c:5807) queueBuffer: slot 0 is dropped, handle=0x7b9cef4640
01-25 15:42:59.100  5807  5852 I BufferQueueProducer: [minicap](this:0x7b9ced9000,id:0,api:1,p:531,c:5807) queueBuffer: slot 1 is dropped, handle=0x7b9cef4a00
01-25 15:42:59.132  5807  5852 I BufferQueueProducer: [minicap](this:0x7b9ced9000,id:0,api:1,p:531,c:5807) queueBuffer: slot 1 is dropped, handle=0x7b9cef4a00
01-25 15:42:59.152   531   531 I SurfaceFlinger: screenshot (com.example.chatter/com.example.chatter.Splash#0)
01-25 15:42:59.157 30183  6825 I ADB_SERVICES: post waitpid (pid=6824) status=0000
01-25 15:42:59.157 30183 30183 I ADB_SERVICES: for fd 39, revents = 2010
01-25 15:42:59.157 30183 30183 I ADB_SERVICES: for fd 39, revents = 2011
01-25 15:42:59.158 30183  6828 I ADB_SERVICES: post waitpid (pid=6827) status=0000
01-25 15:42:59.158 30183 30183 I ADB_SERVICES: for fd 43, revents = 2011
01-25 15:42:59.158 30183 30183 I ADB_SERVICES: for fd 43, revents = 2011
01-25 15:42:59.189 30183 30183 I ADB_SERVICES: service_to_fd shell,v2,TERM=xterm-256color,raw:wm size
01-25 15:42:59.201  5807  5852 I BufferQueueProducer: [minicap](this:0x7b9ced9000,id:0,api:1,p:531,c:5807) queueBuffer: slot 0 is dropped, handle=0x7b9cef4640
01-25 15:42:59.229 30183 30183 I ADB_SERVICES: service_to_fd shell,v2,TERM=xterm-256color,raw:dumpsys display
01-25 15:42:59.252 30183  6831 I ADB_SERVICES: post waitpid (pid=6830) status=0000
01-25 15:42:59.252 30183 30183 I ADB_SERVICES: for fd 39, revents = 2011
01-25 15:42:59.252 30183 30183 I ADB_SERVICES: for fd 39, revents = 2011
01-25 15:42:59.255   531   531 I SurfaceFlinger: screenshot (com.example.chatter/com.example.chatter.Splash#0)
01-25 15:42:59.261 30183 30183 I ADB_SERVICES: service_to_fd shell,v2,TERM=xterm-256color,raw:dumpsys input
01-25 15:42:59.270  5807  5852 I BufferQueueProducer: [minicap](this:0x7b9ced9000,id:0,api:1,p:531,c:5807) queueBuffer: slot 1 is dropped, handle=0x7b9cef4a00
01-25 15:42:59.276 30183  6834 I ADB_SERVICES: post waitpid (pid=6833) status=0000
01-25 15:42:59.277 30183 30183 I ADB_SERVICES: for fd 43, revents = 2010
01-25 15:42:59.277 30183 30183 I ADB_SERVICES: for fd 43, revents = 2011
01-25 15:42:59.288 30183 30183 I ADB_SERVICES: service_to_fd shell,v2,TERM=xterm-256color,raw:wm size
01-25 15:42:59.288  1226  1904 E TouchFilter: setTouchFilter LOG Enable prameter: 0
01-25 15:42:59.288  1226  1904 E TouchFilter: Event Hub Touch Filter log is disabled
01-25 15:42:59.288  1226  1904 E TouchFilter: Event Hub Touch Filter is enabled
01-25 15:42:59.298 30183  6838 I ADB_SERVICES: post waitpid (pid=6837) status=0000
01-25 15:42:59.298 30183 30183 I ADB_SERVICES: for fd 42, revents = 2011
01-25 15:42:59.298 30183 30183 I ADB_SERVICES: for fd 42, revents = 2011
01-25 15:42:59.301  5807  5852 I BufferQueueProducer: [minicap](this:0x7b9ced9000,id:0,api:1,p:531,c:5807) queueBuffer: slot 1 is dropped, handle=0x7b9cef4a00
01-25 15:42:59.302 30183 30183 I ADB_SERVICES: service_to_fd shell,v2,TERM=xterm-256color,raw:getprop ro.sf.lcd_density
01-25 15:42:59.319  5807  5852 I BufferQueueProducer: [minicap](this:0x7b9ced9000,id:0,api:1,p:531,c:5807) queueBuffer: slot 2 is dropped, handle=0x7b9cef4c80
01-25 15:42:59.321 30183  6842 I ADB_SERVICES: post waitpid (pid=6841) status=0000
01-25 15:42:59.322 30183  6845 I ADB_SERVICES: post waitpid (pid=6843) status=0000
01-25 15:42:59.323 30183 30183 I ADB_SERVICES: for fd 42, revents = 2011
01-25 15:42:59.323 30183 30183 I ADB_SERVICES: for fd 43, revents = 2011
01-25 15:42:59.323 30183 30183 I ADB_SERVICES: for fd 42, revents = 2011
01-25 15:42:59.323 30183 30183 I ADB_SERVICES: for fd 43, revents = 2011
01-25 15:42:59.333 30183 30183 I ADB_SERVICES: service_to_fd shell,v2,TERM=xterm-256color,raw:dumpsys input
01-25 15:42:59.351  5807  5852 I BufferQueueProducer: [minicap](this:0x7b9ced9000,id:0,api:1,p:531,c:5807) queueBuffer: slot 2 is dropped, handle=0x7b9cef4c80
01-25 15:42:59.355  1226  1919 E TouchFilter: setTouchFilter LOG Enable prameter: 0
01-25 15:42:59.355  1226  1919 E TouchFilter: Event Hub Touch Filter log is disabled
01-25 15:42:59.355  1226  1919 E TouchFilter: Event Hub Touch Filter is enabled
01-25 15:42:59.358 30183  6849 I ADB_SERVICES: post waitpid (pid=6848) status=0000
01-25 15:42:59.358 30183 30183 I ADB_SERVICES: for fd 39, revents = 2010
01-25 15:42:59.359 30183 30183 I ADB_SERVICES: for fd 39, revents = 2011
01-25 15:42:59.368  5807  5852 I BufferQueueProducer: [minicap](this:0x7b9ced9000,id:0,api:1,p:531,c:5807) queueBuffer: slot 0 is dropped, handle=0x7b9cef4640
01-25 15:42:59.368 30183 30183 I ADB_SERVICES: service_to_fd shell,v2,TERM=xterm-256color,raw:getprop ro.sf.lcd_density
01-25 15:42:59.370   531   531 I SurfaceFlinger: screenshot (com.example.chatter/com.example.chatter.Splash#0)
01-25 15:42:59.380 30183  6852 I ADB_SERVICES: post waitpid (pid=6851) status=0000
01-25 15:42:59.381 30183 30183 I ADB_SERVICES: for fd 39, revents = 2010
01-25 15:42:59.381 30183 30183 I ADB_SERVICES: for fd 39, revents = 2011
01-25 15:42:59.386 30183 30183 I ADB_SERVICES: service_to_fd shell,v2,TERM=xterm-256color,raw:dumpsys display
01-25 15:42:59.395 30183 30183 I ADB_SERVICES: service_to_fd shell,v2,TERM=xterm-256color,raw:ps
01-25 15:42:59.419  5807  5852 I BufferQueueProducer: [minicap](this:0x7b9ced9000,id:0,api:1,p:531,c:5807) queueBuffer: slot 1 is dropped, handle=0x7b9cef4a00
01-25 15:42:59.435 30183  6854 I ADB_SERVICES: post waitpid (pid=6853) status=0000
01-25 15:42:59.435 30183 30183 I ADB_SERVICES: for fd 39, revents = 2010
01-25 15:42:59.436 30183 30183 I ADB_SERVICES: for fd 39, revents = 2011
01-25 15:42:59.446 30183 30183 I ADB_SERVICES: service_to_fd shell,v2,TERM=xterm-256color,raw:wm size
01-25 15:42:59.451  5807  5852 I BufferQueueProducer: [minicap](this:0x7b9ced9000,id:0,api:1,p:531,c:5807) queueBuffer: slot 1 is dropped, handle=0x7b9cef4a00
01-25 15:42:59.464  1226  1235 I system_server: Background young concurrent copying GC freed 236132(24MB) AllocSpace objects, 9(216KB) LOS objects, 13% free, 157MB/181MB, paused 115us total 338.442ms
01-25 15:42:59.468  5807  5852 I BufferQueueProducer: [minicap](this:0x7b9ced9000,id:0,api:1,p:531,c:5807) queueBuffer: slot 0 is dropped, handle=0x7b9cef4640
01-25 15:42:59.471   531   531 I SurfaceFlinger: screenshot (com.example.chatter/com.example.chatter.Splash#0)
01-25 15:42:59.478 30183  6859 I ADB_SERVICES: post waitpid (pid=6858) status=0000
01-25 15:42:59.478 30183 30183 I ADB_SERVICES: for fd 42, revents = 2011
01-25 15:42:59.480 30183  6856 I ADB_SERVICES: post waitpid (pid=6855) status=0000
01-25 15:42:59.480 30183 30183 I ADB_SERVICES: for fd 43, revents = 2010
01-25 15:42:59.480 30183 30183 I ADB_SERVICES: for fd 43, revents = 2011
01-25 15:42:59.488 30183 30183 I ADB_SERVICES: service_to_fd shell,v2,TERM=xterm-256color,raw:dumpsys input
01-25 15:42:59.501  5807  5852 I BufferQueueProducer: [minicap](this:0x7b9ced9000,id:0,api:1,p:531,c:5807) queueBuffer: slot 0 is dropped, handle=0x7b9cef4640
01-25 15:42:59.511  1226  1919 E TouchFilter: setTouchFilter LOG Enable prameter: 0
01-25 15:42:59.511  1226  1919 E TouchFilter: Event Hub Touch Filter log is disabled
01-25 15:42:59.511  1226  1919 E TouchFilter: Event Hub Touch Filter is enabled
01-25 15:42:59.516 30183  6864 I ADB_SERVICES: post waitpid (pid=6863) status=0000
01-25 15:42:59.516 30183 30183 I ADB_SERVICES: for fd 39, revents = 2010
01-25 15:42:59.516 30183 30183 I ADB_SERVICES: for fd 39, revents = 2011
01-25 15:42:59.525 30183 30183 I ADB_SERVICES: service_to_fd shell,v2,TERM=xterm-256color,raw:getprop ro.sf.lcd_density
01-25 15:42:59.538 30183  6867 I ADB_SERVICES: post waitpid (pid=6866) status=0000
01-25 15:42:59.538 30183 30183 I ADB_SERVICES: for fd 39, revents = 2010
01-25 15:42:59.538 30183 30183 I ADB_SERVICES: for fd 39, revents = 2011
01-25 15:42:59.544 30183 30183 I ADB_SERVICES: service_to_fd shell,v2,TERM=xterm-256color,raw:dumpsys display
01-25 15:42:59.551  5807  5852 I BufferQueueProducer: [minicap](this:0x7b9ced9000,id:0,api:1,p:531,c:5807) queueBuffer: slot 1 is dropped, handle=0x7b9cef4a00
01-25 15:42:59.566 30183  6869 I ADB_SERVICES: post waitpid (pid=6868) status=0000
01-25 15:42:59.566 30183 30183 I ADB_SERVICES: for fd 39, revents = 2010
01-25 15:42:59.566 30183 30183 I ADB_SERVICES: for fd 39, revents = 2011
01-25 15:42:59.575 30183 30183 I ADB_SERVICES: service_to_fd shell,v2,TERM=xterm-256color,raw:wm size
01-25 15:42:59.588   531   531 I SurfaceFlinger: screenshot (com.example.chatter/com.example.chatter.Splash#0)
01-25 15:42:59.618 30183  6872 I ADB_SERVICES: post waitpid (pid=6871) status=0000
01-25 15:42:59.619 30183 30183 I ADB_SERVICES: for fd 39, revents = 2011
01-25 15:42:59.619  5807  5852 I BufferQueueProducer: [minicap](this:0x7b9ced9000,id:0,api:1,p:531,c:5807) queueBuffer: slot 2 is dropped, handle=0x7b9cef4c80
01-25 15:42:59.620 30183 30183 I ADB_SERVICES: for fd 39, revents = 2011
01-25 15:42:59.627 30183 30183 I ADB_SERVICES: service_to_fd shell,v2,TERM=xterm-256color,raw:dumpsys input
01-25 15:42:59.629   489   983 I netd    : trafficSwapActiveStatsMap() <1.58ms>
01-25 15:42:59.646  1226  1919 E TouchFilter: setTouchFilter LOG Enable prameter: 0
01-25 15:42:59.646  1226  1919 E TouchFilter: Event Hub Touch Filter log is disabled
01-25 15:42:59.646  1226  1919 E TouchFilter: Event Hub Touch Filter is enabled
01-25 15:42:59.649 30183  6877 I ADB_SERVICES: post waitpid (pid=6876) status=0000
01-25 15:42:59.650 30183 30183 I ADB_SERVICES: for fd 39, revents = 2010
01-25 15:42:59.650 30183 30183 I ADB_SERVICES: for fd 39, revents = 2011
01-25 15:42:59.656  1226  1226 W ActivityManager: Unable to launch app com.footy.hd.live17/10612 for service Intent { cmp=com.footy.hd.live17/com.startapp.sdk.adsbase.PeriodicJobService }: AutoStart Limit
01-25 15:42:59.658  1226  1226 W ActivityManager: Unable to launch app com.footy.hd.live17/10612 for service Intent { cmp=com.footy.hd.live17/com.startapp.sdk.adsbase.PeriodicJobService }: AutoStart Limit
01-25 15:42:59.659  1226  1226 W ActivityManager: Unable to launch app com.imo.android.imoimbeta/10905 for service Intent { cmp=com.imo.android.imoimbeta/com.imo.android.imoim.expression.gif.AiJobService }: AutoStart Limit
01-25 15:42:59.661  1226  1226 W ActivityManager: Unable to launch app com.imo.android.imoimbeta/10905 for service Intent { cmp=com.imo.android.imoimbeta/com.imo.android.common.network.MyJobService }: AutoStart Limit
01-25 15:42:59.662 30183 30183 I ADB_SERVICES: service_to_fd shell,v2,TERM=xterm-256color,raw:getprop ro.sf.lcd_density
01-25 15:42:59.662  1226  1226 W ActivityManager: Unable to launch app com.hdictionary.bn/10448 for service Intent { cmp=com.hdictionary.bn/androidx.work.impl.background.systemjob.SystemJobService }: AutoStart Limit
01-25 15:42:59.664  1226  1226 W ActivityManager: Unable to launch app com.mobilefootie.wc2010/10494 for service Intent { cmp=com.mobilefootie.wc2010/androidx.work.impl.background.systemjob.SystemJobService }: AutoStart Limit
01-25 15:42:59.665  1226  1226 W ActivityManager: Unable to launch app com.google.android.apps.translate/10309 for service Intent { cmp=com.google.android.apps.translate/androidx.work.impl.background.systemjob.SystemJobService }: AutoStart Limit
01-25 15:42:59.667  1226  1226 W ActivityManager: Unable to launch app com.google.android.apps.docs.editors.docs/10957 for service Intent { cmp=com.google.android.apps.docs.editors.docs/androidx.work.impl.background.systemjob.SystemJobService }: AutoStart Limit
01-25 15:42:59.669  1226  1226 W ActivityManager: Unable to launch app com.google.android.apps.docs.editors.sheets/10704 for service Intent { cmp=com.google.android.apps.docs.editors.sheets/androidx.work.impl.background.systemjob.SystemJobService }: AutoStart Limit
01-25 15:42:59.670  5807  5852 I BufferQueueProducer: [minicap](this:0x7b9ced9000,id:0,api:1,p:531,c:5807) queueBuffer: slot 0 is dropped, handle=0x7b9cef4640
01-25 15:42:59.670  1226  1226 W ActivityManager: Unable to launch app com.global.foodpanda.android/10701 for service Intent { cmp=com.global.foodpanda.android/androidx.work.impl.background.systemjob.SystemJobService }: AutoStart Limit
01-25 15:42:59.676 30183  6880 I ADB_SERVICES: post waitpid (pid=6879) status=0000
01-25 15:42:59.676 30183 30183 I ADB_SERVICES: for fd 39, revents = 2010
01-25 15:42:59.676 30183 30183 I ADB_SERVICES: for fd 39, revents = 2011
01-25 15:42:59.681 30183 30183 I ADB_SERVICES: service_to_fd shell,v2,TERM=xterm-256color,raw:dumpsys display
01-25 15:42:59.705   531   531 I SurfaceFlinger: screenshot (com.example.chatter/com.example.chatter.Splash#0)
01-25 15:42:59.705 30183  6882 I ADB_SERVICES: post waitpid (pid=6881) status=0000
01-25 15:42:59.705 30183 30183 I ADB_SERVICES: for fd 39, revents = 2010
01-25 15:42:59.705 30183 30183 I ADB_SERVICES: for fd 39, revents = 2011
01-25 15:42:59.714 30183 30183 I ADB_SERVICES: service_to_fd shell,v2,TERM=xterm-256color,raw:wm size
01-25 15:42:59.721  5807  5852 I BufferQueueProducer: [minicap](this:0x7b9ced9000,id:0,api:1,p:531,c:5807) queueBuffer: slot 2 is dropped, handle=0x7b9cef4c80
01-25 15:42:59.734   531   531 I BufferQueueProducer: [VDS: minicap](this:0x7b371f7800,id:178061,api:1,p:531,c:531) queueBuffer: fps=59.83 dur=1002.78 max=19.81 min=14.00
01-25 15:42:59.735   504  3534 I hwcomposer: [HWCDisplay] [Display_2 (type:2)] fps:59.821198,dur:1002.99,max:19.98,min:14.06  
01-25 15:42:59.736  5807  5852 I BufferQueueProducer: [minicap](this:0x7b9ced9000,id:0,api:1,p:531,c:5807) queueBuffer: fps=59.83 dur=1002.83 max=20.11 min=13.66
01-25 15:42:59.738   504  3534 I hwcomposer: [HWCDisplay] [Display_0 (type:1)] fps:59.851105,dur:1002.49,max:20.11,min:13.65  
01-25 15:42:59.745 30183  6885 I ADB_SERVICES: post waitpid (pid=6884) status=0000
01-25 15:42:59.745 30183 30183 I ADB_SERVICES: for fd 39, revents = 2011
01-25 15:42:59.745 30183 30183 I ADB_SERVICES: for fd 39, revents = 2011
01-25 15:42:59.748 30183 30183 I ADB_SERVICES: service_to_fd shell,v2,TERM=xterm-256color,raw:dumpsys input
01-25 15:42:59.767  1226  2282 E TouchFilter: setTouchFilter LOG Enable prameter: 0
01-25 15:42:59.767  1226  2282 E TouchFilter: Event Hub Touch Filter log is disabled
01-25 15:42:59.767  1226  2282 E TouchFilter: Event Hub Touch Filter is enabled
01-25 15:42:59.770  5807  5852 I BufferQueueProducer: [minicap](this:0x7b9ced9000,id:0,api:1,p:531,c:5807) queueBuffer: slot 0 is dropped, handle=0x7b9cef4640
01-25 15:42:59.772 30183  6890 I ADB_SERVICES: post waitpid (pid=6889) status=0000
01-25 15:42:59.772 30183 30183 I ADB_SERVICES: for fd 39, revents = 2010
01-25 15:42:59.772 30183 30183 I ADB_SERVICES: for fd 39, revents = 2011
01-25 15:42:59.781 30183 30183 I ADB_SERVICES: service_to_fd shell,v2,TERM=xterm-256color,raw:getprop ro.sf.lcd_density
01-25 15:42:59.794 30183  6893 I ADB_SERVICES: post waitpid (pid=6892) status=0000
01-25 15:42:59.794 30183 30183 I ADB_SERVICES: for fd 39, revents = 2010
01-25 15:42:59.795 30183 30183 I ADB_SERVICES: for fd 39, revents = 2011
01-25 15:42:59.801 30183 30183 I ADB_SERVICES: service_to_fd shell,v2,TERM=xterm-256color,raw:getprop ro.build.version.sdk
01-25 15:42:59.807   531   531 I SurfaceFlinger: screenshot (com.example.chatter/com.example.chatter.Splash#0)
01-25 15:42:59.815 30183  6895 I ADB_SERVICES: post waitpid (pid=6894) status=0000
01-25 15:42:59.815 30183 30183 I ADB_SERVICES: for fd 39, revents = 2010
01-25 15:42:59.816 30183 30183 I ADB_SERVICES: for fd 39, revents = 2011
01-25 15:42:59.821  5807  5852 I BufferQueueProducer: [minicap](this:0x7b9ced9000,id:0,api:1,p:531,c:5807) queueBuffer: slot 2 is dropped, handle=0x7b9cef4c80
01-25 15:42:59.822 30183 30183 I ADB_SERVICES: service_to_fd shell,v2,TERM=xterm-256color,raw:input touchscreen swipe 360 1244 360 1244 200
01-25 15:42:59.871  5807  5852 I BufferQueueProducer: [minicap](this:0x7b9ced9000,id:0,api:1,p:531,c:5807) queueBuffer: slot 0 is dropped, handle=0x7b9cef4640
01-25 15:42:59.921  5807  5852 I BufferQueueProducer: [minicap](this:0x7b9ced9000,id:0,api:1,p:531,c:5807) queueBuffer: slot 2 is dropped, handle=0x7b9cef4c80
01-25 15:42:59.924   531   531 I SurfaceFlinger: screenshot (com.example.chatter/com.example.chatter.Splash#0)
01-25 15:42:59.958 30183 30183 I ADB_SERVICES: service_to_fd shell,v2,TERM=xterm-256color,raw:dumpsys display
01-25 15:42:59.971  5807  5852 I BufferQueueProducer: [minicap](this:0x7b9ced9000,id:0,api:1,p:531,c:5807) queueBuffer: slot 0 is dropped, handle=0x7b9cef4640
01-25 15:43:00.003  1428  1428 W KeyguardStatusView: single clock is showing
01-25 15:43:00.003  1428  1428 W TrClockView: Keyguard is not showing,so we do not update time.
01-25 15:43:00.005  6896  6896 E libc    : Access denied finding property "persist.device_config.runtime_native_boot.enable_apex_image"
01-25 15:42:59.999  6896  6896 W app_process: type=1400 audit(0.0:1359342): avc: denied { read } for name="u:object_r:device_config_runtime_native_boot_prop:s0" dev="tmpfs" ino=10318 scontext=u:r:shell:s0 tcontext=u:object_r:device_config_runtime_native_boot_prop:s0 tclass=file permissive=0
01-25 15:42:59.999  6896  6896 I chatty  : uid=10166(com.android.chrome) app_process identical 1 line
01-25 15:42:59.999  6896  6896 W app_process: type=1400 audit(0.0:1359344): avc: denied { read } for name="u:object_r:device_config_runtime_native_boot_prop:s0" dev="tmpfs" ino=10318 scontext=u:r:shell:s0 tcontext=u:object_r:device_config_runtime_native_boot_prop:s0 tclass=file permissive=0
01-25 15:43:00.005  6896  6896 I AndroidRuntime: Using default boot image
01-25 15:43:00.005  6896  6896 E libc    : Access denied finding property "persist.device_config.runtime_native_boot.disable_lock_profiling"
01-25 15:43:00.005  6896  6896 I AndroidRuntime: Leaving lock profiling enabled
01-25 15:43:00.005  6896  6896 E libc    : Access denied finding property "persist.device_config.runtime_native_boot.enable_generational_cc"
01-25 15:43:00.007 30183  6900 I ADB_SERVICES: post waitpid (pid=6899) status=0000
01-25 15:43:00.007 30183 30183 I ADB_SERVICES: for fd 43, revents = 2010
01-25 15:43:00.007 30183 30183 I ADB_SERVICES: for fd 43, revents = 2011
01-25 15:43:00.017 30183 30183 I ADB_SERVICES: service_to_fd shell,v2,TERM=xterm-256color,raw:wm size
01-25 15:43:00.021  5807  5852 I BufferQueueProducer: [minicap](this:0x7b9ced9000,id:0,api:1,p:531,c:5807) queueBuffer: slot 2 is dropped, handle=0x7b9cef4c80
01-25 15:43:00.025   531   531 I SurfaceFlinger: screenshot (com.example.chatter/com.example.chatter.Splash#0)
01-25 15:43:00.038   531   638 I BufferQueueProducer: [StatusBar#0](this:0x7b5146e000,id:6,api:1,p:1428,c:531) queueBuffer: fps=0.21 dur=4835.00 max=4835.00 min=4835.00
01-25 15:43:00.040   531  1419 I BufferQueueProducer: [com.example.chatter/com.example.chatter.Splash#0](this:0x7b5146f800,id:178063,api:1,p:6254,c:531) queueBuffer: fps=58.96 dur=1000.66 max=29.11 min=13.16
01-25 15:43:00.042 21704 28947 I native  : I0000 00:00:1737798180.042484   28947 soda_async_impl.cc:1332] Current audio timestamp: 1737798179771200
01-25 15:43:00.054  3660  6902 E OperationData: dayCount = 589 ,timeCount = 51,strDay = 2025-01-25 15:00:00,factStep = 589
01-25 15:43:00.069  5807  5852 I BufferQueueProducer: [minicap](this:0x7b9ced9000,id:0,api:1,p:531,c:5807) queueBuffer: slot 0 is dropped, handle=0x7b9cef4640
01-25 15:43:00.089 30183  6904 I ADB_SERVICES: post waitpid (pid=6903) status=0000
01-25 15:43:00.089 30183 30183 I ADB_SERVICES: for fd 43, revents = 2011
01-25 15:43:00.089 30183 30183 I ADB_SERVICES: for fd 43, revents = 2011
01-25 15:43:00.096 30183 30183 I ADB_SERVICES: service_to_fd shell,v2,TERM=xterm-256color,raw:dumpsys input
01-25 15:43:00.115  6896  6896 I app_process: The ClassLoaderContext is a special shared library.
01-25 15:43:00.133  1226  2282 E TouchFilter: setTouchFilter LOG Enable prameter: 0
01-25 15:43:00.133  1226  2282 E TouchFilter: Event Hub Touch Filter log is disabled
01-25 15:43:00.133  1226  2282 E TouchFilter: Event Hub Touch Filter is enabled
01-25 15:43:00.136  5807  5852 I BufferQueueProducer: [minicap](this:0x7b9ced9000,id:0,api:1,p:531,c:5807) queueBuffer: slot 1 is dropped, handle=0x7b9cef4a00
01-25 15:43:00.137  6896  6896 W app_process: JNI RegisterNativeMethods: attempt to register 0 native methods for android.media.AudioAttributes
01-25 15:43:00.139   531   531 I SurfaceFlinger: screenshot (com.example.chatter/com.example.chatter.Splash#0)
01-25 15:43:00.142 30183  6910 I ADB_SERVICES: post waitpid (pid=6909) status=0000
01-25 15:43:00.142 30183 30183 I ADB_SERVICES: for fd 43, revents = 2010
01-25 15:43:00.142 30183 30183 I ADB_SERVICES: for fd 43, revents = 2011
01-25 15:43:00.148   518   567 I libPowerHal: 36: cpu_ctrl set freq: 1800000 -1 2000000 -1
01-25 15:43:00.149 30183 30183 I ADB_SERVICES: service_to_fd shell,v2,TERM=xterm-256color,raw:getprop ro.sf.lcd_density
01-25 15:43:00.173 30183  6926 I ADB_SERVICES: post waitpid (pid=6925) status=0000
01-25 15:43:00.173 30183 30183 I ADB_SERVICES: for fd 43, revents = 2010
01-25 15:43:00.174 30183 30183 I ADB_SERVICES: for fd 43, revents = 2011
01-25 15:43:00.187  5807  5852 I BufferQueueProducer: [minicap](this:0x7b9ced9000,id:0,api:1,p:531,c:5807) queueBuffer: slot 2 is dropped, handle=0x7b9cef4c80
01-25 15:43:00.236  5807  5852 I BufferQueueProducer: [minicap](this:0x7b9ced9000,id:0,api:1,p:531,c:5807) queueBuffer: slot 1 is dropped, handle=0x7b9cef4a00
01-25 15:43:00.255   531   531 I SurfaceFlinger: screenshot (com.example.chatter/com.example.chatter.Splash#0)
01-25 15:43:00.286  5807  5852 I BufferQueueProducer: [minicap](this:0x7b9ced9000,id:0,api:1,p:531,c:5807) queueBuffer: slot 2 is dropped, handle=0x7b9cef4c80
01-25 15:43:00.336  5807  5852 I BufferQueueProducer: [minicap](this:0x7b9ced9000,id:0,api:1,p:531,c:5807) queueBuffer: slot 1 is dropped, handle=0x7b9cef4a00
01-25 15:43:00.356   531   531 I SurfaceFlinger: screenshot (com.example.chatter/com.example.chatter.Splash#0)
01-25 15:43:00.370  6896  6896 W RefBase : CallStack::getCurrentInternal not linked, returning null
01-25 15:43:00.370  6896  6896 W RefBase : CallStack::logStackInternal not linked
01-25 15:43:00.376 30183  6897 I ADB_SERVICES: post waitpid (pid=6896) status=0000
01-25 15:43:00.376 30183 30183 I ADB_SERVICES: for fd 39, revents = 2011
01-25 15:43:00.377 30183 30183 I ADB_SERVICES: for fd 39, revents = 2011
01-25 15:43:00.379 21704 21867 I epju    : (REDACTED) #onAudioData: %s bytes, getAudioReadSize %s
01-25 15:43:00.404  5807  5852 I BufferQueueProducer: [minicap](this:0x7b9ced9000,id:0,api:1,p:531,c:5807) queueBuffer: slot 0 is dropped, handle=0x7b9cef4640
01-25 15:43:00.454  5807  5852 I BufferQueueProducer: [minicap](this:0x7b9ced9000,id:0,api:1,p:531,c:5807) queueBuffer: slot 2 is dropped, handle=0x7b9cef4c80
01-25 15:43:00.456   531   531 I SurfaceFlinger: screenshot (com.example.chatter/com.example.chatter.Splash#0)
01-25 15:43:00.461 21704 28947 I native  : I0000 00:00:1737798180.461820   28947 soda_impl.cc:1708] Adding hotword timeout event
01-25 15:43:00.462 21704 28948 I epkv    : Hotword timeout event!
01-25 15:43:00.462 21704 28948 I epkv    : Not DEFAULT_DSP timeout event. Call the onHotwordTimeout callback.
01-25 15:43:00.462 21704 28948 I epna    : (REDACTED) Hotword score : %f, Hotword model id : %s.
01-25 15:43:00.462 21704 28948 I epna    : (REDACTED) Timeout reason %s, Coarse channel index %d.
01-25 15:43:00.462 21704 28948 I epdy    : Not handling the timeoutevent with the timeout reason that is not DEFAULT_DSP for now.
01-25 15:43:00.492 30183 30183 I ADB_SERVICES: service_to_fd shell,v2,TERM=xterm-256color,raw:ps
01-25 15:43:00.504  5807  5852 I BufferQueueProducer: [minicap](this:0x7b9ced9000,id:0,api:1,p:531,c:5807) queueBuffer: slot 0 is dropped, handle=0x7b9cef4640
01-25 15:43:00.549 30183  6928 I ADB_SERVICES: post waitpid (pid=6927) status=0000
01-25 15:43:00.550 30183 30183 I ADB_SERVICES: for fd 39, revents = 2010
01-25 15:43:00.550 30183 30183 I ADB_SERVICES: for fd 39, revents = 2011
01-25 15:43:00.554  5807  5852 I BufferQueueProducer: [minicap](this:0x7b9ced9000,id:0,api:1,p:531,c:5807) queueBuffer: slot 2 is dropped, handle=0x7b9cef4c80
01-25 15:43:00.574   531   531 I SurfaceFlinger: screenshot (com.example.chatter/com.example.chatter.Splash#0)
01-25 15:43:00.622  5807  5852 I BufferQueueProducer: [minicap](this:0x7b9ced9000,id:0,api:1,p:531,c:5807) queueBuffer: slot 1 is dropped, handle=0x7b9cef4a00
01-25 15:43:00.671  5807  5852 I BufferQueueProducer: [minicap](this:0x7b9ced9000,id:0,api:1,p:531,c:5807) queueBuffer: slot 0 is dropped, handle=0x7b9cef4640
01-25 15:43:00.674   531   531 I SurfaceFlinger: screenshot (com.example.chatter/com.example.chatter.Splash#0)
01-25 15:43:00.737   531   531 I BufferQueueProducer: [VDS: minicap](this:0x7b371f7800,id:178061,api:1,p:531,c:531) queueBuffer: fps=59.82 dur=1003.03 max=19.38 min=14.18
01-25 15:43:00.738   504  3534 I hwcomposer: [HWCDisplay] [Display_2 (type:2)] fps:59.827019,dur:1002.89,max:19.46,min:14.11  
01-25 15:43:00.739  5807  5852 I BufferQueueProducer: [minicap](this:0x7b9ced9000,id:0,api:1,p:531,c:5807) queueBuffer: slot 2 is dropped, handle=0x7b9cef4c80
01-25 15:43:00.739  5807  5852 I BufferQueueProducer: [minicap](this:0x7b9ced9000,id:0,api:1,p:531,c:5807) queueBuffer: fps=59.83 dur=1002.79 max=19.33 min=13.82
01-25 15:43:00.740   504  3534 I hwcomposer: [HWCDisplay] [Display_0 (type:1)] fps:59.847122,dur:1002.55,max:19.33,min:13.56  
01-25 15:43:00.774   531   531 I SurfaceFlinger: screenshot (com.example.chatter/com.example.chatter.Splash#0)
01-25 15:43:00.789  5807  5852 I BufferQueueProducer: [minicap](this:0x7b9ced9000,id:0,api:1,p:531,c:5807) queueBuffer: slot 1 is dropped, handle=0x7b9cef4a00
01-25 15:43:00.839  5807  5852 I BufferQueueProducer: [minicap](this:0x7b9ced9000,id:0,api:1,p:531,c:5807) queueBuffer: slot 2 is dropped, handle=0x7b9cef4c80
01-25 15:43:00.850   518   567 I libPowerHal: 36: cpu_ctrl set freq: -1 -1 -1 -1
01-25 15:43:00.879   531   531 I SurfaceFlinger: screenshot (com.example.chatter/com.example.chatter.Splash#0)
01-25 15:43:00.908  5807  5852 I BufferQueueProducer: [minicap](this:0x7b9ced9000,id:0,api:1,p:531,c:5807) queueBuffer: slot 0 is dropped, handle=0x7b9cef4640
01-25 15:43:00.956  5807  5852 I BufferQueueProducer: [minicap](this:0x7b9ced9000,id:0,api:1,p:531,c:5807) queueBuffer: slot 1 is dropped, handle=0x7b9cef4a00
01-25 15:43:00.970 30183 30183 I ADB_SERVICES: service_to_fd shell,v2,TERM=xterm-256color,raw:dumpsys display
01-25 15:43:00.993   531   531 I SurfaceFlinger: screenshot (com.example.chatter/com.example.chatter.Splash#0)
01-25 15:43:00.996 30183  6930 I ADB_SERVICES: post waitpid (pid=6929) status=0000
01-25 15:43:00.996 30183 30183 I ADB_SERVICES: for fd 39, revents = 2011
01-25 15:43:00.996 30183 30183 I ADB_SERVICES: for fd 39, revents = 2011
01-25 15:43:01.005 30183 30183 I ADB_SERVICES: service_to_fd shell,v2,TERM=xterm-256color,raw:wm size
01-25 15:43:01.008  5807  5852 I BufferQueueProducer: [minicap](this:0x7b9ced9000,id:0,api:1,p:531,c:5807) queueBuffer: slot 0 is dropped, handle=0x7b9cef4640
01-25 15:43:01.048 30183  6933 I ADB_SERVICES: post waitpid (pid=6932) status=0000
01-25 15:43:01.048 30183 30183 I ADB_SERVICES: for fd 39, revents = 2011
01-25 15:43:01.048 30183 30183 I ADB_SERVICES: for fd 39, revents = 2011
01-25 15:43:01.053   531  1419 I BufferQueueProducer: [com.example.chatter/com.example.chatter.Splash#0](this:0x7b5146f800,id:178063,api:1,p:6254,c:531) queueBuffer: fps=60.20 dur=1013.31 max=25.73 min=7.21
01-25 15:43:01.055 30183 30183 I ADB_SERVICES: service_to_fd shell,v2,TERM=xterm-256color,raw:dumpsys input
01-25 15:43:01.058  5807  5852 I BufferQueueProducer: [minicap](this:0x7b9ced9000,id:0,api:1,p:531,c:5807) queueBuffer: slot 1 is dropped, handle=0x7b9cef4a00
01-25 15:43:01.075  1226  3770 E TouchFilter: setTouchFilter LOG Enable prameter: 0
01-25 15:43:01.075  1226  3770 E TouchFilter: Event Hub Touch Filter log is disabled
01-25 15:43:01.075  1226  3770 E TouchFilter: Event Hub Touch Filter is enabled
01-25 15:43:01.078 30183  6938 I ADB_SERVICES: post waitpid (pid=6937) status=0000
01-25 15:43:01.079 30183 30183 I ADB_SERVICES: for fd 39, revents = 2011
01-25 15:43:01.089 30183 30183 I ADB_SERVICES: service_to_fd shell,v2,TERM=xterm-256color,raw:getprop ro.sf.lcd_density
01-25 15:43:01.096   531   531 I SurfaceFlinger: screenshot (com.example.chatter/com.example.chatter.Splash#0)
01-25 15:43:01.103 30183  6941 I ADB_SERVICES: post waitpid (pid=6940) status=0000
01-25 15:43:01.103 30183 30183 I ADB_SERVICES: for fd 39, revents = 2010
01-25 15:43:01.103 30183 30183 I ADB_SERVICES: for fd 39, revents = 2011
01-25 15:43:01.123  5807  5852 I BufferQueueProducer: [minicap](this:0x7b9ced9000,id:0,api:1,p:531,c:5807) queueBuffer: slot 2 is dropped, handle=0x7b9cef4c80
01-25 15:43:01.176  5807  5852 I BufferQueueProducer: [minicap](this:0x7b9ced9000,id:0,api:1,p:531,c:5807) queueBuffer: slot 0 is dropped, handle=0x7b9cef4640
01-25 15:43:01.212   531   531 I SurfaceFlinger: screenshot (com.example.chatter/com.example.chatter.Splash#0)
01-25 15:43:01.242  5807  5852 I BufferQueueProducer: [minicap](this:0x7b9ced9000,id:0,api:1,p:531,c:5807) queueBuffer: slot 1 is dropped, handle=0x7b9cef4a00
01-25 15:43:01.290  5807  5852 I BufferQueueProducer: [minicap](this:0x7b9ced9000,id:0,api:1,p:531,c:5807) queueBuffer: slot 2 is dropped, handle=0x7b9cef4c80
01-25 15:43:01.331   531   531 I SurfaceFlinger: screenshot (com.example.chatter/com.example.chatter.Splash#0)
01-25 15:43:01.358  5807  5852 I BufferQueueProducer: [minicap](this:0x7b9ced9000,id:0,api:1,p:531,c:5807) queueBuffer: slot 0 is dropped, handle=0x7b9cef4640
01-25 15:43:01.387 30183 30183 I ADB_SERVICES: service_to_fd shell,v2,TERM=xterm-256color,raw:dumpsys activity activities
01-25 15:43:01.409  5807  5852 I BufferQueueProducer: [minicap](this:0x7b9ced9000,id:0,api:1,p:531,c:5807) queueBuffer: slot 1 is dropped, handle=0x7b9cef4a00
01-25 15:43:01.411 30183  6943 I ADB_SERVICES: post waitpid (pid=6942) status=0000
01-25 15:43:01.411 30183 30183 I ADB_SERVICES: for fd 39, revents = 2011
01-25 15:43:01.411 30183 30183 I ADB_SERVICES: for fd 39, revents = 2011
01-25 15:43:01.420 30183 30183 I ADB_SERVICES: service_to_fd shell,v2,TERM=xterm-256color,raw:dumpsys activity activities
01-25 15:43:01.440  5807  5852 I BufferQueueProducer: [minicap](this:0x7b9ced9000,id:0,api:1,p:531,c:5807) queueBuffer: slot 1 is dropped, handle=0x7b9cef4a00
01-25 15:43:01.443 30183  6946 I ADB_SERVICES: post waitpid (pid=6945) status=0000
01-25 15:43:01.443 30183 30183 I ADB_SERVICES: for fd 39, revents = 2010
01-25 15:43:01.443 30183 30183 I ADB_SERVICES: for fd 39, revents = 2011
01-25 15:43:01.444   531   531 I SurfaceFlinger: screenshot (com.example.chatter/com.example.chatter.Splash#0)
01-25 15:43:01.451 30183 30183 I ADB_SERVICES: service_to_fd shell,v2,TERM=xterm-256color,raw:dumpsys activity activities
01-25 15:43:01.472 30183  6949 I ADB_SERVICES: post waitpid (pid=6948) status=0000
01-25 15:43:01.472 30183 30183 I ADB_SERVICES: for fd 39, revents = 2010
01-25 15:43:01.472 30183 30183 I ADB_SERVICES: for fd 39, revents = 2011
01-25 15:43:01.481 30183 30183 I ADB_SERVICES: service_to_fd shell,v2,TERM=xterm-256color,raw:dumpsys activity services
01-25 15:43:01.493  5807  5852 I BufferQueueProducer: [minicap](this:0x7b9ced9000,id:0,api:1,p:531,c:5807) queueBuffer: slot 2 is dropped, handle=0x7b9cef4c80
01-25 15:43:01.542  5807  5852 I BufferQueueProducer: [minicap](this:0x7b9ced9000,id:0,api:1,p:531,c:5807) queueBuffer: slot 1 is dropped, handle=0x7b9cef4a00
01-25 15:43:01.544   531   531 I SurfaceFlinger: screenshot (com.example.chatter/com.example.chatter.Splash#0)
01-25 15:43:01.560 30183 30183 I ADB_SERVICES: service_to_fd shell,v2,TERM=xterm-256color,raw:ps
01-25 15:43:01.592  5807  5852 I BufferQueueProducer: [minicap](this:0x7b9ced9000,id:0,api:1,p:531,c:5807) queueBuffer: slot 2 is dropped, handle=0x7b9cef4c80
01-25 15:43:01.636 30183  6956 I ADB_SERVICES: post waitpid (pid=6955) status=0000
01-25 15:43:01.636 30183 30183 I ADB_SERVICES: for fd 43, revents = 2010
01-25 15:43:01.636 30183 30183 I ADB_SERVICES: for fd 43, revents = 2011
01-25 15:43:01.643  5807  5852 I BufferQueueProducer: [minicap](this:0x7b9ced9000,id:0,api:1,p:531,c:5807) queueBuffer: slot 1 is dropped, handle=0x7b9cef4a00
01-25 15:43:01.645   531   531 I SurfaceFlinger: screenshot (com.example.chatter/com.example.chatter.Splash#0)
01-25 15:43:01.692  5807  5852 I BufferQueueProducer: [minicap](this:0x7b9ced9000,id:0,api:1,p:531,c:5807) queueBuffer: slot 2 is dropped, handle=0x7b9cef4c80
01-25 15:43:01.739   531   531 I BufferQueueProducer: [VDS: minicap](this:0x7b371f7800,id:178061,api:1,p:531,c:531) queueBuffer: fps=59.85 dur=1002.56 max=20.24 min=11.91
01-25 15:43:01.741   504  3534 I hwcomposer: [HWCDisplay] [Display_2 (type:2)] fps:59.849422,dur:1002.52,max:20.43,min:11.69  
01-25 15:43:01.742  5807  5852 I BufferQueueProducer: [minicap](this:0x7b9ced9000,id:0,api:1,p:531,c:5807) queueBuffer: slot 1 is dropped, handle=0x7b9cef4a00
01-25 15:43:01.742  5807  5852 I BufferQueueProducer: [minicap](this:0x7b9ced9000,id:0,api:1,p:531,c:5807) queueBuffer: fps=59.84 dur=1002.59 max=20.29 min=11.80
01-25 15:43:01.743   504  3534 I hwcomposer: [HWCDisplay] [Display_0 (type:1)] fps:59.844353,dur:1002.60,max:20.25,min:11.99  
01-25 15:43:01.763   531   531 I SurfaceFlinger: screenshot (com.example.chatter/com.example.chatter.Splash#0)
01-25 15:43:01.764 30183  6952 I ADB_SERVICES: post waitpid (pid=6951) status=0000
01-25 15:43:01.764 30183 30183 I ADB_SERVICES: for fd 39, revents = 2010
01-25 15:43:01.764 30183 30183 I ADB_SERVICES: for fd 39, revents = 2011
01-25 15:43:01.810  5807  5852 I BufferQueueProducer: [minicap](this:0x7b9ced9000,id:0,api:1,p:531,c:5807) queueBuffer: slot 0 is dropped, handle=0x7b9cef4640
01-25 15:43:01.829 30183 30183 I ADB_SERVICES: service_to_fd shell,v2,TERM=xterm-256color,raw:dumpsys display
01-25 15:43:01.861  5807  5852 I BufferQueueProducer: [minicap](this:0x7b9ced9000,id:0,api:1,p:531,c:5807) queueBuffer: slot 2 is dropped, handle=0x7b9cef4c80
01-25 15:43:01.864   531   531 I SurfaceFlinger: screenshot (com.example.chatter/com.example.chatter.Splash#0)
01-25 15:43:01.871 30183  6958 I ADB_SERVICES: post waitpid (pid=6957) status=0000
01-25 15:43:01.871 30183 30183 I ADB_SERVICES: for fd 39, revents = 2011
01-25 15:43:01.871 30183 30183 I ADB_SERVICES: for fd 39, revents = 2011
01-25 15:43:01.880 30183 30183 I ADB_SERVICES: service_to_fd shell,v2,TERM=xterm-256color,raw:wm size
01-25 15:43:01.911  5807  5852 I BufferQueueProducer: [minicap](this:0x7b9ced9000,id:0,api:1,p:531,c:5807) queueBuffer: slot 0 is dropped, handle=0x7b9cef4640
01-25 15:43:01.944 30183  6962 I ADB_SERVICES: post waitpid (pid=6961) status=0000
01-25 15:43:01.944 30183 30183 I ADB_SERVICES: for fd 39, revents = 2011
01-25 15:43:01.945 30183 30183 I ADB_SERVICES: for fd 39, revents = 2011
01-25 15:43:01.952 30183 30183 I ADB_SERVICES: service_to_fd shell,v2,TERM=xterm-256color,raw:dumpsys input
01-25 15:43:01.960  5807  5852 I BufferQueueProducer: [minicap](this:0x7b9ced9000,id:0,api:1,p:531,c:5807) queueBuffer: slot 2 is dropped, handle=0x7b9cef4c80
01-25 15:43:01.971 30183 30183 I ADB_SERVICES: service_to_fd shell,v2,TERM=xterm-256color,raw:dumpsys display
01-25 15:43:01.980   531   531 I SurfaceFlinger: screenshot (com.example.chatter/com.example.chatter.Splash#0)
01-25 15:43:01.994  1226  3770 E TouchFilter: setTouchFilter LOG Enable prameter: 0
01-25 15:43:01.994  1226  3770 E TouchFilter: Event Hub Touch Filter log is disabled
01-25 15:43:01.994  1226  3770 E TouchFilter: Event Hub Touch Filter is enabled
01-25 15:43:02.006 30183  6967 I ADB_SERVICES: post waitpid (pid=6966) status=0000
01-25 15:43:02.006 30183 30183 I ADB_SERVICES: for fd 39, revents = 2011
01-25 15:43:02.010  1226  1235 I system_server: Background young concurrent copying GC freed 223493(22MB) AllocSpace objects, 50(2472KB) LOS objects, 11% free, 160MB/181MB, paused 327us total 314.344ms
01-25 15:43:02.013 30183 30183 I ADB_SERVICES: service_to_fd shell,v2,TERM=xterm-256color,raw:getprop ro.sf.lcd_density
01-25 15:43:02.028  5807  5852 I BufferQueueProducer: [minicap](this:0x7b9ced9000,id:0,api:1,p:531,c:5807) queueBuffer: slot 1 is dropped, handle=0x7b9cef4a00
01-25 15:43:02.034 30183  6969 I ADB_SERVICES: post waitpid (pid=6968) status=0000
01-25 15:43:02.034 30183 30183 I ADB_SERVICES: for fd 43, revents = 2011
01-25 15:43:02.034 30183 30183 I ADB_SERVICES: for fd 43, revents = 2011
01-25 15:43:02.039 30183  6973 I ADB_SERVICES: post waitpid (pid=6971) status=0000
01-25 15:43:02.039 30183 30183 I ADB_SERVICES: for fd 42, revents = 2011
01-25 15:43:02.047 30183 30183 I ADB_SERVICES: service_to_fd shell,v2,TERM=xterm-256color,raw:wm size
01-25 15:43:02.056   531  1419 I BufferQueueProducer: [com.example.chatter/com.example.chatter.Splash#0](this:0x7b5146f800,id:178063,api:1,p:6254,c:531) queueBuffer: fps=59.80 dur=1003.37 max=19.12 min=14.56
01-25 15:43:02.061 30183 30183 I ADB_SERVICES: service_to_fd shell,v2,TERM=xterm-256color,raw:dumpsys activity activities
01-25 15:43:02.077  5807  5852 I BufferQueueProducer: [minicap](this:0x7b9ced9000,id:0,api:1,p:531,c:5807) queueBuffer: slot 0 is dropped, handle=0x7b9cef4640
01-25 15:43:02.094 30183  6975 I ADB_SERVICES: post waitpid (pid=6974) status=0000
01-25 15:43:02.095 30183 30183 I ADB_SERVICES: for fd 39, revents = 2011
01-25 15:43:02.095 30183 30183 I ADB_SERVICES: for fd 39, revents = 2011
01-25 15:43:02.096   531   531 I SurfaceFlinger: screenshot (com.example.chatter/com.example.chatter.Splash#0)
01-25 15:43:02.101 30183  6977 I ADB_SERVICES: post waitpid (pid=6976) status=0000
01-25 15:43:02.101 30183 30183 I ADB_SERVICES: for fd 43, revents = 2010
01-25 15:43:02.101 30183 30183 I ADB_SERVICES: for fd 43, revents = 2011
01-25 15:43:02.102 30183 30183 I ADB_SERVICES: service_to_fd shell,v2,TERM=xterm-256color,raw:dumpsys input
01-25 15:43:02.110 30183 30183 I ADB_SERVICES: service_to_fd shell,v2,TERM=xterm-256color,raw:dumpsys activity activities
01-25 15:43:02.110  1226  1226 I MWN     : Write 3 to node. type=unknown mSimExist=true mFlightMode=false
01-25 15:43:02.120  1226  3770 E TouchFilter: setTouchFilter LOG Enable prameter: 0
01-25 15:43:02.120  1226  3770 E TouchFilter: Event Hub Touch Filter log is disabled
01-25 15:43:02.120  1226  3770 E TouchFilter: Event Hub Touch Filter is enabled
01-25 15:43:02.123 30183  6983 I ADB_SERVICES: post waitpid (pid=6982) status=0000
01-25 15:43:02.123 30183 30183 I ADB_SERVICES: for fd 39, revents = 2010
01-25 15:43:02.123 30183 30183 I ADB_SERVICES: for fd 39, revents = 2011
01-25 15:43:02.126  5807  5852 I BufferQueueProducer: [minicap](this:0x7b9ced9000,id:0,api:1,p:531,c:5807) queueBuffer: slot 1 is dropped, handle=0x7b9cef4a00
01-25 15:43:02.129 30183 30183 I ADB_SERVICES: service_to_fd shell,v2,TERM=xterm-256color,raw:getprop ro.sf.lcd_density
01-25 15:43:02.144 30183  6988 I ADB_SERVICES: post waitpid (pid=6987) status=0000
01-25 15:43:02.145 30183 30183 I ADB_SERVICES: for fd 42, revents = 2011
01-25 15:43:02.145 30183 30183 I ADB_SERVICES: for fd 42, revents = 2011
01-25 15:43:02.154 30183  6985 I ADB_SERVICES: post waitpid (pid=6984) status=0000
01-25 15:43:02.154 30183 30183 I ADB_SERVICES: for fd 43, revents = 2011
