01-25 15:43:06.721 30183 30183 I ADB_SERVICES: service_to_fd shell,v2,TERM=xterm-256color,raw:getprop ro.sf.lcd_density
01-25 15:43:06.746  5807  5852 I BufferQueueProducer: [minicap](this:0x7b9ced9000,id:0,api:1,p:531,c:5807) queueBuffer: slot 1 is dropped, handle=0x7b9cef4a00
01-25 15:43:06.748 30183  7203 I ADB_SERVICES: post waitpid (pid=7202) status=0000
01-25 15:43:06.748 30183 30183 I ADB_SERVICES: for fd 39, revents = 2010
01-25 15:43:06.749 30183 30183 I ADB_SERVICES: for fd 39, revents = 2011
01-25 15:43:06.758 30183 30183 I ADB_SERVICES: service_to_fd shell,v2,TERM=xterm-256color,raw:dumpsys activity activities
01-25 15:43:06.759   531   531 I BufferQueueProducer: [VDS: minicap](this:0x7b371f7800,id:178061,api:1,p:531,c:531) queueBuffer: fps=59.67 dur=1005.45 max=19.38 min=13.04
01-25 15:43:06.761   504  3534 I hwcomposer: [HWCDisplay] [Display_2 (type:2)] fps:59.667862,dur:1005.57,max:19.73,min:13.24  
01-25 15:43:06.762  5807  5852 I BufferQueueProducer: [minicap](this:0x7b9ced9000,id:0,api:1,p:531,c:5807) queueBuffer: fps=59.65 dur=1005.85 max=19.58 min=13.53
01-25 15:43:06.763   504  3534 I hwcomposer: [HWCDisplay] [Display_0 (type:1)] fps:59.654480,dur:1005.79,max:19.83,min:14.07  
01-25 15:43:06.779  5807  5852 I BufferQueueProducer: [minicap](this:0x7b9ced9000,id:0,api:1,p:531,c:5807) queueBuffer: slot 1 is dropped, handle=0x7b9cef4a00
01-25 15:43:06.782   531   531 I SurfaceFlinger: screenshot (com.example.chatter/com.example.chatter.Splash#0)
01-25 15:43:06.810 30183  7205 I ADB_SERVICES: post waitpid (pid=7204) status=0000
01-25 15:43:06.811 30183 30183 I ADB_SERVICES: for fd 39, revents = 2011
01-25 15:43:06.811 30183 30183 I ADB_SERVICES: for fd 39, revents = 2011
01-25 15:43:06.818 30183 30183 I ADB_SERVICES: service_to_fd shell,v2,TERM=xterm-256color,raw:dumpsys activity activities
01-25 15:43:06.828  5807  5852 I BufferQueueProducer: [minicap](this:0x7b9ced9000,id:0,api:1,p:531,c:5807) queueBuffer: slot 2 is dropped, handle=0x7b9cef4c80
01-25 15:43:06.836  1226  1235 I system_server: Background young concurrent copying GC freed 235349(24MB) AllocSpace objects, 13(332KB) LOS objects, 10% free, 162MB/181MB, paused 1.602ms total 436.249ms
01-25 15:43:06.864 30183  7208 I ADB_SERVICES: post waitpid (pid=7207) status=0000
01-25 15:43:06.864 30183 30183 I ADB_SERVICES: for fd 39, revents = 2011
01-25 15:43:06.864 30183 30183 I ADB_SERVICES: for fd 39, revents = 2011
01-25 15:43:06.872 30183 30183 I ADB_SERVICES: service_to_fd shell,v2,TERM=xterm-256color,raw:dumpsys activity activities
01-25 15:43:06.878  5807  5852 I BufferQueueProducer: [minicap](this:0x7b9ced9000,id:0,api:1,p:531,c:5807) queueBuffer: slot 1 is dropped, handle=0x7b9cef4a00
01-25 15:43:06.899   531   531 I SurfaceFlinger: screenshot (com.example.chatter/com.example.chatter.Splash#0)
01-25 15:43:06.912 30183  7211 I ADB_SERVICES: post waitpid (pid=7210) status=0000
01-25 15:43:06.912 30183 30183 I ADB_SERVICES: for fd 39, revents = 2010
01-25 15:43:06.912 30183 30183 I ADB_SERVICES: for fd 39, revents = 2011
01-25 15:43:06.919 30183 30183 I ADB_SERVICES: service_to_fd shell,v2,TERM=xterm-256color,raw:dumpsys activity services
01-25 15:43:06.927  5807  5852 I BufferQueueProducer: [minicap](this:0x7b9ced9000,id:0,api:1,p:531,c:5807) queueBuffer: slot 2 is dropped, handle=0x7b9cef4c80
01-25 15:43:06.994  5807  5852 I BufferQueueProducer: [minicap](this:0x7b9ced9000,id:0,api:1,p:531,c:5807) queueBuffer: slot 0 is dropped, handle=0x7b9cef4640
01-25 15:43:07.014   531   531 I SurfaceFlinger: screenshot (com.example.chatter/com.example.chatter.Splash#0)
01-25 15:43:07.041 30183 30183 I ADB_SERVICES: service_to_fd shell,v2,TERM=xterm-256color,raw:dumpsys display
01-25 15:43:07.044  5807  5852 I BufferQueueProducer: [minicap](this:0x7b9ced9000,id:0,api:1,p:531,c:5807) queueBuffer: slot 1 is dropped, handle=0x7b9cef4a00
01-25 15:43:07.076   531   638 I BufferQueueProducer: [com.example.chatter/com.example.chatter.Splash#0](this:0x7b5146f800,id:178063,api:1,p:6254,c:531) queueBuffer: fps=59.78 dur=1003.60 max=19.09 min=14.37
01-25 15:43:07.085 30183  7217 I ADB_SERVICES: post waitpid (pid=7216) status=0000
01-25 15:43:07.085 30183 30183 I ADB_SERVICES: for fd 43, revents = 2010
01-25 15:43:07.086 30183 30183 I ADB_SERVICES: for fd 43, revents = 2011
01-25 15:43:07.103 30183 30183 I ADB_SERVICES: service_to_fd shell,v2,TERM=xterm-256color,raw:wm size
01-25 15:43:07.113  5807  5852 I BufferQueueProducer: [minicap](this:0x7b9ced9000,id:0,api:1,p:531,c:5807) queueBuffer: slot 2 is dropped, handle=0x7b9cef4c80
01-25 15:43:07.115   531   531 I SurfaceFlinger: screenshot (com.example.chatter/com.example.chatter.Splash#0)
01-25 15:43:07.159 30183 30183 I ADB_SERVICES: service_to_fd shell,v2,TERM=xterm-256color,raw:ps
01-25 15:43:07.161  5807  5852 I BufferQueueProducer: [minicap](this:0x7b9ced9000,id:0,api:1,p:531,c:5807) queueBuffer: slot 0 is dropped, handle=0x7b9cef4640
01-25 15:43:07.161 30183  7220 I ADB_SERVICES: post waitpid (pid=7219) status=0000
01-25 15:43:07.164 30183 30183 I ADB_SERVICES: for fd 43, revents = 2010
01-25 15:43:07.164 30183 30183 I ADB_SERVICES: for fd 43, revents = 2011
01-25 15:43:07.181 30183 30183 I ADB_SERVICES: service_to_fd shell,v2,TERM=xterm-256color,raw:dumpsys input
01-25 15:43:07.194  5807  5852 I BufferQueueProducer: [minicap](this:0x7b9ced9000,id:0,api:1,p:531,c:5807) queueBuffer: slot 0 is dropped, handle=0x7b9cef4640
01-25 15:43:07.214  1226  2282 E TouchFilter: setTouchFilter LOG Enable prameter: 0
01-25 15:43:07.214  1226  2282 E TouchFilter: Event Hub Touch Filter log is disabled
01-25 15:43:07.214  1226  2282 E TouchFilter: Event Hub Touch Filter is enabled
01-25 15:43:07.217 30183  7227 I ADB_SERVICES: post waitpid (pid=7226) status=0000
01-25 15:43:07.218 30183 30183 I ADB_SERVICES: for fd 47, revents = 2010
01-25 15:43:07.218 30183 30183 I ADB_SERVICES: for fd 47, revents = 2011
01-25 15:43:07.228  5807  5852 I BufferQueueProducer: [minicap](this:0x7b9ced9000,id:0,api:1,p:531,c:5807) queueBuffer: slot 0 is dropped, handle=0x7b9cef4640
01-25 15:43:07.229 30183  7225 I ADB_SERVICES: post waitpid (pid=7224) status=0000
01-25 15:43:07.229 30183 30183 I ADB_SERVICES: for fd 40, revents = 2010
01-25 15:43:07.229 30183 30183 I ADB_SERVICES: for fd 40, revents = 2011
01-25 15:43:07.230   531   531 I SurfaceFlinger: screenshot (com.example.chatter/com.example.chatter.Splash#0)
01-25 15:43:07.232  1226  1226 I MWN     : Write 3 to node. type=unknown mSimExist=true mFlightMode=false
01-25 15:43:07.237 30183  7214 I ADB_SERVICES: post waitpid (pid=7213) status=0000
01-25 15:43:07.238 30183 30183 I ADB_SERVICES: for fd 39, revents = 2010
01-25 15:43:07.239 30183 30183 I ADB_SERVICES: for fd 39, revents = 2011
01-25 15:43:07.248 30183 30183 I ADB_SERVICES: service_to_fd shell,v2,TERM=xterm-256color,raw:getprop ro.sf.lcd_density
01-25 15:43:07.274 30183  7231 I ADB_SERVICES: post waitpid (pid=7229) status=0000
01-25 15:43:07.274 30183 30183 I ADB_SERVICES: for fd 39, revents = 2011
01-25 15:43:07.274 30183 30183 I ADB_SERVICES: for fd 39, revents = 2011
01-25 15:43:07.278  5807  5852 I BufferQueueProducer: [minicap](this:0x7b9ced9000,id:0,api:1,p:531,c:5807) queueBuffer: slot 2 is dropped, handle=0x7b9cef4c80
01-25 15:43:07.302 30183 30183 I ADB_SERVICES: service_to_fd shell,v2,TERM=xterm-256color,raw:dumpsys display
01-25 15:43:07.333   531   531 I SurfaceFlinger: screenshot (com.example.chatter/com.example.chatter.Splash#0)
01-25 15:43:07.345 30183  7233 I ADB_SERVICES: post waitpid (pid=7232) status=0000
01-25 15:43:07.345 30183 30183 I ADB_SERVICES: for fd 39, revents = 2011
01-25 15:43:07.346 30183 30183 I ADB_SERVICES: for fd 39, revents = 2011
01-25 15:43:07.348  5807  5852 I BufferQueueProducer: [minicap](this:0x7b9ced9000,id:0,api:1,p:531,c:5807) queueBuffer: slot 1 is dropped, handle=0x7b9cef4a00
01-25 15:43:07.355 30183 30183 I ADB_SERVICES: service_to_fd shell,v2,TERM=xterm-256color,raw:wm size
01-25 15:43:07.396  5807  5852 I BufferQueueProducer: [minicap](this:0x7b9ced9000,id:0,api:1,p:531,c:5807) queueBuffer: slot 0 is dropped, handle=0x7b9cef4640
01-25 15:43:07.414 30183  7238 I ADB_SERVICES: post waitpid (pid=7237) status=0000
01-25 15:43:07.414 30183 30183 I ADB_SERVICES: for fd 39, revents = 2011
01-25 15:43:07.414 30183 30183 I ADB_SERVICES: for fd 39, revents = 2011
01-25 15:43:07.422 30183 30183 I ADB_SERVICES: service_to_fd shell,v2,TERM=xterm-256color,raw:dumpsys input
01-25 15:43:07.435   531   531 I SurfaceFlinger: screenshot (com.example.chatter/com.example.chatter.Splash#0)
01-25 15:43:07.463  5807  5852 I BufferQueueProducer: [minicap](this:0x7b9ced9000,id:0,api:1,p:531,c:5807) queueBuffer: slot 2 is dropped, handle=0x7b9cef4c80
01-25 15:43:07.465  1226  3777 E TouchFilter: setTouchFilter LOG Enable prameter: 0
01-25 15:43:07.465  1226  3777 E TouchFilter: Event Hub Touch Filter log is disabled
01-25 15:43:07.465  1226  3777 E TouchFilter: Event Hub Touch Filter is enabled
01-25 15:43:07.470 30183  7243 I ADB_SERVICES: post waitpid (pid=7242) status=0000
01-25 15:43:07.470 30183 30183 I ADB_SERVICES: for fd 39, revents = 2010
01-25 15:43:07.471 30183 30183 I ADB_SERVICES: for fd 39, revents = 2011
01-25 15:43:07.482 30183 30183 I ADB_SERVICES: service_to_fd shell,v2,TERM=xterm-256color,raw:getprop ro.sf.lcd_density
01-25 15:43:07.509 30183  7246 I ADB_SERVICES: post waitpid (pid=7245) status=0000
01-25 15:43:07.509 30183 30183 I ADB_SERVICES: for fd 39, revents = 2010
01-25 15:43:07.510 30183 30183 I ADB_SERVICES: for fd 39, revents = 2011
01-25 15:43:07.516 30183 30183 I ADB_SERVICES: service_to_fd shell,v2,TERM=xterm-256color,raw:input keyevent BACK
01-25 15:43:07.529  5807  5852 I BufferQueueProducer: [minicap](this:0x7b9ced9000,id:0,api:1,p:531,c:5807) queueBuffer: slot 0 is dropped, handle=0x7b9cef4640
01-25 15:43:07.550   531   531 I SurfaceFlinger: screenshot (com.example.chatter/com.example.chatter.Splash#0)
01-25 15:43:07.581  5807  5852 I BufferQueueProducer: [minicap](this:0x7b9ced9000,id:0,api:1,p:531,c:5807) queueBuffer: slot 1 is dropped, handle=0x7b9cef4a00
01-25 15:43:07.629  5807  5852 I BufferQueueProducer: [minicap](this:0x7b9ced9000,id:0,api:1,p:531,c:5807) queueBuffer: slot 0 is dropped, handle=0x7b9cef4640
01-25 15:43:07.665   531   531 I SurfaceFlinger: screenshot (com.example.chatter/com.example.chatter.Splash#0)
01-25 15:43:07.696  5807  5852 I BufferQueueProducer: [minicap](this:0x7b9ced9000,id:0,api:1,p:531,c:5807) queueBuffer: slot 2 is dropped, handle=0x7b9cef4c80
01-25 15:43:07.746  5807  5852 I BufferQueueProducer: [minicap](this:0x7b9ced9000,id:0,api:1,p:531,c:5807) queueBuffer: slot 1 is dropped, handle=0x7b9cef4a00
01-25 15:43:07.763   531   531 I BufferQueueProducer: [VDS: minicap](this:0x7b371f7800,id:178061,api:1,p:531,c:531) queueBuffer: fps=59.79 dur=1003.57 max=19.46 min=13.03
01-25 15:43:07.765   504  3534 I hwcomposer: [HWCDisplay] [Display_2 (type:2)] fps:59.780212,dur:1003.68,max:19.53,min:12.84  
01-25 15:43:07.765  5807  5852 I BufferQueueProducer: [minicap](this:0x7b9ced9000,id:0,api:1,p:531,c:5807) queueBuffer: fps=59.79 dur=1003.55 max=19.66 min=13.11
01-25 15:43:07.767   504  3534 I hwcomposer: [HWCDisplay] [Display_0 (type:1)] fps:59.786804,dur:1003.57,max:19.60,min:13.37  
01-25 15:43:07.768   531   531 I SurfaceFlinger: screenshot (com.example.chatter/com.example.chatter.Splash#0)
01-25 15:43:07.782  5807  5852 I BufferQueueProducer: [minicap](this:0x7b9ced9000,id:0,api:1,p:531,c:5807) queueBuffer: slot 1 is dropped, handle=0x7b9cef4a00
01-25 15:43:07.798  5807  5852 I BufferQueueProducer: [minicap](this:0x7b9ced9000,id:0,api:1,p:531,c:5807) queueBuffer: slot 2 is dropped, handle=0x7b9cef4c80
01-25 15:43:07.827  7247  7247 E libc    : Access denied finding property "persist.device_config.runtime_native_boot.enable_apex_image"
01-25 15:43:07.827  7247  7247 I AndroidRuntime: Using default boot image
01-25 15:43:07.827  7247  7247 E libc    : Access denied finding property "persist.device_config.runtime_native_boot.disable_lock_profiling"
01-25 15:43:07.823  7247  7247 W app_process: type=1400 audit(0.0:1359348): avc: denied { read } for name="u:object_r:device_config_runtime_native_boot_prop:s0" dev="tmpfs" ino=10318 scontext=u:r:shell:s0 tcontext=u:object_r:device_config_runtime_native_boot_prop:s0 tclass=file permissive=0
01-25 15:43:07.827  7247  7247 I AndroidRuntime: Leaving lock profiling enabled
01-25 15:43:07.827  7247  7247 E libc    : Access denied finding property "persist.device_config.runtime_native_boot.enable_generational_cc"
01-25 15:43:07.823  7247  7247 W app_process: type=1400 audit(0.0:1359349): avc: denied { read } for name="u:object_r:device_config_runtime_native_boot_prop:s0" dev="tmpfs" ino=10318 scontext=u:r:shell:s0 tcontext=u:object_r:device_config_runtime_native_boot_prop:s0 tclass=file permissive=0
01-25 15:43:07.832  5807  5852 I BufferQueueProducer: [minicap](this:0x7b9ced9000,id:0,api:1,p:531,c:5807) queueBuffer: slot 2 is dropped, handle=0x7b9cef4c80
01-25 15:43:07.848  5807  5852 I BufferQueueProducer: [minicap](this:0x7b9ced9000,id:0,api:1,p:531,c:5807) queueBuffer: slot 0 is dropped, handle=0x7b9cef4640
01-25 15:43:07.869   531   531 I SurfaceFlinger: screenshot (com.example.chatter/com.example.chatter.Splash#0)
01-25 15:43:07.884  5807  5852 I BufferQueueProducer: [minicap](this:0x7b9ced9000,id:0,api:1,p:531,c:5807) queueBuffer: slot 0 is dropped, handle=0x7b9cef4640
01-25 15:43:07.897  5807  5852 I BufferQueueProducer: [minicap](this:0x7b9ced9000,id:0,api:1,p:531,c:5807) queueBuffer: slot 1 is dropped, handle=0x7b9cef4a00
01-25 15:43:07.948  5807  5852 I BufferQueueProducer: [minicap](this:0x7b9ced9000,id:0,api:1,p:531,c:5807) queueBuffer: slot 2 is dropped, handle=0x7b9cef4c80
01-25 15:43:07.969  7247  7247 I app_process: The ClassLoaderContext is a special shared library.
01-25 15:43:07.970   531   531 I SurfaceFlinger: screenshot (com.example.chatter/com.example.chatter.Splash#0)
01-25 15:43:07.984  5807  5852 I BufferQueueProducer: [minicap](this:0x7b9ced9000,id:0,api:1,p:531,c:5807) queueBuffer: slot 2 is dropped, handle=0x7b9cef4c80
01-25 15:43:07.986  7247  7247 W app_process: JNI RegisterNativeMethods: attempt to register 0 native methods for android.media.AudioAttributes
01-25 15:43:07.993  1226  1235 I system_server: Background concurrent copying GC freed 309937(31MB) AllocSpace objects, 30(708KB) LOS objects, 13% free, 155MB/179MB, paused 109us total 861.697ms
01-25 15:43:07.997   518   567 I libPowerHal: 36: cpu_ctrl set freq: 1800000 -1 2000000 -1
01-25 15:43:07.997  5807  5852 I BufferQueueProducer: [minicap](this:0x7b9ced9000,id:0,api:1,p:531,c:5807) queueBuffer: slot 1 is dropped, handle=0x7b9cef4a00
01-25 15:43:08.021   518   567 I libPowerHal: [perfNotifyAppState] foreground:com.transsion.XOSLauncher, pid:1643, uid:10082
01-25 15:43:08.022   518   567 I UxUtility: notifyForegroundApp pack:com.transsion.XOSLauncher, uid:10082
01-25 15:43:08.022   518   567 I powerd  : [powerd_req] POWER_MSG_NOTIFY_STATE, pc:0, com.example.chatter => com.transsion.XOSLauncher
01-25 15:43:08.023  4921 17944 I SmartPanel_SmartPanelService: activityCheck pkgName: com.transsion.XOSLauncher, className: com.android.quickstep.src.com.android.launcher3.uioverrides.QuickstepLauncher isResume=true isInshow =true isDrawn = false
01-25 15:43:08.025  1643  1643 I UnlockManager-: onWindowVisibilityChanged   keyguardflag:false
01-25 15:43:08.025  1643  1643 I UnlockManager-: resetViewsAndAlpha
01-25 15:43:08.030  1226  2282 I WindowManager: Relayout Window{67169ef u0 com.transsion.XOSLauncher/com.android.quickstep.src.com.android.launcher3.uioverrides.QuickstepLauncher}: oldVis=8 newVis=0 focusMayChange = true
01-25 15:43:08.033   531  1419 I BufferQueue: [unnamed-531-178064](this:0x7b514de800,id:178064,api:0,p:-1,c:-1) BufferQueue core=(531:/system/bin/surfaceflinger)
01-25 15:43:08.033   531  1419 I BufferQueueConsumer: [unnamed-531-178064](this:0x7b514de800,id:178064,api:0,p:-1,c:531) connect(C): consumer=(531:/system/bin/surfaceflinger) controlledByApp=false
01-25 15:43:08.033   531  1419 I BufferQueueConsumer: [unnamed-531-178064](this:0x7b514de800,id:178064,api:0,p:-1,c:531) setConsumerName: unnamed-531-178064
01-25 15:43:08.033   531  1419 I BufferQueueConsumer: [com.transsion.XOSLauncher/com.android.quickstep.src.com.android.launcher3.uioverrides.QuickstepLauncher#0](this:0x7b514de800,id:178064,api:0,p:-1,c:531) setConsumerName: com.transsion.XOSLauncher/com.android.quickstep.src.com.android.launcher3.uioverrides.QuickstepLauncher#0
01-25 15:43:08.033   531  1419 I BufferQueueConsumer: [com.transsion.XOSLauncher/com.android.quickstep.src.com.android.launcher3.uioverrides.QuickstepLauncher#0](this:0x7b514de800,id:178064,api:0,p:-1,c:531) setDefaultBufferSize: width=848 height=1768
01-25 15:43:08.035  7247  7247 W RefBase : CallStack::getCurrentInternal not linked, returning null
01-25 15:43:08.035  7247  7247 W RefBase : CallStack::logStackInternal not linked
01-25 15:43:08.038  1226  1244 I PowerMonitorHookServer: app:com.example.chatterexit top
01-25 15:43:08.039   531  1990 I BufferQueueProducer: [com.transsion.XOSLauncher/com.android.quickstep.src.com.android.launcher3.uioverrides.QuickstepLauncher#0](this:0x7b514de800,id:178064,api:1,p:9759,c:531) connect(P): api=1 producer=(9759:com.transsion.XOSLauncher:personalizedService) producerControlledByApp=false
01-25 15:43:08.039  1226  1244 I PowerMonitorHookServer: app:com.transsion.XOSLauncherstart top
01-25 15:43:08.042  1643  1826 I QuickstepLauncher: CleanCompat initList
01-25 15:43:08.043  2210  2258 I PowerMonitorNew: a whole scenario, scenario:com.example.chatter, start-stop:4502703878-4502723093,duration:19215, current:0, currentconvert4V:0,currentWoBL:0,consumecoul:0,batterytime:0, conpower:0,avgsignal:400,avgDatatype:400
01-25 15:43:08.044  2210  2258 I PowerMonitorNew: exitScenario not save scenario true
01-25 15:43:08.044 30183  7248 I ADB_SERVICES: post waitpid (pid=7247) status=0000
01-25 15:43:08.044 30183 30183 I ADB_SERVICES: for fd 39, revents = 2011
01-25 15:43:08.044 30183 30183 I ADB_SERVICES: for fd 39, revents = 2011
01-25 15:43:08.046  2210  2258 I PowerMonitorNew: enter scenario: com.transsion.XOSLauncher,start coul:-2828
01-25 15:43:08.050  5807  5852 I BufferQueueProducer: [minicap](this:0x7b9ced9000,id:0,api:1,p:531,c:5807) queueBuffer: slot 0 is dropped, handle=0x7b9cef4640
01-25 15:43:08.051  4921  4921 I SmartPanel_SmartPanelService: exitGameMode
01-25 15:43:08.053  1226  1226 W ActivityManager: Unable to launch app com.global.foodpanda.android/10701 for service Intent { cmp=com.global.foodpanda.android/androidx.work.impl.background.systemjob.SystemJobService }: AutoStart Limit
01-25 15:43:08.055  1226  1226 W ActivityManager: Unable to launch app com.caretutors/10713 for service Intent { cmp=com.caretutors/io.flutter.plugins.firebase.messaging.FlutterFirebaseMessagingBackgroundService }: AutoStart Limit
01-25 15:43:08.055  4478  2879 I MagicButtonManager: destroyViews
01-25 15:43:08.057  1643  1643 I UnlockManager-: onWindowVisibilityChanged   visibility:0
01-25 15:43:08.058  1226  1226 W ActivityManager: Unable to launch app com.linkedin.android/10717 for service Intent { cmp=com.linkedin.android/androidx.work.impl.background.systemjob.SystemJobService }: AutoStart Limit
01-25 15:43:08.059  1226  1226 W ActivityManager: Unable to launch app com.daraz.android/10505 for service Intent { cmp=com.daraz.android/com.taobao.accs.internal.AccsJobService }: AutoStart Limit
01-25 15:43:08.059  1226  1226 W android.display: type=1400 audit(0.0:1359351): avc: denied { read } for name="capacity" dev="sysfs" ino=30774 scontext=u:r:system_server:s0 tcontext=u:object_r:sysfs_batteryinfo:s0 tclass=file permissive=0
01-25 15:43:08.065  1226  2280 I WindowManager: Relayout Window{5922c32 u0 com.transsion.XOSLauncher/com.android.quickstep.src.com.android.launcher3.uioverrides.QuickstepLauncher}: oldVis=4 newVis=0 focusMayChange = true
01-25 15:43:08.069   531   638 I BufferQueue: [unnamed-531-178065](this:0x7b34813800,id:178065,api:0,p:-1,c:-1) BufferQueue core=(531:/system/bin/surfaceflinger)
01-25 15:43:08.069   531   638 I BufferQueueConsumer: [unnamed-531-178065](this:0x7b34813800,id:178065,api:0,p:-1,c:531) connect(C): consumer=(531:/system/bin/surfaceflinger) controlledByApp=false
01-25 15:43:08.069   531   638 I BufferQueueConsumer: [unnamed-531-178065](this:0x7b34813800,id:178065,api:0,p:-1,c:531) setConsumerName: unnamed-531-178065
01-25 15:43:08.069   531   638 I BufferQueueConsumer: [com.transsion.XOSLauncher/com.android.quickstep.src.com.android.launcher3.uioverrides.QuickstepLauncher#1](this:0x7b34813800,id:178065,api:0,p:-1,c:531) setConsumerName: com.transsion.XOSLauncher/com.android.quickstep.src.com.android.launcher3.uioverrides.QuickstepLauncher#1
01-25 15:43:08.069   531   638 I BufferQueueConsumer: [com.transsion.XOSLauncher/com.android.quickstep.src.com.android.launcher3.uioverrides.QuickstepLauncher#1](this:0x7b34813800,id:178065,api:0,p:-1,c:531) setDefaultBufferSize: width=720 height=1640
01-25 15:43:08.071 30183 30183 I ADB_SERVICES: service_to_fd shell,v2,TERM=xterm-256color,raw:dumpsys display
01-25 15:43:08.072   531   638 I BufferQueueProducer: [com.transsion.XOSLauncher/com.android.quickstep.src.com.android.launcher3.uioverrides.QuickstepLauncher#1](this:0x7b34813800,id:178065,api:1,p:1643,c:531) connect(P): api=1 producer=(1643:com.transsion.XOSLauncher) producerControlledByApp=false
01-25 15:43:08.074  4478  2879 E MagicButtonManager: destroyBrandView
01-25 15:43:08.074  4478  2879 E MagicButtonManager: gained class = com.android.quickstep.src.com.android.launcher3.uioverrides.QuickstepLauncher
01-25 15:43:08.079   531  1990 I BufferQueueProducer: [com.example.chatter/com.example.chatter.Splash#0](this:0x7b5146f800,id:178063,api:1,p:6254,c:531) queueBuffer: fps=59.78 dur=1003.71 max=24.48 min=11.24
01-25 15:43:08.085  5807  5852 I BufferQueueProducer: [minicap](this:0x7b9ced9000,id:0,api:1,p:531,c:5807) queueBuffer: slot 0 is dropped, handle=0x7b9cef4640
01-25 15:43:08.087   531   531 I SurfaceFlinger: screenshot (com.example.chatter/com.example.chatter.Splash#0)
01-25 15:43:08.089  4921 17944 I SmartPanel_SmartPanelService: onWindowsDrawn pkgName: com.transsion.XOSLauncher, className: com.android.quickstep.src.com.android.launcher3.uioverrides.QuickstepLauncher launchState=-1 windowsDrawnDelayMs =-1
01-25 15:43:08.093   531  1990 I BufferQueueProducer: [com.example.chatter/com.example.chatter.Splash#0](this:0x7b5146f800,id:178063,api:1,p:6254,c:531) disconnect(P): api 1
01-25 15:43:08.105   531   531 I SurfaceFlinger: screenshot (com.example.chatter/com.example.chatter.Splash#0)
01-25 15:43:08.213   531   531 I SurfaceFlinger: screenshot (com.android.systemui.ImageWallpaper#0)
01-25 15:43:08.213   531   531 I SurfaceFlinger: screenshot (com.example.chatter/com.example.chatter.Splash#0)
01-25 15:43:08.253 30183 30183 I ADB_SERVICES: service_to_fd shell,v2,TERM=xterm-256color,raw:ps
01-25 15:43:08.305 30183  7264 I ADB_SERVICES: post waitpid (pid=7263) status=0000
01-25 15:43:08.305 30183 30183 I ADB_SERVICES: for fd 39, revents = 2011
01-25 15:43:08.305 30183 30183 I ADB_SERVICES: for fd 39, revents = 2011
01-25 15:43:08.306 30183  7267 I ADB_SERVICES: post waitpid (pid=7266) status=0000
01-25 15:43:08.307 30183 30183 I ADB_SERVICES: for fd 43, revents = 2010
01-25 15:43:08.307 30183 30183 I ADB_SERVICES: for fd 43, revents = 2011
01-25 15:43:08.315 30183 30183 I ADB_SERVICES: service_to_fd shell,v2,TERM=xterm-256color,raw:wm size
01-25 15:43:08.318  1226  1405 I libMEOW_gift: ctx:0x766dc17f88, ARC not Enabled.
01-25 15:43:08.319  1226  1226 W ActivityManager: Unable to launch app com.snaptube.premium/10546 for service Intent { cmp=com.snaptube.premium/com.snaptube.ads.daemon.RebirthJobService }: AutoStart Limit
01-25 15:43:08.320  1226  1226 W Looper  : Slow dispatch took 268ms main h=com.android.server.job.JobSchedulerService$JobHandler c=null m=4
01-25 15:43:08.321  1226  1226 W ActivityManager: Unable to launch app com.snaptube.premium/10546 for service Intent { cmp=com.snaptube.premium/androidx.work.impl.background.systemjob.SystemJobService }: AutoStart Limit
01-25 15:43:08.322  1226  1226 W Looper  : Slow delivery took 269ms main h=com.android.server.job.JobSchedulerService$JobHandler c=null m=4
01-25 15:43:08.322  1226  1226 W Looper  : Drained
01-25 15:43:08.329   531   531 I SurfaceFlinger: screenshot (com.android.systemui.ImageWallpaper#0)
01-25 15:43:08.329   531   531 I SurfaceFlinger: screenshot (com.transsion.XOSLauncher/com.android.quickstep.src.com.android.launcher3.uioverrides.QuickstepLauncher#1)
01-25 15:43:08.338  6254  6254 I InputTransport: Destroy ARC handle: 0x76eab93a20
01-25 15:43:08.351   531   531 I BufferQueue: [com.example.chatter/com.example.chatter.Splash#0](this:0x7b5146f800,id:178063,api:1,p:-1,c:-1) ~BufferQueueCore
01-25 15:43:08.360  6254  6303 I GED     : ged_boost_gpu_freq, level 100, eOrigin 2, final_idx 29, oppidx_max 29, oppidx_min 0
01-25 15:43:08.360 30183  7271 I ADB_SERVICES: post waitpid (pid=7270) status=0000
01-25 15:43:08.360 30183 30183 I ADB_SERVICES: for fd 39, revents = 2011
01-25 15:43:08.360 30183 30183 I ADB_SERVICES: for fd 39, revents = 2011
01-25 15:43:08.360  1226  1405 I GED     : ged_boost_gpu_freq, level 100, eOrigin 2, final_idx 29, oppidx_max 29, oppidx_min 0
01-25 15:43:08.365  5807  5852 I BufferQueueProducer: [minicap](this:0x7b9ced9000,id:0,api:1,p:531,c:5807) queueBuffer: slot 0 is dropped, handle=0x7b9cef4640
01-25 15:43:08.367   531  1990 I BufferQueueProducer: [NavigationBar0#0](this:0x7b5146c800,id:4,api:1,p:1428,c:531) queueBuffer: fps=2.92 dur=19520.51 max=18570.40 min=7.63
01-25 15:43:08.367 30183 30183 I ADB_SERVICES: service_to_fd shell,v2,TERM=xterm-256color,raw:dumpsys input
01-25 15:43:08.381  5807  5852 I BufferQueueProducer: [minicap](this:0x7b9ced9000,id:0,api:1,p:531,c:5807) queueBuffer: slot 2 is dropped, handle=0x7b9cef4c80
01-25 15:43:08.398  1226  2282 E TouchFilter: setTouchFilter LOG Enable prameter: 0
01-25 15:43:08.398  1226  2282 E TouchFilter: Event Hub Touch Filter log is disabled
01-25 15:43:08.398  1226  2282 E TouchFilter: Event Hub Touch Filter is enabled
01-25 15:43:08.401 30183  7278 I ADB_SERVICES: post waitpid (pid=7276) status=0000
01-25 15:43:08.401 30183 30183 I ADB_SERVICES: for fd 39, revents = 2010
01-25 15:43:08.401 30183 30183 I ADB_SERVICES: for fd 39, revents = 2011
01-25 15:43:08.411 30183 30183 I ADB_SERVICES: service_to_fd shell,v2,TERM=xterm-256color,raw:getprop ro.sf.lcd_density
01-25 15:43:08.435  5807  5852 I BufferQueueProducer: [minicap](this:0x7b9ced9000,id:0,api:1,p:531,c:5807) queueBuffer: slot 1 is dropped, handle=0x7b9cef4a00
01-25 15:43:08.438   531   531 I SurfaceFlinger: screenshot (com.android.systemui.ImageWallpaper#0)
01-25 15:43:08.438   531   531 I SurfaceFlinger: screenshot (com.transsion.XOSLauncher/com.android.quickstep.src.com.android.launcher3.uioverrides.QuickstepLauncher#1)
01-25 15:43:08.441 30183  7282 I ADB_SERVICES: post waitpid (pid=7281) status=0000
01-25 15:43:08.442 30183 30183 I ADB_SERVICES: for fd 39, revents = 2010
01-25 15:43:08.442 30183 30183 I ADB_SERVICES: for fd 39, revents = 2011
01-25 15:43:08.445  1428  1440 I ndroid.systemu: NativeAlloc concurrent copying GC freed 107657(3610KB) AllocSpace objects, 0(0B) LOS objects, 60% free, 7994KB/19MB, paused 340us total 133.028ms
01-25 15:43:08.484  5807  5852 I BufferQueueProducer: [minicap](this:0x7b9ced9000,id:0,api:1,p:531,c:5807) queueBuffer: slot 2 is dropped, handle=0x7b9cef4c80
01-25 15:43:08.497   518   567 I libPowerHal: 36: cpu_ctrl set freq: -1 -1 -1 -1
01-25 15:43:08.552  5807  5852 I BufferQueueProducer: [minicap](this:0x7b9ced9000,id:0,api:1,p:531,c:5807) queueBuffer: slot 0 is dropped, handle=0x7b9cef4640
01-25 15:43:08.555  1643  1643 I MMKV    : <MMKV_IO.cpp:1428::clearAll> cleaning all key-values from [55fe2314b89ff4da5b40e8b8986fc710]
01-25 15:43:08.555  1643  1643 I MMKV    : <MMKV_IO.cpp:1439::clearAll> nothing to clear for [55fe2314b89ff4da5b40e8b8986fc710]
01-25 15:43:08.556   531   531 I SurfaceFlinger: screenshot (com.android.systemui.ImageWallpaper#0)
01-25 15:43:08.556   531   531 I SurfaceFlinger: screenshot (com.transsion.XOSLauncher/com.android.quickstep.src.com.android.launcher3.uioverrides.QuickstepLauncher#1)
01-25 15:43:08.603  5807  5852 I BufferQueueProducer: [minicap](this:0x7b9ced9000,id:0,api:1,p:531,c:5807) queueBuffer: slot 1 is dropped, handle=0x7b9cef4a00
01-25 15:43:08.654  5807  5852 I BufferQueueProducer: [minicap](this:0x7b9ced9000,id:0,api:1,p:531,c:5807) queueBuffer: slot 0 is dropped, handle=0x7b9cef4640
01-25 15:43:08.658   531   531 I SurfaceFlinger: screenshot (com.android.systemui.ImageWallpaper#0)
01-25 15:43:08.658   531   531 I SurfaceFlinger: screenshot (com.transsion.XOSLauncher/com.android.quickstep.src.com.android.launcher3.uioverrides.QuickstepLauncher#1)
01-25 15:43:08.704  5807  5852 I BufferQueueProducer: [minicap](this:0x7b9ced9000,id:0,api:1,p:531,c:5807) queueBuffer: slot 1 is dropped, handle=0x7b9cef4a00
01-25 15:43:08.753  5807  5852 I BufferQueueProducer: [minicap](this:0x7b9ced9000,id:0,api:1,p:531,c:5807) queueBuffer: slot 0 is dropped, handle=0x7b9cef4640
01-25 15:43:08.769   531   531 I BufferQueueProducer: [VDS: minicap](this:0x7b371f7800,id:178061,api:1,p:531,c:531) queueBuffer: fps=47.70 dur=1006.19 max=206.98 min=12.23
01-25 15:43:08.771   504  3534 I hwcomposer: [HWCDisplay] [Display_2 (type:2)] fps:47.675804,dur:1006.80,max:206.62,min:11.81  
01-25 15:43:08.772  5807  5852 I BufferQueueProducer: [minicap](this:0x7b9ced9000,id:0,api:1,p:531,c:5807) queueBuffer: fps=47.66 dur=1007.09 max=207.56 min=11.78
01-25 15:43:08.774   504  3534 I hwcomposer: [HWCDisplay] [Display_0 (type:1)] fps:47.643333,dur:1007.49,max:208.36,min:12.03  
01-25 15:43:08.777   531   531 I SurfaceFlinger: screenshot (com.android.systemui.ImageWallpaper#0)
01-25 15:43:08.777   531   531 I SurfaceFlinger: screenshot (com.transsion.XOSLauncher/com.android.quickstep.src.com.android.launcher3.uioverrides.QuickstepLauncher#1)
01-25 15:43:08.821  5807  5852 I BufferQueueProducer: [minicap](this:0x7b9ced9000,id:0,api:1,p:531,c:5807) queueBuffer: slot 2 is dropped, handle=0x7b9cef4c80
01-25 15:43:08.872  5807  5852 I BufferQueueProducer: [minicap](this:0x7b9ced9000,id:0,api:1,p:531,c:5807) queueBuffer: slot 1 is dropped, handle=0x7b9cef4a00
01-25 15:43:08.880  1643  1643 I UnlockManager-: resetViewsAndAlpha
01-25 15:43:08.892   531   531 I SurfaceFlinger: screenshot (com.android.systemui.ImageWallpaper#0)
01-25 15:43:08.892   531   531 I SurfaceFlinger: screenshot (com.transsion.XOSLauncher/com.android.quickstep.src.com.android.launcher3.uioverrides.QuickstepLauncher#1)
01-25 15:43:08.940  5807  5852 I BufferQueueProducer: [minicap](this:0x7b9ced9000,id:0,api:1,p:531,c:5807) queueBuffer: slot 0 is dropped, handle=0x7b9cef4640
01-25 15:43:08.989  5807  5852 I BufferQueueProducer: [minicap](this:0x7b9ced9000,id:0,api:1,p:531,c:5807) queueBuffer: slot 2 is dropped, handle=0x7b9cef4c80
01-25 15:43:08.993   531   531 I SurfaceFlinger: screenshot (com.android.systemui.ImageWallpaper#0)
01-25 15:43:08.993   531   531 I SurfaceFlinger: screenshot (com.transsion.XOSLauncher/com.android.quickstep.src.com.android.launcher3.uioverrides.QuickstepLauncher#1)
01-25 15:43:09.040  5807  5852 I BufferQueueProducer: [minicap](this:0x7b9ced9000,id:0,api:1,p:531,c:5807) queueBuffer: slot 0 is dropped, handle=0x7b9cef4640
01-25 15:43:09.055 30183 30183 I ADB_SERVICES: service_to_fd shell,v2,TERM=xterm-256color,raw:dumpsys activity activities
01-25 15:43:09.079 30183 30183 I ADB_SERVICES: service_to_fd shell,v2,TERM=xterm-256color,raw:dumpsys display
01-25 15:43:09.081 30183  7285 I ADB_SERVICES: post waitpid (pid=7284) status=0000
01-25 15:43:09.083 30183 30183 I ADB_SERVICES: for fd 39, revents = 2011
01-25 15:43:09.083 30183 30183 I ADB_SERVICES: for fd 39, revents = 2011
01-25 15:43:09.087  5807  5852 I BufferQueueProducer: [minicap](this:0x7b9ced9000,id:0,api:1,p:531,c:5807) queueBuffer: slot 2 is dropped, handle=0x7b9cef4c80
01-25 15:43:09.089 30183 30183 I ADB_SERVICES: service_to_fd shell,v2,TERM=xterm-256color,raw:dumpsys activity activities
01-25 15:43:09.106   531   531 I SurfaceFlinger: screenshot (com.android.systemui.ImageWallpaper#0)
01-25 15:43:09.106   531   531 I SurfaceFlinger: screenshot (com.transsion.XOSLauncher/com.android.quickstep.src.com.android.launcher3.uioverrides.QuickstepLauncher#1)
01-25 15:43:09.110 30183  7288 I ADB_SERVICES: post waitpid (pid=7287) status=0000
01-25 15:43:09.110 30183 30183 I ADB_SERVICES: for fd 35, revents = 2011
01-25 15:43:09.111 30183 30183 I ADB_SERVICES: for fd 35, revents = 2011
01-25 15:43:09.116 30183  7290 I ADB_SERVICES: post waitpid (pid=7289) status=0000
01-25 15:43:09.116 30183 30183 I ADB_SERVICES: for fd 43, revents = 2011
01-25 15:43:09.116 30183 30183 I ADB_SERVICES: for fd 43, revents = 2011
01-25 15:43:09.119 30183 30183 I ADB_SERVICES: service_to_fd shell,v2,TERM=xterm-256color,raw:wm size
01-25 15:43:09.124 30183 30183 I ADB_SERVICES: service_to_fd shell,v2,TERM=xterm-256color,raw:dumpsys activity activities
01-25 15:43:09.139  5807  5852 I BufferQueueProducer: [minicap](this:0x7b9ced9000,id:0,api:1,p:531,c:5807) queueBuffer: slot 0 is dropped, handle=0x7b9cef4640
01-25 15:43:09.153 30183  7296 I ADB_SERVICES: post waitpid (pid=7295) status=0000
01-25 15:43:09.153 30183 30183 I ADB_SERVICES: for fd 43, revents = 2011
01-25 15:43:09.153 30183 30183 I ADB_SERVICES: for fd 43, revents = 2011
01-25 15:43:09.160 30183 30183 I ADB_SERVICES: service_to_fd shell,v2,TERM=xterm-256color,raw:dumpsys activity services
01-25 15:43:09.166 30183  7294 I ADB_SERVICES: post waitpid (pid=7293) status=0000
01-25 15:43:09.167 30183 30183 I ADB_SERVICES: for fd 39, revents = 2011
01-25 15:43:09.167 30183 30183 I ADB_SERVICES: for fd 39, revents = 2011
01-25 15:43:09.173 30183 30183 I ADB_SERVICES: service_to_fd shell,v2,TERM=xterm-256color,raw:dumpsys input
01-25 15:43:09.205  5807  5852 I BufferQueueProducer: [minicap](this:0x7b9ced9000,id:0,api:1,p:531,c:5807) queueBuffer: slot 1 is dropped, handle=0x7b9cef4a00
01-25 15:43:09.207   531   531 I SurfaceFlinger: screenshot (com.android.systemui.ImageWallpaper#0)
01-25 15:43:09.207   531   531 I SurfaceFlinger: screenshot (com.transsion.XOSLauncher/com.android.quickstep.src.com.android.launcher3.uioverrides.QuickstepLauncher#1)
01-25 15:43:09.210  1226  2282 E TouchFilter: setTouchFilter LOG Enable prameter: 0
01-25 15:43:09.210  1226  2282 E TouchFilter: Event Hub Touch Filter log is disabled
01-25 15:43:09.210  1226  2282 E TouchFilter: Event Hub Touch Filter is enabled
01-25 15:43:09.218 30183  7305 I ADB_SERVICES: post waitpid (pid=7303) status=0000
01-25 15:43:09.218 30183 30183 I ADB_SERVICES: for fd 42, revents = 2010
01-25 15:43:09.218 30183 30183 I ADB_SERVICES: for fd 42, revents = 2011
01-25 15:43:09.240 30183 30183 I ADB_SERVICES: service_to_fd shell,v2,TERM=xterm-256color,raw:getprop ro.sf.lcd_density
01-25 15:43:09.265 30183  7308 I ADB_SERVICES: post waitpid (pid=7307) status=0000
01-25 15:43:09.265 30183 30183 I ADB_SERVICES: for fd 42, revents = 2010
01-25 15:43:09.265 30183 30183 I ADB_SERVICES: for fd 42, revents = 2011
01-25 15:43:09.318 30183 30183 I ADB_SERVICES: service_to_fd shell,v2,TERM=xterm-256color,raw:ps
01-25 15:43:09.334   531   531 I SurfaceFlinger: screenshot (com.android.systemui.ImageWallpaper#0)
01-25 15:43:09.334   531   531 I SurfaceFlinger: screenshot (com.transsion.XOSLauncher/com.android.quickstep.src.com.android.launcher3.uioverrides.QuickstepLauncher#1)
01-25 15:43:09.394 30183  7310 I ADB_SERVICES: post waitpid (pid=7309) status=0000
01-25 15:43:09.394 30183 30183 I ADB_SERVICES: for fd 42, revents = 2010
01-25 15:43:09.394 30183 30183 I ADB_SERVICES: for fd 42, revents = 2011
01-25 15:43:09.434 30183  7301 I ADB_SERVICES: post waitpid (pid=7299) status=0000
01-25 15:43:09.434 30183 30183 I ADB_SERVICES: for fd 43, revents = 2010
01-25 15:43:09.435 30183 30183 I ADB_SERVICES: for fd 43, revents = 2011
01-25 15:43:09.499 30183 30183 I ADB_SERVICES: service_to_fd shell,v2,TERM=xterm-256color,raw:dumpsys display
01-25 15:43:09.527 30183  7312 I ADB_SERVICES: post waitpid (pid=7311) status=0000
01-25 15:43:09.528 30183 30183 I ADB_SERVICES: for fd 39, revents = 2011
01-25 15:43:09.528 30183 30183 I ADB_SERVICES: for fd 39, revents = 2011
01-25 15:43:09.538 30183 30183 I ADB_SERVICES: service_to_fd shell,v2,TERM=xterm-256color,raw:wm size
01-25 15:43:09.586 30183  7315 I ADB_SERVICES: post waitpid (pid=7314) status=0000
01-25 15:43:09.586 30183 30183 I ADB_SERVICES: for fd 39, revents = 2011
01-25 15:43:09.587 30183 30183 I ADB_SERVICES: for fd 39, revents = 2011
01-25 15:43:09.594 30183 30183 I ADB_SERVICES: service_to_fd shell,v2,TERM=xterm-256color,raw:dumpsys input
01-25 15:43:09.618  1226  3767 E TouchFilter: setTouchFilter LOG Enable prameter: 0
01-25 15:43:09.618  1226  3767 E TouchFilter: Event Hub Touch Filter log is disabled
01-25 15:43:09.618  1226  3767 E TouchFilter: Event Hub Touch Filter is enabled
01-25 15:43:09.623 30183  7320 I ADB_SERVICES: post waitpid (pid=7319) status=0000
01-25 15:43:09.623 30183 30183 I ADB_SERVICES: for fd 39, revents = 2010
01-25 15:43:09.623 30183 30183 I ADB_SERVICES: for fd 39, revents = 2011
01-25 15:43:09.632   489   983 I netd    : trafficSwapActiveStatsMap() <0.62ms>
01-25 15:43:09.633 30183 30183 I ADB_SERVICES: service_to_fd shell,v2,TERM=xterm-256color,raw:getprop ro.sf.lcd_density
01-25 15:43:09.651 30183  7323 I ADB_SERVICES: post waitpid (pid=7322) status=0000
01-25 15:43:09.651 30183 30183 I ADB_SERVICES: for fd 39, revents = 2010
01-25 15:43:09.651 30183 30183 I ADB_SERVICES: for fd 39, revents = 2011
01-25 15:43:09.658 30183 30183 I ADB_SERVICES: service_to_fd shell,v2,TERM=xterm-256color,raw:dumpsys activity activities
01-25 15:43:09.690 30183  7325 I ADB_SERVICES: post waitpid (pid=7324) status=0000
01-25 15:43:09.690 30183 30183 I ADB_SERVICES: for fd 39, revents = 2011
01-25 15:43:09.691 30183 30183 I ADB_SERVICES: for fd 39, revents = 2011
01-25 15:43:09.698 30183 30183 I ADB_SERVICES: service_to_fd shell,v2,TERM=xterm-256color,raw:dumpsys activity activities
01-25 15:43:09.727 30183  7328 I ADB_SERVICES: post waitpid (pid=7327) status=0000
01-25 15:43:09.728 30183 30183 I ADB_SERVICES: for fd 39, revents = 2011
01-25 15:43:09.728 30183 30183 I ADB_SERVICES: for fd 39, revents = 2011
01-25 15:43:09.732 30183 30183 I ADB_SERVICES: service_to_fd shell,v2,TERM=xterm-256color,raw:dumpsys activity activities
01-25 15:43:09.747  1226  1235 I system_server: Background young concurrent copying GC freed 223627(23MB) AllocSpace objects, 15(372KB) LOS objects, 11% free, 158MB/179MB, paused 189us total 348.683ms
01-25 15:43:09.749   504  3534 I hwcomposer: [HWC] (0) displayGetActiveConfig config:0  
01-25 15:43:09.761 30183  7331 I ADB_SERVICES: post waitpid (pid=7330) status=0000
01-25 15:43:09.762 30183 30183 I ADB_SERVICES: for fd 39, revents = 2011
01-25 15:43:09.762 30183 30183 I ADB_SERVICES: for fd 39, revents = 2011
01-25 15:43:09.768 30183 30183 I ADB_SERVICES: service_to_fd shell,v2,TERM=xterm-256color,raw:dumpsys activity services
01-25 15:43:09.780   531   531 I BufferQueueProducer: [VDS: minicap](this:0x7b371f7800,id:178061,api:1,p:531,c:531) queueBuffer: fps=27.70 dur=1010.80 max=561.38 min=12.44
01-25 15:43:09.783   504  3534 I hwcomposer: [HWCDisplay] [Display_2 (type:2)] fps:27.685820,dur:1011.35,max:562.63,min:12.10  
01-25 15:43:09.784  5807  5852 I BufferQueueProducer: [minicap](this:0x7b9ced9000,id:0,api:1,p:531,c:5807) queueBuffer: fps=27.68 dur=1011.42 max=562.96 min=12.26
01-25 15:43:09.786   504  3534 I hwcomposer: [HWCDisplay] [Display_0 (type:1)] fps:27.664528,dur:1012.13,max:564.37,min:12.38  
01-25 15:43:09.789   531   531 I SurfaceFlinger: screenshot (com.android.systemui.ImageWallpaper#0)
01-25 15:43:09.789   531   531 I SurfaceFlinger: screenshot (com.transsion.XOSLauncher/com.android.quickstep.src.com.android.launcher3.uioverrides.QuickstepLauncher#1)
01-25 15:43:10.038 30183  7334 I ADB_SERVICES: post waitpid (pid=7333) status=0000
01-25 15:43:10.038 30183 30183 I ADB_SERVICES: for fd 39, revents = 2010
01-25 15:43:10.039 30183 30183 I ADB_SERVICES: for fd 39, revents = 2011
01-25 15:43:10.107 30183 30183 I ADB_SERVICES: service_to_fd shell,v2,TERM=xterm-256color,raw:dumpsys display
01-25 15:43:10.131 30183  7337 I ADB_SERVICES: post waitpid (pid=7336) status=0000
01-25 15:43:10.131 30183 30183 I ADB_SERVICES: for fd 39, revents = 2010
01-25 15:43:10.131 30183 30183 I ADB_SERVICES: for fd 39, revents = 2011
01-25 15:43:10.140 30183 30183 I ADB_SERVICES: service_to_fd shell,v2,TERM=xterm-256color,raw:wm size
01-25 15:43:10.183 30183  7340 I ADB_SERVICES: post waitpid (pid=7339) status=0000
01-25 15:43:10.183 30183 30183 I ADB_SERVICES: for fd 39, revents = 2011
01-25 15:43:10.183 30183 30183 I ADB_SERVICES: for fd 39, revents = 2011
01-25 15:43:10.191 30183 30183 I ADB_SERVICES: service_to_fd shell,v2,TERM=xterm-256color,raw:dumpsys input
01-25 15:43:10.209  1226  3767 E TouchFilter: setTouchFilter LOG Enable prameter: 0
01-25 15:43:10.209  1226  3767 E TouchFilter: Event Hub Touch Filter log is disabled
01-25 15:43:10.209  1226  3767 E TouchFilter: Event Hub Touch Filter is enabled
01-25 15:43:10.213 30183  7345 I ADB_SERVICES: post waitpid (pid=7344) status=0000
01-25 15:43:10.213 30183 30183 I ADB_SERVICES: for fd 39, revents = 2010
01-25 15:43:10.213 30183 30183 I ADB_SERVICES: for fd 39, revents = 2011
01-25 15:43:10.223 30183 30183 I ADB_SERVICES: service_to_fd shell,v2,TERM=xterm-256color,raw:getprop ro.sf.lcd_density
01-25 15:43:10.239 30183  7348 I ADB_SERVICES: post waitpid (pid=7347) status=0000
01-25 15:43:10.239 30183 30183 I ADB_SERVICES: for fd 39, revents = 2010
01-25 15:43:10.239 30183 30183 I ADB_SERVICES: for fd 39, revents = 2011
01-25 15:43:10.248 30183 30183 I ADB_SERVICES: service_to_fd shell,v2,TERM=xterm-256color,raw:dumpsys activity activities
01-25 15:43:10.277 30183  7350 I ADB_SERVICES: post waitpid (pid=7349) status=0000
01-25 15:43:10.277 30183 30183 I ADB_SERVICES: for fd 39, revents = 2011
01-25 15:43:10.277 30183 30183 I ADB_SERVICES: for fd 39, revents = 2011
01-25 15:43:10.285 30183 30183 I ADB_SERVICES: service_to_fd shell,v2,TERM=xterm-256color,raw:dumpsys activity activities
01-25 15:43:10.313 30183  7354 I ADB_SERVICES: post waitpid (pid=7352) status=0000
01-25 15:43:10.314 30183 30183 I ADB_SERVICES: for fd 39, revents = 2011
01-25 15:43:10.314 30183 30183 I ADB_SERVICES: for fd 39, revents = 2011
01-25 15:43:10.322 30183 30183 I ADB_SERVICES: service_to_fd shell,v2,TERM=xterm-256color,raw:dumpsys activity activities
01-25 15:43:10.350 30183  7357 I ADB_SERVICES: post waitpid (pid=7356) status=0000
01-25 15:43:10.350 30183 30183 I ADB_SERVICES: for fd 39, revents = 2011
01-25 15:43:10.351 30183 30183 I ADB_SERVICES: for fd 39, revents = 2011
01-25 15:43:10.358 30183 30183 I ADB_SERVICES: service_to_fd shell,v2,TERM=xterm-256color,raw:dumpsys activity services
01-25 15:43:10.405 30183 30183 I ADB_SERVICES: service_to_fd shell,v2,TERM=xterm-256color,raw:ps
01-25 15:43:10.542 30183  7363 I ADB_SERVICES: post waitpid (pid=7362) status=0000
01-25 15:43:10.542 30183 30183 I ADB_SERVICES: for fd 43, revents = 2010
01-25 15:43:10.543 30183 30183 I ADB_SERVICES: for fd 43, revents = 2011
01-25 15:43:10.623 30183  7360 I ADB_SERVICES: post waitpid (pid=7359) status=0000
01-25 15:43:10.623 30183 30183 I ADB_SERVICES: for fd 39, revents = 2010
01-25 15:43:10.625 30183 30183 I ADB_SERVICES: for fd 39, revents = 2011
01-25 15:43:10.694 30183 30183 I ADB_SERVICES: service_to_fd shell,v2,TERM=xterm-256color,raw:dumpsys display
01-25 15:43:10.725 30183  7365 I ADB_SERVICES: post waitpid (pid=7364) status=0000
01-25 15:43:10.725 30183 30183 I ADB_SERVICES: for fd 39, revents = 2011
01-25 15:43:10.725 30183 30183 I ADB_SERVICES: for fd 39, revents = 2011
01-25 15:43:10.735 30183 30183 I ADB_SERVICES: service_to_fd shell,v2,TERM=xterm-256color,raw:wm size
01-25 15:43:10.789 30183  7368 I ADB_SERVICES: post waitpid (pid=7367) status=0000
01-25 15:43:10.790 30183 30183 I ADB_SERVICES: for fd 39, revents = 2011
01-25 15:43:10.790 30183 30183 I ADB_SERVICES: for fd 39, revents = 2011
01-25 15:43:10.797 30183 30183 I ADB_SERVICES: service_to_fd shell,v2,TERM=xterm-256color,raw:dumpsys input
01-25 15:43:10.821  1226  2282 E TouchFilter: setTouchFilter LOG Enable prameter: 0
01-25 15:43:10.822  1226  2282 E TouchFilter: Event Hub Touch Filter log is disabled
01-25 15:43:10.822  1226  2282 E TouchFilter: Event Hub Touch Filter is enabled
01-25 15:43:10.830 30183  7373 I ADB_SERVICES: post waitpid (pid=7372) status=0000
01-25 15:43:10.830 30183 30183 I ADB_SERVICES: for fd 39, revents = 2010
01-25 15:43:10.830 30183 30183 I ADB_SERVICES: for fd 39, revents = 2011
01-25 15:43:10.839 30183 30183 I ADB_SERVICES: service_to_fd shell,v2,TERM=xterm-256color,raw:getprop ro.sf.lcd_density
01-25 15:43:10.854  1226  1235 I system_server: Background concurrent copying GC freed 256398(26MB) AllocSpace objects, 24(532KB) LOS objects, 11% free, 179MB/203MB, paused 176us total 859.722ms
01-25 15:43:10.857 30183  7376 I ADB_SERVICES: post waitpid (pid=7375) status=0000
01-25 15:43:10.858 30183 30183 I ADB_SERVICES: for fd 39, revents = 2011
01-25 15:43:10.858 30183 30183 I ADB_SERVICES: for fd 39, revents = 2011
01-25 15:43:10.863 30183 30183 I ADB_SERVICES: service_to_fd shell,v2,TERM=xterm-256color,raw:am start com.example.chatter/com.example.chatter.Splash
01-25 15:43:10.914  1226  2282 I ActivityTaskManager: START u0 {act=android.intent.action.MAIN cat=[android.intent.category.LAUNCHER] flg=0x10000000 cmp=com.example.chatter/.Splash} from uid 2000
01-25 15:43:10.916   504  3534 I hwcomposer: [HWC] (0) displayGetActiveConfig config:0  
01-25 15:43:10.922   518   568 I power@1.3-impl: powerHintInternal hint:8, data:1
01-25 15:43:10.923  4921 17944 I SmartPanel_SmartPanelService: activityCheck pkgName: com.example.chatter, className: com.example.chatter.Splash isResume=false isInshow =true isDrawn = false
01-25 15:43:10.924   518   567 I libPowerHal: 8: cpu_ctrl set freq: 1800000 -1 2000000 -1
01-25 15:43:10.924 21704 21858 I barb    : (REDACTED) getHotwordActive::active query: %s, watch: %s, devices connected: %s
01-25 15:43:10.929   531   531 I BufferQueueProducer: [VDS: minicap](this:0x7b371f7800,id:178061,api:1,p:531,c:531) queueBuffer: fps=0.87 dur=1148.47 max=1148.47 min=1148.47
01-25 15:43:10.930   504  3534 I hwcomposer: [HWCDisplay] [Display_2 (type:2)] fps:0.871608,dur:1147.30,max:1147.30,min:1147.30  
01-25 15:43:10.931  5807  5852 I BufferQueueProducer: [minicap](this:0x7b9ced9000,id:0,api:1,p:531,c:5807) queueBuffer: fps=0.87 dur=1147.19 max=1147.19 min=1147.19
01-25 15:43:10.932 30183  7378 I ADB_SERVICES: post waitpid (pid=7377) status=0000
01-25 15:43:10.932 30183 30183 I ADB_SERVICES: for fd 39, revents = 2011
01-25 15:43:10.932   504  3534 I hwcomposer: [HWCDisplay] [Display_0 (type:1)] fps:0.872554,dur:1146.06,max:1146.06,min:1146.06  
01-25 15:43:10.932 30183 30183 I ADB_SERVICES: for fd 39, revents = 2011
01-25 15:43:10.933  6254  6254 W ActivityThread: handleWindowVisibility: no activity for token android.os.BinderProxy@d5dd40
01-25 15:43:10.934   531   531 I SurfaceFlinger: screenshot (com.android.systemui.ImageWallpaper#0)
01-25 15:43:10.934   531   531 I SurfaceFlinger: screenshot (com.transsion.XOSLauncher/com.android.quickstep.src.com.android.launcher3.uioverrides.QuickstepLauncher#1)
01-25 15:43:10.937   518   567 I libPowerHal: [perfNotifyAppState] foreground:com.example.chatter, pid:6254, uid:11175
01-25 15:43:10.937   518   567 I UxUtility: notifyForegroundApp pack:com.example.chatter, uid:11175
01-25 15:43:10.938   518   567 I powerd  : [powerd_req] POWER_MSG_NOTIFY_STATE, pc:0, com.transsion.XOSLauncher => com.example.chatter
01-25 15:43:10.940  1226  1244 I PowerMonitorHookServer: app:com.transsion.XOSLauncherexit top
01-25 15:43:10.940  1226  1244 I PowerMonitorHookServer: app:com.example.chatterstart top
01-25 15:43:10.946  4921  4921 I SmartPanel_SmartPanelService: exitGameMode
01-25 15:43:10.946  1226  1245 I InputTransport: Create ARC handle: 0x7671d1a1c0
01-25 15:43:10.948  2210  2258 I PowerMonitorNew: a whole scenario, scenario:com.transsion.XOSLauncher, start-stop:4502723098-4502725999,duration:2901, current:0, currentconvert4V:0,currentWoBL:0,consumecoul:0,batterytime:0, conpower:0,avgsignal:400,avgDatatype:400
01-25 15:43:10.949  2210  2258 I PowerMonitorNew: exitScenario not save scenario true
01-25 15:43:10.951  4921 17944 I SmartPanel_SmartPanelService: activityCheck pkgName: com.example.chatter, className: com.example.chatter.Splash isResume=false isInshow =true isDrawn = false
01-25 15:43:10.951  2210  2258 I PowerMonitorNew: enter scenario: com.example.chatter,start coul:-2828
01-25 15:43:10.953   531   637 I BufferQueue: [unnamed-531-178066](this:0x7b514dd000,id:178066,api:0,p:-1,c:-1) BufferQueue core=(531:/system/bin/surfaceflinger)
01-25 15:43:10.953   531   637 I BufferQueueConsumer: [unnamed-531-178066](this:0x7b514dd000,id:178066,api:0,p:-1,c:531) connect(C): consumer=(531:/system/bin/surfaceflinger) controlledByApp=false
01-25 15:43:10.953   531   637 I BufferQueueConsumer: [unnamed-531-178066](this:0x7b514dd000,id:178066,api:0,p:-1,c:531) setConsumerName: unnamed-531-178066
01-25 15:43:10.953   531   637 I BufferQueueConsumer: [Splash Screen com.example.chatter#0](this:0x7b514dd000,id:178066,api:0,p:-1,c:531) setConsumerName: Splash Screen com.example.chatter#0
01-25 15:43:10.953   531   637 I BufferQueueConsumer: [Splash Screen com.example.chatter#0](this:0x7b514dd000,id:178066,api:0,p:-1,c:531) setDefaultBufferSize: width=720 height=1640
