01-25 15:42:50.702  5807  5852 I BufferQueueProducer: [minicap](this:0x7b9ced9000,id:0,api:1,p:531,c:5807) queueBuffer: slot 1 is dropped, handle=0x7b9cef4a00
01-25 15:42:50.702  5807  5852 I BufferQueueProducer: [minicap](this:0x7b9ced9000,id:0,api:1,p:531,c:5807) queueBuffer: fps=51.88 dur=1002.23 max=93.19 min=11.00
01-25 15:42:50.703   504  3534 I hwcomposer: [HWCDisplay] [Display_0 (type:1)] fps:51.896420,dur:1002.00,max:93.17,min:11.03  
01-25 15:42:50.735  5807  5852 I BufferQueueProducer: [minicap](this:0x7b9ced9000,id:0,api:1,p:531,c:5807) queueBuffer: slot 1 is dropped, handle=0x7b9cef4a00
01-25 15:42:50.739 30183  6389 I ADB_SERVICES: post waitpid (pid=6388) status=0000
01-25 15:42:50.740 30183 30183 I ADB_SERVICES: for fd 43, revents = 2010
01-25 15:42:50.740 30183 30183 I ADB_SERVICES: for fd 43, revents = 2011
01-25 15:42:50.746 30183  6386 I ADB_SERVICES: post waitpid (pid=6385) status=0000
01-25 15:42:50.746 30183 30183 I ADB_SERVICES: for fd 39, revents = 2010
01-25 15:42:50.746 30183 30183 I ADB_SERVICES: for fd 39, revents = 2011
01-25 15:42:50.785  5807  5852 I BufferQueueProducer: [minicap](this:0x7b9ced9000,id:0,api:1,p:531,c:5807) queueBuffer: slot 2 is dropped, handle=0x7b9cef4c80
01-25 15:42:50.787   531   531 I SurfaceFlinger: screenshot (com.example.chatter/com.example.chatter.Splash#0)
01-25 15:42:50.810 30183 30183 I ADB_SERVICES: service_to_fd shell,v2,TERM=xterm-256color,raw:dumpsys display
01-25 15:42:50.834  1226  3770 W BroadcastQueue: Background execution not allowed: receiving Intent { act=android.intent.action.DROPBOX_ENTRY_ADDED flg=0x10 (has extras) } to com.google.android.gms/.stats.service.DropBoxEntryAddedReceiver
01-25 15:42:50.836  1226  1252 W BroadcastQueue: Background execution not allowed: receiving Intent { act=android.intent.action.PACKAGE_ADDED dat=package:com.example.chatter flg=0x4000010 (has extras) } to com.google.android.packageinstaller/com.android.packageinstaller.PackageInstalledReceiver
01-25 15:42:50.836  1226  1252 W BroadcastQueue: Background execution not allowed: receiving Intent { act=android.intent.action.PACKAGE_ADDED dat=package:com.example.chatter flg=0x4000010 (has extras) } to com.android.musicfx/.Compatibility$Receiver
01-25 15:42:50.836  1226  1252 W BroadcastQueue: Background execution not allowed: receiving Intent { act=android.intent.action.PACKAGE_ADDED dat=package:com.example.chatter flg=0x4000010 (has extras) } to com.android.vending/com.google.android.finsky.packagemonitor.impl.PackageMonitorReceiverImpl$RegisteredReceiver
01-25 15:42:50.836  1226  1252 W BroadcastQueue: Background execution not allowed: receiving Intent { act=android.intent.action.PACKAGE_ADDED dat=package:com.example.chatter flg=0x4000010 (has extras) } to com.android.vending/com.google.android.finsky.packagemonitor.backgroundimpl.BackgroundPackageMonitorReceiverImpl$RegisteredReceiver
01-25 15:42:50.836  1226  1252 W BroadcastQueue: Background execution not allowed: receiving Intent { act=android.intent.action.PACKAGE_ADDED dat=package:com.example.chatter flg=0x4000010 (has extras) } to com.facebook.appmanager/com.facebook.oxygen.common.packages.event.manifest.ManifestPackageEventReceiver
01-25 15:42:50.814 30183 30183 I ADB_SERVICES: service_to_fd shell,v2,TERM=xterm-256color,raw:dumpsys display
01-25 15:42:50.836  5807  5852 I BufferQueueProducer: [minicap](this:0x7b9ced9000,id:0,api:1,p:531,c:5807) queueBuffer: slot 1 is dropped, handle=0x7b9cef4a00
01-25 15:42:50.836  1226  1252 W BroadcastQueue: Background execution not allowed: receiving Intent { act=android.intent.action.PACKAGE_ADDED dat=package:com.example.chatter flg=0x4000010 (has extras) } to com.google.android.gms/.chimera.GmsIntentOperationService$PersistentTrustedReceiver
01-25 15:42:50.836  1226  1252 W BroadcastQueue: Background execution not allowed: receiving Intent { act=android.intent.action.PACKAGE_ADDED dat=package:com.example.chatter flg=0x4000010 (has extras) } to com.google.android.gms/.games.chimera.GamesSystemBroadcastReceiverProxy
01-25 15:42:50.836  1226  1252 W BroadcastQueue: Background execution not allowed: receiving Intent { act=android.intent.action.PACKAGE_ADDED dat=package:com.example.chatter flg=0x4000010 (has extras) } to com.google.android.gms/.gass.chimera.PackageChangeBroadcastReceiver
01-25 15:42:50.837  1226  1252 W BroadcastQueue: Background execution not allowed: receiving Intent { act=android.intent.action.PACKAGE_ADDED dat=package:com.example.chatter flg=0x4000010 (has extras) } to com.google.android.ims/.receivers.RcsAutoStartReceiver
01-25 15:42:50.837  1226  1252 W BroadcastQueue: Background execution not allowed: receiving Intent { act=android.intent.action.PACKAGE_ADDED dat=package:com.example.chatter flg=0x4000010 (has extras) } to com.kikaoem.qisiemoji.inputmethod.cy.se/com.qisi.receiver.ApkMonitorReceiver
01-25 15:42:50.837  1226  1252 W BroadcastQueue: Background execution not allowed: receiving Intent { act=android.intent.action.PACKAGE_ADDED dat=package:com.example.chatter flg=0x4000010 (has extras) } to com.facebook.katana/com.facebook.feed.platformads.AppInstallReceiver
01-25 15:42:50.844  1226  1904 W BroadcastQueue: Background execution not allowed: receiving Intent { act=android.intent.action.DROPBOX_ENTRY_ADDED flg=0x10 (has extras) } to com.google.android.gms/.stats.service.DropBoxEntryAddedReceiver
01-25 15:42:50.847  1226  1252 W BroadcastQueue: Background execution not allowed: receiving Intent { act=android.intent.action.PACKAGE_RESTARTED dat=package:com.example.chatter flg=0x10 (has extras) } to com.transsion.powercenter/.receiver.PackageRestartReceiver
01-25 15:42:50.852 30183  6391 I ADB_SERVICES: post waitpid (pid=6390) status=0000
01-25 15:42:50.852 30183 30183 I ADB_SERVICES: for fd 39, revents = 2011
01-25 15:42:50.852 30183 30183 I ADB_SERVICES: for fd 39, revents = 2011
01-25 15:42:50.854 30183  6394 I ADB_SERVICES: post waitpid (pid=6393) status=0000
01-25 15:42:50.854 30183 30183 I ADB_SERVICES: for fd 43, revents = 2011
01-25 15:42:50.854 30183 30183 I ADB_SERVICES: for fd 43, revents = 2011
01-25 15:42:50.862 30183 30183 I ADB_SERVICES: service_to_fd shell,v2,TERM=xterm-256color,raw:wm size
01-25 15:42:50.866 30183 30183 I ADB_SERVICES: service_to_fd shell,v2,TERM=xterm-256color,raw:wm size
01-25 15:42:50.886  5807  5852 I BufferQueueProducer: [minicap](this:0x7b9ced9000,id:0,api:1,p:531,c:5807) queueBuffer: slot 2 is dropped, handle=0x7b9cef4c80
01-25 15:42:50.889   531   531 I SurfaceFlinger: screenshot (com.example.chatter/com.example.chatter.Splash#0)
01-25 15:42:50.904 30183  6401 I ADB_SERVICES: post waitpid (pid=6400) status=0000
01-25 15:42:50.905 30183 30183 I ADB_SERVICES: for fd 43, revents = 2011
01-25 15:42:50.905 30183 30183 I ADB_SERVICES: for fd 43, revents = 2011
01-25 15:42:50.912 30183 30183 I ADB_SERVICES: service_to_fd shell,v2,TERM=xterm-256color,raw:dumpsys input
01-25 15:42:50.913 30183  6399 I ADB_SERVICES: post waitpid (pid=6398) status=0000
01-25 15:42:50.915 30183 30183 I ADB_SERVICES: for fd 39, revents = 2011
01-25 15:42:50.915 30183 30183 I ADB_SERVICES: for fd 39, revents = 2011
01-25 15:42:50.919 30183 30183 I ADB_SERVICES: service_to_fd shell,v2,TERM=xterm-256color,raw:dumpsys input
01-25 15:42:50.919  5807  5852 I BufferQueueProducer: [minicap](this:0x7b9ced9000,id:0,api:1,p:531,c:5807) queueBuffer: slot 2 is dropped, handle=0x7b9cef4c80
01-25 15:42:50.936  1226  2282 E TouchFilter: setTouchFilter LOG Enable prameter: 0
01-25 15:42:50.936  1226  2282 E TouchFilter: Event Hub Touch Filter log is disabled
01-25 15:42:50.936  1226  2282 E TouchFilter: Event Hub Touch Filter is enabled
01-25 15:42:50.940 30183  6411 I ADB_SERVICES: post waitpid (pid=6410) status=0000
01-25 15:42:50.941 30183 30183 I ADB_SERVICES: for fd 43, revents = 2010
01-25 15:42:50.941 30183 30183 I ADB_SERVICES: for fd 43, revents = 2011
01-25 15:42:50.942  1226  2282 E TouchFilter: setTouchFilter LOG Enable prameter: 0
01-25 15:42:50.942  1226  2282 E TouchFilter: Event Hub Touch Filter log is disabled
01-25 15:42:50.942  1226  2282 E TouchFilter: Event Hub Touch Filter is enabled
01-25 15:42:50.946 30183  6409 I ADB_SERVICES: post waitpid (pid=6408) status=0000
01-25 15:42:50.946 30183 30183 I ADB_SERVICES: for fd 35, revents = 2010
01-25 15:42:50.946 30183 30183 I ADB_SERVICES: for fd 35, revents = 2011
01-25 15:42:50.948 30183 30183 I ADB_SERVICES: service_to_fd shell,v2,TERM=xterm-256color,raw:getprop ro.sf.lcd_density
01-25 15:42:50.953  5807  5852 I BufferQueueProducer: [minicap](this:0x7b9ced9000,id:0,api:1,p:531,c:5807) queueBuffer: slot 2 is dropped, handle=0x7b9cef4c80
01-25 15:42:50.953 30183 30183 I ADB_SERVICES: service_to_fd shell,v2,TERM=xterm-256color,raw:getprop ro.sf.lcd_density
01-25 15:42:50.971 30183  6416 I ADB_SERVICES: post waitpid (pid=6415) status=0000
01-25 15:42:50.971 30183 30183 I ADB_SERVICES: for fd 39, revents = 2010
01-25 15:42:50.971 30183 30183 I ADB_SERVICES: for fd 39, revents = 2011
01-25 15:42:50.975 30183  6418 I ADB_SERVICES: post waitpid (pid=6417) status=0000
01-25 15:42:50.976 30183 30183 I ADB_SERVICES: for fd 43, revents = 2011
01-25 15:42:50.976 30183 30183 I ADB_SERVICES: for fd 43, revents = 2011
01-25 15:42:50.984 30183 30183 I ADB_SERVICES: service_to_fd shell,v2,TERM=xterm-256color,raw:getprop ro.product.model
01-25 15:42:50.987  5807  5852 I BufferQueueProducer: [minicap](this:0x7b9ced9000,id:0,api:1,p:531,c:5807) queueBuffer: slot 2 is dropped, handle=0x7b9cef4c80
01-25 15:42:50.989   531   531 I SurfaceFlinger: screenshot (com.example.chatter/com.example.chatter.Splash#0)
01-25 15:42:50.991   531   638 I BufferQueueProducer: [com.example.chatter/com.example.chatter.Splash#0](this:0x7b5146f800,id:178063,api:1,p:6254,c:531) queueBuffer: fps=58.27 dur=1012.46 max=54.52 min=6.80
01-25 15:42:50.996 30183  6420 I ADB_SERVICES: post waitpid (pid=6419) status=0000
01-25 15:42:50.996 30183 30183 I ADB_SERVICES: for fd 39, revents = 2010
01-25 15:42:50.996 30183 30183 I ADB_SERVICES: for fd 39, revents = 2011
01-25 15:42:51.001 30183 30183 I ADB_SERVICES: service_to_fd shell,v2,TERM=xterm-256color,raw:dumpsys activity activities
01-25 15:42:51.020  5807  5852 I BufferQueueProducer: [minicap](this:0x7b9ced9000,id:0,api:1,p:531,c:5807) queueBuffer: slot 2 is dropped, handle=0x7b9cef4c80
01-25 15:42:51.028 30183  6422 I ADB_SERVICES: post waitpid (pid=6421) status=0000
01-25 15:42:51.028 30183 30183 I ADB_SERVICES: for fd 39, revents = 2011
01-25 15:42:51.028 30183 30183 I ADB_SERVICES: for fd 39, revents = 2011
01-25 15:42:51.034 30183 30183 I ADB_SERVICES: service_to_fd shell,v2,TERM=xterm-256color,raw:dumpsys activity activities
01-25 15:42:51.037  5807  5852 I BufferQueueProducer: [minicap](this:0x7b9ced9000,id:0,api:1,p:531,c:5807) queueBuffer: slot 0 is dropped, handle=0x7b9cef4640
01-25 15:42:51.060 30183  6425 I ADB_SERVICES: post waitpid (pid=6424) status=0000
01-25 15:42:51.060 30183 30183 I ADB_SERVICES: for fd 39, revents = 2011
01-25 15:42:51.060 30183 30183 I ADB_SERVICES: for fd 39, revents = 2011
01-25 15:42:51.067 30183 30183 I ADB_SERVICES: service_to_fd shell,v2,TERM=xterm-256color,raw:dumpsys activity activities
01-25 15:42:51.070  5807  5852 I BufferQueueProducer: [minicap](this:0x7b9ced9000,id:0,api:1,p:531,c:5807) queueBuffer: slot 0 is dropped, handle=0x7b9cef4640
01-25 15:42:51.087  5807  5852 I BufferQueueProducer: [minicap](this:0x7b9ced9000,id:0,api:1,p:531,c:5807) queueBuffer: slot 1 is dropped, handle=0x7b9cef4a00
01-25 15:42:51.090   531   531 I SurfaceFlinger: screenshot (com.example.chatter/com.example.chatter.Splash#0)
01-25 15:42:51.112  1226  1235 I system_server: Background young concurrent copying GC freed 256293(26MB) AllocSpace objects, 8(196KB) LOS objects, 13% free, 157MB/181MB, paused 1.081ms total 401.102ms
01-25 15:42:51.125 30183  6428 I ADB_SERVICES: post waitpid (pid=6427) status=0000
01-25 15:42:51.126 30183 30183 I ADB_SERVICES: for fd 39, revents = 2011
01-25 15:42:51.126 30183 30183 I ADB_SERVICES: for fd 39, revents = 2011
01-25 15:42:51.132 30183 30183 I ADB_SERVICES: service_to_fd shell,v2,TERM=xterm-256color,raw:dumpsys activity services
01-25 15:42:51.136  5807  5852 I BufferQueueProducer: [minicap](this:0x7b9ced9000,id:0,api:1,p:531,c:5807) queueBuffer: slot 2 is dropped, handle=0x7b9cef4c80
01-25 15:42:51.187  5807  5852 I BufferQueueProducer: [minicap](this:0x7b9ced9000,id:0,api:1,p:531,c:5807) queueBuffer: slot 1 is dropped, handle=0x7b9cef4a00
01-25 15:42:51.206   531   531 I SurfaceFlinger: screenshot (com.example.chatter/com.example.chatter.Splash#0)
01-25 15:42:51.237  5807  5852 I BufferQueueProducer: [minicap](this:0x7b9ced9000,id:0,api:1,p:531,c:5807) queueBuffer: slot 2 is dropped, handle=0x7b9cef4c80
01-25 15:42:51.304  5807  5852 I BufferQueueProducer: [minicap](this:0x7b9ced9000,id:0,api:1,p:531,c:5807) queueBuffer: slot 0 is dropped, handle=0x7b9cef4640
01-25 15:42:51.306   531   531 I SurfaceFlinger: screenshot (com.example.chatter/com.example.chatter.Splash#0)
01-25 15:42:51.354  5807  5852 I BufferQueueProducer: [minicap](this:0x7b9ced9000,id:0,api:1,p:531,c:5807) queueBuffer: slot 1 is dropped, handle=0x7b9cef4a00
01-25 15:42:51.394 30183  6431 I ADB_SERVICES: post waitpid (pid=6430) status=0000
01-25 15:42:51.394 30183 30183 I ADB_SERVICES: for fd 39, revents = 2010
01-25 15:42:51.394 30183 30183 I ADB_SERVICES: for fd 39, revents = 2011
01-25 15:42:51.404  5807  5852 I BufferQueueProducer: [minicap](this:0x7b9ced9000,id:0,api:1,p:531,c:5807) queueBuffer: slot 0 is dropped, handle=0x7b9cef4640
01-25 15:42:51.406   531   531 I SurfaceFlinger: screenshot (com.example.chatter/com.example.chatter.Splash#0)
01-25 15:42:51.455  5807  5852 I BufferQueueProducer: [minicap](this:0x7b9ced9000,id:0,api:1,p:531,c:5807) queueBuffer: slot 1 is dropped, handle=0x7b9cef4a00
01-25 15:42:51.461 30183 30183 I ADB_SERVICES: service_to_fd shell,v2,TERM=xterm-256color,raw:dumpsys display
01-25 15:42:51.494 30183  6434 I ADB_SERVICES: post waitpid (pid=6433) status=0000
01-25 15:42:51.494 30183 30183 I ADB_SERVICES: for fd 39, revents = 2011
01-25 15:42:51.494 30183 30183 I ADB_SERVICES: for fd 39, revents = 2011
01-25 15:42:51.499 30183 30183 I ADB_SERVICES: service_to_fd shell,v2,TERM=xterm-256color,raw:wm size
01-25 15:42:51.507   531   531 I SurfaceFlinger: screenshot (com.example.chatter/com.example.chatter.Splash#0)
01-25 15:42:51.523  5807  5852 I BufferQueueProducer: [minicap](this:0x7b9ced9000,id:0,api:1,p:531,c:5807) queueBuffer: slot 2 is dropped, handle=0x7b9cef4c80
01-25 15:42:51.535 30183  6437 I ADB_SERVICES: post waitpid (pid=6436) status=0000
01-25 15:42:51.535 30183 30183 I ADB_SERVICES: for fd 39, revents = 2010
01-25 15:42:51.535 30183 30183 I ADB_SERVICES: for fd 39, revents = 2011
01-25 15:42:51.539 30183 30183 I ADB_SERVICES: service_to_fd shell,v2,TERM=xterm-256color,raw:dumpsys input
01-25 15:42:51.555  5807  5852 I BufferQueueProducer: [minicap](this:0x7b9ced9000,id:0,api:1,p:531,c:5807) queueBuffer: slot 2 is dropped, handle=0x7b9cef4c80
01-25 15:42:51.560  1226  2282 E TouchFilter: setTouchFilter LOG Enable prameter: 0
01-25 15:42:51.560  1226  2282 E TouchFilter: Event Hub Touch Filter log is disabled
01-25 15:42:51.560  1226  2282 E TouchFilter: Event Hub Touch Filter is enabled
01-25 15:42:51.563 30183  6442 I ADB_SERVICES: post waitpid (pid=6441) status=0000
01-25 15:42:51.563 30183 30183 I ADB_SERVICES: for fd 39, revents = 2010
01-25 15:42:51.563 30183 30183 I ADB_SERVICES: for fd 39, revents = 2011
01-25 15:42:51.573 30183 30183 I ADB_SERVICES: service_to_fd shell,v2,TERM=xterm-256color,raw:getprop ro.sf.lcd_density
01-25 15:42:51.590 30183  6445 I ADB_SERVICES: post waitpid (pid=6444) status=0000
01-25 15:42:51.590 30183 30183 I ADB_SERVICES: for fd 39, revents = 2010
01-25 15:42:51.590 30183 30183 I ADB_SERVICES: for fd 39, revents = 2011
01-25 15:42:51.598 30183 30183 I ADB_SERVICES: service_to_fd shell,v2,TERM=xterm-256color,raw:dumpsys display
01-25 15:42:51.606  5807  5852 I BufferQueueProducer: [minicap](this:0x7b9ced9000,id:0,api:1,p:531,c:5807) queueBuffer: slot 1 is dropped, handle=0x7b9cef4a00
01-25 15:42:51.608   531   531 I SurfaceFlinger: screenshot (com.example.chatter/com.example.chatter.Splash#0)
01-25 15:42:51.627 30183  6447 I ADB_SERVICES: post waitpid (pid=6446) status=0000
01-25 15:42:51.627 30183 30183 I ADB_SERVICES: for fd 39, revents = 2011
01-25 15:42:51.627 30183 30183 I ADB_SERVICES: for fd 39, revents = 2011
01-25 15:42:51.636 30183 30183 I ADB_SERVICES: service_to_fd shell,v2,TERM=xterm-256color,raw:wm size
01-25 15:42:51.656  5807  5852 I BufferQueueProducer: [minicap](this:0x7b9ced9000,id:0,api:1,p:531,c:5807) queueBuffer: slot 2 is dropped, handle=0x7b9cef4c80
01-25 15:42:51.685 30183  6450 I ADB_SERVICES: post waitpid (pid=6449) status=0000
01-25 15:42:51.685 30183 30183 I ADB_SERVICES: for fd 39, revents = 2011
01-25 15:42:51.685 30183 30183 I ADB_SERVICES: for fd 39, revents = 2011
01-25 15:42:51.693 30183 30183 I ADB_SERVICES: service_to_fd shell,v2,TERM=xterm-256color,raw:dumpsys input
01-25 15:42:51.704   531   531 I BufferQueueProducer: [VDS: minicap](this:0x7b371f7800,id:178061,api:1,p:531,c:531) queueBuffer: fps=59.80 dur=1003.42 max=19.02 min=14.63
01-25 15:42:51.705   504  3534 I hwcomposer: [HWCDisplay] [Display_2 (type:2)] fps:59.792694,dur:1003.47,max:19.17,min:14.45  
01-25 15:42:51.706  5807  5852 I BufferQueueProducer: [minicap](this:0x7b9ced9000,id:0,api:1,p:531,c:5807) queueBuffer: slot 1 is dropped, handle=0x7b9cef4a00
01-25 15:42:51.706  5807  5852 I BufferQueueProducer: [minicap](this:0x7b9ced9000,id:0,api:1,p:531,c:5807) queueBuffer: fps=59.79 dur=1003.47 max=19.25 min=14.36
01-25 15:42:51.706   504  3534 I hwcomposer: [HWCDisplay] [Display_0 (type:1)] fps:59.797279,dur:1003.39,max:19.27,min:14.09  
01-25 15:42:51.711  1226  1904 E TouchFilter: setTouchFilter LOG Enable prameter: 0
01-25 15:42:51.711  1226  1904 E TouchFilter: Event Hub Touch Filter log is disabled
01-25 15:42:51.711  1226  1904 E TouchFilter: Event Hub Touch Filter is enabled
01-25 15:42:51.713 30183  6455 I ADB_SERVICES: post waitpid (pid=6454) status=0000
01-25 15:42:51.713 30183 30183 I ADB_SERVICES: for fd 39, revents = 2010
01-25 15:42:51.713 30183 30183 I ADB_SERVICES: for fd 39, revents = 2011
01-25 15:42:51.724 30183 30183 I ADB_SERVICES: service_to_fd shell,v2,TERM=xterm-256color,raw:getprop ro.sf.lcd_density
01-25 15:42:51.725   531   531 I SurfaceFlinger: screenshot (com.example.chatter/com.example.chatter.Splash#0)
01-25 15:42:51.736 30183  6458 I ADB_SERVICES: post waitpid (pid=6457) status=0000
01-25 15:42:51.736 30183 30183 I ADB_SERVICES: for fd 39, revents = 2010
01-25 15:42:51.736 30183 30183 I ADB_SERVICES: for fd 39, revents = 2011
01-25 15:42:51.743 30183 30183 I ADB_SERVICES: service_to_fd shell,v2,TERM=xterm-256color,raw:dumpsys display
01-25 15:42:51.756  5807  5852 I BufferQueueProducer: [minicap](this:0x7b9ced9000,id:0,api:1,p:531,c:5807) queueBuffer: slot 2 is dropped, handle=0x7b9cef4c80
01-25 15:42:51.757 30183 30183 I ADB_SERVICES: service_to_fd shell,v2,TERM=xterm-256color,raw:ps
01-25 15:42:51.782 30183  6460 I ADB_SERVICES: post waitpid (pid=6459) status=0000
01-25 15:42:51.782 30183 30183 I ADB_SERVICES: for fd 39, revents = 2011
01-25 15:42:51.782 30183 30183 I ADB_SERVICES: for fd 39, revents = 2011
01-25 15:42:51.791 30183 30183 I ADB_SERVICES: service_to_fd shell,v2,TERM=xterm-256color,raw:wm size
01-25 15:42:51.806  5807  5852 I BufferQueueProducer: [minicap](this:0x7b9ced9000,id:0,api:1,p:531,c:5807) queueBuffer: slot 1 is dropped, handle=0x7b9cef4a00
01-25 15:42:51.814 30183 30183 I ADB_SERVICES: service_to_fd shell,v2,TERM=xterm-256color,raw:dumpsys display
01-25 15:42:51.826   531   531 I SurfaceFlinger: screenshot (com.example.chatter/com.example.chatter.Splash#0)
01-25 15:42:51.834 30183  6462 I ADB_SERVICES: post waitpid (pid=6461) status=0000
01-25 15:42:51.834 30183 30183 I ADB_SERVICES: for fd 43, revents = 2010
01-25 15:42:51.834 30183 30183 I ADB_SERVICES: for fd 43, revents = 2011
01-25 15:42:51.839 30183  6465 I ADB_SERVICES: post waitpid (pid=6464) status=0000
01-25 15:42:51.840 30183 30183 I ADB_SERVICES: for fd 42, revents = 2011
01-25 15:42:51.840 30183 30183 I ADB_SERVICES: for fd 42, revents = 2011
01-25 15:42:51.844 30183 30183 I ADB_SERVICES: service_to_fd shell,v2,TERM=xterm-256color,raw:dumpsys input
01-25 15:42:51.850 30183  6468 I ADB_SERVICES: post waitpid (pid=6467) status=0000
01-25 15:42:51.851 30183 30183 I ADB_SERVICES: for fd 47, revents = 2010
01-25 15:42:51.851 30183 30183 I ADB_SERVICES: for fd 47, revents = 2011
01-25 15:42:51.855 30183 30183 I ADB_SERVICES: service_to_fd shell,v2,TERM=xterm-256color,raw:wm size
01-25 15:42:51.856  5807  5852 I BufferQueueProducer: [minicap](this:0x7b9ced9000,id:0,api:1,p:531,c:5807) queueBuffer: slot 2 is dropped, handle=0x7b9cef4c80
01-25 15:42:51.862  1226  1904 E TouchFilter: setTouchFilter LOG Enable prameter: 0
01-25 15:42:51.862  1226  1904 E TouchFilter: Event Hub Touch Filter log is disabled
01-25 15:42:51.862  1226  1904 E TouchFilter: Event Hub Touch Filter is enabled
01-25 15:42:51.867 30183  6473 I ADB_SERVICES: post waitpid (pid=6472) status=0000
01-25 15:42:51.867 30183 30183 I ADB_SERVICES: for fd 41, revents = 2011
01-25 15:42:51.869  1226  1226 I MWN     : Write 3 to node. type=unknown mSimExist=true mFlightMode=false
01-25 15:42:51.871 30183 30183 I ADB_SERVICES: service_to_fd shell,v2,TERM=xterm-256color,raw:getprop ro.sf.lcd_density
01-25 15:42:51.887 30183  6475 I ADB_SERVICES: post waitpid (pid=6474) status=0000
01-25 15:42:51.887 30183 30183 I ADB_SERVICES: for fd 43, revents = 2011
01-25 15:42:51.887 30183 30183 I ADB_SERVICES: for fd 43, revents = 2011
01-25 15:42:51.890  5807  5852 I BufferQueueProducer: [minicap](this:0x7b9ced9000,id:0,api:1,p:531,c:5807) queueBuffer: slot 2 is dropped, handle=0x7b9cef4c80
01-25 15:42:51.890 30183  6482 I ADB_SERVICES: post waitpid (pid=6481) status=0000
01-25 15:42:51.890 30183 30183 I ADB_SERVICES: for fd 42, revents = 2010
01-25 15:42:51.890 30183 30183 I ADB_SERVICES: for fd 42, revents = 2011
01-25 15:42:51.890 30183 30183 I ADB_SERVICES: service_to_fd shell,v2,TERM=xterm-256color,raw:dumpsys input
01-25 15:42:51.894 30183 30183 I ADB_SERVICES: service_to_fd shell,v2,TERM=xterm-256color,raw:dumpsys display
01-25 15:42:51.907  1226  3770 E TouchFilter: setTouchFilter LOG Enable prameter: 0
01-25 15:42:51.907  1226  3770 E TouchFilter: Event Hub Touch Filter log is disabled
01-25 15:42:51.907  1226  3770 E TouchFilter: Event Hub Touch Filter is enabled
01-25 15:42:51.912 30183  6487 I ADB_SERVICES: post waitpid (pid=6486) status=0000
01-25 15:42:51.913 30183 30183 I ADB_SERVICES: for fd 39, revents = 2011
01-25 15:42:51.913 30183 30183 I ADB_SERVICES: for fd 39, revents = 2011
01-25 15:42:51.917 30183  6489 I ADB_SERVICES: post waitpid (pid=6488) status=0000
01-25 15:42:51.917 30183 30183 I ADB_SERVICES: service_to_fd shell,v2,TERM=xterm-256color,raw:getprop ro.sf.lcd_density
01-25 15:42:51.920 30183 30183 I ADB_SERVICES: for fd 43, revents = 2011
01-25 15:42:51.920 30183 30183 I ADB_SERVICES: for fd 43, revents = 2011
01-25 15:42:51.923  5807  5852 I BufferQueueProducer: [minicap](this:0x7b9ced9000,id:0,api:1,p:531,c:5807) queueBuffer: slot 2 is dropped, handle=0x7b9cef4c80
01-25 15:42:51.924 30183 30183 I ADB_SERVICES: service_to_fd shell,v2,TERM=xterm-256color,raw:wm size
01-25 15:42:51.926   531   531 I SurfaceFlinger: screenshot (com.example.chatter/com.example.chatter.Splash#0)
01-25 15:42:51.930 30183  6493 I ADB_SERVICES: post waitpid (pid=6492) status=0000
01-25 15:42:51.930 30183 30183 I ADB_SERVICES: for fd 39, revents = 2010
01-25 15:42:51.930 30183 30183 I ADB_SERVICES: for fd 39, revents = 2011
01-25 15:42:51.951 30183  6495 I ADB_SERVICES: post waitpid (pid=6494) status=0000
01-25 15:42:51.951 30183 30183 I ADB_SERVICES: for fd 43, revents = 2011
01-25 15:42:51.951 30183 30183 I ADB_SERVICES: for fd 43, revents = 2011
01-25 15:42:51.956  5807  5852 I BufferQueueProducer: [minicap](this:0x7b9ced9000,id:0,api:1,p:531,c:5807) queueBuffer: slot 2 is dropped, handle=0x7b9cef4c80
01-25 15:42:51.959 30183 30183 I ADB_SERVICES: service_to_fd shell,v2,TERM=xterm-256color,raw:dumpsys input
01-25 15:42:51.980  1226  3770 E TouchFilter: setTouchFilter LOG Enable prameter: 0
01-25 15:42:51.980  1226  3770 E TouchFilter: Event Hub Touch Filter log is disabled
01-25 15:42:51.980  1226  3770 E TouchFilter: Event Hub Touch Filter is enabled
01-25 15:42:51.983 30183  6500 I ADB_SERVICES: post waitpid (pid=6499) status=0000
01-25 15:42:51.983 30183 30183 I ADB_SERVICES: for fd 39, revents = 2010
01-25 15:42:51.983 30183 30183 I ADB_SERVICES: for fd 39, revents = 2011
01-25 15:42:51.992 30183 30183 I ADB_SERVICES: service_to_fd shell,v2,TERM=xterm-256color,raw:getprop ro.sf.lcd_density
01-25 15:42:51.994   531  1990 I BufferQueueProducer: [com.example.chatter/com.example.chatter.Splash#0](this:0x7b5146f800,id:178063,api:1,p:6254,c:531) queueBuffer: fps=59.84 dur=1002.75 max=19.66 min=13.49
01-25 15:42:52.007  5807  5852 I BufferQueueProducer: [minicap](this:0x7b9ced9000,id:0,api:1,p:531,c:5807) queueBuffer: slot 0 is dropped, handle=0x7b9cef4640
01-25 15:42:52.011 30183  6503 I ADB_SERVICES: post waitpid (pid=6502) status=0000
01-25 15:42:52.011 30183 30183 I ADB_SERVICES: for fd 39, revents = 2011
01-25 15:42:52.012 30183 30183 I ADB_SERVICES: for fd 39, revents = 2011
01-25 15:42:52.018 30183 30183 I ADB_SERVICES: service_to_fd shell,v2,TERM=xterm-256color,raw:getprop ro.build.version.sdk
01-25 15:42:52.034 30183  6505 I ADB_SERVICES: post waitpid (pid=6504) status=0000
01-25 15:42:52.034 30183 30183 I ADB_SERVICES: for fd 39, revents = 2010
01-25 15:42:52.035 30183 30183 I ADB_SERVICES: for fd 39, revents = 2011
01-25 15:42:52.042 30183 30183 I ADB_SERVICES: service_to_fd shell,v2,TERM=xterm-256color,raw:input touchscreen swipe 360 716 360 716 200
01-25 15:42:52.042   531   531 I SurfaceFlinger: screenshot (com.example.chatter/com.example.chatter.Splash#0)
01-25 15:42:52.060  5807  5852 I BufferQueueProducer: [minicap](this:0x7b9ced9000,id:0,api:1,p:531,c:5807) queueBuffer: slot 2 is dropped, handle=0x7b9cef4c80
01-25 15:42:52.107  5807  5852 I BufferQueueProducer: [minicap](this:0x7b9ced9000,id:0,api:1,p:531,c:5807) queueBuffer: slot 0 is dropped, handle=0x7b9cef4640
01-25 15:42:52.143   531   531 I SurfaceFlinger: screenshot (com.example.chatter/com.example.chatter.Splash#0)
01-25 15:42:52.174  5807  5852 I BufferQueueProducer: [minicap](this:0x7b9ced9000,id:0,api:1,p:531,c:5807) queueBuffer: slot 1 is dropped, handle=0x7b9cef4a00
01-25 15:42:52.222  6506  6506 E libc    : Access denied finding property "persist.device_config.runtime_native_boot.enable_apex_image"
01-25 15:42:52.222  6506  6506 I AndroidRuntime: Using default boot image
01-25 15:42:52.222  6506  6506 E libc    : Access denied finding property "persist.device_config.runtime_native_boot.disable_lock_profiling"
01-25 15:42:52.222  6506  6506 I AndroidRuntime: Leaving lock profiling enabled
01-25 15:42:52.223  6506  6506 E libc    : Access denied finding property "persist.device_config.runtime_native_boot.enable_generational_cc"
01-25 15:42:52.219  6506  6506 W app_process: type=1400 audit(0.0:1359336): avc: denied { read } for name="u:object_r:device_config_runtime_native_boot_prop:s0" dev="tmpfs" ino=10318 scontext=u:r:shell:s0 tcontext=u:object_r:device_config_runtime_native_boot_prop:s0 tclass=file permissive=0
01-25 15:42:52.225  5807  5852 I BufferQueueProducer: [minicap](this:0x7b9ced9000,id:0,api:1,p:531,c:5807) queueBuffer: slot 2 is dropped, handle=0x7b9cef4c80
01-25 15:42:52.244   531   531 I SurfaceFlinger: screenshot (com.example.chatter/com.example.chatter.Splash#0)
01-25 15:42:52.275  5807  5852 I BufferQueueProducer: [minicap](this:0x7b9ced9000,id:0,api:1,p:531,c:5807) queueBuffer: slot 1 is dropped, handle=0x7b9cef4a00
01-25 15:42:52.309  5807  5852 I BufferQueueProducer: [minicap](this:0x7b9ced9000,id:0,api:1,p:531,c:5807) queueBuffer: slot 1 is dropped, handle=0x7b9cef4a00
01-25 15:42:52.325  5807  5852 I BufferQueueProducer: [minicap](this:0x7b9ced9000,id:0,api:1,p:531,c:5807) queueBuffer: slot 2 is dropped, handle=0x7b9cef4c80
01-25 15:42:52.344   531   531 I SurfaceFlinger: screenshot (com.example.chatter/com.example.chatter.Splash#0)
01-25 15:42:52.359  6506  6506 I app_process: The ClassLoaderContext is a special shared library.
01-25 15:42:52.360  5807  5852 I BufferQueueProducer: [minicap](this:0x7b9ced9000,id:0,api:1,p:531,c:5807) queueBuffer: slot 2 is dropped, handle=0x7b9cef4c80
01-25 15:42:52.374  6506  6506 W app_process: JNI RegisterNativeMethods: attempt to register 0 native methods for android.media.AudioAttributes
01-25 15:42:52.375  5807  5852 I BufferQueueProducer: [minicap](this:0x7b9ced9000,id:0,api:1,p:531,c:5807) queueBuffer: slot 0 is dropped, handle=0x7b9cef4640
01-25 15:42:52.409  5807  5852 I BufferQueueProducer: [minicap](this:0x7b9ced9000,id:0,api:1,p:531,c:5807) queueBuffer: slot 0 is dropped, handle=0x7b9cef4640
01-25 15:42:52.458  5807  5852 I BufferQueueProducer: [minicap](this:0x7b9ced9000,id:0,api:1,p:531,c:5807) queueBuffer: slot 2 is dropped, handle=0x7b9cef4c80
01-25 15:42:52.460   531   531 I SurfaceFlinger: screenshot (com.example.chatter/com.example.chatter.Splash#0)
01-25 15:42:52.492  5807  5852 I BufferQueueProducer: [minicap](this:0x7b9ced9000,id:0,api:1,p:531,c:5807) queueBuffer: slot 2 is dropped, handle=0x7b9cef4c80
01-25 15:42:52.509  5807  5852 I BufferQueueProducer: [minicap](this:0x7b9ced9000,id:0,api:1,p:531,c:5807) queueBuffer: slot 0 is dropped, handle=0x7b9cef4640
01-25 15:42:52.542  5807  5852 I BufferQueueProducer: [minicap](this:0x7b9ced9000,id:0,api:1,p:531,c:5807) queueBuffer: slot 0 is dropped, handle=0x7b9cef4640
01-25 15:42:52.561   531   531 I SurfaceFlinger: screenshot (com.example.chatter/com.example.chatter.Splash#0)
01-25 15:42:52.578  1226  1235 I system_server: Background concurrent copying GC freed 250348(25MB) AllocSpace objects, 46(1236KB) LOS objects, 13% free, 155MB/179MB, paused 367us total 1.195s
01-25 15:42:52.578  5807  5852 I BufferQueueProducer: [minicap](this:0x7b9ced9000,id:0,api:1,p:531,c:5807) queueBuffer: slot 0 is dropped, handle=0x7b9cef4640
01-25 15:42:52.623  6506  6506 W RefBase : CallStack::getCurrentInternal not linked, returning null
01-25 15:42:52.623  6506  6506 W RefBase : CallStack::logStackInternal not linked
01-25 15:42:52.625  5807  5852 I BufferQueueProducer: [minicap](this:0x7b9ced9000,id:0,api:1,p:531,c:5807) queueBuffer: slot 1 is dropped, handle=0x7b9cef4a00
01-25 15:42:52.633 30183  6507 I ADB_SERVICES: post waitpid (pid=6506) status=0000
01-25 15:42:52.634 30183 30183 I ADB_SERVICES: for fd 39, revents = 2011
01-25 15:42:52.634 30183 30183 I ADB_SERVICES: for fd 39, revents = 2011
01-25 15:42:52.675  5807  5852 I BufferQueueProducer: [minicap](this:0x7b9ced9000,id:0,api:1,p:531,c:5807) queueBuffer: slot 0 is dropped, handle=0x7b9cef4640
01-25 15:42:52.677   531   531 I SurfaceFlinger: screenshot (com.example.chatter/com.example.chatter.Splash#0)
01-25 15:42:52.707   531   531 I BufferQueueProducer: [VDS: minicap](this:0x7b371f7800,id:178061,api:1,p:531,c:531) queueBuffer: fps=59.80 dur=1003.30 max=19.53 min=13.97
01-25 15:42:52.708   504  3534 I hwcomposer: [HWCDisplay] [Display_2 (type:2)] fps:59.801441,dur:1003.32,max:19.31,min:13.97  
01-25 15:42:52.709  5807  5852 I BufferQueueProducer: [minicap](this:0x7b9ced9000,id:0,api:1,p:531,c:5807) queueBuffer: fps=59.81 dur=1003.22 max=19.44 min=13.74
01-25 15:42:52.710   504  3534 I hwcomposer: [HWCDisplay] [Display_0 (type:1)] fps:59.791355,dur:1003.49,max:19.45,min:13.67  
01-25 15:42:52.725  5807  5852 I BufferQueueProducer: [minicap](this:0x7b9ced9000,id:0,api:1,p:531,c:5807) queueBuffer: slot 1 is dropped, handle=0x7b9cef4a00
01-25 15:42:52.778   531   531 I SurfaceFlinger: screenshot (com.example.chatter/com.example.chatter.Splash#0)
01-25 15:42:52.794  5807  5852 I BufferQueueProducer: [minicap](this:0x7b9ced9000,id:0,api:1,p:531,c:5807) queueBuffer: slot 2 is dropped, handle=0x7b9cef4c80
01-25 15:42:52.830 30183 30183 I ADB_SERVICES: service_to_fd shell,v2,TERM=xterm-256color,raw:dumpsys display
01-25 15:42:52.843  5807  5852 I BufferQueueProducer: [minicap](this:0x7b9ced9000,id:0,api:1,p:531,c:5807) queueBuffer: slot 0 is dropped, handle=0x7b9cef4640
01-25 15:42:52.843 30183 30183 I ADB_SERVICES: service_to_fd shell,v2,TERM=xterm-256color,raw:ps
01-25 15:42:52.862 30183  6521 I ADB_SERVICES: post waitpid (pid=6520) status=0000
01-25 15:42:52.862 30183 30183 I ADB_SERVICES: for fd 39, revents = 2011
01-25 15:42:52.862 30183 30183 I ADB_SERVICES: for fd 39, revents = 2011
01-25 15:42:52.871 30183 30183 I ADB_SERVICES: service_to_fd shell,v2,TERM=xterm-256color,raw:wm size
01-25 15:42:52.879   531   531 I SurfaceFlinger: screenshot (com.example.chatter/com.example.chatter.Splash#0)
01-25 15:42:52.910  5807  5852 I BufferQueueProducer: [minicap](this:0x7b9ced9000,id:0,api:1,p:531,c:5807) queueBuffer: slot 1 is dropped, handle=0x7b9cef4a00
01-25 15:42:52.913 30183  6523 I ADB_SERVICES: post waitpid (pid=6522) status=0000
01-25 15:42:52.913 30183 30183 I ADB_SERVICES: for fd 43, revents = 2011
01-25 15:42:52.913 30183 30183 I ADB_SERVICES: for fd 43, revents = 2011
01-25 15:42:52.916 30183  6526 I ADB_SERVICES: post waitpid (pid=6525) status=0000
01-25 15:42:52.916 30183 30183 I ADB_SERVICES: for fd 42, revents = 2011
01-25 15:42:52.916 30183 30183 I ADB_SERVICES: for fd 42, revents = 2011
01-25 15:42:52.924 30183 30183 I ADB_SERVICES: service_to_fd shell,v2,TERM=xterm-256color,raw:dumpsys input
01-25 15:42:52.946  1226  1904 E TouchFilter: setTouchFilter LOG Enable prameter: 0
01-25 15:42:52.946  1226  1904 E TouchFilter: Event Hub Touch Filter log is disabled
01-25 15:42:52.946  1226  1904 E TouchFilter: Event Hub Touch Filter is enabled
01-25 15:42:52.949 30183  6531 I ADB_SERVICES: post waitpid (pid=6530) status=0000
01-25 15:42:52.949 30183 30183 I ADB_SERVICES: for fd 39, revents = 2010
01-25 15:42:52.949 30183 30183 I ADB_SERVICES: for fd 39, revents = 2011
01-25 15:42:52.959 30183 30183 I ADB_SERVICES: service_to_fd shell,v2,TERM=xterm-256color,raw:getprop ro.sf.lcd_density
01-25 15:42:52.960  5807  5852 I BufferQueueProducer: [minicap](this:0x7b9ced9000,id:0,api:1,p:531,c:5807) queueBuffer: slot 2 is dropped, handle=0x7b9cef4c80
01-25 15:42:52.977 30183  6534 I ADB_SERVICES: post waitpid (pid=6533) status=0000
01-25 15:42:52.978 30183 30183 I ADB_SERVICES: for fd 39, revents = 2010
01-25 15:42:52.978 30183 30183 I ADB_SERVICES: for fd 39, revents = 2011
01-25 15:42:52.979   531   531 I SurfaceFlinger: screenshot (com.example.chatter/com.example.chatter.Splash#0)
01-25 15:42:52.997   531  1990 I BufferQueueProducer: [com.example.chatter/com.example.chatter.Splash#0](this:0x7b5146f800,id:178063,api:1,p:6254,c:531) queueBuffer: fps=59.80 dur=1003.30 max=20.20 min=13.55
01-25 15:42:53.010  5807  5852 I BufferQueueProducer: [minicap](this:0x7b9ced9000,id:0,api:1,p:531,c:5807) queueBuffer: slot 1 is dropped, handle=0x7b9cef4a00
01-25 15:42:53.060  5807  5852 I BufferQueueProducer: [minicap](this:0x7b9ced9000,id:0,api:1,p:531,c:5807) queueBuffer: slot 2 is dropped, handle=0x7b9cef4c80
01-25 15:42:53.096   531   531 I SurfaceFlinger: screenshot (com.example.chatter/com.example.chatter.Splash#0)
01-25 15:42:53.127  5807  5852 I BufferQueueProducer: [minicap](this:0x7b9ced9000,id:0,api:1,p:531,c:5807) queueBuffer: slot 0 is dropped, handle=0x7b9cef4640
01-25 15:42:53.177  5807  5852 I BufferQueueProducer: [minicap](this:0x7b9ced9000,id:0,api:1,p:531,c:5807) queueBuffer: slot 1 is dropped, handle=0x7b9cef4a00
01-25 15:42:53.196   531   531 I SurfaceFlinger: screenshot (com.example.chatter/com.example.chatter.Splash#0)
01-25 15:42:53.227  5807  5852 I BufferQueueProducer: [minicap](this:0x7b9ced9000,id:0,api:1,p:531,c:5807) queueBuffer: slot 0 is dropped, handle=0x7b9cef4640
01-25 15:42:53.294  5807  5852 I BufferQueueProducer: [minicap](this:0x7b9ced9000,id:0,api:1,p:531,c:5807) queueBuffer: slot 2 is dropped, handle=0x7b9cef4c80
01-25 15:42:53.296   531   531 I SurfaceFlinger: screenshot (com.example.chatter/com.example.chatter.Splash#0)
01-25 15:42:53.306  5016  5252 E msgr.TigonNetworkSessionListenerManager: skip handleDataTaskType when network disconnected
01-25 15:42:53.306  5016  5147 E msgr.msys: E[N data-request]_HandleDataResponse(1814)=>Data request error for task 3FF7C37E-5792-41EC-AAEC-B95D989E19ED (response type 1): network disconnected
01-25 15:42:53.308  5016  5154 E msgr.msys: E[C 1]MCCLogErrorWithTrace(264)=>18/853/2144/1
01-25 15:42:53.344  5807  5852 I BufferQueueProducer: [minicap](this:0x7b9ced9000,id:0,api:1,p:531,c:5807) queueBuffer: slot 1 is dropped, handle=0x7b9cef4a00
01-25 15:42:53.397   531   531 I SurfaceFlinger: screenshot (com.example.chatter/com.example.chatter.Splash#0)
01-25 15:42:53.413  5807  5852 I BufferQueueProducer: [minicap](this:0x7b9ced9000,id:0,api:1,p:531,c:5807) queueBuffer: slot 0 is dropped, handle=0x7b9cef4640
01-25 15:42:53.462  5807  5852 I BufferQueueProducer: [minicap](this:0x7b9ced9000,id:0,api:1,p:531,c:5807) queueBuffer: slot 2 is dropped, handle=0x7b9cef4c80
01-25 15:42:53.497   531   531 I SurfaceFlinger: screenshot (com.example.chatter/com.example.chatter.Splash#0)
01-25 15:42:53.528  5807  5852 I BufferQueueProducer: [minicap](this:0x7b9ced9000,id:0,api:1,p:531,c:5807) queueBuffer: slot 1 is dropped, handle=0x7b9cef4a00
01-25 15:42:53.579  5807  5852 I BufferQueueProducer: [minicap](this:0x7b9ced9000,id:0,api:1,p:531,c:5807) queueBuffer: slot 0 is dropped, handle=0x7b9cef4640
01-25 15:42:53.597   531   531 I SurfaceFlinger: screenshot (com.example.chatter/com.example.chatter.Splash#0)
01-25 15:42:53.629  5807  5852 I BufferQueueProducer: [minicap](this:0x7b9ced9000,id:0,api:1,p:531,c:5807) queueBuffer: slot 1 is dropped, handle=0x7b9cef4a00
01-25 15:42:53.641 30183 30183 I ADB_SERVICES: service_to_fd shell,v2,TERM=xterm-256color,raw:dumpsys activity activities
01-25 15:42:53.665 30183  6536 I ADB_SERVICES: post waitpid (pid=6535) status=0000
01-25 15:42:53.665 30183 30183 I ADB_SERVICES: for fd 39, revents = 2010
01-25 15:42:53.665 30183 30183 I ADB_SERVICES: for fd 39, revents = 2011
01-25 15:42:53.673 30183 30183 I ADB_SERVICES: service_to_fd shell,v2,TERM=xterm-256color,raw:dumpsys activity activities
01-25 15:42:53.696  5807  5852 I BufferQueueProducer: [minicap](this:0x7b9ced9000,id:0,api:1,p:531,c:5807) queueBuffer: slot 2 is dropped, handle=0x7b9cef4c80
01-25 15:42:53.696 30183  6539 I ADB_SERVICES: post waitpid (pid=6538) status=0000
01-25 15:42:53.696 30183 30183 I ADB_SERVICES: for fd 39, revents = 2011
01-25 15:42:53.696 30183 30183 I ADB_SERVICES: for fd 39, revents = 2011
01-25 15:42:53.698   531   531 I SurfaceFlinger: screenshot (com.example.chatter/com.example.chatter.Splash#0)
01-25 15:42:53.703 30183 30183 I ADB_SERVICES: service_to_fd shell,v2,TERM=xterm-256color,raw:dumpsys activity activities
01-25 15:42:53.713   531   531 I BufferQueueProducer: [VDS: minicap](this:0x7b371f7800,id:178061,api:1,p:531,c:531) queueBuffer: fps=59.65 dur=1005.92 max=18.80 min=14.71
01-25 15:42:53.714   504  3534 I hwcomposer: [HWCDisplay] [Display_2 (type:2)] fps:59.644196,dur:1005.97,max:18.80,min:14.73  
01-25 15:42:53.715  5807  5852 I BufferQueueProducer: [minicap](this:0x7b9ced9000,id:0,api:1,p:531,c:5807) queueBuffer: fps=59.64 dur=1006.02 max=18.81 min=14.67
01-25 15:42:53.716   504  3534 I hwcomposer: [HWCDisplay] [Display_0 (type:1)] fps:59.654240,dur:1005.80,max:18.91,min:14.56  
01-25 15:42:53.730 30183  6542 I ADB_SERVICES: post waitpid (pid=6541) status=0000
01-25 15:42:53.730 30183 30183 I ADB_SERVICES: for fd 39, revents = 2010
01-25 15:42:53.730 30183 30183 I ADB_SERVICES: for fd 39, revents = 2011
01-25 15:42:53.736 30183 30183 I ADB_SERVICES: service_to_fd shell,v2,TERM=xterm-256color,raw:dumpsys activity services
01-25 15:42:53.746  5807  5852 I BufferQueueProducer: [minicap](this:0x7b9ced9000,id:0,api:1,p:531,c:5807) queueBuffer: slot 0 is dropped, handle=0x7b9cef4640
01-25 15:42:53.796  5807  5852 I BufferQueueProducer: [minicap](this:0x7b9ced9000,id:0,api:1,p:531,c:5807) queueBuffer: slot 2 is dropped, handle=0x7b9cef4c80
01-25 15:42:53.799   531   531 I SurfaceFlinger: screenshot (com.example.chatter/com.example.chatter.Splash#0)
01-25 15:42:53.846  5807  5852 I BufferQueueProducer: [minicap](this:0x7b9ced9000,id:0,api:1,p:531,c:5807) queueBuffer: slot 0 is dropped, handle=0x7b9cef4640
01-25 15:42:53.848 30183 30183 I ADB_SERVICES: service_to_fd shell,v2,TERM=xterm-256color,raw:dumpsys display
01-25 15:42:53.876 30183  6548 I ADB_SERVICES: post waitpid (pid=6547) status=0000
01-25 15:42:53.876 30183 30183 I ADB_SERVICES: for fd 43, revents = 2010
01-25 15:42:53.876 30183 30183 I ADB_SERVICES: for fd 43, revents = 2011
01-25 15:42:53.897  5807  5852 I BufferQueueProducer: [minicap](this:0x7b9ced9000,id:0,api:1,p:531,c:5807) queueBuffer: slot 2 is dropped, handle=0x7b9cef4c80
01-25 15:42:53.899   531   531 I SurfaceFlinger: screenshot (com.example.chatter/com.example.chatter.Splash#0)
01-25 15:42:53.903 30183 30183 I ADB_SERVICES: service_to_fd shell,v2,TERM=xterm-256color,raw:wm size
01-25 15:42:53.922 30183 30183 I ADB_SERVICES: service_to_fd shell,v2,TERM=xterm-256color,raw:ps
01-25 15:42:53.939 30183  6551 I ADB_SERVICES: post waitpid (pid=6550) status=0000
01-25 15:42:53.939 30183 30183 I ADB_SERVICES: for fd 43, revents = 2010
01-25 15:42:53.940 30183 30183 I ADB_SERVICES: for fd 43, revents = 2011
01-25 15:42:53.947  5807  5852 I BufferQueueProducer: [minicap](this:0x7b9ced9000,id:0,api:1,p:531,c:5807) queueBuffer: slot 0 is dropped, handle=0x7b9cef4640
01-25 15:42:53.954 30183 30183 I ADB_SERVICES: service_to_fd shell,v2,TERM=xterm-256color,raw:dumpsys input
01-25 15:42:53.983  1226  3770 E TouchFilter: setTouchFilter LOG Enable prameter: 0
01-25 15:42:53.983  1226  3770 E TouchFilter: Event Hub Touch Filter log is disabled
01-25 15:42:53.983  1226  3770 E TouchFilter: Event Hub Touch Filter is enabled
01-25 15:42:53.986 30183  6558 I ADB_SERVICES: post waitpid (pid=6557) status=0000
01-25 15:42:53.986 30183 30183 I ADB_SERVICES: for fd 46, revents = 2010
01-25 15:42:53.986 30183 30183 I ADB_SERVICES: for fd 46, revents = 2011
01-25 15:42:53.997  5807  5852 I BufferQueueProducer: [minicap](this:0x7b9ced9000,id:0,api:1,p:531,c:5807) queueBuffer: slot 2 is dropped, handle=0x7b9cef4c80
01-25 15:42:54.000   531  1990 I BufferQueueProducer: [com.example.chatter/com.example.chatter.Splash#0](this:0x7b5146f800,id:178063,api:1,p:6254,c:531) queueBuffer: fps=59.80 dur=1003.35 max=20.10 min=13.53
01-25 15:42:54.002 30183 30183 I ADB_SERVICES: service_to_fd shell,v2,TERM=xterm-256color,raw:getprop ro.sf.lcd_density
01-25 15:42:54.010 30183  6545 I ADB_SERVICES: post waitpid (pid=6544) status=0000
01-25 15:42:54.010 30183 30183 I ADB_SERVICES: for fd 39, revents = 2010
01-25 15:42:54.010 30183 30183 I ADB_SERVICES: for fd 39, revents = 2011
01-25 15:42:54.016   531   531 I SurfaceFlinger: screenshot (com.example.chatter/com.example.chatter.Splash#0)
01-25 15:42:54.022 30183  6554 I ADB_SERVICES: post waitpid (pid=6552) status=0000
01-25 15:42:54.022 30183 30183 I ADB_SERVICES: for fd 47, revents = 2010
01-25 15:42:54.022 30183 30183 I ADB_SERVICES: for fd 47, revents = 2011
01-25 15:42:54.023 30183  6564 I ADB_SERVICES: post waitpid (pid=6563) status=0000
01-25 15:42:54.023 30183 30183 I ADB_SERVICES: for fd 46, revents = 2010
01-25 15:42:54.024 30183 30183 I ADB_SERVICES: for fd 46, revents = 2011
01-25 15:42:54.047  5807  5852 I BufferQueueProducer: [minicap](this:0x7b9ced9000,id:0,api:1,p:531,c:5807) queueBuffer: slot 0 is dropped, handle=0x7b9cef4640
01-25 15:42:54.075 30183 30183 I ADB_SERVICES: service_to_fd shell,v2,TERM=xterm-256color,raw:dumpsys display
01-25 15:42:54.095 30183  6566 I ADB_SERVICES: post waitpid (pid=6565) status=0000
01-25 15:42:54.095 30183 30183 I ADB_SERVICES: for fd 39, revents = 2010
01-25 15:42:54.095 30183 30183 I ADB_SERVICES: for fd 39, revents = 2011
01-25 15:42:54.098  5807  5852 I BufferQueueProducer: [minicap](this:0x7b9ced9000,id:0,api:1,p:531,c:5807) queueBuffer: slot 2 is dropped, handle=0x7b9cef4c80
01-25 15:42:54.103 30183 30183 I ADB_SERVICES: service_to_fd shell,v2,TERM=xterm-256color,raw:wm size
01-25 15:42:54.117   531   531 I SurfaceFlinger: screenshot (com.example.chatter/com.example.chatter.Splash#0)
01-25 15:42:54.139 30183  6569 I ADB_SERVICES: post waitpid (pid=6568) status=0000
01-25 15:42:54.139 30183 30183 I ADB_SERVICES: for fd 39, revents = 2011
01-25 15:42:54.139 30183 30183 I ADB_SERVICES: for fd 39, revents = 2011
01-25 15:42:54.146 30183 30183 I ADB_SERVICES: service_to_fd shell,v2,TERM=xterm-256color,raw:dumpsys input
01-25 15:42:54.148  5807  5852 I BufferQueueProducer: [minicap](this:0x7b9ced9000,id:0,api:1,p:531,c:5807) queueBuffer: slot 0 is dropped, handle=0x7b9cef4640
01-25 15:42:54.172  1226  1904 E TouchFilter: setTouchFilter LOG Enable prameter: 0
01-25 15:42:54.172  1226  1904 E TouchFilter: Event Hub Touch Filter log is disabled
01-25 15:42:54.172  1226  1904 E TouchFilter: Event Hub Touch Filter is enabled
01-25 15:42:54.174 30183  6574 I ADB_SERVICES: post waitpid (pid=6573) status=0000
01-25 15:42:54.174 30183 30183 I ADB_SERVICES: for fd 39, revents = 2010
01-25 15:42:54.174 30183 30183 I ADB_SERVICES: for fd 39, revents = 2011
01-25 15:42:54.184 30183 30183 I ADB_SERVICES: service_to_fd shell,v2,TERM=xterm-256color,raw:getprop ro.sf.lcd_density
01-25 15:42:54.195 30183  6577 I ADB_SERVICES: post waitpid (pid=6576) status=0000
01-25 15:42:54.195 30183 30183 I ADB_SERVICES: for fd 39, revents = 2010
01-25 15:42:54.196 30183 30183 I ADB_SERVICES: for fd 39, revents = 2011
01-25 15:42:54.198  5807  5852 I BufferQueueProducer: [minicap](this:0x7b9ced9000,id:0,api:1,p:531,c:5807) queueBuffer: slot 2 is dropped, handle=0x7b9cef4c80
01-25 15:42:54.219 30183 30183 I ADB_SERVICES: service_to_fd shell,v2,TERM=xterm-256color,raw:dumpsys activity activities
01-25 15:42:54.234   531   531 I SurfaceFlinger: screenshot (com.example.chatter/com.example.chatter.Splash#0)
01-25 15:42:54.240 30183  6579 I ADB_SERVICES: post waitpid (pid=6578) status=0000
01-25 15:42:54.240 30183 30183 I ADB_SERVICES: for fd 39, revents = 2011
01-25 15:42:54.240 30183 30183 I ADB_SERVICES: for fd 39, revents = 2011
01-25 15:42:54.247 30183 30183 I ADB_SERVICES: service_to_fd shell,v2,TERM=xterm-256color,raw:dumpsys activity activities
01-25 15:42:54.249  5807  5852 I BufferQueueProducer: [minicap](this:0x7b9ced9000,id:0,api:1,p:531,c:5807) queueBuffer: slot 0 is dropped, handle=0x7b9cef4640
01-25 15:42:54.271 30183  6582 I ADB_SERVICES: post waitpid (pid=6581) status=0000
01-25 15:42:54.271 30183 30183 I ADB_SERVICES: for fd 39, revents = 2010
01-25 15:42:54.271 30183 30183 I ADB_SERVICES: for fd 39, revents = 2011
01-25 15:42:54.278 30183 30183 I ADB_SERVICES: service_to_fd shell,v2,TERM=xterm-256color,raw:dumpsys activity activities
01-25 15:42:54.281  5807  5852 I BufferQueueProducer: [minicap](this:0x7b9ced9000,id:0,api:1,p:531,c:5807) queueBuffer: slot 0 is dropped, handle=0x7b9cef4640
01-25 15:42:54.300 30183  6585 I ADB_SERVICES: post waitpid (pid=6584) status=0000
01-25 15:42:54.300 30183 30183 I ADB_SERVICES: for fd 39, revents = 2010
01-25 15:42:54.300 30183 30183 I ADB_SERVICES: for fd 39, revents = 2011
01-25 15:42:54.307 30183 30183 I ADB_SERVICES: service_to_fd shell,v2,TERM=xterm-256color,raw:dumpsys activity services
01-25 15:42:54.315  5807  5852 I BufferQueueProducer: [minicap](this:0x7b9ced9000,id:0,api:1,p:531,c:5807) queueBuffer: slot 0 is dropped, handle=0x7b9cef4640
01-25 15:42:54.334   531   531 I SurfaceFlinger: screenshot (com.example.chatter/com.example.chatter.Splash#0)
01-25 15:42:54.383  5807  5852 I BufferQueueProducer: [minicap](this:0x7b9ced9000,id:0,api:1,p:531,c:5807) queueBuffer: slot 1 is dropped, handle=0x7b9cef4a00
01-25 15:42:54.402  1226  1235 I system_server: Background young concurrent copying GC freed 222876(23MB) AllocSpace objects, 15(464KB) LOS objects, 9% free, 162MB/179MB, paused 120us total 440.086ms
01-25 15:42:54.416  5807  5852 I BufferQueueProducer: [minicap](this:0x7b9ced9000,id:0,api:1,p:531,c:5807) queueBuffer: slot 1 is dropped, handle=0x7b9cef4a00
01-25 15:42:54.435   531   531 I SurfaceFlinger: screenshot (com.example.chatter/com.example.chatter.Splash#0)
01-25 15:42:54.451  5807  5852 I BufferQueueProducer: [minicap](this:0x7b9ced9000,id:0,api:1,p:531,c:5807) queueBuffer: slot 1 is dropped, handle=0x7b9cef4a00
01-25 15:42:54.461  6254  6265 I example.chatte: Compiler allocated 5171KB to compile void android.view.ViewRootImpl.performTraversals()
01-25 15:42:54.466  5807  5852 I BufferQueueProducer: [minicap](this:0x7b9ced9000,id:0,api:1,p:531,c:5807) queueBuffer: slot 0 is dropped, handle=0x7b9cef4640
01-25 15:42:54.516  5807  5852 I BufferQueueProducer: [minicap](this:0x7b9ced9000,id:0,api:1,p:531,c:5807) queueBuffer: slot 2 is dropped, handle=0x7b9cef4c80
01-25 15:42:54.551   531   531 I SurfaceFlinger: screenshot (com.example.chatter/com.example.chatter.Splash#0)
01-25 15:42:54.583  5807  5852 I BufferQueueProducer: [minicap](this:0x7b9ced9000,id:0,api:1,p:531,c:5807) queueBuffer: slot 1 is dropped, handle=0x7b9cef4a00
01-25 15:42:54.586 30183  6588 I ADB_SERVICES: post waitpid (pid=6587) status=0000
01-25 15:42:54.598 30183 30183 I ADB_SERVICES: for fd 39, revents = 2010
01-25 15:42:54.598 30183 30183 I ADB_SERVICES: for fd 39, revents = 2011
01-25 15:42:54.633  5807  5852 I BufferQueueProducer: [minicap](this:0x7b9ced9000,id:0,api:1,p:531,c:5807) queueBuffer: slot 0 is dropped, handle=0x7b9cef4640
01-25 15:42:54.651 30183 30183 I ADB_SERVICES: service_to_fd shell,v2,TERM=xterm-256color,raw:dumpsys display
